[0.009s] Invoking command in '/home/men3m/Naima/build/ublox': AMENT_PREFIX_PATH=/home/men3m/Naima/install/ublox_gps:/home/men3m/Naima/install/ublox_msgs:/home/men3m/Naima/install/ublox_serialization:${AMENT_PREFIX_PATH} CMAKE_PREFIX_PATH=/home/men3m/Naima/install/ublox_gps:/home/men3m/Naima/install/ublox_msgs:/home/men3m/Naima/install/ublox_serialization:/opt/ros/humble LD_LIBRARY_PATH=/home/men3m/Naima/install/ublox_gps/lib:/home/men3m/Naima/install/ublox_msgs/lib:/usr/lib/x86_64-linux-gnu/gazebo-11/plugins:/opt/ros/humble/opt/rviz_ogre_vendor/lib:/opt/ros/humble/lib/x86_64-linux-gnu:/opt/ros/humble/lib:/usr/local/cuda-12.4.0/lib64:/usr/local/cuda-12.4.0/lib64 PYTHONPATH=/home/men3m/Naima/install/ublox_msgs/local/lib/python3.10/dist-packages:${PYTHONPATH} /usr/bin/cmake --build /home/men3m/Naima/build/ublox -- -j16 -l16
[0.041s] Invoked command in '/home/men3m/Naima/build/ublox' returned '0': AMENT_PREFIX_PATH=/home/men3m/Naima/install/ublox_gps:/home/men3m/Naima/install/ublox_msgs:/home/men3m/Naima/install/ublox_serialization:${AMENT_PREFIX_PATH} CMAKE_PREFIX_PATH=/home/men3m/Naima/install/ublox_gps:/home/men3m/Naima/install/ublox_msgs:/home/men3m/Naima/install/ublox_serialization:/opt/ros/humble LD_LIBRARY_PATH=/home/men3m/Naima/install/ublox_gps/lib:/home/men3m/Naima/install/ublox_msgs/lib:/usr/lib/x86_64-linux-gnu/gazebo-11/plugins:/opt/ros/humble/opt/rviz_ogre_vendor/lib:/opt/ros/humble/lib/x86_64-linux-gnu:/opt/ros/humble/lib:/usr/local/cuda-12.4.0/lib64:/usr/local/cuda-12.4.0/lib64 PYTHONPATH=/home/men3m/Naima/install/ublox_msgs/local/lib/python3.10/dist-packages:${PYTHONPATH} /usr/bin/cmake --build /home/men3m/Naima/build/ublox -- -j16 -l16
[0.043s] Invoking command in '/home/men3m/Naima/build/ublox': AMENT_PREFIX_PATH=/home/men3m/Naima/install/ublox_gps:/home/men3m/Naima/install/ublox_msgs:/home/men3m/Naima/install/ublox_serialization:${AMENT_PREFIX_PATH} CMAKE_PREFIX_PATH=/home/men3m/Naima/install/ublox_gps:/home/men3m/Naima/install/ublox_msgs:/home/men3m/Naima/install/ublox_serialization:/opt/ros/humble LD_LIBRARY_PATH=/home/men3m/Naima/install/ublox_gps/lib:/home/men3m/Naima/install/ublox_msgs/lib:/usr/lib/x86_64-linux-gnu/gazebo-11/plugins:/opt/ros/humble/opt/rviz_ogre_vendor/lib:/opt/ros/humble/lib/x86_64-linux-gnu:/opt/ros/humble/lib:/usr/local/cuda-12.4.0/lib64:/usr/local/cuda-12.4.0/lib64 PYTHONPATH=/home/men3m/Naima/install/ublox_msgs/local/lib/python3.10/dist-packages:${PYTHONPATH} /usr/bin/cmake --install /home/men3m/Naima/build/ublox
[0.048s] -- Install configuration: ""
[0.048s] -- Up-to-date: /home/men3m/Naima/install/ublox/share/ament_index/resource_index/package_run_dependencies/ublox
[0.048s] -- Up-to-date: /home/men3m/Naima/install/ublox/share/ament_index/resource_index/parent_prefix_path/ublox
[0.049s] -- Up-to-date: /home/men3m/Naima/install/ublox/share/ublox/environment/ament_prefix_path.sh
[0.049s] -- Up-to-date: /home/men3m/Naima/install/ublox/share/ublox/environment/ament_prefix_path.dsv
[0.049s] -- Up-to-date: /home/men3m/Naima/install/ublox/share/ublox/environment/path.sh
[0.049s] -- Up-to-date: /home/men3m/Naima/install/ublox/share/ublox/environment/path.dsv
[0.049s] -- Up-to-date: /home/men3m/Naima/install/ublox/share/ublox/local_setup.bash
[0.049s] -- Up-to-date: /home/men3m/Naima/install/ublox/share/ublox/local_setup.sh
[0.049s] -- Up-to-date: /home/men3m/Naima/install/ublox/share/ublox/local_setup.zsh
[0.049s] -- Up-to-date: /home/men3m/Naima/install/ublox/share/ublox/local_setup.dsv
[0.049s] -- Up-to-date: /home/men3m/Naima/install/ublox/share/ublox/package.dsv
[0.049s] -- Up-to-date: /home/men3m/Naima/install/ublox/share/ament_index/resource_index/packages/ublox
[0.049s] -- Up-to-date: /home/men3m/Naima/install/ublox/share/ublox/cmake/ubloxConfig.cmake
[0.049s] -- Up-to-date: /home/men3m/Naima/install/ublox/share/ublox/cmake/ubloxConfig-version.cmake
[0.049s] -- Up-to-date: /home/men3m/Naima/install/ublox/share/ublox/package.xml
[0.051s] Invoked command in '/home/men3m/Naima/build/ublox' returned '0': AMENT_PREFIX_PATH=/home/men3m/Naima/install/ublox_gps:/home/men3m/Naima/install/ublox_msgs:/home/men3m/Naima/install/ublox_serialization:${AMENT_PREFIX_PATH} CMAKE_PREFIX_PATH=/home/men3m/Naima/install/ublox_gps:/home/men3m/Naima/install/ublox_msgs:/home/men3m/Naima/install/ublox_serialization:/opt/ros/humble LD_LIBRARY_PATH=/home/men3m/Naima/install/ublox_gps/lib:/home/men3m/Naima/install/ublox_msgs/lib:/usr/lib/x86_64-linux-gnu/gazebo-11/plugins:/opt/ros/humble/opt/rviz_ogre_vendor/lib:/opt/ros/humble/lib/x86_64-linux-gnu:/opt/ros/humble/lib:/usr/local/cuda-12.4.0/lib64:/usr/local/cuda-12.4.0/lib64 PYTHONPATH=/home/men3m/Naima/install/ublox_msgs/local/lib/python3.10/dist-packages:${PYTHONPATH} /usr/bin/cmake --install /home/men3m/Naima/build/ublox
