[0.008s] Invoking command in '/home/men3m/Naima/build/zed_wrapper': AMENT_PREFIX_PATH=/home/men3m/Naima/install/zed_components:${AMENT_PREFIX_PATH} CMAKE_PREFIX_PATH=/home/men3m/Naima/install/zed_components:/opt/ros/humble LD_LIBRARY_PATH=/home/men3m/Naima/install/zed_components/lib:/usr/lib/x86_64-linux-gnu/gazebo-11/plugins:/opt/ros/humble/opt/rviz_ogre_vendor/lib:/opt/ros/humble/lib/x86_64-linux-gnu:/opt/ros/humble/lib:/usr/local/cuda-12.4.0/lib64:/usr/local/cuda-12.4.0/lib64 /usr/bin/cmake --build /home/men3m/Naima/build/zed_wrapper -- -j16 -l16
[0.041s] Invoked command in '/home/men3m/Naima/build/zed_wrapper' returned '0': AMENT_PREFIX_PATH=/home/men3m/Naima/install/zed_components:${AMENT_PREFIX_PATH} CMAKE_PREFIX_PATH=/home/men3m/Naima/install/zed_components:/opt/ros/humble LD_LIBRARY_PATH=/home/men3m/Naima/install/zed_components/lib:/usr/lib/x86_64-linux-gnu/gazebo-11/plugins:/opt/ros/humble/opt/rviz_ogre_vendor/lib:/opt/ros/humble/lib/x86_64-linux-gnu:/opt/ros/humble/lib:/usr/local/cuda-12.4.0/lib64:/usr/local/cuda-12.4.0/lib64 /usr/bin/cmake --build /home/men3m/Naima/build/zed_wrapper -- -j16 -l16
[0.042s] Invoking command in '/home/men3m/Naima/build/zed_wrapper': AMENT_PREFIX_PATH=/home/men3m/Naima/install/zed_components:${AMENT_PREFIX_PATH} CMAKE_PREFIX_PATH=/home/men3m/Naima/install/zed_components:/opt/ros/humble LD_LIBRARY_PATH=/home/men3m/Naima/install/zed_components/lib:/usr/lib/x86_64-linux-gnu/gazebo-11/plugins:/opt/ros/humble/opt/rviz_ogre_vendor/lib:/opt/ros/humble/lib/x86_64-linux-gnu:/opt/ros/humble/lib:/usr/local/cuda-12.4.0/lib64:/usr/local/cuda-12.4.0/lib64 /usr/bin/cmake --install /home/men3m/Naima/build/zed_wrapper
[0.048s] -- Install configuration: ""
[0.048s] -- Up-to-date: /home/men3m/Naima/install/zed_wrapper/share/zed_wrapper/config
[0.048s] -- Up-to-date: /home/men3m/Naima/install/zed_wrapper/share/zed_wrapper/config/virtual.yaml
[0.048s] -- Up-to-date: /home/men3m/Naima/install/zed_wrapper/share/zed_wrapper/config/zedxm.yaml
[0.049s] -- Up-to-date: /home/men3m/Naima/install/zed_wrapper/share/zed_wrapper/config/zedxonegs.yaml
[0.049s] -- Up-to-date: /home/men3m/Naima/install/zed_wrapper/share/zed_wrapper/config/common_mono.yaml
[0.049s] -- Up-to-date: /home/men3m/Naima/install/zed_wrapper/share/zed_wrapper/config/ffmpeg.yaml
[0.049s] -- Up-to-date: /home/men3m/Naima/install/zed_wrapper/share/zed_wrapper/config/zedm.yaml
[0.049s] -- Up-to-date: /home/men3m/Naima/install/zed_wrapper/share/zed_wrapper/config/zed2.yaml
[0.049s] -- Up-to-date: /home/men3m/Naima/install/zed_wrapper/share/zed_wrapper/config/zed.yaml
[0.049s] -- Up-to-date: /home/men3m/Naima/install/zed_wrapper/share/zed_wrapper/config/zedxone4k.yaml
[0.049s] -- Up-to-date: /home/men3m/Naima/install/zed_wrapper/share/zed_wrapper/config/zedx.yaml
[0.049s] -- Up-to-date: /home/men3m/Naima/install/zed_wrapper/share/zed_wrapper/config/zed2i.yaml
[0.049s] -- Up-to-date: /home/men3m/Naima/install/zed_wrapper/share/zed_wrapper/config/common_stereo.yaml
[0.049s] -- Up-to-date: /home/men3m/Naima/install/zed_wrapper/share/zed_wrapper/urdf
[0.049s] -- Up-to-date: /home/men3m/Naima/install/zed_wrapper/share/zed_wrapper/urdf/include
[0.049s] -- Up-to-date: /home/men3m/Naima/install/zed_wrapper/share/zed_wrapper/urdf/include/materials.urdf.xacro
[0.049s] -- Up-to-date: /home/men3m/Naima/install/zed_wrapper/share/zed_wrapper/urdf/zed_descr.urdf.xacro
[0.049s] -- Up-to-date: /home/men3m/Naima/install/zed_wrapper/share/zed_wrapper/urdf/zed_macro.urdf.xacro
[0.050s] -- Up-to-date: /home/men3m/Naima/install/zed_wrapper/share/zed_wrapper/launch
[0.050s] -- Up-to-date: /home/men3m/Naima/install/zed_wrapper/share/zed_wrapper/launch/zed_camera.launch.py
[0.050s] -- Up-to-date: /home/men3m/Naima/install/zed_wrapper/share/ament_index/resource_index/package_run_dependencies/zed_wrapper
[0.050s] -- Up-to-date: /home/men3m/Naima/install/zed_wrapper/share/ament_index/resource_index/parent_prefix_path/zed_wrapper
[0.050s] -- Up-to-date: /home/men3m/Naima/install/zed_wrapper/share/zed_wrapper/environment/ament_prefix_path.sh
[0.050s] -- Up-to-date: /home/men3m/Naima/install/zed_wrapper/share/zed_wrapper/environment/ament_prefix_path.dsv
[0.050s] -- Up-to-date: /home/men3m/Naima/install/zed_wrapper/share/zed_wrapper/environment/path.sh
[0.050s] -- Up-to-date: /home/men3m/Naima/install/zed_wrapper/share/zed_wrapper/environment/path.dsv
[0.050s] -- Up-to-date: /home/men3m/Naima/install/zed_wrapper/share/zed_wrapper/local_setup.bash
[0.050s] -- Up-to-date: /home/men3m/Naima/install/zed_wrapper/share/zed_wrapper/local_setup.sh
[0.050s] -- Up-to-date: /home/men3m/Naima/install/zed_wrapper/share/zed_wrapper/local_setup.zsh
[0.050s] -- Up-to-date: /home/men3m/Naima/install/zed_wrapper/share/zed_wrapper/local_setup.dsv
[0.050s] -- Up-to-date: /home/men3m/Naima/install/zed_wrapper/share/zed_wrapper/package.dsv
[0.050s] -- Up-to-date: /home/men3m/Naima/install/zed_wrapper/share/ament_index/resource_index/packages/zed_wrapper
[0.051s] -- Up-to-date: /home/men3m/Naima/install/zed_wrapper/share/zed_wrapper/cmake/zed_wrapperConfig.cmake
[0.051s] -- Up-to-date: /home/men3m/Naima/install/zed_wrapper/share/zed_wrapper/cmake/zed_wrapperConfig-version.cmake
[0.051s] -- Up-to-date: /home/men3m/Naima/install/zed_wrapper/share/zed_wrapper/package.xml
[0.051s] Invoked command in '/home/men3m/Naima/build/zed_wrapper' returned '0': AMENT_PREFIX_PATH=/home/men3m/Naima/install/zed_components:${AMENT_PREFIX_PATH} CMAKE_PREFIX_PATH=/home/men3m/Naima/install/zed_components:/opt/ros/humble LD_LIBRARY_PATH=/home/men3m/Naima/install/zed_components/lib:/usr/lib/x86_64-linux-gnu/gazebo-11/plugins:/opt/ros/humble/opt/rviz_ogre_vendor/lib:/opt/ros/humble/lib/x86_64-linux-gnu:/opt/ros/humble/lib:/usr/local/cuda-12.4.0/lib64:/usr/local/cuda-12.4.0/lib64 /usr/bin/cmake --install /home/men3m/Naima/build/zed_wrapper
