[35m[1mConsolidate compiler generated dependencies of target zed_aruco_localization_component[0m
[100%] Built target zed_aruco_localization_component
-- Install configuration: "Release"
-- Up-to-date: /home/men3m/Naima/install/zed_aruco_localization/lib/libzed_aruco_localization_component.so
-- Up-to-date: /home/men3m/Naima/install/zed_aruco_localization/include/zed_aruco_localization/
-- Up-to-date: /home/men3m/Naima/install/zed_aruco_localization/include/zed_aruco_localization//aruco_loc_visibility_control.hpp
-- Up-to-date: /home/men3m/Naima/install/zed_aruco_localization/include/zed_aruco_localization/
-- Up-to-date: /home/men3m/Naima/install/zed_aruco_localization/include/zed_aruco_localization//zed_aruco_localization_component.hpp
-- Up-to-date: /home/men3m/Naima/install/zed_aruco_localization/include/zed_aruco_localization//aruco.hpp
-- Up-to-date: /home/men3m/Naima/install/zed_aruco_localization/share/zed_aruco_localization/launch
-- Up-to-date: /home/men3m/Naima/install/zed_aruco_localization/share/zed_aruco_localization/launch/zed_aruco_loc.launch.py
-- Up-to-date: /home/men3m/Naima/install/zed_aruco_localization/share/zed_aruco_localization/config
-- Up-to-date: /home/men3m/Naima/install/zed_aruco_localization/share/zed_aruco_localization/config/aruco_loc.yaml
-- Up-to-date: /home/men3m/Naima/install/zed_aruco_localization/share/zed_aruco_localization/rviz2
-- Up-to-date: /home/men3m/Naima/install/zed_aruco_localization/share/zed_aruco_localization/rviz2/aruco.rviz
-- Up-to-date: /home/men3m/Naima/install/zed_aruco_localization/share/zed_aruco_localization/environment/library_path.sh
-- Up-to-date: /home/men3m/Naima/install/zed_aruco_localization/share/zed_aruco_localization/environment/library_path.dsv
-- Up-to-date: /home/men3m/Naima/install/zed_aruco_localization/share/ament_index/resource_index/package_run_dependencies/zed_aruco_localization
-- Up-to-date: /home/men3m/Naima/install/zed_aruco_localization/share/ament_index/resource_index/parent_prefix_path/zed_aruco_localization
-- Up-to-date: /home/men3m/Naima/install/zed_aruco_localization/share/zed_aruco_localization/environment/ament_prefix_path.sh
-- Up-to-date: /home/men3m/Naima/install/zed_aruco_localization/share/zed_aruco_localization/environment/ament_prefix_path.dsv
-- Up-to-date: /home/men3m/Naima/install/zed_aruco_localization/share/zed_aruco_localization/environment/path.sh
-- Up-to-date: /home/men3m/Naima/install/zed_aruco_localization/share/zed_aruco_localization/environment/path.dsv
-- Up-to-date: /home/men3m/Naima/install/zed_aruco_localization/share/zed_aruco_localization/local_setup.bash
-- Up-to-date: /home/men3m/Naima/install/zed_aruco_localization/share/zed_aruco_localization/local_setup.sh
-- Up-to-date: /home/men3m/Naima/install/zed_aruco_localization/share/zed_aruco_localization/local_setup.zsh
-- Up-to-date: /home/men3m/Naima/install/zed_aruco_localization/share/zed_aruco_localization/local_setup.dsv
-- Installing: /home/men3m/Naima/install/zed_aruco_localization/share/zed_aruco_localization/package.dsv
-- Up-to-date: /home/men3m/Naima/install/zed_aruco_localization/share/ament_index/resource_index/packages/zed_aruco_localization
-- Up-to-date: /home/men3m/Naima/install/zed_aruco_localization/share/ament_index/resource_index/rclcpp_components/zed_aruco_localization
-- Up-to-date: /home/men3m/Naima/install/zed_aruco_localization/share/zed_aruco_localization/cmake/ament_cmake_export_include_directories-extras.cmake
-- Up-to-date: /home/men3m/Naima/install/zed_aruco_localization/share/zed_aruco_localization/cmake/ament_cmake_export_libraries-extras.cmake
-- Up-to-date: /home/men3m/Naima/install/zed_aruco_localization/share/zed_aruco_localization/cmake/ament_cmake_export_dependencies-extras.cmake
-- Up-to-date: /home/men3m/Naima/install/zed_aruco_localization/share/zed_aruco_localization/cmake/zed_aruco_localizationConfig.cmake
-- Up-to-date: /home/men3m/Naima/install/zed_aruco_localization/share/zed_aruco_localization/cmake/zed_aruco_localizationConfig-version.cmake
-- Up-to-date: /home/men3m/Naima/install/zed_aruco_localization/share/zed_aruco_localization/package.xml
