[0.007s] Invoking command in '/home/men3m/Naima/build/naima_localization': CMAKE_PREFIX_PATH=/opt/ros/humble /usr/bin/cmake --build /home/men3m/Naima/build/naima_localization -- -j16 -l16
[0.046s] [35m[1mConsolidate compiler generated dependencies of target imu_republisher[0m
[0.046s] [35m[1mConsolidate compiler generated dependencies of target kalman_filter[0m
[0.061s] [  0%] Built target ament_cmake_python_copy_naima_localization
[0.065s] [ 50%] Built target imu_republisher
[0.065s] [100%] Built target kalman_filter
[0.275s] running egg_info
[0.275s] writing naima_localization.egg-info/PKG-INFO
[0.275s] writing dependency_links to naima_localization.egg-info/dependency_links.txt
[0.276s] writing top-level names to naima_localization.egg-info/top_level.txt
[0.277s] reading manifest file 'naima_localization.egg-info/SOURCES.txt'
[0.278s] writing manifest file 'naima_localization.egg-info/SOURCES.txt'
[0.302s] [100%] Built target ament_cmake_python_build_naima_localization_egg
[0.312s] Invoked command in '/home/men3m/Naima/build/naima_localization' returned '0': CMAKE_PREFIX_PATH=/opt/ros/humble /usr/bin/cmake --build /home/men3m/Naima/build/naima_localization -- -j16 -l16
[0.313s] Invoking command in '/home/men3m/Naima/build/naima_localization': CMAKE_PREFIX_PATH=/opt/ros/humble /usr/bin/cmake --install /home/men3m/Naima/build/naima_localization
[0.320s] -- Install configuration: ""
[0.320s] -- Up-to-date: /home/men3m/Naima/install/naima_localization/share/naima_localization/environment/pythonpath.sh
[0.320s] -- Up-to-date: /home/men3m/Naima/install/naima_localization/share/naima_localization/environment/pythonpath.dsv
[0.320s] -- Up-to-date: /home/men3m/Naima/install/naima_localization/local/lib/python3.10/dist-packages/naima_localization-0.0.0-py3.10.egg-info
[0.320s] -- Installing: /home/men3m/Naima/install/naima_localization/local/lib/python3.10/dist-packages/naima_localization-0.0.0-py3.10.egg-info/dependency_links.txt
[0.320s] -- Installing: /home/men3m/Naima/install/naima_localization/local/lib/python3.10/dist-packages/naima_localization-0.0.0-py3.10.egg-info/top_level.txt
[0.321s] -- Installing: /home/men3m/Naima/install/naima_localization/local/lib/python3.10/dist-packages/naima_localization-0.0.0-py3.10.egg-info/SOURCES.txt
[0.322s] -- Installing: /home/men3m/Naima/install/naima_localization/local/lib/python3.10/dist-packages/naima_localization-0.0.0-py3.10.egg-info/PKG-INFO
[0.322s] -- Up-to-date: /home/men3m/Naima/install/naima_localization/local/lib/python3.10/dist-packages/naima_localization
[0.322s] -- Up-to-date: /home/men3m/Naima/install/naima_localization/local/lib/python3.10/dist-packages/naima_localization/kalman_filter.py
[0.322s] -- Up-to-date: /home/men3m/Naima/install/naima_localization/local/lib/python3.10/dist-packages/naima_localization/imu_republisher.py
[0.322s] -- Up-to-date: /home/men3m/Naima/install/naima_localization/local/lib/python3.10/dist-packages/naima_localization/__init__.py
[0.346s] Listing '/home/men3m/Naima/install/naima_localization/local/lib/python3.10/dist-packages/naima_localization'...
[0.350s] -- Up-to-date: /home/men3m/Naima/install/naima_localization/include/include
[0.350s] -- Up-to-date: /home/men3m/Naima/install/naima_localization/include/include/naima_localization
[0.350s] -- Up-to-date: /home/men3m/Naima/install/naima_localization/include/include/naima_localization/kalman_filter.hpp
[0.351s] -- Up-to-date: /home/men3m/Naima/install/naima_localization/lib/naima_localization/kalman_filter
[0.351s] -- Up-to-date: /home/men3m/Naima/install/naima_localization/lib/naima_localization/imu_republisher
[0.351s] -- Up-to-date: /home/men3m/Naima/install/naima_localization/share/naima_localization/launch
[0.351s] -- Up-to-date: /home/men3m/Naima/install/naima_localization/share/naima_localization/launch/navsat_transform.launch.py
[0.351s] -- Up-to-date: /home/men3m/Naima/install/naima_localization/share/naima_localization/launch/global_localization.launch.py
[0.351s] -- Up-to-date: /home/men3m/Naima/install/naima_localization/share/naima_localization/launch/global.launch.py
[0.351s] -- Up-to-date: /home/men3m/Naima/install/naima_localization/share/naima_localization/launch/global_localization_map1.py
[0.351s] -- Up-to-date: /home/men3m/Naima/install/naima_localization/share/naima_localization/launch/navigation.launch.py
[0.351s] -- Up-to-date: /home/men3m/Naima/install/naima_localization/share/naima_localization/launch/local.launch.py
[0.351s] -- Up-to-date: /home/men3m/Naima/install/naima_localization/share/naima_localization/launch/mappp.launch.py
[0.351s] -- Up-to-date: /home/men3m/Naima/install/naima_localization/share/naima_localization/launch/localization_launch.py
[0.351s] -- Up-to-date: /home/men3m/Naima/install/naima_localization/share/naima_localization/launch/local_localization.launch.py
[0.351s] -- Up-to-date: /home/men3m/Naima/install/naima_localization/share/naima_localization/launch/dual_ekf_and_navsat.launch.py
[0.351s] -- Up-to-date: /home/men3m/Naima/install/naima_localization/share/naima_localization/config
[0.352s] -- Up-to-date: /home/men3m/Naima/install/naima_localization/share/naima_localization/config/mapper_params_localization.yaml
[0.352s] -- Up-to-date: /home/men3m/Naima/install/naima_localization/share/naima_localization/config/navsat_transform.yaml
[0.352s] -- Up-to-date: /home/men3m/Naima/install/naima_localization/share/naima_localization/config/dual_ekf_and_navsat.yaml
[0.352s] -- Up-to-date: /home/men3m/Naima/install/naima_localization/share/naima_localization/config/map_server_params.yaml
[0.352s] -- Up-to-date: /home/men3m/Naima/install/naima_localization/share/naima_localization/config/global_ekf.yaml
[0.352s] -- Up-to-date: /home/men3m/Naima/install/naima_localization/share/naima_localization/config/nav2.yaml
[0.352s] -- Up-to-date: /home/men3m/Naima/install/naima_localization/share/naima_localization/config/ekf.yaml
[0.352s] -- Up-to-date: /home/men3m/Naima/install/naima_localization/lib/naima_localization/kalman_filter.py
[0.353s] -- Up-to-date: /home/men3m/Naima/install/naima_localization/lib/naima_localization/imu_republisher.py
[0.353s] -- Up-to-date: /home/men3m/Naima/install/naima_localization/share/ament_index/resource_index/package_run_dependencies/naima_localization
[0.353s] -- Up-to-date: /home/men3m/Naima/install/naima_localization/share/ament_index/resource_index/parent_prefix_path/naima_localization
[0.353s] -- Up-to-date: /home/men3m/Naima/install/naima_localization/share/naima_localization/environment/ament_prefix_path.sh
[0.353s] -- Up-to-date: /home/men3m/Naima/install/naima_localization/share/naima_localization/environment/ament_prefix_path.dsv
[0.353s] -- Up-to-date: /home/men3m/Naima/install/naima_localization/share/naima_localization/environment/path.sh
[0.353s] -- Up-to-date: /home/men3m/Naima/install/naima_localization/share/naima_localization/environment/path.dsv
[0.353s] -- Up-to-date: /home/men3m/Naima/install/naima_localization/share/naima_localization/local_setup.bash
[0.353s] -- Up-to-date: /home/men3m/Naima/install/naima_localization/share/naima_localization/local_setup.sh
[0.353s] -- Up-to-date: /home/men3m/Naima/install/naima_localization/share/naima_localization/local_setup.zsh
[0.353s] -- Up-to-date: /home/men3m/Naima/install/naima_localization/share/naima_localization/local_setup.dsv
[0.354s] -- Installing: /home/men3m/Naima/install/naima_localization/share/naima_localization/package.dsv
[0.354s] -- Up-to-date: /home/men3m/Naima/install/naima_localization/share/ament_index/resource_index/packages/naima_localization
[0.354s] -- Up-to-date: /home/men3m/Naima/install/naima_localization/share/naima_localization/cmake/naima_localizationConfig.cmake
[0.354s] -- Up-to-date: /home/men3m/Naima/install/naima_localization/share/naima_localization/cmake/naima_localizationConfig-version.cmake
[0.354s] -- Up-to-date: /home/men3m/Naima/install/naima_localization/share/naima_localization/package.xml
[0.358s] Invoked command in '/home/men3m/Naima/build/naima_localization' returned '0': CMAKE_PREFIX_PATH=/opt/ros/humble /usr/bin/cmake --install /home/men3m/Naima/build/naima_localization
