[0.549s] Invoking command in '/home/men3m/Naima/build/zed_tutorial_depth': CMAKE_PREFIX_PATH=/opt/ros/humble /usr/bin/cmake --build /home/men3m/Naima/build/zed_tutorial_depth -- -j16 -l16
[0.617s] [100%] Built target zed_tutorial_depth
[0.706s] Invoked command in '/home/men3m/Naima/build/zed_tutorial_depth' returned '0': CMAKE_PREFIX_PATH=/opt/ros/humble /usr/bin/cmake --build /home/men3m/Naima/build/zed_tutorial_depth -- -j16 -l16
[0.707s] Invoking command in '/home/men3m/Naima/build/zed_tutorial_depth': CMAKE_PREFIX_PATH=/opt/ros/humble /usr/bin/cmake --install /home/men3m/Naima/build/zed_tutorial_depth
[0.724s] -- Install configuration: "Release"
[0.724s] -- Up-to-date: /home/men3m/Naima/install/zed_tutorial_depth/lib/zed_tutorial_depth/zed_tutorial_depth
[0.725s] -- Up-to-date: /home/men3m/Naima/install/zed_tutorial_depth/share/ament_index/resource_index/package_run_dependencies/zed_tutorial_depth
[0.725s] -- Up-to-date: /home/men3m/Naima/install/zed_tutorial_depth/share/ament_index/resource_index/parent_prefix_path/zed_tutorial_depth
[0.725s] -- Up-to-date: /home/men3m/Naima/install/zed_tutorial_depth/share/zed_tutorial_depth/environment/ament_prefix_path.sh
[0.725s] -- Up-to-date: /home/men3m/Naima/install/zed_tutorial_depth/share/zed_tutorial_depth/environment/ament_prefix_path.dsv
[0.725s] -- Up-to-date: /home/men3m/Naima/install/zed_tutorial_depth/share/zed_tutorial_depth/environment/path.sh
[0.725s] -- Up-to-date: /home/men3m/Naima/install/zed_tutorial_depth/share/zed_tutorial_depth/environment/path.dsv
[0.725s] -- Up-to-date: /home/men3m/Naima/install/zed_tutorial_depth/share/zed_tutorial_depth/local_setup.bash
[0.725s] -- Up-to-date: /home/men3m/Naima/install/zed_tutorial_depth/share/zed_tutorial_depth/local_setup.sh
[0.725s] -- Up-to-date: /home/men3m/Naima/install/zed_tutorial_depth/share/zed_tutorial_depth/local_setup.zsh
[0.725s] -- Up-to-date: /home/men3m/Naima/install/zed_tutorial_depth/share/zed_tutorial_depth/local_setup.dsv
[0.725s] -- Installing: /home/men3m/Naima/install/zed_tutorial_depth/share/zed_tutorial_depth/package.dsv
[0.725s] -- Up-to-date: /home/men3m/Naima/install/zed_tutorial_depth/share/ament_index/resource_index/packages/zed_tutorial_depth
[0.726s] -- Up-to-date: /home/men3m/Naima/install/zed_tutorial_depth/share/zed_tutorial_depth/cmake/zed_tutorial_depthConfig.cmake
[0.726s] -- Up-to-date: /home/men3m/Naima/install/zed_tutorial_depth/share/zed_tutorial_depth/cmake/zed_tutorial_depthConfig-version.cmake
[0.726s] -- Up-to-date: /home/men3m/Naima/install/zed_tutorial_depth/share/zed_tutorial_depth/package.xml
[0.817s] Invoked command in '/home/men3m/Naima/build/zed_tutorial_depth' returned '0': CMAKE_PREFIX_PATH=/opt/ros/humble /usr/bin/cmake --install /home/men3m/Naima/build/zed_tutorial_depth
