[0.008s] Invoking command in '/home/men3m/Naima/build/zed_topic_benchmark_component': AMENT_PREFIX_PATH=/home/men3m/Naima/install/zed_topic_benchmark_interfaces:${AMENT_PREFIX_PATH} CMAKE_PREFIX_PATH=/home/men3m/Naima/install/zed_topic_benchmark_interfaces:/opt/ros/humble LD_LIBRARY_PATH=/home/men3m/Naima/install/zed_topic_benchmark_interfaces/lib:/usr/lib/x86_64-linux-gnu/gazebo-11/plugins:/opt/ros/humble/opt/rviz_ogre_vendor/lib:/opt/ros/humble/lib/x86_64-linux-gnu:/opt/ros/humble/lib:/usr/local/cuda-12.4.0/lib64:/usr/local/cuda-12.4.0/lib64 PYTHONPATH=/home/men3m/Naima/install/zed_topic_benchmark_interfaces/local/lib/python3.10/dist-packages:${PYTHONPATH} /usr/bin/cmake /home/men3m/Naima/src/zed-ros2-examples/tools/zed_benchmark_component -DCMAKE_INSTALL_PREFIX=/home/men3m/Naima/install/zed_topic_benchmark_component
[0.056s] -- The C compiler identification is GNU 11.4.0
[0.108s] -- The CXX compiler identification is GNU 11.4.0
[0.115s] -- Detecting C compiler ABI info
[0.180s] -- Detecting C compiler ABI info - done
[0.186s] -- Check for working C compiler: /usr/bin/cc - skipped
[0.186s] -- Detecting C compile features
[0.187s] -- Detecting C compile features - done
[0.190s] -- Detecting CXX compiler ABI info
[0.263s] -- Detecting CXX compiler ABI info - done
[0.270s] -- Check for working CXX compiler: /usr/bin/c++ - skipped
[0.270s] -- Detecting CXX compile features
[0.271s] -- Detecting CXX compile features - done
[0.274s] -- Found ament_cmake_auto: 1.3.11 (/opt/ros/humble/share/ament_cmake_auto/cmake)
[0.397s] -- Found Python3: /usr/bin/python3 (found version "3.10.12") found components: Interpreter 
[0.572s] -- Found rosidl_generator_c: 3.1.6 (/opt/ros/humble/share/rosidl_generator_c/cmake)
[0.579s] -- Found rosidl_adapter: 3.1.6 (/opt/ros/humble/share/rosidl_adapter/cmake)
[0.588s] -- Found rosidl_generator_cpp: 3.1.6 (/opt/ros/humble/share/rosidl_generator_cpp/cmake)
[0.602s] -- Using all available rosidl_typesupport_c: rosidl_typesupport_fastrtps_c;rosidl_typesupport_introspection_c
[0.617s] -- Using all available rosidl_typesupport_cpp: rosidl_typesupport_fastrtps_cpp;rosidl_typesupport_introspection_cpp
[0.688s] -- Found rmw_implementation_cmake: 6.1.2 (/opt/ros/humble/share/rmw_implementation_cmake/cmake)
[0.690s] -- Found rmw_cyclonedds_cpp: 1.3.4 (/opt/ros/humble/share/rmw_cyclonedds_cpp/cmake)
[0.708s] -- Using RMW implementation 'rmw_cyclonedds_cpp' as default
[0.717s] -- Looking for pthread.h
[0.786s] -- Looking for pthread.h - found
[0.786s] -- Performing Test CMAKE_HAVE_LIBC_PTHREAD
[0.855s] -- Performing Test CMAKE_HAVE_LIBC_PTHREAD - Success
[0.856s] -- Found Threads: TRUE  
[0.902s] -- Found rclcpp_components: 16.0.12 (/opt/ros/humble/share/rclcpp_components/cmake)
[0.938s] -- Found ament_lint_auto: 0.12.12 (/opt/ros/humble/share/ament_lint_auto/cmake)
[0.963s] -- Added test 'copyright' to check source files copyright and LICENSE
[0.964s] -- Added test 'cppcheck' to perform static code analysis on C / C++ code
[0.964s] -- Configured cppcheck include dirs: $<BUILD_INTERFACE:/home/men3m/Naima/src/zed-ros2-examples/tools/zed_benchmark_component/src/include>;$<BUILD_INTERFACE:/home/men3m/Naima/src/zed-ros2-examples/tools/zed_benchmark_component/src/component/include>
[0.964s] -- Configured cppcheck exclude dirs and/or files: 
[0.965s] -- Added test 'cpplint' to check C / C++ code against the Google style
[0.965s] -- Configured cpplint exclude dirs and/or files: 
[0.966s] -- Added test 'lint_cmake' to check CMake code style
[0.967s] -- Added test 'uncrustify' to check C / C++ code style
[0.967s] -- Configured uncrustify additional arguments: 
[0.967s] -- Added test 'xmllint' to check XML markup files
[0.968s] -- Added test 'clang_format' to check C / C++ code style
[0.971s] -- Configuring done
[0.982s] -- Generating done
[0.984s] -- Build files have been written to: /home/men3m/Naima/build/zed_topic_benchmark_component
[0.992s] Invoked command in '/home/men3m/Naima/build/zed_topic_benchmark_component' returned '0': AMENT_PREFIX_PATH=/home/men3m/Naima/install/zed_topic_benchmark_interfaces:${AMENT_PREFIX_PATH} CMAKE_PREFIX_PATH=/home/men3m/Naima/install/zed_topic_benchmark_interfaces:/opt/ros/humble LD_LIBRARY_PATH=/home/men3m/Naima/install/zed_topic_benchmark_interfaces/lib:/usr/lib/x86_64-linux-gnu/gazebo-11/plugins:/opt/ros/humble/opt/rviz_ogre_vendor/lib:/opt/ros/humble/lib/x86_64-linux-gnu:/opt/ros/humble/lib:/usr/local/cuda-12.4.0/lib64:/usr/local/cuda-12.4.0/lib64 PYTHONPATH=/home/men3m/Naima/install/zed_topic_benchmark_interfaces/local/lib/python3.10/dist-packages:${PYTHONPATH} /usr/bin/cmake /home/men3m/Naima/src/zed-ros2-examples/tools/zed_benchmark_component -DCMAKE_INSTALL_PREFIX=/home/men3m/Naima/install/zed_topic_benchmark_component
[0.993s] Invoking command in '/home/men3m/Naima/build/zed_topic_benchmark_component': AMENT_PREFIX_PATH=/home/men3m/Naima/install/zed_topic_benchmark_interfaces:${AMENT_PREFIX_PATH} CMAKE_PREFIX_PATH=/home/men3m/Naima/install/zed_topic_benchmark_interfaces:/opt/ros/humble LD_LIBRARY_PATH=/home/men3m/Naima/install/zed_topic_benchmark_interfaces/lib:/usr/lib/x86_64-linux-gnu/gazebo-11/plugins:/opt/ros/humble/opt/rviz_ogre_vendor/lib:/opt/ros/humble/lib/x86_64-linux-gnu:/opt/ros/humble/lib:/usr/local/cuda-12.4.0/lib64:/usr/local/cuda-12.4.0/lib64 PYTHONPATH=/home/men3m/Naima/install/zed_topic_benchmark_interfaces/local/lib/python3.10/dist-packages:${PYTHONPATH} /usr/bin/cmake --build /home/men3m/Naima/build/zed_topic_benchmark_component -- -j16 -l16
[1.038s] [ 66%] [32mBuilding CXX object CMakeFiles/zed_topic_benchmark_component.dir/src/component/src/topic_benchmark_component.cpp.o[0m
[1.038s] [ 66%] [32mBuilding CXX object CMakeFiles/zed_topic_benchmark_component.dir/src/component/src/winavg.cpp.o[0m
[6.445s] [100%] [32m[1mLinking CXX shared library libzed_topic_benchmark_component.so[0m
[6.545s] [100%] Built target zed_topic_benchmark_component
[6.554s] Invoked command in '/home/men3m/Naima/build/zed_topic_benchmark_component' returned '0': AMENT_PREFIX_PATH=/home/men3m/Naima/install/zed_topic_benchmark_interfaces:${AMENT_PREFIX_PATH} CMAKE_PREFIX_PATH=/home/men3m/Naima/install/zed_topic_benchmark_interfaces:/opt/ros/humble LD_LIBRARY_PATH=/home/men3m/Naima/install/zed_topic_benchmark_interfaces/lib:/usr/lib/x86_64-linux-gnu/gazebo-11/plugins:/opt/ros/humble/opt/rviz_ogre_vendor/lib:/opt/ros/humble/lib/x86_64-linux-gnu:/opt/ros/humble/lib:/usr/local/cuda-12.4.0/lib64:/usr/local/cuda-12.4.0/lib64 PYTHONPATH=/home/men3m/Naima/install/zed_topic_benchmark_interfaces/local/lib/python3.10/dist-packages:${PYTHONPATH} /usr/bin/cmake --build /home/men3m/Naima/build/zed_topic_benchmark_component -- -j16 -l16
[6.556s] Invoking command in '/home/men3m/Naima/build/zed_topic_benchmark_component': AMENT_PREFIX_PATH=/home/men3m/Naima/install/zed_topic_benchmark_interfaces:${AMENT_PREFIX_PATH} CMAKE_PREFIX_PATH=/home/men3m/Naima/install/zed_topic_benchmark_interfaces:/opt/ros/humble LD_LIBRARY_PATH=/home/men3m/Naima/install/zed_topic_benchmark_interfaces/lib:/usr/lib/x86_64-linux-gnu/gazebo-11/plugins:/opt/ros/humble/opt/rviz_ogre_vendor/lib:/opt/ros/humble/lib/x86_64-linux-gnu:/opt/ros/humble/lib:/usr/local/cuda-12.4.0/lib64:/usr/local/cuda-12.4.0/lib64 PYTHONPATH=/home/men3m/Naima/install/zed_topic_benchmark_interfaces/local/lib/python3.10/dist-packages:${PYTHONPATH} /usr/bin/cmake --install /home/men3m/Naima/build/zed_topic_benchmark_component
[6.560s] -- Install configuration: "Release"
[6.561s] -- Installing: /home/men3m/Naima/install/zed_topic_benchmark_component/lib/libzed_topic_benchmark_component.so
[6.562s] -- Set runtime path of "/home/men3m/Naima/install/zed_topic_benchmark_component/lib/libzed_topic_benchmark_component.so" to ""
[6.562s] -- Installing: /home/men3m/Naima/install/zed_topic_benchmark_component/include/zed_topic_benchmark_component
[6.562s] -- Installing: /home/men3m/Naima/install/zed_topic_benchmark_component/include/zed_topic_benchmark_component/topic_benchmark_component.hpp
[6.562s] -- Installing: /home/men3m/Naima/install/zed_topic_benchmark_component/include/zed_topic_benchmark_component/winavg.hpp
[6.562s] -- Up-to-date: /home/men3m/Naima/install/zed_topic_benchmark_component/include/zed_topic_benchmark_component
[6.562s] -- Installing: /home/men3m/Naima/install/zed_topic_benchmark_component/include/zed_topic_benchmark_component/visibility_control.hpp
[6.562s] -- Installing: /home/men3m/Naima/install/zed_topic_benchmark_component/share/zed_topic_benchmark_component/environment/library_path.sh
[6.562s] -- Installing: /home/men3m/Naima/install/zed_topic_benchmark_component/share/zed_topic_benchmark_component/environment/library_path.dsv
[6.562s] -- Installing: /home/men3m/Naima/install/zed_topic_benchmark_component/share/ament_index/resource_index/package_run_dependencies/zed_topic_benchmark_component
[6.563s] -- Installing: /home/men3m/Naima/install/zed_topic_benchmark_component/share/ament_index/resource_index/parent_prefix_path/zed_topic_benchmark_component
[6.563s] -- Installing: /home/men3m/Naima/install/zed_topic_benchmark_component/share/zed_topic_benchmark_component/environment/ament_prefix_path.sh
[6.563s] -- Installing: /home/men3m/Naima/install/zed_topic_benchmark_component/share/zed_topic_benchmark_component/environment/ament_prefix_path.dsv
[6.563s] -- Installing: /home/men3m/Naima/install/zed_topic_benchmark_component/share/zed_topic_benchmark_component/environment/path.sh
[6.563s] -- Installing: /home/men3m/Naima/install/zed_topic_benchmark_component/share/zed_topic_benchmark_component/environment/path.dsv
[6.563s] -- Installing: /home/men3m/Naima/install/zed_topic_benchmark_component/share/zed_topic_benchmark_component/local_setup.bash
[6.563s] -- Installing: /home/men3m/Naima/install/zed_topic_benchmark_component/share/zed_topic_benchmark_component/local_setup.sh
[6.564s] -- Installing: /home/men3m/Naima/install/zed_topic_benchmark_component/share/zed_topic_benchmark_component/local_setup.zsh
[6.564s] -- Installing: /home/men3m/Naima/install/zed_topic_benchmark_component/share/zed_topic_benchmark_component/local_setup.dsv
[6.564s] -- Installing: /home/men3m/Naima/install/zed_topic_benchmark_component/share/zed_topic_benchmark_component/package.dsv
[6.564s] -- Installing: /home/men3m/Naima/install/zed_topic_benchmark_component/share/ament_index/resource_index/packages/zed_topic_benchmark_component
[6.564s] -- Installing: /home/men3m/Naima/install/zed_topic_benchmark_component/share/ament_index/resource_index/rclcpp_components/zed_topic_benchmark_component
[6.564s] -- Installing: /home/men3m/Naima/install/zed_topic_benchmark_component/share/zed_topic_benchmark_component/cmake/ament_cmake_export_include_directories-extras.cmake
[6.564s] -- Installing: /home/men3m/Naima/install/zed_topic_benchmark_component/share/zed_topic_benchmark_component/cmake/ament_cmake_export_libraries-extras.cmake
[6.565s] -- Installing: /home/men3m/Naima/install/zed_topic_benchmark_component/share/zed_topic_benchmark_component/cmake/ament_cmake_export_dependencies-extras.cmake
[6.565s] -- Installing: /home/men3m/Naima/install/zed_topic_benchmark_component/share/zed_topic_benchmark_component/cmake/zed_topic_benchmark_componentConfig.cmake
[6.565s] -- Installing: /home/men3m/Naima/install/zed_topic_benchmark_component/share/zed_topic_benchmark_component/cmake/zed_topic_benchmark_componentConfig-version.cmake
[6.565s] -- Installing: /home/men3m/Naima/install/zed_topic_benchmark_component/share/zed_topic_benchmark_component/package.xml
[6.567s] Invoked command in '/home/men3m/Naima/build/zed_topic_benchmark_component' returned '0': AMENT_PREFIX_PATH=/home/men3m/Naima/install/zed_topic_benchmark_interfaces:${AMENT_PREFIX_PATH} CMAKE_PREFIX_PATH=/home/men3m/Naima/install/zed_topic_benchmark_interfaces:/opt/ros/humble LD_LIBRARY_PATH=/home/men3m/Naima/install/zed_topic_benchmark_interfaces/lib:/usr/lib/x86_64-linux-gnu/gazebo-11/plugins:/opt/ros/humble/opt/rviz_ogre_vendor/lib:/opt/ros/humble/lib/x86_64-linux-gnu:/opt/ros/humble/lib:/usr/local/cuda-12.4.0/lib64:/usr/local/cuda-12.4.0/lib64 PYTHONPATH=/home/men3m/Naima/install/zed_topic_benchmark_interfaces/local/lib/python3.10/dist-packages:${PYTHONPATH} /usr/bin/cmake --install /home/men3m/Naima/build/zed_topic_benchmark_component
