[0.007s] Invoking command in '/home/men3m/Naima/build/zed_tutorial_depth': CMAKE_PREFIX_PATH=/opt/ros/humble /usr/bin/cmake /home/men3m/Naima/src/zed-ros2-examples/tutorials/zed_depth_tutorial -DCMAKE_INSTALL_PREFIX=/home/men3m/Naima/install/zed_tutorial_depth
[0.055s] -- The C compiler identification is GNU 11.4.0
[0.116s] -- The CXX compiler identification is GNU 11.4.0
[0.122s] -- Detecting C compiler ABI info
[0.182s] -- Detecting C compiler ABI info - done
[0.188s] -- Check for working C compiler: /usr/bin/cc - skipped
[0.188s] -- Detecting C compile features
[0.188s] -- Detecting C compile features - done
[0.191s] -- Detecting CXX compiler ABI info
[0.261s] -- Detecting CXX compiler ABI info - done
[0.270s] -- Check for working CXX compiler: /usr/bin/c++ - skipped
[0.270s] -- Detecting CXX compile features
[0.271s] -- Detecting CXX compile features - done
[0.273s] -- Found ament_cmake_auto: 1.3.11 (/opt/ros/humble/share/ament_cmake_auto/cmake)
[0.420s] -- Found Python3: /usr/bin/python3 (found version "3.10.12") found components: Interpreter 
[0.597s] -- Found rosidl_generator_c: 3.1.6 (/opt/ros/humble/share/rosidl_generator_c/cmake)
[0.603s] -- Found rosidl_adapter: 3.1.6 (/opt/ros/humble/share/rosidl_adapter/cmake)
[0.611s] -- Found rosidl_generator_cpp: 3.1.6 (/opt/ros/humble/share/rosidl_generator_cpp/cmake)
[0.622s] -- Using all available rosidl_typesupport_c: rosidl_typesupport_fastrtps_c;rosidl_typesupport_introspection_c
[0.638s] -- Using all available rosidl_typesupport_cpp: rosidl_typesupport_fastrtps_cpp;rosidl_typesupport_introspection_cpp
[0.681s] -- Found rmw_implementation_cmake: 6.1.2 (/opt/ros/humble/share/rmw_implementation_cmake/cmake)
[0.683s] -- Found rmw_cyclonedds_cpp: 1.3.4 (/opt/ros/humble/share/rmw_cyclonedds_cpp/cmake)
[0.701s] -- Using RMW implementation 'rmw_cyclonedds_cpp' as default
[0.710s] -- Looking for pthread.h
[0.777s] -- Looking for pthread.h - found
[0.777s] -- Performing Test CMAKE_HAVE_LIBC_PTHREAD
[0.849s] -- Performing Test CMAKE_HAVE_LIBC_PTHREAD - Success
[0.850s] -- Found Threads: TRUE  
[0.926s] -- Found ament_lint_auto: 0.12.12 (/opt/ros/humble/share/ament_lint_auto/cmake)
[0.950s] -- Added test 'copyright' to check source files copyright and LICENSE
[0.951s] -- Added test 'cppcheck' to perform static code analysis on C / C++ code
[0.952s] -- Configured cppcheck include dirs: 
[0.952s] -- Configured cppcheck exclude dirs and/or files: 
[0.952s] -- Added test 'cpplint' to check C / C++ code against the Google style
[0.952s] -- Configured cpplint exclude dirs and/or files: 
[0.953s] -- Added test 'lint_cmake' to check CMake code style
[0.954s] -- Added test 'uncrustify' to check C / C++ code style
[0.954s] -- Configured uncrustify additional arguments: 
[0.954s] -- Added test 'xmllint' to check XML markup files
[0.955s] -- Added test 'clang_format' to check C / C++ code style
[0.955s] -- Configuring done
[0.965s] -- Generating done
[0.969s] -- Build files have been written to: /home/men3m/Naima/build/zed_tutorial_depth
[0.976s] Invoked command in '/home/men3m/Naima/build/zed_tutorial_depth' returned '0': CMAKE_PREFIX_PATH=/opt/ros/humble /usr/bin/cmake /home/men3m/Naima/src/zed-ros2-examples/tutorials/zed_depth_tutorial -DCMAKE_INSTALL_PREFIX=/home/men3m/Naima/install/zed_tutorial_depth
[0.978s] Invoking command in '/home/men3m/Naima/build/zed_tutorial_depth': CMAKE_PREFIX_PATH=/opt/ros/humble /usr/bin/cmake --build /home/men3m/Naima/build/zed_tutorial_depth -- -j16 -l16
[1.028s] [ 50%] [32mBuilding CXX object CMakeFiles/zed_tutorial_depth.dir/src/zed_depth_sub_tutorial.cpp.o[0m
[8.642s] [100%] [32m[1mLinking CXX executable zed_tutorial_depth[0m
[8.777s] [100%] Built target zed_tutorial_depth
[8.788s] Invoked command in '/home/men3m/Naima/build/zed_tutorial_depth' returned '0': CMAKE_PREFIX_PATH=/opt/ros/humble /usr/bin/cmake --build /home/men3m/Naima/build/zed_tutorial_depth -- -j16 -l16
[8.790s] Invoking command in '/home/men3m/Naima/build/zed_tutorial_depth': CMAKE_PREFIX_PATH=/opt/ros/humble /usr/bin/cmake --install /home/men3m/Naima/build/zed_tutorial_depth
[8.796s] -- Install configuration: "Release"
[8.796s] -- Installing: /home/men3m/Naima/install/zed_tutorial_depth/lib/zed_tutorial_depth/zed_tutorial_depth
[8.797s] -- Set runtime path of "/home/men3m/Naima/install/zed_tutorial_depth/lib/zed_tutorial_depth/zed_tutorial_depth" to ""
[8.797s] -- Installing: /home/men3m/Naima/install/zed_tutorial_depth/share/ament_index/resource_index/package_run_dependencies/zed_tutorial_depth
[8.798s] -- Installing: /home/men3m/Naima/install/zed_tutorial_depth/share/ament_index/resource_index/parent_prefix_path/zed_tutorial_depth
[8.798s] -- Installing: /home/men3m/Naima/install/zed_tutorial_depth/share/zed_tutorial_depth/environment/ament_prefix_path.sh
[8.798s] -- Installing: /home/men3m/Naima/install/zed_tutorial_depth/share/zed_tutorial_depth/environment/ament_prefix_path.dsv
[8.798s] -- Installing: /home/men3m/Naima/install/zed_tutorial_depth/share/zed_tutorial_depth/environment/path.sh
[8.798s] -- Installing: /home/men3m/Naima/install/zed_tutorial_depth/share/zed_tutorial_depth/environment/path.dsv
[8.798s] -- Installing: /home/men3m/Naima/install/zed_tutorial_depth/share/zed_tutorial_depth/local_setup.bash
[8.798s] -- Installing: /home/men3m/Naima/install/zed_tutorial_depth/share/zed_tutorial_depth/local_setup.sh
[8.799s] -- Installing: /home/men3m/Naima/install/zed_tutorial_depth/share/zed_tutorial_depth/local_setup.zsh
[8.799s] -- Installing: /home/men3m/Naima/install/zed_tutorial_depth/share/zed_tutorial_depth/local_setup.dsv
[8.799s] -- Installing: /home/men3m/Naima/install/zed_tutorial_depth/share/zed_tutorial_depth/package.dsv
[8.799s] -- Installing: /home/men3m/Naima/install/zed_tutorial_depth/share/ament_index/resource_index/packages/zed_tutorial_depth
[8.799s] -- Installing: /home/men3m/Naima/install/zed_tutorial_depth/share/zed_tutorial_depth/cmake/zed_tutorial_depthConfig.cmake
[8.799s] -- Installing: /home/men3m/Naima/install/zed_tutorial_depth/share/zed_tutorial_depth/cmake/zed_tutorial_depthConfig-version.cmake
[8.799s] -- Installing: /home/men3m/Naima/install/zed_tutorial_depth/share/zed_tutorial_depth/package.xml
[8.801s] Invoked command in '/home/men3m/Naima/build/zed_tutorial_depth' returned '0': CMAKE_PREFIX_PATH=/opt/ros/humble /usr/bin/cmake --install /home/men3m/Naima/build/zed_tutorial_depth
