[0.077s] Invoking command in '/home/men3m/Naima/build/zed_multi_camera': AMENT_PREFIX_PATH=/home/men3m/Naima/install/zed_wrapper:/home/men3m/Naima/install/zed_components:${AMENT_PREFIX_PATH} CMAKE_PREFIX_PATH=/home/men3m/Naima/install/zed_wrapper:/home/men3m/Naima/install/zed_components:/opt/ros/humble LD_LIBRARY_PATH=/home/men3m/Naima/install/zed_components/lib:/usr/lib/x86_64-linux-gnu/gazebo-11/plugins:/opt/ros/humble/opt/rviz_ogre_vendor/lib:/opt/ros/humble/lib/x86_64-linux-gnu:/opt/ros/humble/lib:/usr/local/cuda-12.4.0/lib64:/usr/local/cuda-12.4.0/lib64 /usr/bin/cmake --build /home/men3m/Naima/build/zed_multi_camera -- -j16 -l16
[0.191s] Invoked command in '/home/men3m/Naima/build/zed_multi_camera' returned '0': AMENT_PREFIX_PATH=/home/men3m/Naima/install/zed_wrapper:/home/men3m/Naima/install/zed_components:${AMENT_PREFIX_PATH} CMAKE_PREFIX_PATH=/home/men3m/Naima/install/zed_wrapper:/home/men3m/Naima/install/zed_components:/opt/ros/humble LD_LIBRARY_PATH=/home/men3m/Naima/install/zed_components/lib:/usr/lib/x86_64-linux-gnu/gazebo-11/plugins:/opt/ros/humble/opt/rviz_ogre_vendor/lib:/opt/ros/humble/lib/x86_64-linux-gnu:/opt/ros/humble/lib:/usr/local/cuda-12.4.0/lib64:/usr/local/cuda-12.4.0/lib64 /usr/bin/cmake --build /home/men3m/Naima/build/zed_multi_camera -- -j16 -l16
[0.193s] Invoking command in '/home/men3m/Naima/build/zed_multi_camera': AMENT_PREFIX_PATH=/home/men3m/Naima/install/zed_wrapper:/home/men3m/Naima/install/zed_components:${AMENT_PREFIX_PATH} CMAKE_PREFIX_PATH=/home/men3m/Naima/install/zed_wrapper:/home/men3m/Naima/install/zed_components:/opt/ros/humble LD_LIBRARY_PATH=/home/men3m/Naima/install/zed_components/lib:/usr/lib/x86_64-linux-gnu/gazebo-11/plugins:/opt/ros/humble/opt/rviz_ogre_vendor/lib:/opt/ros/humble/lib/x86_64-linux-gnu:/opt/ros/humble/lib:/usr/local/cuda-12.4.0/lib64:/usr/local/cuda-12.4.0/lib64 /usr/bin/cmake --install /home/men3m/Naima/build/zed_multi_camera
[0.224s] -- Install configuration: ""
[0.224s] -- Up-to-date: /home/men3m/Naima/install/zed_multi_camera/share/zed_multi_camera/launch
[0.224s] -- Up-to-date: /home/men3m/Naima/install/zed_multi_camera/share/zed_multi_camera/launch/zed_multi_camera.launch.py
[0.225s] -- Up-to-date: /home/men3m/Naima/install/zed_multi_camera/share/zed_multi_camera/urdf
[0.225s] -- Up-to-date: /home/men3m/Naima/install/zed_multi_camera/share/zed_multi_camera/urdf/zed_multi.urdf.xacro
[0.225s] -- Up-to-date: /home/men3m/Naima/install/zed_multi_camera/share/ament_index/resource_index/package_run_dependencies/zed_multi_camera
[0.225s] -- Up-to-date: /home/men3m/Naima/install/zed_multi_camera/share/ament_index/resource_index/parent_prefix_path/zed_multi_camera
[0.225s] -- Up-to-date: /home/men3m/Naima/install/zed_multi_camera/share/zed_multi_camera/environment/ament_prefix_path.sh
[0.225s] -- Up-to-date: /home/men3m/Naima/install/zed_multi_camera/share/zed_multi_camera/environment/ament_prefix_path.dsv
[0.225s] -- Up-to-date: /home/men3m/Naima/install/zed_multi_camera/share/zed_multi_camera/environment/path.sh
[0.225s] -- Up-to-date: /home/men3m/Naima/install/zed_multi_camera/share/zed_multi_camera/environment/path.dsv
[0.225s] -- Up-to-date: /home/men3m/Naima/install/zed_multi_camera/share/zed_multi_camera/local_setup.bash
[0.225s] -- Up-to-date: /home/men3m/Naima/install/zed_multi_camera/share/zed_multi_camera/local_setup.sh
[0.225s] -- Up-to-date: /home/men3m/Naima/install/zed_multi_camera/share/zed_multi_camera/local_setup.zsh
[0.225s] -- Up-to-date: /home/men3m/Naima/install/zed_multi_camera/share/zed_multi_camera/local_setup.dsv
[0.225s] -- Installing: /home/men3m/Naima/install/zed_multi_camera/share/zed_multi_camera/package.dsv
[0.226s] -- Up-to-date: /home/men3m/Naima/install/zed_multi_camera/share/ament_index/resource_index/packages/zed_multi_camera
[0.226s] -- Up-to-date: /home/men3m/Naima/install/zed_multi_camera/share/zed_multi_camera/cmake/zed_multi_cameraConfig.cmake
[0.226s] -- Up-to-date: /home/men3m/Naima/install/zed_multi_camera/share/zed_multi_camera/cmake/zed_multi_cameraConfig-version.cmake
[0.226s] -- Up-to-date: /home/men3m/Naima/install/zed_multi_camera/share/zed_multi_camera/package.xml
[0.264s] Invoked command in '/home/men3m/Naima/build/zed_multi_camera' returned '0': AMENT_PREFIX_PATH=/home/men3m/Naima/install/zed_wrapper:/home/men3m/Naima/install/zed_components:${AMENT_PREFIX_PATH} CMAKE_PREFIX_PATH=/home/men3m/Naima/install/zed_wrapper:/home/men3m/Naima/install/zed_components:/opt/ros/humble LD_LIBRARY_PATH=/home/men3m/Naima/install/zed_components/lib:/usr/lib/x86_64-linux-gnu/gazebo-11/plugins:/opt/ros/humble/opt/rviz_ogre_vendor/lib:/opt/ros/humble/lib/x86_64-linux-gnu:/opt/ros/humble/lib:/usr/local/cuda-12.4.0/lib64:/usr/local/cuda-12.4.0/lib64 /usr/bin/cmake --install /home/men3m/Naima/build/zed_multi_camera
