[0.008s] Invoking command in '/home/men3m/Naima/build/naima_mapping': CMAKE_PREFIX_PATH=/opt/ros/humble /usr/bin/cmake /home/men3m/Naima/src/naima_mapping -DCMAKE_INSTALL_PREFIX=/home/men3m/Naima/install/naima_mapping
[0.067s] -- The C compiler identification is GNU 11.4.0
[0.119s] -- The CXX compiler identification is GNU 11.4.0
[0.127s] -- Detecting C compiler ABI info
[0.197s] -- Detecting C compiler ABI info - done
[0.203s] -- Check for working C compiler: /usr/bin/cc - skipped
[0.204s] -- Detecting C compile features
[0.204s] -- Detecting C compile features - done
[0.206s] -- Detecting CXX compiler ABI info
[0.282s] -- Detecting CXX compiler ABI info - done
[0.288s] -- Check for working CXX compiler: /usr/bin/c++ - skipped
[0.288s] -- Detecting CXX compile features
[0.288s] -- Detecting CXX compile features - done
[0.292s] -- Found ament_cmake: 1.3.11 (/opt/ros/humble/share/ament_cmake/cmake)
[0.427s] -- Found Python3: /usr/bin/python3 (found version "3.10.12") found components: Interpreter 
[0.582s] -- Configuring done
[0.585s] -- Generating done
[0.587s] -- Build files have been written to: /home/men3m/Naima/build/naima_mapping
[0.593s] Invoked command in '/home/men3m/Naima/build/naima_mapping' returned '0': CMAKE_PREFIX_PATH=/opt/ros/humble /usr/bin/cmake /home/men3m/Naima/src/naima_mapping -DCMAKE_INSTALL_PREFIX=/home/men3m/Naima/install/naima_mapping
[0.595s] Invoking command in '/home/men3m/Naima/build/naima_mapping': CMAKE_PREFIX_PATH=/opt/ros/humble /usr/bin/cmake --build /home/men3m/Naima/build/naima_mapping -- -j16 -l16
[0.634s] Invoked command in '/home/men3m/Naima/build/naima_mapping' returned '0': CMAKE_PREFIX_PATH=/opt/ros/humble /usr/bin/cmake --build /home/men3m/Naima/build/naima_mapping -- -j16 -l16
[0.636s] Invoking command in '/home/men3m/Naima/build/naima_mapping': CMAKE_PREFIX_PATH=/opt/ros/humble /usr/bin/cmake --install /home/men3m/Naima/build/naima_mapping
[0.643s] -- Install configuration: ""
[0.643s] -- Installing: /home/men3m/Naima/install/naima_mapping/share/naima_mapping/maps
[0.643s] -- Installing: /home/men3m/Naima/install/naima_mapping/share/naima_mapping/maps/map3
[0.643s] -- Installing: /home/men3m/Naima/install/naima_mapping/share/naima_mapping/maps/map3/eru.pgm
[0.653s] -- Installing: /home/men3m/Naima/install/naima_mapping/share/naima_mapping/maps/map3/map.yaml
[0.654s] -- Installing: /home/men3m/Naima/install/naima_mapping/share/naima_mapping/maps/map3/nile.pgm
[0.659s] -- Installing: /home/men3m/Naima/install/naima_mapping/share/naima_mapping/maps/map1
[0.659s] -- Installing: /home/men3m/Naima/install/naima_mapping/share/naima_mapping/maps/map1/map.pgm
[0.660s] -- Installing: /home/men3m/Naima/install/naima_mapping/share/naima_mapping/maps/map1/map.yaml
[0.660s] -- Installing: /home/men3m/Naima/install/naima_mapping/share/naima_mapping/maps/map2
[0.660s] -- Installing: /home/men3m/Naima/install/naima_mapping/share/naima_mapping/maps/map2/map.pgm
[0.663s] -- Installing: /home/men3m/Naima/install/naima_mapping/share/naima_mapping/maps/map2/map.yaml
[0.663s] -- Installing: /home/men3m/Naima/install/naima_mapping/share/naima_mapping/maps/map4
[0.664s] -- Installing: /home/men3m/Naima/install/naima_mapping/share/ament_index/resource_index/package_run_dependencies/naima_mapping
[0.664s] -- Installing: /home/men3m/Naima/install/naima_mapping/share/ament_index/resource_index/parent_prefix_path/naima_mapping
[0.664s] -- Installing: /home/men3m/Naima/install/naima_mapping/share/naima_mapping/environment/ament_prefix_path.sh
[0.664s] -- Installing: /home/men3m/Naima/install/naima_mapping/share/naima_mapping/environment/ament_prefix_path.dsv
[0.664s] -- Installing: /home/men3m/Naima/install/naima_mapping/share/naima_mapping/environment/path.sh
[0.664s] -- Installing: /home/men3m/Naima/install/naima_mapping/share/naima_mapping/environment/path.dsv
[0.665s] -- Installing: /home/men3m/Naima/install/naima_mapping/share/naima_mapping/local_setup.bash
[0.665s] -- Installing: /home/men3m/Naima/install/naima_mapping/share/naima_mapping/local_setup.sh
[0.665s] -- Installing: /home/men3m/Naima/install/naima_mapping/share/naima_mapping/local_setup.zsh
[0.665s] -- Installing: /home/men3m/Naima/install/naima_mapping/share/naima_mapping/local_setup.dsv
[0.665s] -- Installing: /home/men3m/Naima/install/naima_mapping/share/naima_mapping/package.dsv
[0.665s] -- Installing: /home/men3m/Naima/install/naima_mapping/share/ament_index/resource_index/packages/naima_mapping
[0.666s] -- Installing: /home/men3m/Naima/install/naima_mapping/share/naima_mapping/cmake/naima_mappingConfig.cmake
[0.666s] -- Installing: /home/men3m/Naima/install/naima_mapping/share/naima_mapping/cmake/naima_mappingConfig-version.cmake
[0.666s] -- Installing: /home/men3m/Naima/install/naima_mapping/share/naima_mapping/package.xml
[0.669s] Invoked command in '/home/men3m/Naima/build/naima_mapping' returned '0': CMAKE_PREFIX_PATH=/opt/ros/humble /usr/bin/cmake --install /home/men3m/Naima/build/naima_mapping
