[0.562s] Invoking command in '/home/men3m/Naima/build/zed_tutorial_video': CMAKE_PREFIX_PATH=${CMAKE_PREFIX_PATH}:/home/men3m/Naima/install/naima_bringup:/home/men3m/Naima/install/naima:/opt/ros/humble /usr/bin/cmake --build /home/men3m/Naima/build/zed_tutorial_video -- -j16 -l16
[0.649s] [100%] Built target zed_tutorial_video
[0.815s] Invoked command in '/home/men3m/Naima/build/zed_tutorial_video' returned '0': CMAKE_PREFIX_PATH=${CMAKE_PREFIX_PATH}:/home/men3m/Naima/install/naima_bringup:/home/men3m/Naima/install/naima:/opt/ros/humble /usr/bin/cmake --build /home/men3m/Naima/build/zed_tutorial_video -- -j16 -l16
[0.815s] Invoking command in '/home/men3m/Naima/build/zed_tutorial_video': CMAKE_PREFIX_PATH=${CMAKE_PREFIX_PATH}:/home/men3m/Naima/install/naima_bringup:/home/men3m/Naima/install/naima:/opt/ros/humble /usr/bin/cmake --install /home/men3m/Naima/build/zed_tutorial_video
[0.838s] -- Install configuration: "Release"
[0.838s] -- Up-to-date: /home/men3m/Naima/install/zed_tutorial_video/lib/zed_tutorial_video/zed_tutorial_video
[0.838s] -- Up-to-date: /home/men3m/Naima/install/zed_tutorial_video/share/ament_index/resource_index/package_run_dependencies/zed_tutorial_video
[0.838s] -- Up-to-date: /home/men3m/Naima/install/zed_tutorial_video/share/ament_index/resource_index/parent_prefix_path/zed_tutorial_video
[0.839s] -- Up-to-date: /home/men3m/Naima/install/zed_tutorial_video/share/zed_tutorial_video/environment/ament_prefix_path.sh
[0.839s] -- Up-to-date: /home/men3m/Naima/install/zed_tutorial_video/share/zed_tutorial_video/environment/ament_prefix_path.dsv
[0.839s] -- Up-to-date: /home/men3m/Naima/install/zed_tutorial_video/share/zed_tutorial_video/environment/path.sh
[0.839s] -- Up-to-date: /home/men3m/Naima/install/zed_tutorial_video/share/zed_tutorial_video/environment/path.dsv
[0.839s] -- Up-to-date: /home/men3m/Naima/install/zed_tutorial_video/share/zed_tutorial_video/local_setup.bash
[0.839s] -- Up-to-date: /home/men3m/Naima/install/zed_tutorial_video/share/zed_tutorial_video/local_setup.sh
[0.839s] -- Up-to-date: /home/men3m/Naima/install/zed_tutorial_video/share/zed_tutorial_video/local_setup.zsh
[0.839s] -- Up-to-date: /home/men3m/Naima/install/zed_tutorial_video/share/zed_tutorial_video/local_setup.dsv
[0.839s] -- Installing: /home/men3m/Naima/install/zed_tutorial_video/share/zed_tutorial_video/package.dsv
[0.839s] -- Up-to-date: /home/men3m/Naima/install/zed_tutorial_video/share/ament_index/resource_index/packages/zed_tutorial_video
[0.839s] -- Up-to-date: /home/men3m/Naima/install/zed_tutorial_video/share/zed_tutorial_video/cmake/zed_tutorial_videoConfig.cmake
[0.839s] -- Up-to-date: /home/men3m/Naima/install/zed_tutorial_video/share/zed_tutorial_video/cmake/zed_tutorial_videoConfig-version.cmake
[0.839s] -- Up-to-date: /home/men3m/Naima/install/zed_tutorial_video/share/zed_tutorial_video/package.xml
[0.908s] Invoked command in '/home/men3m/Naima/build/zed_tutorial_video' returned '0': CMAKE_PREFIX_PATH=${CMAKE_PREFIX_PATH}:/home/men3m/Naima/install/naima_bringup:/home/men3m/Naima/install/naima:/opt/ros/humble /usr/bin/cmake --install /home/men3m/Naima/build/zed_tutorial_video
