-- The C compiler identification is GNU 11.4.0
-- The CXX compiler identification is GNU 11.4.0
-- Detecting C compiler ABI info
-- Detecting C compiler ABI info - done
-- Check for working C compiler: /usr/bin/cc - skipped
-- Detecting C compile features
-- Detecting C compile features - done
-- Detecting CXX compiler ABI info
-- Detecting CXX compiler ABI info - done
-- Check for working CXX compiler: /usr/bin/c++ - skipped
-- Detecting CXX compile features
-- Detecting CXX compile features - done
-- Found ament_cmake: 1.3.11 (/opt/ros/humble/share/ament_cmake/cmake)
-- Found Python3: /usr/bin/python3 (found version "3.10.12") found components: Interpreter 
-- Found rclcpp: 16.0.12 (/opt/ros/humble/share/rclcpp/cmake)
-- Found rosidl_generator_c: 3.1.6 (/opt/ros/humble/share/rosidl_generator_c/cmake)
-- Found rosidl_adapter: 3.1.6 (/opt/ros/humble/share/rosidl_adapter/cmake)
-- Found rosidl_generator_cpp: 3.1.6 (/opt/ros/humble/share/rosidl_generator_cpp/cmake)
-- Using all available rosidl_typesupport_c: rosidl_typesupport_fastrtps_c;rosidl_typesupport_introspection_c
-- Using all available rosidl_typesupport_cpp: rosidl_typesupport_fastrtps_cpp;rosidl_typesupport_introspection_cpp
-- Found rmw_implementation_cmake: 6.1.2 (/opt/ros/humble/share/rmw_implementation_cmake/cmake)
-- Found rmw_cyclonedds_cpp: 1.3.4 (/opt/ros/humble/share/rmw_cyclonedds_cpp/cmake)
-- Using RMW implementation 'rmw_cyclonedds_cpp' as default
-- Looking for pthread.h
-- Looking for pthread.h - found
-- Performing Test CMAKE_HAVE_LIBC_PTHREAD
-- Performing Test CMAKE_HAVE_LIBC_PTHREAD - Success
-- Found Threads: TRUE  
-- Found rclcpp_action: 16.0.12 (/opt/ros/humble/share/rclcpp_action/cmake)
-- Found rclcpp_components: 16.0.12 (/opt/ros/humble/share/rclcpp_components/cmake)
-- Found turtlesim: 1.4.2 (/opt/ros/humble/share/turtlesim/cmake)
-- Found naima_msgs: 0.0.0 (/home/men3m/Naima/install/naima_msgs/share/naima_msgs/cmake)
-- Found tf2: 0.25.12 (/opt/ros/humble/share/tf2/cmake)
-- Found tf2_ros: 0.25.12 (/opt/ros/humble/share/tf2_ros/cmake)
-- Found rclcpp_lifecycle: 16.0.12 (/opt/ros/humble/share/rclcpp_lifecycle/cmake)
-- Configuring done
-- Generating done
-- Build files have been written to: /home/men3m/Naima/build/naima_examples
[  7%] [32mBuilding CXX object CMakeFiles/simple_publisher.dir/src/simple_publisher.cpp.o[0m
[  7%] [32mBuilding CXX object CMakeFiles/simple_service_client.dir/src/simple_service_client.cpp.o[0m
[ 14%] [32mBuilding CXX object CMakeFiles/simple_parameter.dir/src/simple_parameter.cpp.o[0m
[ 14%] [32mBuilding CXX object CMakeFiles/simple_subscriber.dir/src/simple_subscriber.cpp.o[0m
[ 17%] [32mBuilding CXX object CMakeFiles/simple_service_server.dir/src/simple_service_server.cpp.o[0m
[ 21%] [32mBuilding CXX object CMakeFiles/simple_lifecycle_node.dir/src/simple_lifecycle_node.cpp.o[0m
[ 25%] [32mBuilding CXX object CMakeFiles/simple_turtlesim_kinematics.dir/src/simple_turtlesim_kinematics.cpp.o[0m
[ 28%] [32mBuilding CXX object CMakeFiles/simple_action_server.dir/src/simple_action_server.cpp.o[0m
[ 32%] [32mBuilding CXX object CMakeFiles/simple_qos_subscriber.dir/src/simple_qos_subscriber.cpp.o[0m
[ 35%] [32mBuilding CXX object CMakeFiles/simple_action_server_node.dir/rclcpp_components/node_main_simple_action_server_node.cpp.o[0m
[ 50%] [32mBuilding CXX object CMakeFiles/simple_qos_publisher.dir/src/simple_qos_publisher.cpp.o[0m
[ 50%] [32mBuilding CXX object CMakeFiles/simple_action_client_node.dir/rclcpp_components/node_main_simple_action_client_node.cpp.o[0m
[ 50%] [32mBuilding CXX object CMakeFiles/simple_action_client.dir/src/simple_action_client.cpp.o[0m
[ 50%] [32mBuilding CXX object CMakeFiles/simple_tf_kinematics.dir/src/simple_tf_kinematics.cpp.o[0m
[ 53%] [32m[1mLinking CXX executable simple_parameter[0m
[ 57%] [32m[1mLinking CXX executable simple_action_server_node[0m
[ 57%] Built target simple_parameter
[ 60%] [32m[1mLinking CXX executable simple_action_client_node[0m
[ 60%] Built target simple_action_server_node
[ 60%] Built target simple_action_client_node
[ 64%] [32m[1mLinking CXX executable simple_service_server[0m
[ 67%] [32m[1mLinking CXX executable simple_service_client[0m
[ 67%] Built target simple_service_server
[ 67%] Built target simple_service_client
[ 71%] [32m[1mLinking CXX shared library libsimple_action_server.so[0m
[ 75%] [32m[1mLinking CXX executable simple_publisher[0m
[ 75%] Built target simple_action_server
[ 78%] [32m[1mLinking CXX executable simple_qos_publisher[0m
[ 82%] [32m[1mLinking CXX shared library libsimple_action_client.so[0m
[ 82%] Built target simple_publisher
[ 82%] Built target simple_qos_publisher
[ 82%] Built target simple_action_client
[ 85%] [32m[1mLinking CXX executable simple_tf_kinematics[0m
[ 85%] Built target simple_tf_kinematics
[ 89%] [32m[1mLinking CXX executable simple_lifecycle_node[0m
[ 92%] [32m[1mLinking CXX executable simple_subscriber[0m
[ 96%] [32m[1mLinking CXX executable simple_turtlesim_kinematics[0m
[100%] [32m[1mLinking CXX executable simple_qos_subscriber[0m
[100%] Built target simple_lifecycle_node
[100%] Built target simple_subscriber
[100%] Built target simple_qos_subscriber
[100%] Built target simple_turtlesim_kinematics
-- Install configuration: ""
-- Installing: /home/men3m/Naima/install/naima_examples/lib/naima_examples/simple_action_server_node
-- Set runtime path of "/home/men3m/Naima/install/naima_examples/lib/naima_examples/simple_action_server_node" to ""
-- Installing: /home/men3m/Naima/install/naima_examples/lib/naima_examples/simple_action_client_node
-- Set runtime path of "/home/men3m/Naima/install/naima_examples/lib/naima_examples/simple_action_client_node" to ""
-- Installing: /home/men3m/Naima/install/naima_examples/include/include
-- Installing: /home/men3m/Naima/install/naima_examples/include/include/naima_examples
-- Installing: /home/men3m/Naima/install/naima_examples/include/include/naima_examples/simple_tf_kinematics.hpp
-- Installing: /home/men3m/Naima/install/naima_examples/include/include/naima_examples/simple_turtlesim_kinematics.hpp
-- Installing: /home/men3m/Naima/install/naima_examples/lib/naima_examples/simple_publisher
-- Set runtime path of "/home/men3m/Naima/install/naima_examples/lib/naima_examples/simple_publisher" to ""
-- Installing: /home/men3m/Naima/install/naima_examples/lib/naima_examples/simple_subscriber
-- Set runtime path of "/home/men3m/Naima/install/naima_examples/lib/naima_examples/simple_subscriber" to ""
-- Installing: /home/men3m/Naima/install/naima_examples/lib/naima_examples/simple_parameter
-- Set runtime path of "/home/men3m/Naima/install/naima_examples/lib/naima_examples/simple_parameter" to ""
-- Installing: /home/men3m/Naima/install/naima_examples/lib/naima_examples/simple_turtlesim_kinematics
-- Set runtime path of "/home/men3m/Naima/install/naima_examples/lib/naima_examples/simple_turtlesim_kinematics" to ""
-- Installing: /home/men3m/Naima/install/naima_examples/lib/naima_examples/simple_service_server
-- Set runtime path of "/home/men3m/Naima/install/naima_examples/lib/naima_examples/simple_service_server" to ""
-- Installing: /home/men3m/Naima/install/naima_examples/lib/naima_examples/simple_service_client
-- Set runtime path of "/home/men3m/Naima/install/naima_examples/lib/naima_examples/simple_service_client" to ""
-- Installing: /home/men3m/Naima/install/naima_examples/lib/naima_examples/simple_tf_kinematics
-- Set runtime path of "/home/men3m/Naima/install/naima_examples/lib/naima_examples/simple_tf_kinematics" to ""
-- Installing: /home/men3m/Naima/install/naima_examples/lib/naima_examples/simple_lifecycle_node
-- Set runtime path of "/home/men3m/Naima/install/naima_examples/lib/naima_examples/simple_lifecycle_node" to ""
-- Installing: /home/men3m/Naima/install/naima_examples/lib/naima_examples/simple_qos_publisher
-- Set runtime path of "/home/men3m/Naima/install/naima_examples/lib/naima_examples/simple_qos_publisher" to ""
-- Installing: /home/men3m/Naima/install/naima_examples/lib/naima_examples/simple_qos_subscriber
-- Set runtime path of "/home/men3m/Naima/install/naima_examples/lib/naima_examples/simple_qos_subscriber" to ""
-- Installing: /home/men3m/Naima/install/naima_examples/lib/libsimple_action_server.so
-- Set runtime path of "/home/men3m/Naima/install/naima_examples/lib/libsimple_action_server.so" to ""
-- Installing: /home/men3m/Naima/install/naima_examples/lib/libsimple_action_client.so
-- Set runtime path of "/home/men3m/Naima/install/naima_examples/lib/libsimple_action_client.so" to ""
-- Installing: /home/men3m/Naima/install/naima_examples/share/ament_index/resource_index/package_run_dependencies/naima_examples
-- Installing: /home/men3m/Naima/install/naima_examples/share/ament_index/resource_index/parent_prefix_path/naima_examples
-- Installing: /home/men3m/Naima/install/naima_examples/share/naima_examples/environment/ament_prefix_path.sh
-- Installing: /home/men3m/Naima/install/naima_examples/share/naima_examples/environment/ament_prefix_path.dsv
-- Installing: /home/men3m/Naima/install/naima_examples/share/naima_examples/environment/path.sh
-- Installing: /home/men3m/Naima/install/naima_examples/share/naima_examples/environment/path.dsv
-- Installing: /home/men3m/Naima/install/naima_examples/share/naima_examples/local_setup.bash
-- Installing: /home/men3m/Naima/install/naima_examples/share/naima_examples/local_setup.sh
-- Installing: /home/men3m/Naima/install/naima_examples/share/naima_examples/local_setup.zsh
-- Installing: /home/men3m/Naima/install/naima_examples/share/naima_examples/local_setup.dsv
-- Installing: /home/men3m/Naima/install/naima_examples/share/naima_examples/package.dsv
-- Installing: /home/men3m/Naima/install/naima_examples/share/ament_index/resource_index/packages/naima_examples
-- Installing: /home/men3m/Naima/install/naima_examples/share/ament_index/resource_index/rclcpp_components/naima_examples
-- Installing: /home/men3m/Naima/install/naima_examples/share/naima_examples/cmake/naima_examplesConfig.cmake
-- Installing: /home/men3m/Naima/install/naima_examples/share/naima_examples/cmake/naima_examplesConfig-version.cmake
-- Installing: /home/men3m/Naima/install/naima_examples/share/naima_examples/package.xml
