[0.008s] Invoking command in '/home/men3m/Naima/build/naima_examples': AMENT_PREFIX_PATH=/home/men3m/Naima/install/naima_msgs:${AMENT_PREFIX_PATH} CMAKE_PREFIX_PATH=/home/men3m/Naima/install/naima_msgs:/opt/ros/humble LD_LIBRARY_PATH=/home/men3m/Naima/install/naima_msgs/lib:/usr/lib/x86_64-linux-gnu/gazebo-11/plugins:/opt/ros/humble/opt/rviz_ogre_vendor/lib:/opt/ros/humble/lib/x86_64-linux-gnu:/opt/ros/humble/lib:/usr/local/cuda-12.4.0/lib64:/usr/local/cuda-12.4.0/lib64 PYTHONPATH=/home/men3m/Naima/install/naima_msgs/local/lib/python3.10/dist-packages:${PYTHONPATH} /usr/bin/cmake /home/men3m/Naima/src/naima_examples -DCMAKE_INSTALL_PREFIX=/home/men3m/Naima/install/naima_examples
[0.060s] -- The C compiler identification is GNU 11.4.0
[0.117s] -- The CXX compiler identification is GNU 11.4.0
[0.124s] -- Detecting C compiler ABI info
[0.190s] -- Detecting C compiler ABI info - done
[0.196s] -- Check for working C compiler: /usr/bin/cc - skipped
[0.197s] -- Detecting C compile features
[0.197s] -- Detecting C compile features - done
[0.200s] -- Detecting CXX compiler ABI info
[0.273s] -- Detecting CXX compiler ABI info - done
[0.280s] -- Check for working CXX compiler: /usr/bin/c++ - skipped
[0.281s] -- Detecting CXX compile features
[0.281s] -- Detecting CXX compile features - done
[0.285s] -- Found ament_cmake: 1.3.11 (/opt/ros/humble/share/ament_cmake/cmake)
[0.414s] -- Found Python3: /usr/bin/python3 (found version "3.10.12") found components: Interpreter 
[0.498s] -- Found rclcpp: 16.0.12 (/opt/ros/humble/share/rclcpp/cmake)
[0.543s] -- Found rosidl_generator_c: 3.1.6 (/opt/ros/humble/share/rosidl_generator_c/cmake)
[0.549s] -- Found rosidl_adapter: 3.1.6 (/opt/ros/humble/share/rosidl_adapter/cmake)
[0.557s] -- Found rosidl_generator_cpp: 3.1.6 (/opt/ros/humble/share/rosidl_generator_cpp/cmake)
[0.568s] -- Using all available rosidl_typesupport_c: rosidl_typesupport_fastrtps_c;rosidl_typesupport_introspection_c
[0.583s] -- Using all available rosidl_typesupport_cpp: rosidl_typesupport_fastrtps_cpp;rosidl_typesupport_introspection_cpp
[0.631s] -- Found rmw_implementation_cmake: 6.1.2 (/opt/ros/humble/share/rmw_implementation_cmake/cmake)
[0.634s] -- Found rmw_cyclonedds_cpp: 1.3.4 (/opt/ros/humble/share/rmw_cyclonedds_cpp/cmake)
[0.655s] -- Using RMW implementation 'rmw_cyclonedds_cpp' as default
[0.664s] -- Looking for pthread.h
[0.735s] -- Looking for pthread.h - found
[0.735s] -- Performing Test CMAKE_HAVE_LIBC_PTHREAD
[0.802s] -- Performing Test CMAKE_HAVE_LIBC_PTHREAD - Success
[0.803s] -- Found Threads: TRUE  
[0.853s] -- Found rclcpp_action: 16.0.12 (/opt/ros/humble/share/rclcpp_action/cmake)
[0.885s] -- Found rclcpp_components: 16.0.12 (/opt/ros/humble/share/rclcpp_components/cmake)
[0.912s] -- Found turtlesim: 1.4.2 (/opt/ros/humble/share/turtlesim/cmake)
[0.924s] -- Found naima_msgs: 0.0.0 (/home/men3m/Naima/install/naima_msgs/share/naima_msgs/cmake)
[0.951s] -- Found tf2: 0.25.12 (/opt/ros/humble/share/tf2/cmake)
[0.956s] -- Found tf2_ros: 0.25.12 (/opt/ros/humble/share/tf2_ros/cmake)
[0.985s] -- Found rclcpp_lifecycle: 16.0.12 (/opt/ros/humble/share/rclcpp_lifecycle/cmake)
[1.070s] -- Configuring done
[1.113s] -- Generating done
[1.130s] -- Build files have been written to: /home/men3m/Naima/build/naima_examples
[1.141s] Invoked command in '/home/men3m/Naima/build/naima_examples' returned '0': AMENT_PREFIX_PATH=/home/men3m/Naima/install/naima_msgs:${AMENT_PREFIX_PATH} CMAKE_PREFIX_PATH=/home/men3m/Naima/install/naima_msgs:/opt/ros/humble LD_LIBRARY_PATH=/home/men3m/Naima/install/naima_msgs/lib:/usr/lib/x86_64-linux-gnu/gazebo-11/plugins:/opt/ros/humble/opt/rviz_ogre_vendor/lib:/opt/ros/humble/lib/x86_64-linux-gnu:/opt/ros/humble/lib:/usr/local/cuda-12.4.0/lib64:/usr/local/cuda-12.4.0/lib64 PYTHONPATH=/home/men3m/Naima/install/naima_msgs/local/lib/python3.10/dist-packages:${PYTHONPATH} /usr/bin/cmake /home/men3m/Naima/src/naima_examples -DCMAKE_INSTALL_PREFIX=/home/men3m/Naima/install/naima_examples
[1.143s] Invoking command in '/home/men3m/Naima/build/naima_examples': AMENT_PREFIX_PATH=/home/men3m/Naima/install/naima_msgs:${AMENT_PREFIX_PATH} CMAKE_PREFIX_PATH=/home/men3m/Naima/install/naima_msgs:/opt/ros/humble LD_LIBRARY_PATH=/home/men3m/Naima/install/naima_msgs/lib:/usr/lib/x86_64-linux-gnu/gazebo-11/plugins:/opt/ros/humble/opt/rviz_ogre_vendor/lib:/opt/ros/humble/lib/x86_64-linux-gnu:/opt/ros/humble/lib:/usr/local/cuda-12.4.0/lib64:/usr/local/cuda-12.4.0/lib64 PYTHONPATH=/home/men3m/Naima/install/naima_msgs/local/lib/python3.10/dist-packages:${PYTHONPATH} /usr/bin/cmake --build /home/men3m/Naima/build/naima_examples -- -j16 -l16
[1.193s] [  7%] [32mBuilding CXX object CMakeFiles/simple_publisher.dir/src/simple_publisher.cpp.o[0m
[1.193s] [  7%] [32mBuilding CXX object CMakeFiles/simple_service_client.dir/src/simple_service_client.cpp.o[0m
[1.193s] [ 14%] [32mBuilding CXX object CMakeFiles/simple_parameter.dir/src/simple_parameter.cpp.o[0m
[1.194s] [ 14%] [32mBuilding CXX object CMakeFiles/simple_subscriber.dir/src/simple_subscriber.cpp.o[0m
[1.194s] [ 17%] [32mBuilding CXX object CMakeFiles/simple_service_server.dir/src/simple_service_server.cpp.o[0m
[1.194s] [ 21%] [32mBuilding CXX object CMakeFiles/simple_lifecycle_node.dir/src/simple_lifecycle_node.cpp.o[0m
[1.194s] [ 25%] [32mBuilding CXX object CMakeFiles/simple_turtlesim_kinematics.dir/src/simple_turtlesim_kinematics.cpp.o[0m
[1.195s] [ 28%] [32mBuilding CXX object CMakeFiles/simple_action_server.dir/src/simple_action_server.cpp.o[0m
[1.195s] [ 32%] [32mBuilding CXX object CMakeFiles/simple_qos_subscriber.dir/src/simple_qos_subscriber.cpp.o[0m
[1.195s] [ 35%] [32mBuilding CXX object CMakeFiles/simple_action_server_node.dir/rclcpp_components/node_main_simple_action_server_node.cpp.o[0m
[1.203s] [ 50%] [32mBuilding CXX object CMakeFiles/simple_qos_publisher.dir/src/simple_qos_publisher.cpp.o[0m
[1.204s] [ 50%] [32mBuilding CXX object CMakeFiles/simple_action_client_node.dir/rclcpp_components/node_main_simple_action_client_node.cpp.o[0m
[1.204s] [ 50%] [32mBuilding CXX object CMakeFiles/simple_action_client.dir/src/simple_action_client.cpp.o[0m
[1.204s] [ 50%] [32mBuilding CXX object CMakeFiles/simple_tf_kinematics.dir/src/simple_tf_kinematics.cpp.o[0m
[5.711s] [ 53%] [32m[1mLinking CXX executable simple_parameter[0m
[5.912s] [ 57%] [32m[1mLinking CXX executable simple_action_server_node[0m
[5.917s] [ 57%] Built target simple_parameter
[6.011s] [ 60%] [32m[1mLinking CXX executable simple_action_client_node[0m
[6.131s] [ 60%] Built target simple_action_server_node
[6.244s] [ 60%] Built target simple_action_client_node
[6.331s] [ 64%] [32m[1mLinking CXX executable simple_service_server[0m
[6.490s] [ 67%] [32m[1mLinking CXX executable simple_service_client[0m
[6.625s] [ 67%] Built target simple_service_server
[6.661s] [ 67%] Built target simple_service_client
[6.998s] [ 71%] [32m[1mLinking CXX shared library libsimple_action_server.so[0m
[7.145s] [ 75%] [32m[1mLinking CXX executable simple_publisher[0m
[7.165s] [ 75%] Built target simple_action_server
[7.174s] [ 78%] [32m[1mLinking CXX executable simple_qos_publisher[0m
[7.312s] [ 82%] [32m[1mLinking CXX shared library libsimple_action_client.so[0m
[7.358s] [ 82%] Built target simple_publisher
[7.392s] [ 82%] Built target simple_qos_publisher
[7.569s] [ 82%] Built target simple_action_client
[8.685s] [ 85%] [32m[1mLinking CXX executable simple_tf_kinematics[0m
[8.918s] [ 85%] Built target simple_tf_kinematics
[10.648s] [ 89%] [32m[1mLinking CXX executable simple_lifecycle_node[0m
[10.755s] [ 92%] [32m[1mLinking CXX executable simple_subscriber[0m
[10.956s] [ 96%] [32m[1mLinking CXX executable simple_turtlesim_kinematics[0m
[10.962s] [100%] [32m[1mLinking CXX executable simple_qos_subscriber[0m
[10.985s] [100%] Built target simple_lifecycle_node
[11.087s] [100%] Built target simple_subscriber
[11.278s] [100%] Built target simple_qos_subscriber
[11.291s] [100%] Built target simple_turtlesim_kinematics
[11.301s] Invoked command in '/home/men3m/Naima/build/naima_examples' returned '0': AMENT_PREFIX_PATH=/home/men3m/Naima/install/naima_msgs:${AMENT_PREFIX_PATH} CMAKE_PREFIX_PATH=/home/men3m/Naima/install/naima_msgs:/opt/ros/humble LD_LIBRARY_PATH=/home/men3m/Naima/install/naima_msgs/lib:/usr/lib/x86_64-linux-gnu/gazebo-11/plugins:/opt/ros/humble/opt/rviz_ogre_vendor/lib:/opt/ros/humble/lib/x86_64-linux-gnu:/opt/ros/humble/lib:/usr/local/cuda-12.4.0/lib64:/usr/local/cuda-12.4.0/lib64 PYTHONPATH=/home/men3m/Naima/install/naima_msgs/local/lib/python3.10/dist-packages:${PYTHONPATH} /usr/bin/cmake --build /home/men3m/Naima/build/naima_examples -- -j16 -l16
[11.303s] Invoking command in '/home/men3m/Naima/build/naima_examples': AMENT_PREFIX_PATH=/home/men3m/Naima/install/naima_msgs:${AMENT_PREFIX_PATH} CMAKE_PREFIX_PATH=/home/men3m/Naima/install/naima_msgs:/opt/ros/humble LD_LIBRARY_PATH=/home/men3m/Naima/install/naima_msgs/lib:/usr/lib/x86_64-linux-gnu/gazebo-11/plugins:/opt/ros/humble/opt/rviz_ogre_vendor/lib:/opt/ros/humble/lib/x86_64-linux-gnu:/opt/ros/humble/lib:/usr/local/cuda-12.4.0/lib64:/usr/local/cuda-12.4.0/lib64 PYTHONPATH=/home/men3m/Naima/install/naima_msgs/local/lib/python3.10/dist-packages:${PYTHONPATH} /usr/bin/cmake --install /home/men3m/Naima/build/naima_examples
[11.309s] -- Install configuration: ""
[11.309s] -- Installing: /home/men3m/Naima/install/naima_examples/lib/naima_examples/simple_action_server_node
[11.310s] -- Set runtime path of "/home/men3m/Naima/install/naima_examples/lib/naima_examples/simple_action_server_node" to ""
[11.310s] -- Installing: /home/men3m/Naima/install/naima_examples/lib/naima_examples/simple_action_client_node
[11.311s] -- Set runtime path of "/home/men3m/Naima/install/naima_examples/lib/naima_examples/simple_action_client_node" to ""
[11.311s] -- Installing: /home/men3m/Naima/install/naima_examples/include/include
[11.311s] -- Installing: /home/men3m/Naima/install/naima_examples/include/include/naima_examples
[11.311s] -- Installing: /home/men3m/Naima/install/naima_examples/include/include/naima_examples/simple_tf_kinematics.hpp
[11.311s] -- Installing: /home/men3m/Naima/install/naima_examples/include/include/naima_examples/simple_turtlesim_kinematics.hpp
[11.311s] -- Installing: /home/men3m/Naima/install/naima_examples/lib/naima_examples/simple_publisher
[11.312s] -- Set runtime path of "/home/men3m/Naima/install/naima_examples/lib/naima_examples/simple_publisher" to ""
[11.312s] -- Installing: /home/men3m/Naima/install/naima_examples/lib/naima_examples/simple_subscriber
[11.316s] -- Set runtime path of "/home/men3m/Naima/install/naima_examples/lib/naima_examples/simple_subscriber" to ""
[11.317s] -- Installing: /home/men3m/Naima/install/naima_examples/lib/naima_examples/simple_parameter
[11.317s] -- Set runtime path of "/home/men3m/Naima/install/naima_examples/lib/naima_examples/simple_parameter" to ""
[11.317s] -- Installing: /home/men3m/Naima/install/naima_examples/lib/naima_examples/simple_turtlesim_kinematics
[11.321s] -- Set runtime path of "/home/men3m/Naima/install/naima_examples/lib/naima_examples/simple_turtlesim_kinematics" to ""
[11.321s] -- Installing: /home/men3m/Naima/install/naima_examples/lib/naima_examples/simple_service_server
[11.322s] -- Set runtime path of "/home/men3m/Naima/install/naima_examples/lib/naima_examples/simple_service_server" to ""
[11.322s] -- Installing: /home/men3m/Naima/install/naima_examples/lib/naima_examples/simple_service_client
[11.323s] -- Set runtime path of "/home/men3m/Naima/install/naima_examples/lib/naima_examples/simple_service_client" to ""
[11.323s] -- Installing: /home/men3m/Naima/install/naima_examples/lib/naima_examples/simple_tf_kinematics
[11.325s] -- Set runtime path of "/home/men3m/Naima/install/naima_examples/lib/naima_examples/simple_tf_kinematics" to ""
[11.325s] -- Installing: /home/men3m/Naima/install/naima_examples/lib/naima_examples/simple_lifecycle_node
[11.329s] -- Set runtime path of "/home/men3m/Naima/install/naima_examples/lib/naima_examples/simple_lifecycle_node" to ""
[11.329s] -- Installing: /home/men3m/Naima/install/naima_examples/lib/naima_examples/simple_qos_publisher
[11.330s] -- Set runtime path of "/home/men3m/Naima/install/naima_examples/lib/naima_examples/simple_qos_publisher" to ""
[11.330s] -- Installing: /home/men3m/Naima/install/naima_examples/lib/naima_examples/simple_qos_subscriber
[11.336s] -- Set runtime path of "/home/men3m/Naima/install/naima_examples/lib/naima_examples/simple_qos_subscriber" to ""
[11.336s] -- Installing: /home/men3m/Naima/install/naima_examples/lib/libsimple_action_server.so
[11.338s] -- Set runtime path of "/home/men3m/Naima/install/naima_examples/lib/libsimple_action_server.so" to ""
[11.338s] -- Installing: /home/men3m/Naima/install/naima_examples/lib/libsimple_action_client.so
[11.341s] -- Set runtime path of "/home/men3m/Naima/install/naima_examples/lib/libsimple_action_client.so" to ""
[11.341s] -- Installing: /home/men3m/Naima/install/naima_examples/share/ament_index/resource_index/package_run_dependencies/naima_examples
[11.342s] -- Installing: /home/men3m/Naima/install/naima_examples/share/ament_index/resource_index/parent_prefix_path/naima_examples
[11.342s] -- Installing: /home/men3m/Naima/install/naima_examples/share/naima_examples/environment/ament_prefix_path.sh
[11.342s] -- Installing: /home/men3m/Naima/install/naima_examples/share/naima_examples/environment/ament_prefix_path.dsv
[11.342s] -- Installing: /home/men3m/Naima/install/naima_examples/share/naima_examples/environment/path.sh
[11.342s] -- Installing: /home/men3m/Naima/install/naima_examples/share/naima_examples/environment/path.dsv
[11.342s] -- Installing: /home/men3m/Naima/install/naima_examples/share/naima_examples/local_setup.bash
[11.343s] -- Installing: /home/men3m/Naima/install/naima_examples/share/naima_examples/local_setup.sh
[11.343s] -- Installing: /home/men3m/Naima/install/naima_examples/share/naima_examples/local_setup.zsh
[11.343s] -- Installing: /home/men3m/Naima/install/naima_examples/share/naima_examples/local_setup.dsv
[11.343s] -- Installing: /home/men3m/Naima/install/naima_examples/share/naima_examples/package.dsv
[11.343s] -- Installing: /home/men3m/Naima/install/naima_examples/share/ament_index/resource_index/packages/naima_examples
[11.344s] -- Installing: /home/men3m/Naima/install/naima_examples/share/ament_index/resource_index/rclcpp_components/naima_examples
[11.344s] -- Installing: /home/men3m/Naima/install/naima_examples/share/naima_examples/cmake/naima_examplesConfig.cmake
[11.344s] -- Installing: /home/men3m/Naima/install/naima_examples/share/naima_examples/cmake/naima_examplesConfig-version.cmake
[11.344s] -- Installing: /home/men3m/Naima/install/naima_examples/share/naima_examples/package.xml
[11.347s] Invoked command in '/home/men3m/Naima/build/naima_examples' returned '0': AMENT_PREFIX_PATH=/home/men3m/Naima/install/naima_msgs:${AMENT_PREFIX_PATH} CMAKE_PREFIX_PATH=/home/men3m/Naima/install/naima_msgs:/opt/ros/humble LD_LIBRARY_PATH=/home/men3m/Naima/install/naima_msgs/lib:/usr/lib/x86_64-linux-gnu/gazebo-11/plugins:/opt/ros/humble/opt/rviz_ogre_vendor/lib:/opt/ros/humble/lib/x86_64-linux-gnu:/opt/ros/humble/lib:/usr/local/cuda-12.4.0/lib64:/usr/local/cuda-12.4.0/lib64 PYTHONPATH=/home/men3m/Naima/install/naima_msgs/local/lib/python3.10/dist-packages:${PYTHONPATH} /usr/bin/cmake --install /home/men3m/Naima/build/naima_examples
