[0.011s] Invoking command in '/home/men3m/Naima/build/zed_components': CMAKE_PREFIX_PATH=/opt/ros/humble /usr/bin/cmake /home/men3m/Naima/src/zed-ros2-wrapper/zed_components -DCMAKE_INSTALL_PREFIX=/home/men3m/Naima/install/zed_components
[0.087s] -- The C compiler identification is GNU 11.4.0
[0.135s] -- The CXX compiler identification is GNU 11.4.0
[0.140s] -- Detecting C compiler ABI info
[0.210s] -- Detecting C compiler ABI info - done
[0.215s] -- Check for working C compiler: /usr/bin/cc - skipped
[0.215s] -- Detecting C compile features
[0.216s] -- Detecting C compile features - done
[0.218s] -- Detecting CXX compiler ABI info
[0.286s] -- Detecting CXX compiler ABI info - done
[0.291s] -- Check for working CXX compiler: /usr/bin/c++ - skipped
[0.291s] -- Detecting CXX compile features
[0.292s] -- Detecting CXX compile features - done
[0.296s] -- Looking for sgemm_
[0.361s] -- Looking for sgemm_ - not found
[0.362s] -- Looking for pthread.h
[0.459s] -- Looking for pthread.h - found
[0.459s] -- Performing Test CMAKE_HAVE_LIBC_PTHREAD
[0.552s] -- Performing Test CMAKE_HAVE_LIBC_PTHREAD - Success
[0.553s] -- Found Threads: TRUE  
[0.592s] -- Looking for sgemm_
[0.684s] -- Looking for sgemm_ - found
[0.684s] -- Found BLAS: /usr/lib/x86_64-linux-gnu/libopenblas.so  
[0.708s] -- Found CUDA: /usr/local/cuda (found suitable version "12.9", minimum required is "12") 
[0.764s] -- Found CUDA: /usr/local/cuda (found version "12.9") 
[0.766s] -- Found ament_cmake_auto: 1.3.11 (/opt/ros/humble/share/ament_cmake_auto/cmake)
[0.976s] -- Found Python3: /usr/bin/python3 (found version "3.10.12") found components: Interpreter 
[1.129s] -- Found rosidl_generator_c: 3.1.6 (/opt/ros/humble/share/rosidl_generator_c/cmake)
[1.133s] -- Found rosidl_adapter: 3.1.6 (/opt/ros/humble/share/rosidl_adapter/cmake)
[1.141s] -- Found rosidl_generator_cpp: 3.1.6 (/opt/ros/humble/share/rosidl_generator_cpp/cmake)
[1.151s] -- Using all available rosidl_typesupport_c: rosidl_typesupport_fastrtps_c;rosidl_typesupport_introspection_c
[1.165s] -- Using all available rosidl_typesupport_cpp: rosidl_typesupport_fastrtps_cpp;rosidl_typesupport_introspection_cpp
[1.256s] -- Found rmw_implementation_cmake: 6.1.2 (/opt/ros/humble/share/rmw_implementation_cmake/cmake)
[1.259s] -- Found rmw_cyclonedds_cpp: 1.3.4 (/opt/ros/humble/share/rmw_cyclonedds_cpp/cmake)
[1.276s] -- Using RMW implementation 'rmw_cyclonedds_cpp' as default
[1.497s] -- Found eigen3_cmake_module: 0.1.1 (/opt/ros/humble/share/eigen3_cmake_module/cmake)
[1.498s] -- Found Eigen3: TRUE (found version "3.4.0") 
[1.498s] -- Ensuring Eigen3 include directory is part of orocos-kdl CMake target
[1.612s] -- Found ament_lint_auto: 0.12.12 (/opt/ros/humble/share/ament_lint_auto/cmake)
[1.641s] -- Added test 'copyright' to check source files copyright and LICENSE
[1.644s] -- Added test 'cppcheck' to perform static code analysis on C / C++ code
[1.644s] -- Configured cppcheck include dirs: /home/men3m/Naima/src/zed-ros2-wrapper/zed_components/src/include;/home/men3m/Naima/src/zed-ros2-wrapper/zed_components/src/zed_camera/include;/home/men3m/Naima/src/zed-ros2-wrapper/zed_components/src/tools/include
[1.644s] -- Configured cppcheck exclude dirs and/or files: 
[1.644s] -- Added test 'lint_cmake' to check CMake code style
[1.646s] -- Added test 'uncrustify' to check C / C++ code style
[1.646s] -- Configured uncrustify additional arguments: 
[1.647s] -- Added test 'xmllint' to check XML markup files
[1.649s] -- Configuring done
[1.676s] -- Generating done
[1.683s] -- Build files have been written to: /home/men3m/Naima/build/zed_components
[1.694s] Invoked command in '/home/men3m/Naima/build/zed_components' returned '0': CMAKE_PREFIX_PATH=/opt/ros/humble /usr/bin/cmake /home/men3m/Naima/src/zed-ros2-wrapper/zed_components -DCMAKE_INSTALL_PREFIX=/home/men3m/Naima/install/zed_components
[1.696s] Invoking command in '/home/men3m/Naima/build/zed_components': CMAKE_PREFIX_PATH=/opt/ros/humble /usr/bin/cmake --build /home/men3m/Naima/build/zed_components -- -j16 -l16
[1.744s] [ 20%] [32mBuilding CXX object CMakeFiles/zed_camera_one_component.dir/src/zed_camera/src/zed_camera_one_component.cpp.o[0m
[1.744s] [ 20%] [32mBuilding CXX object CMakeFiles/zed_camera_one_component.dir/src/tools/src/sl_tools.cpp.o[0m
[1.744s] [ 30%] [32mBuilding CXX object CMakeFiles/zed_camera_component.dir/src/tools/src/sl_win_avg.cpp.o[0m
[1.744s] [ 50%] [32mBuilding CXX object CMakeFiles/zed_camera_component.dir/src/tools/src/gnss_replay.cpp.o[0m
[1.744s] [ 50%] [32mBuilding CXX object CMakeFiles/zed_camera_component.dir/src/tools/src/sl_tools.cpp.o[0m
[1.745s] [ 60%] [32mBuilding CXX object CMakeFiles/zed_camera_one_component.dir/src/tools/src/gnss_replay.cpp.o[0m
[1.745s] [ 70%] [32mBuilding CXX object CMakeFiles/zed_camera_component.dir/src/zed_camera/src/zed_camera_component.cpp.o[0m
[1.747s] [ 80%] [32mBuilding CXX object CMakeFiles/zed_camera_one_component.dir/src/tools/src/sl_win_avg.cpp.o[0m
[6.317s] In file included from [01m[K/opt/ros/humble/include/rclcpp/rclcpp/logging.hpp:24[m[K,
[6.317s]                  from [01m[K/opt/ros/humble/include/rclcpp/rclcpp/client.hpp:40[m[K,
[6.317s]                  from [01m[K/opt/ros/humble/include/rclcpp/rclcpp/callback_group.hpp:24[m[K,
[6.317s]                  from [01m[K/opt/ros/humble/include/rclcpp/rclcpp/any_executable.hpp:20[m[K,
[6.318s]                  from [01m[K/opt/ros/humble/include/rclcpp/rclcpp/memory_strategy.hpp:25[m[K,
[6.318s]                  from [01m[K/opt/ros/humble/include/rclcpp/rclcpp/memory_strategies.hpp:18[m[K,
[6.318s]                  from [01m[K/opt/ros/humble/include/rclcpp/rclcpp/executor_options.hpp:20[m[K,
[6.318s]                  from [01m[K/opt/ros/humble/include/rclcpp/rclcpp/executor.hpp:37[m[K,
[6.318s]                  from [01m[K/opt/ros/humble/include/rclcpp/rclcpp/executors/multi_threaded_executor.hpp:25[m[K,
[6.318s]                  from [01m[K/opt/ros/humble/include/rclcpp/rclcpp/executors.hpp:21[m[K,
[6.318s]                  from [01m[K/opt/ros/humble/include/rclcpp/rclcpp/rclcpp.hpp:155[m[K,
[6.318s]                  from [01m[K/opt/ros/humble/include/tf2_ros/tf2_ros/buffer_interface.h:48[m[K,
[6.318s]                  from [01m[K/opt/ros/humble/include/tf2_ros/tf2_ros/buffer.h:42[m[K,
[6.318s]                  from [01m[K/home/men3m/Naima/src/zed-ros2-wrapper/zed_components/src/zed_camera/include/sl_types.hpp:18[m[K,
[6.318s]                  from [01m[K/home/men3m/Naima/src/zed-ros2-wrapper/zed_components/src/zed_camera/include/zed_camera_component.hpp:24[m[K,
[6.318s]                  from [01m[K/home/men3m/Naima/src/zed-ros2-wrapper/zed_components/src/zed_camera/src/zed_camera_component.cpp:15[m[K:
[6.318s] [01m[K/home/men3m/Naima/src/zed-ros2-wrapper/zed_components/src/zed_camera/src/zed_camera_component.cpp:[m[K In member function ‘[01m[Kbool stereolabs::ZedCamera::startCamera()[m[K’:
[6.318s] [01m[K/home/men3m/Naima/src/zed-ros2-wrapper/zed_components/src/zed_camera/src/zed_camera_component.cpp:4249:21:[m[K [01;35m[Kwarning: [m[Kformat ‘[01m[K%d[m[K’ expects argument of type ‘[01m[Kint[m[K’, but argument 5 has type ‘[01m[Ksize_t[m[K’ {aka ‘[01m[Klong unsigned int[m[K’} [[01;35m[K]8;;https://gcc.gnu.org/onlinedocs/gcc/Warning-Options.html#index-Wformat=-Wformat=]8;;[m[K]
[6.318s]  4249 |       get_logger(), [01;35m[K" * SVO resolution -> %dx%d"[m[K,
[6.318s]       |                     [01;35m[K^~~~~~~~~~~~~~~~~~~~~~~~~~~~[m[K
[6.319s]  4250 |       [32m[KmZed->getCameraInformation().camera_configuration.resolution.width[m[K,
[6.319s]       |       [32m[K~~~~~~~~~~~~~~~~~~~~~~~~~~~~~~~~~~~~~~~~~~~~~~~~~~~~~~~~~~~~~~~~~~[m[K
[6.319s]       |                                                                    [32m[K|[m[K
[6.319s]       |                                                                    [32m[Ksize_t {aka long unsigned int}[m[K
[6.319s] [01m[K/home/men3m/Naima/src/zed-ros2-wrapper/zed_components/src/zed_camera/src/zed_camera_component.cpp:4249:44:[m[K [01;36m[Knote: [m[Kformat string is defined here
[6.319s]  4249 |       get_logger(), " * SVO resolution -> [01;36m[K%d[m[Kx%d",
[6.319s]       |                                           [01;36m[K~^[m[K
[6.319s]       |                                            [01;36m[K|[m[K
[6.319s]       |                                            [01;36m[Kint[m[K
[6.319s]       |                                           [32m[K%ld[m[K
[6.319s] In file included from [01m[K/opt/ros/humble/include/rclcpp/rclcpp/logging.hpp:24[m[K,
[6.319s]                  from [01m[K/opt/ros/humble/include/rclcpp/rclcpp/client.hpp:40[m[K,
[6.319s]                  from [01m[K/opt/ros/humble/include/rclcpp/rclcpp/callback_group.hpp:24[m[K,
[6.319s]                  from [01m[K/opt/ros/humble/include/rclcpp/rclcpp/any_executable.hpp:20[m[K,
[6.319s]                  from [01m[K/opt/ros/humble/include/rclcpp/rclcpp/memory_strategy.hpp:25[m[K,
[6.319s]                  from [01m[K/opt/ros/humble/include/rclcpp/rclcpp/memory_strategies.hpp:18[m[K,
[6.319s]                  from [01m[K/opt/ros/humble/include/rclcpp/rclcpp/executor_options.hpp:20[m[K,
[6.320s]                  from [01m[K/opt/ros/humble/include/rclcpp/rclcpp/executor.hpp:37[m[K,
[6.320s]                  from [01m[K/opt/ros/humble/include/rclcpp/rclcpp/executors/multi_threaded_executor.hpp:25[m[K,
[6.320s]                  from [01m[K/opt/ros/humble/include/rclcpp/rclcpp/executors.hpp:21[m[K,
[6.320s]                  from [01m[K/opt/ros/humble/include/rclcpp/rclcpp/rclcpp.hpp:155[m[K,
[6.320s]                  from [01m[K/opt/ros/humble/include/tf2_ros/tf2_ros/buffer_interface.h:48[m[K,
[6.320s]                  from [01m[K/opt/ros/humble/include/tf2_ros/tf2_ros/buffer.h:42[m[K,
[6.320s]                  from [01m[K/home/men3m/Naima/src/zed-ros2-wrapper/zed_components/src/zed_camera/include/sl_types.hpp:18[m[K,
[6.320s]                  from [01m[K/home/men3m/Naima/src/zed-ros2-wrapper/zed_components/src/zed_camera/include/zed_camera_component.hpp:24[m[K,
[6.320s]                  from [01m[K/home/men3m/Naima/src/zed-ros2-wrapper/zed_components/src/zed_camera/src/zed_camera_component.cpp:15[m[K:
[6.320s] [01m[K/home/men3m/Naima/src/zed-ros2-wrapper/zed_components/src/zed_camera/src/zed_camera_component.cpp:4249:21:[m[K [01;35m[Kwarning: [m[Kformat ‘[01m[K%d[m[K’ expects argument of type ‘[01m[Kint[m[K’, but argument 6 has type ‘[01m[Ksize_t[m[K’ {aka ‘[01m[Klong unsigned int[m[K’} [[01;35m[K]8;;https://gcc.gnu.org/onlinedocs/gcc/Warning-Options.html#index-Wformat=-Wformat=]8;;[m[K]
[6.320s]  4249 |       get_logger(), [01;35m[K" * SVO resolution -> %dx%d"[m[K,
[6.320s]       |                     [01;35m[K^~~~~~~~~~~~~~~~~~~~~~~~~~~~[m[K
[6.320s]  4250 |       mZed->getCameraInformation().camera_configuration.resolution.width,
[6.320s]  4251 |       [32m[KmZed->getCameraInformation().camera_configuration.resolution.height[m[K);
[6.320s]       |       [32m[K~~~~~~~~~~~~~~~~~~~~~~~~~~~~~~~~~~~~~~~~~~~~~~~~~~~~~~~~~~~~~~~~~~~[m[K
[6.320s]       |                                                                    [32m[K|[m[K
[6.321s]       |                                                                    [32m[Ksize_t {aka long unsigned int}[m[K
[6.321s] [01m[K/home/men3m/Naima/src/zed-ros2-wrapper/zed_components/src/zed_camera/src/zed_camera_component.cpp:4249:47:[m[K [01;36m[Knote: [m[Kformat string is defined here
[6.321s]  4249 |       get_logger(), " * SVO resolution -> %dx[01;36m[K%d[m[K",
[6.321s]       |                                              [01;36m[K~^[m[K
[6.321s]       |                                               [01;36m[K|[m[K
[6.321s]       |                                               [01;36m[Kint[m[K
[6.321s]       |                                              [32m[K%ld[m[K
[17.225s] [ 90%] [32m[1mLinking CXX shared library libzed_camera_one_component.so[0m
[17.500s] [ 90%] Built target zed_camera_one_component
[62.338s] [100%] [32m[1mLinking CXX shared library libzed_camera_component.so[0m
[62.774s] [100%] Built target zed_camera_component
[62.785s] Invoked command in '/home/men3m/Naima/build/zed_components' returned '0': CMAKE_PREFIX_PATH=/opt/ros/humble /usr/bin/cmake --build /home/men3m/Naima/build/zed_components -- -j16 -l16
[62.786s] Invoking command in '/home/men3m/Naima/build/zed_components': CMAKE_PREFIX_PATH=/opt/ros/humble /usr/bin/cmake --install /home/men3m/Naima/build/zed_components
[62.792s] -- Install configuration: "Release"
[62.792s] -- Installing: /home/men3m/Naima/install/zed_components/lib/libzed_camera_component.so
[62.800s] -- Set runtime path of "/home/men3m/Naima/install/zed_components/lib/libzed_camera_component.so" to ""
[62.800s] -- Installing: /home/men3m/Naima/install/zed_components/lib/libzed_camera_one_component.so
[62.802s] -- Set runtime path of "/home/men3m/Naima/install/zed_components/lib/libzed_camera_one_component.so" to ""
[62.802s] -- Installing: /home/men3m/Naima/install/zed_components/include/zed_components/
[62.802s] -- Installing: /home/men3m/Naima/install/zed_components/include/zed_components//cost_traversability.hpp
[62.802s] -- Installing: /home/men3m/Naima/install/zed_components/include/zed_components//zed_camera_one_component.hpp
[62.802s] -- Installing: /home/men3m/Naima/install/zed_components/include/zed_components//zed_camera_component.hpp
[62.803s] -- Installing: /home/men3m/Naima/install/zed_components/include/zed_components//sl_types.hpp
[62.803s] -- Up-to-date: /home/men3m/Naima/install/zed_components/include/zed_components/
[62.803s] -- Installing: /home/men3m/Naima/install/zed_components/include/zed_components//sl_logging.hpp
[62.803s] -- Installing: /home/men3m/Naima/install/zed_components/include/zed_components//gnss_replay.hpp
[62.803s] -- Installing: /home/men3m/Naima/install/zed_components/include/zed_components//sl_win_avg.hpp
[62.803s] -- Installing: /home/men3m/Naima/install/zed_components/include/zed_components//sl_tools.hpp
[62.803s] -- Installing: /home/men3m/Naima/install/zed_components/include/zed_components//json.hpp
[62.804s] -- Up-to-date: /home/men3m/Naima/install/zed_components/include/zed_components/
[62.804s] -- Installing: /home/men3m/Naima/install/zed_components/include/zed_components//visibility_control.hpp
[62.805s] -- Installing: /home/men3m/Naima/install/zed_components/share/zed_components/environment/library_path.sh
[62.805s] -- Installing: /home/men3m/Naima/install/zed_components/share/zed_components/environment/library_path.dsv
[62.805s] -- Installing: /home/men3m/Naima/install/zed_components/share/ament_index/resource_index/package_run_dependencies/zed_components
[62.805s] -- Installing: /home/men3m/Naima/install/zed_components/share/ament_index/resource_index/parent_prefix_path/zed_components
[62.805s] -- Installing: /home/men3m/Naima/install/zed_components/share/zed_components/environment/ament_prefix_path.sh
[62.805s] -- Installing: /home/men3m/Naima/install/zed_components/share/zed_components/environment/ament_prefix_path.dsv
[62.805s] -- Installing: /home/men3m/Naima/install/zed_components/share/zed_components/environment/path.sh
[62.806s] -- Installing: /home/men3m/Naima/install/zed_components/share/zed_components/environment/path.dsv
[62.806s] -- Installing: /home/men3m/Naima/install/zed_components/share/zed_components/local_setup.bash
[62.806s] -- Installing: /home/men3m/Naima/install/zed_components/share/zed_components/local_setup.sh
[62.806s] -- Installing: /home/men3m/Naima/install/zed_components/share/zed_components/local_setup.zsh
[62.806s] -- Installing: /home/men3m/Naima/install/zed_components/share/zed_components/local_setup.dsv
[62.806s] -- Installing: /home/men3m/Naima/install/zed_components/share/zed_components/package.dsv
[62.806s] -- Installing: /home/men3m/Naima/install/zed_components/share/ament_index/resource_index/packages/zed_components
[62.807s] -- Installing: /home/men3m/Naima/install/zed_components/share/ament_index/resource_index/rclcpp_components/zed_components
[62.807s] -- Installing: /home/men3m/Naima/install/zed_components/share/zed_components/cmake/ament_cmake_export_include_directories-extras.cmake
[62.807s] -- Installing: /home/men3m/Naima/install/zed_components/share/zed_components/cmake/ament_cmake_export_libraries-extras.cmake
[62.807s] -- Installing: /home/men3m/Naima/install/zed_components/share/zed_components/cmake/ament_cmake_export_dependencies-extras.cmake
[62.807s] -- Installing: /home/men3m/Naima/install/zed_components/share/zed_components/cmake/zed_componentsConfig.cmake
[62.807s] -- Installing: /home/men3m/Naima/install/zed_components/share/zed_components/cmake/zed_componentsConfig-version.cmake
[62.807s] -- Installing: /home/men3m/Naima/install/zed_components/share/zed_components/package.xml
[62.809s] Invoked command in '/home/men3m/Naima/build/zed_components' returned '0': CMAKE_PREFIX_PATH=/opt/ros/humble /usr/bin/cmake --install /home/men3m/Naima/build/zed_components
