[0.607s] Invoking command in '/home/men3m/Naima/src/naima_bringup': PYTHONPATH=/home/men3m/Naima/build/naima_bringup/prefix_override:/usr/lib/python3/dist-packages/colcon_core/task/python/colcon_distutils_commands:/home/men3m/Naima/install/naima_bringup/lib/python3.10/site-packages:${PYTHONPATH} /usr/bin/python3 -W ignore:setup.py install is deprecated -W ignore:easy_install command is deprecated setup.py egg_info --egg-base ../../build/naima_bringup build --build-base /home/men3m/Naima/build/naima_bringup/build install --record /home/men3m/Naima/build/naima_bringup/install.log --single-version-externally-managed install_data
[0.825s] running egg_info
[0.825s] writing ../../build/naima_bringup/naima_bringup.egg-info/PKG-INFO
[0.826s] writing dependency_links to ../../build/naima_bringup/naima_bringup.egg-info/dependency_links.txt
[0.826s] writing entry points to ../../build/naima_bringup/naima_bringup.egg-info/entry_points.txt
[0.826s] writing requirements to ../../build/naima_bringup/naima_bringup.egg-info/requires.txt
[0.826s] writing top-level names to ../../build/naima_bringup/naima_bringup.egg-info/top_level.txt
[0.827s] reading manifest file '../../build/naima_bringup/naima_bringup.egg-info/SOURCES.txt'
[0.828s] writing manifest file '../../build/naima_bringup/naima_bringup.egg-info/SOURCES.txt'
[0.828s] running build
[0.828s] running build_py
[0.828s] running install
[0.828s] running install_lib
[0.829s] running install_data
[0.829s] running install_egg_info
[0.831s] removing '/home/men3m/Naima/install/naima_bringup/lib/python3.10/site-packages/naima_bringup-0.0.0-py3.10.egg-info' (and everything under it)
[0.831s] Copying ../../build/naima_bringup/naima_bringup.egg-info to /home/men3m/Naima/install/naima_bringup/lib/python3.10/site-packages/naima_bringup-0.0.0-py3.10.egg-info
[0.832s] running install_scripts
[0.847s] Installing bringup script to /home/men3m/Naima/install/naima_bringup/lib/naima_bringup
[0.848s] Installing model script to /home/men3m/Naima/install/naima_bringup/lib/naima_bringup
[0.848s] writing list of installed files to '/home/men3m/Naima/build/naima_bringup/install.log'
[0.869s] Invoked command in '/home/men3m/Naima/src/naima_bringup' returned '0': PYTHONPATH=/home/men3m/Naima/build/naima_bringup/prefix_override:/usr/lib/python3/dist-packages/colcon_core/task/python/colcon_distutils_commands:/home/men3m/Naima/install/naima_bringup/lib/python3.10/site-packages:${PYTHONPATH} /usr/bin/python3 -W ignore:setup.py install is deprecated -W ignore:easy_install command is deprecated setup.py egg_info --egg-base ../../build/naima_bringup build --build-base /home/men3m/Naima/build/naima_bringup/build install --record /home/men3m/Naima/build/naima_bringup/install.log --single-version-externally-managed install_data
