[ 13%] Built target ublox_logger_node
[ 90%] Built target ublox_gps
[100%] Built target ublox_gps_node
-- Install configuration: ""
-- Up-to-date: /home/men3m/Naima/install/ublox_gps/lib/libublox_gps.so
-- Up-to-date: /home/men3m/Naima/install/ublox_gps/lib/ublox_gps/ublox_gps_node
-- Up-to-date: /home/men3m/Naima/install/ublox_gps/lib/ublox_gps/ublox_logger
-- Up-to-date: /home/men3m/Naima/install/ublox_gps/include
-- Up-to-date: /home/men3m/Naima/install/ublox_gps/include/ublox_gps
-- Up-to-date: /home/men3m/Naima/install/ublox_gps/include/ublox_gps/ublox_firmware.hpp
-- Up-to-date: /home/men3m/Naima/install/ublox_gps/include/ublox_gps/raw_data_pa.hpp
-- Up-to-date: /home/men3m/Naima/install/ublox_gps/include/ublox_gps/tim_product.hpp
-- Up-to-date: /home/men3m/Naima/install/ublox_gps/include/ublox_gps/callback.hpp
-- Up-to-date: /home/men3m/Naima/install/ublox_gps/include/ublox_gps/rtcm.hpp
-- Up-to-date: /home/men3m/Naima/install/ublox_gps/include/ublox_gps/hpg_rov_product.hpp
-- Up-to-date: /home/men3m/Naima/install/ublox_gps/include/ublox_gps/fts_product.hpp
-- Up-to-date: /home/men3m/Naima/install/ublox_gps/include/ublox_gps/ublox_firmware8.hpp
-- Up-to-date: /home/men3m/Naima/install/ublox_gps/include/ublox_gps/component_interface.hpp
-- Up-to-date: /home/men3m/Naima/install/ublox_gps/include/ublox_gps/worker.hpp
-- Up-to-date: /home/men3m/Naima/install/ublox_gps/include/ublox_gps/ublox_firmware7.hpp
-- Up-to-date: /home/men3m/Naima/install/ublox_gps/include/ublox_gps/raw_data_product.hpp
-- Up-to-date: /home/men3m/Naima/install/ublox_gps/include/ublox_gps/node.hpp
-- Up-to-date: /home/men3m/Naima/install/ublox_gps/include/ublox_gps/gps.hpp
-- Up-to-date: /home/men3m/Naima/install/ublox_gps/include/ublox_gps/ublox_firmware6.hpp
-- Up-to-date: /home/men3m/Naima/install/ublox_gps/include/ublox_gps/ublox_firmware9.hpp
-- Up-to-date: /home/men3m/Naima/install/ublox_gps/include/ublox_gps/mkgmtime.h
-- Up-to-date: /home/men3m/Naima/install/ublox_gps/include/ublox_gps/ublox_firmware7plus.hpp
-- Up-to-date: /home/men3m/Naima/install/ublox_gps/include/ublox_gps/gnss.hpp
-- Up-to-date: /home/men3m/Naima/install/ublox_gps/include/ublox_gps/adr_udr_product.hpp
-- Up-to-date: /home/men3m/Naima/install/ublox_gps/include/ublox_gps/hpg_ref_product.hpp
-- Up-to-date: /home/men3m/Naima/install/ublox_gps/include/ublox_gps/fix_diagnostic.hpp
-- Up-to-date: /home/men3m/Naima/install/ublox_gps/include/ublox_gps/ublox_topic_diagnostic.hpp
-- Up-to-date: /home/men3m/Naima/install/ublox_gps/include/ublox_gps/hp_pos_rec_product.hpp
-- Up-to-date: /home/men3m/Naima/install/ublox_gps/include/ublox_gps/async_worker.hpp
-- Up-to-date: /home/men3m/Naima/install/ublox_gps/include/ublox_gps/utils.hpp
-- Up-to-date: /home/men3m/Naima/install/ublox_gps/share/ublox_gps/launch
-- Up-to-date: /home/men3m/Naima/install/ublox_gps/share/ublox_gps/launch/ublox_gps_node_zedf9p-launch.py
-- Up-to-date: /home/men3m/Naima/install/ublox_gps/share/ublox_gps/launch/ublox_gps_node_1-launch.py
-- Up-to-date: /home/men3m/Naima/install/ublox_gps/share/ublox_gps/config
-- Up-to-date: /home/men3m/Naima/install/ublox_gps/share/ublox_gps/config/naima.yaml
-- Up-to-date: /home/men3m/Naima/install/ublox_gps/share/ament_index/resource_index/package_run_dependencies/ublox_gps
-- Up-to-date: /home/men3m/Naima/install/ublox_gps/share/ament_index/resource_index/parent_prefix_path/ublox_gps
-- Up-to-date: /home/men3m/Naima/install/ublox_gps/share/ublox_gps/environment/ament_prefix_path.sh
-- Up-to-date: /home/men3m/Naima/install/ublox_gps/share/ublox_gps/environment/ament_prefix_path.dsv
-- Up-to-date: /home/men3m/Naima/install/ublox_gps/share/ublox_gps/environment/path.sh
-- Up-to-date: /home/men3m/Naima/install/ublox_gps/share/ublox_gps/environment/path.dsv
-- Up-to-date: /home/men3m/Naima/install/ublox_gps/share/ublox_gps/local_setup.bash
-- Up-to-date: /home/men3m/Naima/install/ublox_gps/share/ublox_gps/local_setup.sh
-- Up-to-date: /home/men3m/Naima/install/ublox_gps/share/ublox_gps/local_setup.zsh
-- Up-to-date: /home/men3m/Naima/install/ublox_gps/share/ublox_gps/local_setup.dsv
-- Installing: /home/men3m/Naima/install/ublox_gps/share/ublox_gps/package.dsv
-- Up-to-date: /home/men3m/Naima/install/ublox_gps/share/ament_index/resource_index/packages/ublox_gps
-- Up-to-date: /home/men3m/Naima/install/ublox_gps/share/ament_index/resource_index/rclcpp_components/ublox_gps
-- Up-to-date: /home/men3m/Naima/install/ublox_gps/share/ublox_gps/cmake/ublox_gpsConfig.cmake
-- Up-to-date: /home/men3m/Naima/install/ublox_gps/share/ublox_gps/cmake/ublox_gpsConfig-version.cmake
-- Up-to-date: /home/men3m/Naima/install/ublox_gps/share/ublox_gps/package.xml
