[0.009s] Invoking command in '/home/men3m/Naima/build/ublox_gps': AMENT_PREFIX_PATH=/home/men3m/Naima/install/ublox_msgs:/home/men3m/Naima/install/ublox_serialization:${AMENT_PREFIX_PATH} CMAKE_PREFIX_PATH=/home/men3m/Naima/install/ublox_msgs:/home/men3m/Naima/install/ublox_serialization:/opt/ros/humble LD_LIBRARY_PATH=/home/men3m/Naima/install/ublox_msgs/lib:/usr/lib/x86_64-linux-gnu/gazebo-11/plugins:/opt/ros/humble/opt/rviz_ogre_vendor/lib:/opt/ros/humble/lib/x86_64-linux-gnu:/opt/ros/humble/lib:/usr/local/cuda-12.4.0/lib64:/usr/local/cuda-12.4.0/lib64 PYTHONPATH=/home/men3m/Naima/install/ublox_msgs/local/lib/python3.10/dist-packages:${PYTHONPATH} /usr/bin/cmake --build /home/men3m/Naima/build/ublox_gps -- -j16 -l16
[0.056s] [ 13%] Built target ublox_logger_node
[0.090s] [ 90%] Built target ublox_gps
[0.127s] [100%] Built target ublox_gps_node
[0.148s] Invoked command in '/home/men3m/Naima/build/ublox_gps' returned '0': AMENT_PREFIX_PATH=/home/men3m/Naima/install/ublox_msgs:/home/men3m/Naima/install/ublox_serialization:${AMENT_PREFIX_PATH} CMAKE_PREFIX_PATH=/home/men3m/Naima/install/ublox_msgs:/home/men3m/Naima/install/ublox_serialization:/opt/ros/humble LD_LIBRARY_PATH=/home/men3m/Naima/install/ublox_msgs/lib:/usr/lib/x86_64-linux-gnu/gazebo-11/plugins:/opt/ros/humble/opt/rviz_ogre_vendor/lib:/opt/ros/humble/lib/x86_64-linux-gnu:/opt/ros/humble/lib:/usr/local/cuda-12.4.0/lib64:/usr/local/cuda-12.4.0/lib64 PYTHONPATH=/home/men3m/Naima/install/ublox_msgs/local/lib/python3.10/dist-packages:${PYTHONPATH} /usr/bin/cmake --build /home/men3m/Naima/build/ublox_gps -- -j16 -l16
[0.150s] Invoking command in '/home/men3m/Naima/build/ublox_gps': AMENT_PREFIX_PATH=/home/men3m/Naima/install/ublox_msgs:/home/men3m/Naima/install/ublox_serialization:${AMENT_PREFIX_PATH} CMAKE_PREFIX_PATH=/home/men3m/Naima/install/ublox_msgs:/home/men3m/Naima/install/ublox_serialization:/opt/ros/humble LD_LIBRARY_PATH=/home/men3m/Naima/install/ublox_msgs/lib:/usr/lib/x86_64-linux-gnu/gazebo-11/plugins:/opt/ros/humble/opt/rviz_ogre_vendor/lib:/opt/ros/humble/lib/x86_64-linux-gnu:/opt/ros/humble/lib:/usr/local/cuda-12.4.0/lib64:/usr/local/cuda-12.4.0/lib64 PYTHONPATH=/home/men3m/Naima/install/ublox_msgs/local/lib/python3.10/dist-packages:${PYTHONPATH} /usr/bin/cmake --install /home/men3m/Naima/build/ublox_gps
[0.156s] -- Install configuration: ""
[0.156s] -- Up-to-date: /home/men3m/Naima/install/ublox_gps/lib/libublox_gps.so
[0.156s] -- Up-to-date: /home/men3m/Naima/install/ublox_gps/lib/ublox_gps/ublox_gps_node
[0.157s] -- Up-to-date: /home/men3m/Naima/install/ublox_gps/lib/ublox_gps/ublox_logger
[0.157s] -- Up-to-date: /home/men3m/Naima/install/ublox_gps/include
[0.157s] -- Up-to-date: /home/men3m/Naima/install/ublox_gps/include/ublox_gps
[0.157s] -- Up-to-date: /home/men3m/Naima/install/ublox_gps/include/ublox_gps/ublox_firmware.hpp
[0.157s] -- Up-to-date: /home/men3m/Naima/install/ublox_gps/include/ublox_gps/raw_data_pa.hpp
[0.157s] -- Up-to-date: /home/men3m/Naima/install/ublox_gps/include/ublox_gps/tim_product.hpp
[0.157s] -- Up-to-date: /home/men3m/Naima/install/ublox_gps/include/ublox_gps/callback.hpp
[0.157s] -- Up-to-date: /home/men3m/Naima/install/ublox_gps/include/ublox_gps/rtcm.hpp
[0.157s] -- Up-to-date: /home/men3m/Naima/install/ublox_gps/include/ublox_gps/hpg_rov_product.hpp
[0.158s] -- Up-to-date: /home/men3m/Naima/install/ublox_gps/include/ublox_gps/fts_product.hpp
[0.158s] -- Up-to-date: /home/men3m/Naima/install/ublox_gps/include/ublox_gps/ublox_firmware8.hpp
[0.158s] -- Up-to-date: /home/men3m/Naima/install/ublox_gps/include/ublox_gps/component_interface.hpp
[0.158s] -- Up-to-date: /home/men3m/Naima/install/ublox_gps/include/ublox_gps/worker.hpp
[0.158s] -- Up-to-date: /home/men3m/Naima/install/ublox_gps/include/ublox_gps/ublox_firmware7.hpp
[0.158s] -- Up-to-date: /home/men3m/Naima/install/ublox_gps/include/ublox_gps/raw_data_product.hpp
[0.158s] -- Up-to-date: /home/men3m/Naima/install/ublox_gps/include/ublox_gps/node.hpp
[0.158s] -- Up-to-date: /home/men3m/Naima/install/ublox_gps/include/ublox_gps/gps.hpp
[0.158s] -- Up-to-date: /home/men3m/Naima/install/ublox_gps/include/ublox_gps/ublox_firmware6.hpp
[0.158s] -- Up-to-date: /home/men3m/Naima/install/ublox_gps/include/ublox_gps/ublox_firmware9.hpp
[0.158s] -- Up-to-date: /home/men3m/Naima/install/ublox_gps/include/ublox_gps/mkgmtime.h
[0.158s] -- Up-to-date: /home/men3m/Naima/install/ublox_gps/include/ublox_gps/ublox_firmware7plus.hpp
[0.158s] -- Up-to-date: /home/men3m/Naima/install/ublox_gps/include/ublox_gps/gnss.hpp
[0.158s] -- Up-to-date: /home/men3m/Naima/install/ublox_gps/include/ublox_gps/adr_udr_product.hpp
[0.158s] -- Up-to-date: /home/men3m/Naima/install/ublox_gps/include/ublox_gps/hpg_ref_product.hpp
[0.159s] -- Up-to-date: /home/men3m/Naima/install/ublox_gps/include/ublox_gps/fix_diagnostic.hpp
[0.159s] -- Up-to-date: /home/men3m/Naima/install/ublox_gps/include/ublox_gps/ublox_topic_diagnostic.hpp
[0.159s] -- Up-to-date: /home/men3m/Naima/install/ublox_gps/include/ublox_gps/hp_pos_rec_product.hpp
[0.159s] -- Up-to-date: /home/men3m/Naima/install/ublox_gps/include/ublox_gps/async_worker.hpp
[0.159s] -- Up-to-date: /home/men3m/Naima/install/ublox_gps/include/ublox_gps/utils.hpp
[0.159s] -- Up-to-date: /home/men3m/Naima/install/ublox_gps/share/ublox_gps/launch
[0.159s] -- Up-to-date: /home/men3m/Naima/install/ublox_gps/share/ublox_gps/launch/ublox_gps_node_zedf9p-launch.py
[0.159s] -- Up-to-date: /home/men3m/Naima/install/ublox_gps/share/ublox_gps/launch/ublox_gps_node_1-launch.py
[0.159s] -- Up-to-date: /home/men3m/Naima/install/ublox_gps/share/ublox_gps/config
[0.159s] -- Up-to-date: /home/men3m/Naima/install/ublox_gps/share/ublox_gps/config/naima.yaml
[0.159s] -- Up-to-date: /home/men3m/Naima/install/ublox_gps/share/ament_index/resource_index/package_run_dependencies/ublox_gps
[0.159s] -- Up-to-date: /home/men3m/Naima/install/ublox_gps/share/ament_index/resource_index/parent_prefix_path/ublox_gps
[0.159s] -- Up-to-date: /home/men3m/Naima/install/ublox_gps/share/ublox_gps/environment/ament_prefix_path.sh
[0.160s] -- Up-to-date: /home/men3m/Naima/install/ublox_gps/share/ublox_gps/environment/ament_prefix_path.dsv
[0.160s] -- Up-to-date: /home/men3m/Naima/install/ublox_gps/share/ublox_gps/environment/path.sh
[0.160s] -- Up-to-date: /home/men3m/Naima/install/ublox_gps/share/ublox_gps/environment/path.dsv
[0.160s] -- Up-to-date: /home/men3m/Naima/install/ublox_gps/share/ublox_gps/local_setup.bash
[0.160s] -- Up-to-date: /home/men3m/Naima/install/ublox_gps/share/ublox_gps/local_setup.sh
[0.160s] -- Up-to-date: /home/men3m/Naima/install/ublox_gps/share/ublox_gps/local_setup.zsh
[0.160s] -- Up-to-date: /home/men3m/Naima/install/ublox_gps/share/ublox_gps/local_setup.dsv
[0.160s] -- Installing: /home/men3m/Naima/install/ublox_gps/share/ublox_gps/package.dsv
[0.160s] -- Up-to-date: /home/men3m/Naima/install/ublox_gps/share/ament_index/resource_index/packages/ublox_gps
[0.161s] -- Up-to-date: /home/men3m/Naima/install/ublox_gps/share/ament_index/resource_index/rclcpp_components/ublox_gps
[0.161s] -- Up-to-date: /home/men3m/Naima/install/ublox_gps/share/ublox_gps/cmake/ublox_gpsConfig.cmake
[0.161s] -- Up-to-date: /home/men3m/Naima/install/ublox_gps/share/ublox_gps/cmake/ublox_gpsConfig-version.cmake
[0.161s] -- Up-to-date: /home/men3m/Naima/install/ublox_gps/share/ublox_gps/package.xml
[0.162s] Invoked command in '/home/men3m/Naima/build/ublox_gps' returned '0': AMENT_PREFIX_PATH=/home/men3m/Naima/install/ublox_msgs:/home/men3m/Naima/install/ublox_serialization:${AMENT_PREFIX_PATH} CMAKE_PREFIX_PATH=/home/men3m/Naima/install/ublox_msgs:/home/men3m/Naima/install/ublox_serialization:/opt/ros/humble LD_LIBRARY_PATH=/home/men3m/Naima/install/ublox_msgs/lib:/usr/lib/x86_64-linux-gnu/gazebo-11/plugins:/opt/ros/humble/opt/rviz_ogre_vendor/lib:/opt/ros/humble/lib/x86_64-linux-gnu:/opt/ros/humble/lib:/usr/local/cuda-12.4.0/lib64:/usr/local/cuda-12.4.0/lib64 PYTHONPATH=/home/men3m/Naima/install/ublox_msgs/local/lib/python3.10/dist-packages:${PYTHONPATH} /usr/bin/cmake --install /home/men3m/Naima/build/ublox_gps
