[0.011s] Invoking command in '/home/men3m/Naima/build/zed_topic_benchmark': AMENT_PREFIX_PATH=/home/men3m/Naima/install/zed_topic_benchmark_component:/home/men3m/Naima/install/zed_topic_benchmark_interfaces:${AMENT_PREFIX_PATH} CMAKE_PREFIX_PATH=/home/men3m/Naima/install/zed_topic_benchmark_component:/home/men3m/Naima/install/zed_topic_benchmark_interfaces:/opt/ros/humble LD_LIBRARY_PATH=/home/men3m/Naima/install/zed_topic_benchmark_component/lib:/home/men3m/Naima/install/zed_topic_benchmark_interfaces/lib:/usr/lib/x86_64-linux-gnu/gazebo-11/plugins:/opt/ros/humble/opt/rviz_ogre_vendor/lib:/opt/ros/humble/lib/x86_64-linux-gnu:/opt/ros/humble/lib:/usr/local/cuda-12.4.0/lib64:/usr/local/cuda-12.4.0/lib64 PYTHONPATH=/home/men3m/Naima/install/zed_topic_benchmark_interfaces/local/lib/python3.10/dist-packages:${PYTHONPATH} /usr/bin/cmake /home/men3m/Naima/src/zed-ros2-examples/tools/zed_benchmark -DCMAKE_INSTALL_PREFIX=/home/men3m/Naima/install/zed_topic_benchmark
[0.060s] -- The C compiler identification is GNU 11.4.0
[0.113s] -- The CXX compiler identification is GNU 11.4.0
[0.120s] -- Detecting C compiler ABI info
[0.185s] -- Detecting C compiler ABI info - done
[0.192s] -- Check for working C compiler: /usr/bin/cc - skipped
[0.192s] -- Detecting C compile features
[0.193s] -- Detecting C compile features - done
[0.196s] -- Detecting CXX compiler ABI info
[0.268s] -- Detecting CXX compiler ABI info - done
[0.275s] -- Check for working CXX compiler: /usr/bin/c++ - skipped
[0.275s] -- Detecting CXX compile features
[0.275s] -- Detecting CXX compile features - done
[0.278s] -- Found ament_cmake_auto: 1.3.11 (/opt/ros/humble/share/ament_cmake_auto/cmake)
[0.403s] -- Found Python3: /usr/bin/python3 (found version "3.10.12") found components: Interpreter 
[0.596s] -- Found rosidl_generator_c: 3.1.6 (/opt/ros/humble/share/rosidl_generator_c/cmake)
[0.603s] -- Found rosidl_adapter: 3.1.6 (/opt/ros/humble/share/rosidl_adapter/cmake)
[0.612s] -- Found rosidl_generator_cpp: 3.1.6 (/opt/ros/humble/share/rosidl_generator_cpp/cmake)
[0.623s] -- Using all available rosidl_typesupport_c: rosidl_typesupport_fastrtps_c;rosidl_typesupport_introspection_c
[0.638s] -- Using all available rosidl_typesupport_cpp: rosidl_typesupport_fastrtps_cpp;rosidl_typesupport_introspection_cpp
[0.680s] -- Found rmw_implementation_cmake: 6.1.2 (/opt/ros/humble/share/rmw_implementation_cmake/cmake)
[0.682s] -- Found rmw_cyclonedds_cpp: 1.3.4 (/opt/ros/humble/share/rmw_cyclonedds_cpp/cmake)
[0.701s] -- Using RMW implementation 'rmw_cyclonedds_cpp' as default
[0.710s] -- Looking for pthread.h
[0.778s] -- Looking for pthread.h - found
[0.778s] -- Performing Test CMAKE_HAVE_LIBC_PTHREAD
[0.850s] -- Performing Test CMAKE_HAVE_LIBC_PTHREAD - Success
[0.850s] -- Found Threads: TRUE  
[0.950s] -- Found ament_lint_auto: 0.12.12 (/opt/ros/humble/share/ament_lint_auto/cmake)
[0.976s] -- Added test 'copyright' to check source files copyright and LICENSE
[0.977s] -- Added test 'cppcheck' to perform static code analysis on C / C++ code
[0.977s] -- Configured cppcheck include dirs: 
[0.977s] -- Configured cppcheck exclude dirs and/or files: 
[0.978s] -- Added test 'cpplint' to check C / C++ code against the Google style
[0.978s] -- Configured cpplint exclude dirs and/or files: 
[0.978s] -- Added test 'flake8' to check Python code syntax and style conventions
[0.978s] -- Added test 'lint_cmake' to check CMake code style
[0.979s] -- Added test 'pep257' to check Python code against some of the docstring style conventions in PEP 257
[0.979s] -- Added test 'uncrustify' to check C / C++ code style
[0.980s] -- Configured uncrustify additional arguments: 
[0.980s] -- Added test 'xmllint' to check XML markup files
[0.981s] -- Added test 'clang_format' to check C / C++ code style
[0.982s] -- Configuring done
[1.003s] -- Generating done
[1.006s] -- Build files have been written to: /home/men3m/Naima/build/zed_topic_benchmark
[1.013s] Invoked command in '/home/men3m/Naima/build/zed_topic_benchmark' returned '0': AMENT_PREFIX_PATH=/home/men3m/Naima/install/zed_topic_benchmark_component:/home/men3m/Naima/install/zed_topic_benchmark_interfaces:${AMENT_PREFIX_PATH} CMAKE_PREFIX_PATH=/home/men3m/Naima/install/zed_topic_benchmark_component:/home/men3m/Naima/install/zed_topic_benchmark_interfaces:/opt/ros/humble LD_LIBRARY_PATH=/home/men3m/Naima/install/zed_topic_benchmark_component/lib:/home/men3m/Naima/install/zed_topic_benchmark_interfaces/lib:/usr/lib/x86_64-linux-gnu/gazebo-11/plugins:/opt/ros/humble/opt/rviz_ogre_vendor/lib:/opt/ros/humble/lib/x86_64-linux-gnu:/opt/ros/humble/lib:/usr/local/cuda-12.4.0/lib64:/usr/local/cuda-12.4.0/lib64 PYTHONPATH=/home/men3m/Naima/install/zed_topic_benchmark_interfaces/local/lib/python3.10/dist-packages:${PYTHONPATH} /usr/bin/cmake /home/men3m/Naima/src/zed-ros2-examples/tools/zed_benchmark -DCMAKE_INSTALL_PREFIX=/home/men3m/Naima/install/zed_topic_benchmark
[1.015s] Invoking command in '/home/men3m/Naima/build/zed_topic_benchmark': AMENT_PREFIX_PATH=/home/men3m/Naima/install/zed_topic_benchmark_component:/home/men3m/Naima/install/zed_topic_benchmark_interfaces:${AMENT_PREFIX_PATH} CMAKE_PREFIX_PATH=/home/men3m/Naima/install/zed_topic_benchmark_component:/home/men3m/Naima/install/zed_topic_benchmark_interfaces:/opt/ros/humble LD_LIBRARY_PATH=/home/men3m/Naima/install/zed_topic_benchmark_component/lib:/home/men3m/Naima/install/zed_topic_benchmark_interfaces/lib:/usr/lib/x86_64-linux-gnu/gazebo-11/plugins:/opt/ros/humble/opt/rviz_ogre_vendor/lib:/opt/ros/humble/lib/x86_64-linux-gnu:/opt/ros/humble/lib:/usr/local/cuda-12.4.0/lib64:/usr/local/cuda-12.4.0/lib64 PYTHONPATH=/home/men3m/Naima/install/zed_topic_benchmark_interfaces/local/lib/python3.10/dist-packages:${PYTHONPATH} /usr/bin/cmake --build /home/men3m/Naima/build/zed_topic_benchmark -- -j16 -l16
[1.061s] [ 50%] [32mBuilding CXX object CMakeFiles/zed_topic_benchmark.dir/src/topic_benchmark_container.cpp.o[0m
[3.494s] [100%] [32m[1mLinking CXX executable zed_topic_benchmark[0m
[3.613s] [100%] Built target zed_topic_benchmark
[3.623s] Invoked command in '/home/men3m/Naima/build/zed_topic_benchmark' returned '0': AMENT_PREFIX_PATH=/home/men3m/Naima/install/zed_topic_benchmark_component:/home/men3m/Naima/install/zed_topic_benchmark_interfaces:${AMENT_PREFIX_PATH} CMAKE_PREFIX_PATH=/home/men3m/Naima/install/zed_topic_benchmark_component:/home/men3m/Naima/install/zed_topic_benchmark_interfaces:/opt/ros/humble LD_LIBRARY_PATH=/home/men3m/Naima/install/zed_topic_benchmark_component/lib:/home/men3m/Naima/install/zed_topic_benchmark_interfaces/lib:/usr/lib/x86_64-linux-gnu/gazebo-11/plugins:/opt/ros/humble/opt/rviz_ogre_vendor/lib:/opt/ros/humble/lib/x86_64-linux-gnu:/opt/ros/humble/lib:/usr/local/cuda-12.4.0/lib64:/usr/local/cuda-12.4.0/lib64 PYTHONPATH=/home/men3m/Naima/install/zed_topic_benchmark_interfaces/local/lib/python3.10/dist-packages:${PYTHONPATH} /usr/bin/cmake --build /home/men3m/Naima/build/zed_topic_benchmark -- -j16 -l16
[3.625s] Invoking command in '/home/men3m/Naima/build/zed_topic_benchmark': AMENT_PREFIX_PATH=/home/men3m/Naima/install/zed_topic_benchmark_component:/home/men3m/Naima/install/zed_topic_benchmark_interfaces:${AMENT_PREFIX_PATH} CMAKE_PREFIX_PATH=/home/men3m/Naima/install/zed_topic_benchmark_component:/home/men3m/Naima/install/zed_topic_benchmark_interfaces:/opt/ros/humble LD_LIBRARY_PATH=/home/men3m/Naima/install/zed_topic_benchmark_component/lib:/home/men3m/Naima/install/zed_topic_benchmark_interfaces/lib:/usr/lib/x86_64-linux-gnu/gazebo-11/plugins:/opt/ros/humble/opt/rviz_ogre_vendor/lib:/opt/ros/humble/lib/x86_64-linux-gnu:/opt/ros/humble/lib:/usr/local/cuda-12.4.0/lib64:/usr/local/cuda-12.4.0/lib64 PYTHONPATH=/home/men3m/Naima/install/zed_topic_benchmark_interfaces/local/lib/python3.10/dist-packages:${PYTHONPATH} /usr/bin/cmake --install /home/men3m/Naima/build/zed_topic_benchmark
[3.632s] -- Install configuration: "Release"
[3.632s] -- Installing: /home/men3m/Naima/install/zed_topic_benchmark/lib/zed_topic_benchmark/zed_topic_benchmark
[3.633s] -- Set runtime path of "/home/men3m/Naima/install/zed_topic_benchmark/lib/zed_topic_benchmark/zed_topic_benchmark" to ""
[3.633s] -- Installing: /home/men3m/Naima/install/zed_topic_benchmark/share/zed_topic_benchmark/launch
[3.633s] -- Installing: /home/men3m/Naima/install/zed_topic_benchmark/share/zed_topic_benchmark/launch/zed_test_ipc.launch.py
[3.633s] -- Installing: /home/men3m/Naima/install/zed_topic_benchmark/share/ament_index/resource_index/package_run_dependencies/zed_topic_benchmark
[3.633s] -- Installing: /home/men3m/Naima/install/zed_topic_benchmark/share/ament_index/resource_index/parent_prefix_path/zed_topic_benchmark
[3.633s] -- Installing: /home/men3m/Naima/install/zed_topic_benchmark/share/zed_topic_benchmark/environment/ament_prefix_path.sh
[3.634s] -- Installing: /home/men3m/Naima/install/zed_topic_benchmark/share/zed_topic_benchmark/environment/ament_prefix_path.dsv
[3.634s] -- Installing: /home/men3m/Naima/install/zed_topic_benchmark/share/zed_topic_benchmark/environment/path.sh
[3.634s] -- Installing: /home/men3m/Naima/install/zed_topic_benchmark/share/zed_topic_benchmark/environment/path.dsv
[3.634s] -- Installing: /home/men3m/Naima/install/zed_topic_benchmark/share/zed_topic_benchmark/local_setup.bash
[3.634s] -- Installing: /home/men3m/Naima/install/zed_topic_benchmark/share/zed_topic_benchmark/local_setup.sh
[3.634s] -- Installing: /home/men3m/Naima/install/zed_topic_benchmark/share/zed_topic_benchmark/local_setup.zsh
[3.635s] -- Installing: /home/men3m/Naima/install/zed_topic_benchmark/share/zed_topic_benchmark/local_setup.dsv
[3.635s] -- Installing: /home/men3m/Naima/install/zed_topic_benchmark/share/zed_topic_benchmark/package.dsv
[3.635s] -- Installing: /home/men3m/Naima/install/zed_topic_benchmark/share/ament_index/resource_index/packages/zed_topic_benchmark
[3.635s] -- Installing: /home/men3m/Naima/install/zed_topic_benchmark/share/zed_topic_benchmark/cmake/zed_topic_benchmarkConfig.cmake
[3.635s] -- Installing: /home/men3m/Naima/install/zed_topic_benchmark/share/zed_topic_benchmark/cmake/zed_topic_benchmarkConfig-version.cmake
[3.635s] -- Installing: /home/men3m/Naima/install/zed_topic_benchmark/share/zed_topic_benchmark/package.xml
[3.637s] Invoked command in '/home/men3m/Naima/build/zed_topic_benchmark' returned '0': AMENT_PREFIX_PATH=/home/men3m/Naima/install/zed_topic_benchmark_component:/home/men3m/Naima/install/zed_topic_benchmark_interfaces:${AMENT_PREFIX_PATH} CMAKE_PREFIX_PATH=/home/men3m/Naima/install/zed_topic_benchmark_component:/home/men3m/Naima/install/zed_topic_benchmark_interfaces:/opt/ros/humble LD_LIBRARY_PATH=/home/men3m/Naima/install/zed_topic_benchmark_component/lib:/home/men3m/Naima/install/zed_topic_benchmark_interfaces/lib:/usr/lib/x86_64-linux-gnu/gazebo-11/plugins:/opt/ros/humble/opt/rviz_ogre_vendor/lib:/opt/ros/humble/lib/x86_64-linux-gnu:/opt/ros/humble/lib:/usr/local/cuda-12.4.0/lib64:/usr/local/cuda-12.4.0/lib64 PYTHONPATH=/home/men3m/Naima/install/zed_topic_benchmark_interfaces/local/lib/python3.10/dist-packages:${PYTHONPATH} /usr/bin/cmake --install /home/men3m/Naima/build/zed_topic_benchmark
