[0.010s] Invoking command in '/home/men3m/Naima/build/zed_ipc': AMENT_PREFIX_PATH=/home/men3m/Naima/install/zed_multi_camera:/home/men3m/Naima/install/zed_wrapper:/home/men3m/Naima/install/zed_components:${AMENT_PREFIX_PATH} CMAKE_PREFIX_PATH=/home/men3m/Naima/install/zed_multi_camera:/home/men3m/Naima/install/zed_wrapper:/home/men3m/Naima/install/zed_components:/opt/ros/humble LD_LIBRARY_PATH=/home/men3m/Naima/install/zed_components/lib:/usr/lib/x86_64-linux-gnu/gazebo-11/plugins:/opt/ros/humble/opt/rviz_ogre_vendor/lib:/opt/ros/humble/lib/x86_64-linux-gnu:/opt/ros/humble/lib:/usr/local/cuda-12.4.0/lib64:/usr/local/cuda-12.4.0/lib64 /usr/bin/cmake /home/men3m/Naima/src/zed-ros2-examples/tutorials/zed_ipc -DCMAKE_INSTALL_PREFIX=/home/men3m/Naima/install/zed_ipc
[0.061s] -- The C compiler identification is GNU 11.4.0
[0.115s] -- The CXX compiler identification is GNU 11.4.0
[0.121s] -- Detecting C compiler ABI info
[0.189s] -- Detecting C compiler ABI info - done
[0.193s] -- Check for working C compiler: /usr/bin/cc - skipped
[0.194s] -- Detecting C compile features
[0.194s] -- Detecting C compile features - done
[0.197s] -- Detecting CXX compiler ABI info
[0.270s] -- Detecting CXX compiler ABI info - done
[0.278s] -- Check for working CXX compiler: /usr/bin/c++ - skipped
[0.279s] -- Detecting CXX compile features
[0.279s] -- Detecting CXX compile features - done
[0.282s] -- Found ament_cmake_auto: 1.3.11 (/opt/ros/humble/share/ament_cmake_auto/cmake)
[0.426s] -- Found Python3: /usr/bin/python3 (found version "3.10.12") found components: Interpreter 
[0.627s] -- Found rosidl_generator_c: 3.1.6 (/opt/ros/humble/share/rosidl_generator_c/cmake)
[0.634s] -- Found rosidl_adapter: 3.1.6 (/opt/ros/humble/share/rosidl_adapter/cmake)
[0.644s] -- Found rosidl_generator_cpp: 3.1.6 (/opt/ros/humble/share/rosidl_generator_cpp/cmake)
[0.656s] -- Using all available rosidl_typesupport_c: rosidl_typesupport_fastrtps_c;rosidl_typesupport_introspection_c
[0.671s] -- Using all available rosidl_typesupport_cpp: rosidl_typesupport_fastrtps_cpp;rosidl_typesupport_introspection_cpp
[0.713s] -- Found rmw_implementation_cmake: 6.1.2 (/opt/ros/humble/share/rmw_implementation_cmake/cmake)
[0.716s] -- Found rmw_cyclonedds_cpp: 1.3.4 (/opt/ros/humble/share/rmw_cyclonedds_cpp/cmake)
[0.735s] -- Using RMW implementation 'rmw_cyclonedds_cpp' as default
[0.744s] -- Looking for pthread.h
[0.810s] -- Looking for pthread.h - found
[0.811s] -- Performing Test CMAKE_HAVE_LIBC_PTHREAD
[0.879s] -- Performing Test CMAKE_HAVE_LIBC_PTHREAD - Success
[0.880s] -- Found Threads: TRUE  
[0.978s] -- Found ament_lint_auto: 0.12.12 (/opt/ros/humble/share/ament_lint_auto/cmake)
[1.006s] -- Added test 'copyright' to check source files copyright and LICENSE
[1.007s] -- Added test 'cppcheck' to perform static code analysis on C / C++ code
[1.008s] -- Configured cppcheck include dirs: /home/men3m/Naima/src/zed-ros2-examples/tutorials/zed_ipc/src/include;/home/men3m/Naima/src/zed-ros2-examples/tutorials/zed_ipc/src/component/include;/home/men3m/Naima/src/zed-ros2-examples/tutorials/zed_ipc/src/components/include
[1.008s] -- Configured cppcheck exclude dirs and/or files: 
[1.009s] -- Added test 'cpplint' to check C / C++ code against the Google style
[1.009s] -- Configured cpplint exclude dirs and/or files: 
[1.010s] -- Added test 'flake8' to check Python code syntax and style conventions
[1.010s] -- Added test 'lint_cmake' to check CMake code style
[1.011s] -- Added test 'pep257' to check Python code against some of the docstring style conventions in PEP 257
[1.012s] -- Added test 'uncrustify' to check C / C++ code style
[1.012s] -- Configured uncrustify additional arguments: 
[1.013s] -- Added test 'xmllint' to check XML markup files
[1.014s] -- Added test 'clang_format' to check C / C++ code style
[1.017s] -- Configuring done
[1.027s] -- Generating done
[1.031s] -- Build files have been written to: /home/men3m/Naima/build/zed_ipc
[1.038s] Invoked command in '/home/men3m/Naima/build/zed_ipc' returned '0': AMENT_PREFIX_PATH=/home/men3m/Naima/install/zed_multi_camera:/home/men3m/Naima/install/zed_wrapper:/home/men3m/Naima/install/zed_components:${AMENT_PREFIX_PATH} CMAKE_PREFIX_PATH=/home/men3m/Naima/install/zed_multi_camera:/home/men3m/Naima/install/zed_wrapper:/home/men3m/Naima/install/zed_components:/opt/ros/humble LD_LIBRARY_PATH=/home/men3m/Naima/install/zed_components/lib:/usr/lib/x86_64-linux-gnu/gazebo-11/plugins:/opt/ros/humble/opt/rviz_ogre_vendor/lib:/opt/ros/humble/lib/x86_64-linux-gnu:/opt/ros/humble/lib:/usr/local/cuda-12.4.0/lib64:/usr/local/cuda-12.4.0/lib64 /usr/bin/cmake /home/men3m/Naima/src/zed-ros2-examples/tutorials/zed_ipc -DCMAKE_INSTALL_PREFIX=/home/men3m/Naima/install/zed_ipc
[1.040s] Invoking command in '/home/men3m/Naima/build/zed_ipc': AMENT_PREFIX_PATH=/home/men3m/Naima/install/zed_multi_camera:/home/men3m/Naima/install/zed_wrapper:/home/men3m/Naima/install/zed_components:${AMENT_PREFIX_PATH} CMAKE_PREFIX_PATH=/home/men3m/Naima/install/zed_multi_camera:/home/men3m/Naima/install/zed_wrapper:/home/men3m/Naima/install/zed_components:/opt/ros/humble LD_LIBRARY_PATH=/home/men3m/Naima/install/zed_components/lib:/usr/lib/x86_64-linux-gnu/gazebo-11/plugins:/opt/ros/humble/opt/rviz_ogre_vendor/lib:/opt/ros/humble/lib/x86_64-linux-gnu:/opt/ros/humble/lib:/usr/local/cuda-12.4.0/lib64:/usr/local/cuda-12.4.0/lib64 /usr/bin/cmake --build /home/men3m/Naima/build/zed_ipc -- -j16 -l16
[1.086s] [ 33%] [32mBuilding CXX object CMakeFiles/pointcloud_component.dir/src/components/src/winavg.cpp.o[0m
[1.086s] [ 66%] [32mBuilding CXX object CMakeFiles/pointcloud_component.dir/src/components/src/pointcloud_component.cpp.o[0m
[9.009s] [100%] [32m[1mLinking CXX shared library libpointcloud_component.so[0m
[9.173s] [100%] Built target pointcloud_component
[9.191s] Invoked command in '/home/men3m/Naima/build/zed_ipc' returned '0': AMENT_PREFIX_PATH=/home/men3m/Naima/install/zed_multi_camera:/home/men3m/Naima/install/zed_wrapper:/home/men3m/Naima/install/zed_components:${AMENT_PREFIX_PATH} CMAKE_PREFIX_PATH=/home/men3m/Naima/install/zed_multi_camera:/home/men3m/Naima/install/zed_wrapper:/home/men3m/Naima/install/zed_components:/opt/ros/humble LD_LIBRARY_PATH=/home/men3m/Naima/install/zed_components/lib:/usr/lib/x86_64-linux-gnu/gazebo-11/plugins:/opt/ros/humble/opt/rviz_ogre_vendor/lib:/opt/ros/humble/lib/x86_64-linux-gnu:/opt/ros/humble/lib:/usr/local/cuda-12.4.0/lib64:/usr/local/cuda-12.4.0/lib64 /usr/bin/cmake --build /home/men3m/Naima/build/zed_ipc -- -j16 -l16
[9.193s] Invoking command in '/home/men3m/Naima/build/zed_ipc': AMENT_PREFIX_PATH=/home/men3m/Naima/install/zed_multi_camera:/home/men3m/Naima/install/zed_wrapper:/home/men3m/Naima/install/zed_components:${AMENT_PREFIX_PATH} CMAKE_PREFIX_PATH=/home/men3m/Naima/install/zed_multi_camera:/home/men3m/Naima/install/zed_wrapper:/home/men3m/Naima/install/zed_components:/opt/ros/humble LD_LIBRARY_PATH=/home/men3m/Naima/install/zed_components/lib:/usr/lib/x86_64-linux-gnu/gazebo-11/plugins:/opt/ros/humble/opt/rviz_ogre_vendor/lib:/opt/ros/humble/lib/x86_64-linux-gnu:/opt/ros/humble/lib:/usr/local/cuda-12.4.0/lib64:/usr/local/cuda-12.4.0/lib64 /usr/bin/cmake --install /home/men3m/Naima/build/zed_ipc
[9.205s] -- Install configuration: "Release"
[9.205s] -- Installing: /home/men3m/Naima/install/zed_ipc/lib/libpointcloud_component.so
[9.209s] -- Set runtime path of "/home/men3m/Naima/install/zed_ipc/lib/libpointcloud_component.so" to ""
[9.210s] -- Installing: /home/men3m/Naima/install/zed_ipc/include/zed_ipc/
[9.210s] -- Installing: /home/men3m/Naima/install/zed_ipc/include/zed_ipc//ipc_visibility_control.hpp
[9.210s] -- Up-to-date: /home/men3m/Naima/install/zed_ipc/include/zed_ipc/
[9.211s] -- Installing: /home/men3m/Naima/install/zed_ipc/include/zed_ipc//winavg.hpp
[9.211s] -- Installing: /home/men3m/Naima/install/zed_ipc/include/zed_ipc//pointcloud_component.hpp
[9.211s] -- Installing: /home/men3m/Naima/install/zed_ipc/share/zed_ipc/launch
[9.211s] -- Installing: /home/men3m/Naima/install/zed_ipc/share/zed_ipc/launch/zed_ipc.launch.py
[9.211s] -- Installing: /home/men3m/Naima/install/zed_ipc/share/zed_ipc/environment/library_path.sh
[9.211s] -- Installing: /home/men3m/Naima/install/zed_ipc/share/zed_ipc/environment/library_path.dsv
[9.212s] -- Installing: /home/men3m/Naima/install/zed_ipc/share/ament_index/resource_index/package_run_dependencies/zed_ipc
[9.212s] -- Installing: /home/men3m/Naima/install/zed_ipc/share/ament_index/resource_index/parent_prefix_path/zed_ipc
[9.212s] -- Installing: /home/men3m/Naima/install/zed_ipc/share/zed_ipc/environment/ament_prefix_path.sh
[9.212s] -- Installing: /home/men3m/Naima/install/zed_ipc/share/zed_ipc/environment/ament_prefix_path.dsv
[9.213s] -- Installing: /home/men3m/Naima/install/zed_ipc/share/zed_ipc/environment/path.sh
[9.213s] -- Installing: /home/men3m/Naima/install/zed_ipc/share/zed_ipc/environment/path.dsv
[9.213s] -- Installing: /home/men3m/Naima/install/zed_ipc/share/zed_ipc/local_setup.bash
[9.213s] -- Installing: /home/men3m/Naima/install/zed_ipc/share/zed_ipc/local_setup.sh
[9.214s] -- Installing: /home/men3m/Naima/install/zed_ipc/share/zed_ipc/local_setup.zsh
[9.214s] -- Installing: /home/men3m/Naima/install/zed_ipc/share/zed_ipc/local_setup.dsv
[9.214s] -- Installing: /home/men3m/Naima/install/zed_ipc/share/zed_ipc/package.dsv
[9.215s] -- Installing: /home/men3m/Naima/install/zed_ipc/share/ament_index/resource_index/packages/zed_ipc
[9.215s] -- Installing: /home/men3m/Naima/install/zed_ipc/share/ament_index/resource_index/rclcpp_components/zed_ipc
[9.216s] -- Installing: /home/men3m/Naima/install/zed_ipc/share/zed_ipc/cmake/ament_cmake_export_include_directories-extras.cmake
[9.216s] -- Installing: /home/men3m/Naima/install/zed_ipc/share/zed_ipc/cmake/ament_cmake_export_libraries-extras.cmake
[9.216s] -- Installing: /home/men3m/Naima/install/zed_ipc/share/zed_ipc/cmake/ament_cmake_export_dependencies-extras.cmake
[9.216s] -- Installing: /home/men3m/Naima/install/zed_ipc/share/zed_ipc/cmake/zed_ipcConfig.cmake
[9.217s] -- Installing: /home/men3m/Naima/install/zed_ipc/share/zed_ipc/cmake/zed_ipcConfig-version.cmake
[9.217s] -- Installing: /home/men3m/Naima/install/zed_ipc/share/zed_ipc/package.xml
[9.220s] Invoked command in '/home/men3m/Naima/build/zed_ipc' returned '0': AMENT_PREFIX_PATH=/home/men3m/Naima/install/zed_multi_camera:/home/men3m/Naima/install/zed_wrapper:/home/men3m/Naima/install/zed_components:${AMENT_PREFIX_PATH} CMAKE_PREFIX_PATH=/home/men3m/Naima/install/zed_multi_camera:/home/men3m/Naima/install/zed_wrapper:/home/men3m/Naima/install/zed_components:/opt/ros/humble LD_LIBRARY_PATH=/home/men3m/Naima/install/zed_components/lib:/usr/lib/x86_64-linux-gnu/gazebo-11/plugins:/opt/ros/humble/opt/rviz_ogre_vendor/lib:/opt/ros/humble/lib/x86_64-linux-gnu:/opt/ros/humble/lib:/usr/local/cuda-12.4.0/lib64:/usr/local/cuda-12.4.0/lib64 /usr/bin/cmake --install /home/men3m/Naima/build/zed_ipc
