-- Install configuration: ""
-- Up-to-date: /home/men3m/Naima/install/naima_mapping/share/naima_mapping/maps
-- Up-to-date: /home/men3m/Naima/install/naima_mapping/share/naima_mapping/maps/map3
-- Up-to-date: /home/men3m/Naima/install/naima_mapping/share/naima_mapping/maps/map3/eru.pgm
-- Up-to-date: /home/men3m/Naima/install/naima_mapping/share/naima_mapping/maps/map3/map.yaml
-- Up-to-date: /home/men3m/Naima/install/naima_mapping/share/naima_mapping/maps/map3/nile.pgm
-- Up-to-date: /home/men3m/Naima/install/naima_mapping/share/naima_mapping/maps/map1
-- Up-to-date: /home/men3m/Naima/install/naima_mapping/share/naima_mapping/maps/map1/map.pgm
-- Up-to-date: /home/men3m/Naima/install/naima_mapping/share/naima_mapping/maps/map1/map.yaml
-- Up-to-date: /home/men3m/Naima/install/naima_mapping/share/naima_mapping/maps/map2
-- Up-to-date: /home/men3m/Naima/install/naima_mapping/share/naima_mapping/maps/map2/map.pgm
-- Up-to-date: /home/men3m/Naima/install/naima_mapping/share/naima_mapping/maps/map2/map.yaml
-- Up-to-date: /home/men3m/Naima/install/naima_mapping/share/naima_mapping/maps/map4
-- Up-to-date: /home/men3m/Naima/install/naima_mapping/share/ament_index/resource_index/package_run_dependencies/naima_mapping
-- Up-to-date: /home/men3m/Naima/install/naima_mapping/share/ament_index/resource_index/parent_prefix_path/naima_mapping
-- Up-to-date: /home/men3m/Naima/install/naima_mapping/share/naima_mapping/environment/ament_prefix_path.sh
-- Up-to-date: /home/men3m/Naima/install/naima_mapping/share/naima_mapping/environment/ament_prefix_path.dsv
-- Up-to-date: /home/men3m/Naima/install/naima_mapping/share/naima_mapping/environment/path.sh
-- Up-to-date: /home/men3m/Naima/install/naima_mapping/share/naima_mapping/environment/path.dsv
-- Up-to-date: /home/men3m/Naima/install/naima_mapping/share/naima_mapping/local_setup.bash
-- Up-to-date: /home/men3m/Naima/install/naima_mapping/share/naima_mapping/local_setup.sh
-- Up-to-date: /home/men3m/Naima/install/naima_mapping/share/naima_mapping/local_setup.zsh
-- Up-to-date: /home/men3m/Naima/install/naima_mapping/share/naima_mapping/local_setup.dsv
-- Up-to-date: /home/men3m/Naima/install/naima_mapping/share/naima_mapping/package.dsv
-- Up-to-date: /home/men3m/Naima/install/naima_mapping/share/ament_index/resource_index/packages/naima_mapping
-- Up-to-date: /home/men3m/Naima/install/naima_mapping/share/naima_mapping/cmake/naima_mappingConfig.cmake
-- Up-to-date: /home/men3m/Naima/install/naima_mapping/share/naima_mapping/cmake/naima_mappingConfig-version.cmake
-- Up-to-date: /home/men3m/Naima/install/naima_mapping/share/naima_mapping/package.xml
