-- The C compiler identification is GNU 11.4.0
-- The CXX compiler identification is GNU 11.4.0
-- Detecting C compiler ABI info
-- Detecting C compiler ABI info - done
-- Check for working C compiler: /usr/bin/cc - skipped
-- Detecting C compile features
-- Detecting C compile features - done
-- Detecting CXX compiler ABI info
-- Detecting CXX compiler ABI info - done
-- Check for working CXX compiler: /usr/bin/c++ - skipped
-- Detecting CXX compile features
-- Detecting CXX compile features - done
-- Found ament_cmake_auto: 1.3.11 (/opt/ros/humble/share/ament_cmake_auto/cmake)
-- Found Python3: /usr/bin/python3 (found version "3.10.12") found components: Interpreter 
-- Found rosidl_generator_c: 3.1.6 (/opt/ros/humble/share/rosidl_generator_c/cmake)
-- Found rosidl_adapter: 3.1.6 (/opt/ros/humble/share/rosidl_adapter/cmake)
-- Found rosidl_generator_cpp: 3.1.6 (/opt/ros/humble/share/rosidl_generator_cpp/cmake)
-- Using all available rosidl_typesupport_c: rosidl_typesupport_fastrtps_c;rosidl_typesupport_introspection_c
-- Using all available rosidl_typesupport_cpp: rosidl_typesupport_fastrtps_cpp;rosidl_typesupport_introspection_cpp
-- Found rmw_implementation_cmake: 6.1.2 (/opt/ros/humble/share/rmw_implementation_cmake/cmake)
-- Found rmw_cyclonedds_cpp: 1.3.4 (/opt/ros/humble/share/rmw_cyclonedds_cpp/cmake)
-- Using RMW implementation 'rmw_cyclonedds_cpp' as default
-- Looking for pthread.h
-- Looking for pthread.h - found
-- Performing Test CMAKE_HAVE_LIBC_PTHREAD
-- Performing Test CMAKE_HAVE_LIBC_PTHREAD - Success
-- Found Threads: TRUE  
-- Found ament_lint_auto: 0.12.12 (/opt/ros/humble/share/ament_lint_auto/cmake)
-- Configuring done
-- Generating done
-- Build files have been written to: /home/men3m/Naima/build/zed_tutorial_video
[ 50%] [32mBuilding CXX object CMakeFiles/zed_tutorial_video.dir/src/zed_video_sub_tutorial.cpp.o[0m
[100%] [32m[1mLinking CXX executable zed_tutorial_video[0m
[100%] Built target zed_tutorial_video
-- Install configuration: "Release"
-- Installing: /home/men3m/Naima/install/zed_tutorial_video/lib/zed_tutorial_video/zed_tutorial_video
-- Set runtime path of "/home/men3m/Naima/install/zed_tutorial_video/lib/zed_tutorial_video/zed_tutorial_video" to ""
-- Installing: /home/men3m/Naima/install/zed_tutorial_video/share/ament_index/resource_index/package_run_dependencies/zed_tutorial_video
-- Installing: /home/men3m/Naima/install/zed_tutorial_video/share/ament_index/resource_index/parent_prefix_path/zed_tutorial_video
-- Installing: /home/men3m/Naima/install/zed_tutorial_video/share/zed_tutorial_video/environment/ament_prefix_path.sh
-- Installing: /home/men3m/Naima/install/zed_tutorial_video/share/zed_tutorial_video/environment/ament_prefix_path.dsv
-- Installing: /home/men3m/Naima/install/zed_tutorial_video/share/zed_tutorial_video/environment/path.sh
-- Installing: /home/men3m/Naima/install/zed_tutorial_video/share/zed_tutorial_video/environment/path.dsv
-- Installing: /home/men3m/Naima/install/zed_tutorial_video/share/zed_tutorial_video/local_setup.bash
-- Installing: /home/men3m/Naima/install/zed_tutorial_video/share/zed_tutorial_video/local_setup.sh
-- Installing: /home/men3m/Naima/install/zed_tutorial_video/share/zed_tutorial_video/local_setup.zsh
-- Installing: /home/men3m/Naima/install/zed_tutorial_video/share/zed_tutorial_video/local_setup.dsv
-- Installing: /home/men3m/Naima/install/zed_tutorial_video/share/zed_tutorial_video/package.dsv
-- Installing: /home/men3m/Naima/install/zed_tutorial_video/share/ament_index/resource_index/packages/zed_tutorial_video
-- Installing: /home/men3m/Naima/install/zed_tutorial_video/share/zed_tutorial_video/cmake/zed_tutorial_videoConfig.cmake
-- Installing: /home/men3m/Naima/install/zed_tutorial_video/share/zed_tutorial_video/cmake/zed_tutorial_videoConfig-version.cmake
-- Installing: /home/men3m/Naima/install/zed_tutorial_video/share/zed_tutorial_video/package.xml
