[0.006s] Invoking command in '/home/men3m/Naima/build/zed_tutorial_video': CMAKE_PREFIX_PATH=/opt/ros/humble /usr/bin/cmake /home/men3m/Naima/src/zed-ros2-examples/tutorials/zed_video_tutorial -DCMAKE_INSTALL_PREFIX=/home/men3m/Naima/install/zed_tutorial_video
[0.053s] -- The C compiler identification is GNU 11.4.0
[0.104s] -- The CXX compiler identification is GNU 11.4.0
[0.111s] -- Detecting C compiler ABI info
[0.175s] -- Detecting C compiler ABI info - done
[0.182s] -- Check for working C compiler: /usr/bin/cc - skipped
[0.182s] -- Detecting C compile features
[0.182s] -- Detecting C compile features - done
[0.185s] -- Detecting CXX compiler ABI info
[0.258s] -- Detecting CXX compiler ABI info - done
[0.265s] -- Check for working CXX compiler: /usr/bin/c++ - skipped
[0.266s] -- Detecting CXX compile features
[0.266s] -- Detecting CXX compile features - done
[0.269s] -- Found ament_cmake_auto: 1.3.11 (/opt/ros/humble/share/ament_cmake_auto/cmake)
[0.393s] -- Found Python3: /usr/bin/python3 (found version "3.10.12") found components: Interpreter 
[0.581s] -- Found rosidl_generator_c: 3.1.6 (/opt/ros/humble/share/rosidl_generator_c/cmake)
[0.587s] -- Found rosidl_adapter: 3.1.6 (/opt/ros/humble/share/rosidl_adapter/cmake)
[0.597s] -- Found rosidl_generator_cpp: 3.1.6 (/opt/ros/humble/share/rosidl_generator_cpp/cmake)
[0.609s] -- Using all available rosidl_typesupport_c: rosidl_typesupport_fastrtps_c;rosidl_typesupport_introspection_c
[0.623s] -- Using all available rosidl_typesupport_cpp: rosidl_typesupport_fastrtps_cpp;rosidl_typesupport_introspection_cpp
[0.663s] -- Found rmw_implementation_cmake: 6.1.2 (/opt/ros/humble/share/rmw_implementation_cmake/cmake)
[0.665s] -- Found rmw_cyclonedds_cpp: 1.3.4 (/opt/ros/humble/share/rmw_cyclonedds_cpp/cmake)
[0.683s] -- Using RMW implementation 'rmw_cyclonedds_cpp' as default
[0.691s] -- Looking for pthread.h
[0.765s] -- Looking for pthread.h - found
[0.765s] -- Performing Test CMAKE_HAVE_LIBC_PTHREAD
[0.836s] -- Performing Test CMAKE_HAVE_LIBC_PTHREAD - Success
[0.836s] -- Found Threads: TRUE  
[0.917s] -- Found ament_lint_auto: 0.12.12 (/opt/ros/humble/share/ament_lint_auto/cmake)
[0.921s] -- Configuring done
[0.930s] -- Generating done
[0.933s] -- Build files have been written to: /home/men3m/Naima/build/zed_tutorial_video
[0.940s] Invoked command in '/home/men3m/Naima/build/zed_tutorial_video' returned '0': CMAKE_PREFIX_PATH=/opt/ros/humble /usr/bin/cmake /home/men3m/Naima/src/zed-ros2-examples/tutorials/zed_video_tutorial -DCMAKE_INSTALL_PREFIX=/home/men3m/Naima/install/zed_tutorial_video
[0.942s] Invoking command in '/home/men3m/Naima/build/zed_tutorial_video': CMAKE_PREFIX_PATH=/opt/ros/humble /usr/bin/cmake --build /home/men3m/Naima/build/zed_tutorial_video -- -j16 -l16
[0.992s] [ 50%] [32mBuilding CXX object CMakeFiles/zed_tutorial_video.dir/src/zed_video_sub_tutorial.cpp.o[0m
[11.732s] [100%] [32m[1mLinking CXX executable zed_tutorial_video[0m
[11.884s] [100%] Built target zed_tutorial_video
[11.896s] Invoked command in '/home/men3m/Naima/build/zed_tutorial_video' returned '0': CMAKE_PREFIX_PATH=/opt/ros/humble /usr/bin/cmake --build /home/men3m/Naima/build/zed_tutorial_video -- -j16 -l16
[11.899s] Invoking command in '/home/men3m/Naima/build/zed_tutorial_video': CMAKE_PREFIX_PATH=/opt/ros/humble /usr/bin/cmake --install /home/men3m/Naima/build/zed_tutorial_video
[11.906s] -- Install configuration: "Release"
[11.906s] -- Installing: /home/men3m/Naima/install/zed_tutorial_video/lib/zed_tutorial_video/zed_tutorial_video
[11.908s] -- Set runtime path of "/home/men3m/Naima/install/zed_tutorial_video/lib/zed_tutorial_video/zed_tutorial_video" to ""
[11.908s] -- Installing: /home/men3m/Naima/install/zed_tutorial_video/share/ament_index/resource_index/package_run_dependencies/zed_tutorial_video
[11.908s] -- Installing: /home/men3m/Naima/install/zed_tutorial_video/share/ament_index/resource_index/parent_prefix_path/zed_tutorial_video
[11.908s] -- Installing: /home/men3m/Naima/install/zed_tutorial_video/share/zed_tutorial_video/environment/ament_prefix_path.sh
[11.909s] -- Installing: /home/men3m/Naima/install/zed_tutorial_video/share/zed_tutorial_video/environment/ament_prefix_path.dsv
[11.909s] -- Installing: /home/men3m/Naima/install/zed_tutorial_video/share/zed_tutorial_video/environment/path.sh
[11.909s] -- Installing: /home/men3m/Naima/install/zed_tutorial_video/share/zed_tutorial_video/environment/path.dsv
[11.909s] -- Installing: /home/men3m/Naima/install/zed_tutorial_video/share/zed_tutorial_video/local_setup.bash
[11.909s] -- Installing: /home/men3m/Naima/install/zed_tutorial_video/share/zed_tutorial_video/local_setup.sh
[11.909s] -- Installing: /home/men3m/Naima/install/zed_tutorial_video/share/zed_tutorial_video/local_setup.zsh
[11.910s] -- Installing: /home/men3m/Naima/install/zed_tutorial_video/share/zed_tutorial_video/local_setup.dsv
[11.910s] -- Installing: /home/men3m/Naima/install/zed_tutorial_video/share/zed_tutorial_video/package.dsv
[11.910s] -- Installing: /home/men3m/Naima/install/zed_tutorial_video/share/ament_index/resource_index/packages/zed_tutorial_video
[11.910s] -- Installing: /home/men3m/Naima/install/zed_tutorial_video/share/zed_tutorial_video/cmake/zed_tutorial_videoConfig.cmake
[11.910s] -- Installing: /home/men3m/Naima/install/zed_tutorial_video/share/zed_tutorial_video/cmake/zed_tutorial_videoConfig-version.cmake
[11.910s] -- Installing: /home/men3m/Naima/install/zed_tutorial_video/share/zed_tutorial_video/package.xml
[11.912s] Invoked command in '/home/men3m/Naima/build/zed_tutorial_video' returned '0': CMAKE_PREFIX_PATH=/opt/ros/humble /usr/bin/cmake --install /home/men3m/Naima/build/zed_tutorial_video
