[0.007s] Invoking command in '/home/men3m/Naima/build/rviz_plugin_zed_od': CMAKE_PREFIX_PATH=/opt/ros/humble /usr/bin/cmake --build /home/men3m/Naima/build/rviz_plugin_zed_od -- -j16 -l16
[0.055s] [ 20%] [34m[1mAutomatic MOC and UIC for target rviz_plugin_zed_od[0m
[0.079s] [ 20%] Built target rviz_plugin_zed_od_autogen
[0.090s] [35m[1mConsolidate compiler generated dependencies of target rviz_plugin_zed_od[0m
[0.118s] [100%] Built target rviz_plugin_zed_od
[0.128s] Invoked command in '/home/men3m/Naima/build/rviz_plugin_zed_od' returned '0': CMAKE_PREFIX_PATH=/opt/ros/humble /usr/bin/cmake --build /home/men3m/Naima/build/rviz_plugin_zed_od -- -j16 -l16
[0.131s] Invoking command in '/home/men3m/Naima/build/rviz_plugin_zed_od': CMAKE_PREFIX_PATH=/opt/ros/humble /usr/bin/cmake --install /home/men3m/Naima/build/rviz_plugin_zed_od
[0.136s] -- Install configuration: ""
[0.137s] -- Up-to-date: /home/men3m/Naima/install/rviz_plugin_zed_od/share/rviz_plugin_zed_od/plugins_description.xml
[0.137s] -- Up-to-date: /home/men3m/Naima/install/rviz_plugin_zed_od/share/rviz_plugin_zed_od/environment/library_path.sh
[0.137s] -- Up-to-date: /home/men3m/Naima/install/rviz_plugin_zed_od/share/rviz_plugin_zed_od/environment/library_path.dsv
[0.137s] -- Up-to-date: /home/men3m/Naima/install/rviz_plugin_zed_od/lib/librviz_plugin_zed_od.so
[0.137s] -- Up-to-date: /home/men3m/Naima/install/rviz_plugin_zed_od/include/rviz_plugin_zed_od/
[0.137s] -- Up-to-date: /home/men3m/Naima/install/rviz_plugin_zed_od/include/rviz_plugin_zed_od//visibility_control.hpp
[0.137s] -- Up-to-date: /home/men3m/Naima/install/rviz_plugin_zed_od/include/rviz_plugin_zed_od/
[0.137s] -- Up-to-date: /home/men3m/Naima/install/rviz_plugin_zed_od/include/rviz_plugin_zed_od//zed_od_display.hpp
[0.137s] -- Up-to-date: /home/men3m/Naima/install/rviz_plugin_zed_od/include/rviz_plugin_zed_od//zed_body_parts.hpp
[0.137s] -- Up-to-date: /home/men3m/Naima/install/rviz_plugin_zed_od/include/rviz_plugin_zed_od//zed_od_info.hpp
[0.137s] -- Up-to-date: /home/men3m/Naima/install/rviz_plugin_zed_od/share/rviz_plugin_zed_od/icons
[0.137s] -- Up-to-date: /home/men3m/Naima/install/rviz_plugin_zed_od/share/rviz_plugin_zed_od/icons/ZedObjDet.png
[0.137s] -- Up-to-date: /home/men3m/Naima/install/rviz_plugin_zed_od/share/ament_index/resource_index/package_run_dependencies/rviz_plugin_zed_od
[0.138s] -- Up-to-date: /home/men3m/Naima/install/rviz_plugin_zed_od/share/ament_index/resource_index/parent_prefix_path/rviz_plugin_zed_od
[0.138s] -- Up-to-date: /home/men3m/Naima/install/rviz_plugin_zed_od/share/rviz_plugin_zed_od/environment/ament_prefix_path.sh
[0.138s] -- Up-to-date: /home/men3m/Naima/install/rviz_plugin_zed_od/share/rviz_plugin_zed_od/environment/ament_prefix_path.dsv
[0.138s] -- Up-to-date: /home/men3m/Naima/install/rviz_plugin_zed_od/share/rviz_plugin_zed_od/environment/path.sh
[0.138s] -- Up-to-date: /home/men3m/Naima/install/rviz_plugin_zed_od/share/rviz_plugin_zed_od/environment/path.dsv
[0.138s] -- Up-to-date: /home/men3m/Naima/install/rviz_plugin_zed_od/share/rviz_plugin_zed_od/local_setup.bash
[0.138s] -- Up-to-date: /home/men3m/Naima/install/rviz_plugin_zed_od/share/rviz_plugin_zed_od/local_setup.sh
[0.138s] -- Up-to-date: /home/men3m/Naima/install/rviz_plugin_zed_od/share/rviz_plugin_zed_od/local_setup.zsh
[0.138s] -- Up-to-date: /home/men3m/Naima/install/rviz_plugin_zed_od/share/rviz_plugin_zed_od/local_setup.dsv
[0.138s] -- Installing: /home/men3m/Naima/install/rviz_plugin_zed_od/share/rviz_plugin_zed_od/package.dsv
[0.138s] -- Up-to-date: /home/men3m/Naima/install/rviz_plugin_zed_od/share/ament_index/resource_index/packages/rviz_plugin_zed_od
[0.138s] -- Up-to-date: /home/men3m/Naima/install/rviz_plugin_zed_od/share/ament_index/resource_index/rviz_common__pluginlib__plugin/rviz_plugin_zed_od
[0.138s] -- Up-to-date: /home/men3m/Naima/install/rviz_plugin_zed_od/share/rviz_plugin_zed_od/cmake/rviz_plugin_zed_odExport.cmake
[0.138s] -- Up-to-date: /home/men3m/Naima/install/rviz_plugin_zed_od/share/rviz_plugin_zed_od/cmake/rviz_plugin_zed_odExport-noconfig.cmake
[0.138s] -- Up-to-date: /home/men3m/Naima/install/rviz_plugin_zed_od/share/rviz_plugin_zed_od/cmake/ament_cmake_export_include_directories-extras.cmake
[0.138s] -- Up-to-date: /home/men3m/Naima/install/rviz_plugin_zed_od/share/rviz_plugin_zed_od/cmake/ament_cmake_export_targets-extras.cmake
[0.138s] -- Up-to-date: /home/men3m/Naima/install/rviz_plugin_zed_od/share/rviz_plugin_zed_od/cmake/ament_cmake_export_dependencies-extras.cmake
[0.139s] -- Up-to-date: /home/men3m/Naima/install/rviz_plugin_zed_od/share/rviz_plugin_zed_od/cmake/rviz_plugin_zed_odConfig.cmake
[0.139s] -- Up-to-date: /home/men3m/Naima/install/rviz_plugin_zed_od/share/rviz_plugin_zed_od/cmake/rviz_plugin_zed_odConfig-version.cmake
[0.139s] -- Up-to-date: /home/men3m/Naima/install/rviz_plugin_zed_od/share/rviz_plugin_zed_od/package.xml
[0.140s] Invoked command in '/home/men3m/Naima/build/rviz_plugin_zed_od' returned '0': CMAKE_PREFIX_PATH=/opt/ros/humble /usr/bin/cmake --install /home/men3m/Naima/build/rviz_plugin_zed_od
