[0.105s] Invoking command in '/home/men3m/Naima/build/naima_examples': CMAKE_PREFIX_PATH=/home/men3m/Naima/install/naima_msgs:/home/men3m/Naima/install/zed_ros2:/home/men3m/Naima/install/zed_robot_integration:/home/men3m/Naima/install/zed_ipc:/home/men3m/Naima/install/zed_multi_camera:/home/men3m/Naima/install/zed_display_rviz2:/home/men3m/Naima/install/zed_depth_to_laserscan:/home/men3m/Naima/install/zed_wrapper:/home/men3m/Naima/install/zed_tutorial_video:/home/men3m/Naima/install/zed_tutorial_pos_tracking:/home/men3m/Naima/install/zed_tutorial_depth:/home/men3m/Naima/install/zed_topic_benchmark:/home/men3m/Naima/install/zed_topic_benchmark_component:/home/men3m/Naima/install/zed_topic_benchmark_interfaces:/home/men3m/Naima/install/zed_rgb_convert:/home/men3m/Naima/install/zed_aruco_localization:/home/men3m/Naima/install/zed_components:/home/men3m/Naima/install/ublox:/home/men3m/Naima/install/ublox_gps:/home/men3m/Naima/install/ublox_msgs:/home/men3m/Naima/install/ublox_serialization:/home/men3m/Naima/install/rviz_plugin_zed_od:/home/men3m/Naima/install/naima_examples:/home/men3m/Naima/install/naima_mapping:/home/men3m/Naima/install/naima_localization:/home/men3m/Naima/install/naima_description:/home/men3m/Naima/install/naima_control:/home/men3m/Naima/install/naima_bringup:/home/men3m/Naima/install/naima:/opt/ros/humble LD_LIBRARY_PATH=/home/men3m/Naima/install/naima_msgs/lib:/home/men3m/Naima/install/zed_ipc/lib:/home/men3m/Naima/install/zed_topic_benchmark_component/lib:/home/men3m/Naima/install/zed_topic_benchmark_interfaces/lib:/home/men3m/Naima/install/zed_rgb_convert/lib:/home/men3m/Naima/install/zed_aruco_localization/lib:/home/men3m/Naima/install/zed_components/lib:/home/men3m/Naima/install/ublox_gps/lib:/home/men3m/Naima/install/ublox_msgs/lib:/home/men3m/Naima/install/rviz_plugin_zed_od/lib:/home/men3m/Naima/install/naima_examples/lib:/usr/lib/x86_64-linux-gnu/gazebo-11/plugins:/opt/ros/humble/opt/rviz_ogre_vendor/lib:/opt/ros/humble/lib/x86_64-linux-gnu:/opt/ros/humble/lib:/usr/local/cuda-12.4.0/lib64:/usr/local/cuda-12.4.0/lib64 /usr/bin/cmake --build /home/men3m/Naima/build/naima_examples -- -j16 -l16
[0.200s] [  7%] Built target simple_turtlesim_kinematics
[0.203s] [ 14%] Built target simple_publisher
[0.205s] [ 21%] Built target simple_parameter
[0.212s] [ 28%] Built target simple_subscriber
[0.213s] [ 35%] Built target simple_service_server
[0.214s] [ 42%] Built target simple_service_client
[0.219s] [ 50%] Built target simple_tf_kinematics
[0.221s] [ 57%] Built target simple_lifecycle_node
[0.238s] [ 64%] Built target simple_action_client
[0.240s] [ 71%] Built target simple_qos_subscriber
[0.242s] [ 78%] Built target simple_qos_publisher
[0.252s] [ 85%] Built target simple_action_server
[0.252s] [ 92%] Built target simple_action_server_node
[0.274s] [100%] Built target simple_action_client_node
[0.362s] Invoked command in '/home/men3m/Naima/build/naima_examples' returned '0': CMAKE_PREFIX_PATH=/home/men3m/Naima/install/naima_msgs:/home/men3m/Naima/install/zed_ros2:/home/men3m/Naima/install/zed_robot_integration:/home/men3m/Naima/install/zed_ipc:/home/men3m/Naima/install/zed_multi_camera:/home/men3m/Naima/install/zed_display_rviz2:/home/men3m/Naima/install/zed_depth_to_laserscan:/home/men3m/Naima/install/zed_wrapper:/home/men3m/Naima/install/zed_tutorial_video:/home/men3m/Naima/install/zed_tutorial_pos_tracking:/home/men3m/Naima/install/zed_tutorial_depth:/home/men3m/Naima/install/zed_topic_benchmark:/home/men3m/Naima/install/zed_topic_benchmark_component:/home/men3m/Naima/install/zed_topic_benchmark_interfaces:/home/men3m/Naima/install/zed_rgb_convert:/home/men3m/Naima/install/zed_aruco_localization:/home/men3m/Naima/install/zed_components:/home/men3m/Naima/install/ublox:/home/men3m/Naima/install/ublox_gps:/home/men3m/Naima/install/ublox_msgs:/home/men3m/Naima/install/ublox_serialization:/home/men3m/Naima/install/rviz_plugin_zed_od:/home/men3m/Naima/install/naima_examples:/home/men3m/Naima/install/naima_mapping:/home/men3m/Naima/install/naima_localization:/home/men3m/Naima/install/naima_description:/home/men3m/Naima/install/naima_control:/home/men3m/Naima/install/naima_bringup:/home/men3m/Naima/install/naima:/opt/ros/humble LD_LIBRARY_PATH=/home/men3m/Naima/install/naima_msgs/lib:/home/men3m/Naima/install/zed_ipc/lib:/home/men3m/Naima/install/zed_topic_benchmark_component/lib:/home/men3m/Naima/install/zed_topic_benchmark_interfaces/lib:/home/men3m/Naima/install/zed_rgb_convert/lib:/home/men3m/Naima/install/zed_aruco_localization/lib:/home/men3m/Naima/install/zed_components/lib:/home/men3m/Naima/install/ublox_gps/lib:/home/men3m/Naima/install/ublox_msgs/lib:/home/men3m/Naima/install/rviz_plugin_zed_od/lib:/home/men3m/Naima/install/naima_examples/lib:/usr/lib/x86_64-linux-gnu/gazebo-11/plugins:/opt/ros/humble/opt/rviz_ogre_vendor/lib:/opt/ros/humble/lib/x86_64-linux-gnu:/opt/ros/humble/lib:/usr/local/cuda-12.4.0/lib64:/usr/local/cuda-12.4.0/lib64 /usr/bin/cmake --build /home/men3m/Naima/build/naima_examples -- -j16 -l16
[0.363s] Invoking command in '/home/men3m/Naima/build/naima_examples': CMAKE_PREFIX_PATH=/home/men3m/Naima/install/naima_msgs:/home/men3m/Naima/install/zed_ros2:/home/men3m/Naima/install/zed_robot_integration:/home/men3m/Naima/install/zed_ipc:/home/men3m/Naima/install/zed_multi_camera:/home/men3m/Naima/install/zed_display_rviz2:/home/men3m/Naima/install/zed_depth_to_laserscan:/home/men3m/Naima/install/zed_wrapper:/home/men3m/Naima/install/zed_tutorial_video:/home/men3m/Naima/install/zed_tutorial_pos_tracking:/home/men3m/Naima/install/zed_tutorial_depth:/home/men3m/Naima/install/zed_topic_benchmark:/home/men3m/Naima/install/zed_topic_benchmark_component:/home/men3m/Naima/install/zed_topic_benchmark_interfaces:/home/men3m/Naima/install/zed_rgb_convert:/home/men3m/Naima/install/zed_aruco_localization:/home/men3m/Naima/install/zed_components:/home/men3m/Naima/install/ublox:/home/men3m/Naima/install/ublox_gps:/home/men3m/Naima/install/ublox_msgs:/home/men3m/Naima/install/ublox_serialization:/home/men3m/Naima/install/rviz_plugin_zed_od:/home/men3m/Naima/install/naima_examples:/home/men3m/Naima/install/naima_mapping:/home/men3m/Naima/install/naima_localization:/home/men3m/Naima/install/naima_description:/home/men3m/Naima/install/naima_control:/home/men3m/Naima/install/naima_bringup:/home/men3m/Naima/install/naima:/opt/ros/humble LD_LIBRARY_PATH=/home/men3m/Naima/install/naima_msgs/lib:/home/men3m/Naima/install/zed_ipc/lib:/home/men3m/Naima/install/zed_topic_benchmark_component/lib:/home/men3m/Naima/install/zed_topic_benchmark_interfaces/lib:/home/men3m/Naima/install/zed_rgb_convert/lib:/home/men3m/Naima/install/zed_aruco_localization/lib:/home/men3m/Naima/install/zed_components/lib:/home/men3m/Naima/install/ublox_gps/lib:/home/men3m/Naima/install/ublox_msgs/lib:/home/men3m/Naima/install/rviz_plugin_zed_od/lib:/home/men3m/Naima/install/naima_examples/lib:/usr/lib/x86_64-linux-gnu/gazebo-11/plugins:/opt/ros/humble/opt/rviz_ogre_vendor/lib:/opt/ros/humble/lib/x86_64-linux-gnu:/opt/ros/humble/lib:/usr/local/cuda-12.4.0/lib64:/usr/local/cuda-12.4.0/lib64 /usr/bin/cmake --install /home/men3m/Naima/build/naima_examples
[0.384s] -- Install configuration: ""
[0.384s] -- Up-to-date: /home/men3m/Naima/install/naima_examples/lib/naima_examples/simple_action_server_node
[0.384s] -- Up-to-date: /home/men3m/Naima/install/naima_examples/lib/naima_examples/simple_action_client_node
[0.384s] -- Up-to-date: /home/men3m/Naima/install/naima_examples/include/include
[0.384s] -- Up-to-date: /home/men3m/Naima/install/naima_examples/include/include/naima_examples
[0.385s] -- Up-to-date: /home/men3m/Naima/install/naima_examples/include/include/naima_examples/simple_tf_kinematics.hpp
[0.385s] -- Up-to-date: /home/men3m/Naima/install/naima_examples/include/include/naima_examples/simple_turtlesim_kinematics.hpp
[0.385s] -- Up-to-date: /home/men3m/Naima/install/naima_examples/lib/naima_examples/simple_publisher
[0.385s] -- Up-to-date: /home/men3m/Naima/install/naima_examples/lib/naima_examples/simple_subscriber
[0.385s] -- Up-to-date: /home/men3m/Naima/install/naima_examples/lib/naima_examples/simple_parameter
[0.385s] -- Up-to-date: /home/men3m/Naima/install/naima_examples/lib/naima_examples/simple_turtlesim_kinematics
[0.385s] -- Up-to-date: /home/men3m/Naima/install/naima_examples/lib/naima_examples/simple_service_server
[0.385s] -- Up-to-date: /home/men3m/Naima/install/naima_examples/lib/naima_examples/simple_service_client
[0.385s] -- Up-to-date: /home/men3m/Naima/install/naima_examples/lib/naima_examples/simple_tf_kinematics
[0.385s] -- Up-to-date: /home/men3m/Naima/install/naima_examples/lib/naima_examples/simple_lifecycle_node
[0.386s] -- Up-to-date: /home/men3m/Naima/install/naima_examples/lib/naima_examples/simple_qos_publisher
[0.386s] -- Up-to-date: /home/men3m/Naima/install/naima_examples/lib/naima_examples/simple_qos_subscriber
[0.386s] -- Up-to-date: /home/men3m/Naima/install/naima_examples/lib/libsimple_action_server.so
[0.386s] -- Up-to-date: /home/men3m/Naima/install/naima_examples/lib/libsimple_action_client.so
[0.386s] -- Up-to-date: /home/men3m/Naima/install/naima_examples/share/ament_index/resource_index/package_run_dependencies/naima_examples
[0.386s] -- Up-to-date: /home/men3m/Naima/install/naima_examples/share/ament_index/resource_index/parent_prefix_path/naima_examples
[0.386s] -- Up-to-date: /home/men3m/Naima/install/naima_examples/share/naima_examples/environment/ament_prefix_path.sh
[0.386s] -- Up-to-date: /home/men3m/Naima/install/naima_examples/share/naima_examples/environment/ament_prefix_path.dsv
[0.386s] -- Up-to-date: /home/men3m/Naima/install/naima_examples/share/naima_examples/environment/path.sh
[0.386s] -- Up-to-date: /home/men3m/Naima/install/naima_examples/share/naima_examples/environment/path.dsv
[0.386s] -- Up-to-date: /home/men3m/Naima/install/naima_examples/share/naima_examples/local_setup.bash
[0.387s] -- Up-to-date: /home/men3m/Naima/install/naima_examples/share/naima_examples/local_setup.sh
[0.387s] -- Up-to-date: /home/men3m/Naima/install/naima_examples/share/naima_examples/local_setup.zsh
[0.387s] -- Up-to-date: /home/men3m/Naima/install/naima_examples/share/naima_examples/local_setup.dsv
[0.387s] -- Installing: /home/men3m/Naima/install/naima_examples/share/naima_examples/package.dsv
[0.387s] -- Up-to-date: /home/men3m/Naima/install/naima_examples/share/ament_index/resource_index/packages/naima_examples
[0.387s] -- Up-to-date: /home/men3m/Naima/install/naima_examples/share/ament_index/resource_index/rclcpp_components/naima_examples
[0.387s] -- Up-to-date: /home/men3m/Naima/install/naima_examples/share/naima_examples/cmake/naima_examplesConfig.cmake
[0.387s] -- Up-to-date: /home/men3m/Naima/install/naima_examples/share/naima_examples/cmake/naima_examplesConfig-version.cmake
[0.387s] -- Up-to-date: /home/men3m/Naima/install/naima_examples/share/naima_examples/package.xml
[0.420s] Invoked command in '/home/men3m/Naima/build/naima_examples' returned '0': CMAKE_PREFIX_PATH=/home/men3m/Naima/install/naima_msgs:/home/men3m/Naima/install/zed_ros2:/home/men3m/Naima/install/zed_robot_integration:/home/men3m/Naima/install/zed_ipc:/home/men3m/Naima/install/zed_multi_camera:/home/men3m/Naima/install/zed_display_rviz2:/home/men3m/Naima/install/zed_depth_to_laserscan:/home/men3m/Naima/install/zed_wrapper:/home/men3m/Naima/install/zed_tutorial_video:/home/men3m/Naima/install/zed_tutorial_pos_tracking:/home/men3m/Naima/install/zed_tutorial_depth:/home/men3m/Naima/install/zed_topic_benchmark:/home/men3m/Naima/install/zed_topic_benchmark_component:/home/men3m/Naima/install/zed_topic_benchmark_interfaces:/home/men3m/Naima/install/zed_rgb_convert:/home/men3m/Naima/install/zed_aruco_localization:/home/men3m/Naima/install/zed_components:/home/men3m/Naima/install/ublox:/home/men3m/Naima/install/ublox_gps:/home/men3m/Naima/install/ublox_msgs:/home/men3m/Naima/install/ublox_serialization:/home/men3m/Naima/install/rviz_plugin_zed_od:/home/men3m/Naima/install/naima_examples:/home/men3m/Naima/install/naima_mapping:/home/men3m/Naima/install/naima_localization:/home/men3m/Naima/install/naima_description:/home/men3m/Naima/install/naima_control:/home/men3m/Naima/install/naima_bringup:/home/men3m/Naima/install/naima:/opt/ros/humble LD_LIBRARY_PATH=/home/men3m/Naima/install/naima_msgs/lib:/home/men3m/Naima/install/zed_ipc/lib:/home/men3m/Naima/install/zed_topic_benchmark_component/lib:/home/men3m/Naima/install/zed_topic_benchmark_interfaces/lib:/home/men3m/Naima/install/zed_rgb_convert/lib:/home/men3m/Naima/install/zed_aruco_localization/lib:/home/men3m/Naima/install/zed_components/lib:/home/men3m/Naima/install/ublox_gps/lib:/home/men3m/Naima/install/ublox_msgs/lib:/home/men3m/Naima/install/rviz_plugin_zed_od/lib:/home/men3m/Naima/install/naima_examples/lib:/usr/lib/x86_64-linux-gnu/gazebo-11/plugins:/opt/ros/humble/opt/rviz_ogre_vendor/lib:/opt/ros/humble/lib/x86_64-linux-gnu:/opt/ros/humble/lib:/usr/local/cuda-12.4.0/lib64:/usr/local/cuda-12.4.0/lib64 /usr/bin/cmake --install /home/men3m/Naima/build/naima_examples
