[0.010s] Invoking command in '/home/men3m/Naima/build/zed_robot_integration': AMENT_PREFIX_PATH=/home/men3m/Naima/install/zed_wrapper:/home/men3m/Naima/install/zed_components:${AMENT_PREFIX_PATH} CMAKE_PREFIX_PATH=/home/men3m/Naima/install/zed_wrapper:/home/men3m/Naima/install/zed_components:/opt/ros/humble LD_LIBRARY_PATH=/home/men3m/Naima/install/zed_components/lib:/usr/lib/x86_64-linux-gnu/gazebo-11/plugins:/opt/ros/humble/opt/rviz_ogre_vendor/lib:/opt/ros/humble/lib/x86_64-linux-gnu:/opt/ros/humble/lib:/usr/local/cuda-12.4.0/lib64:/usr/local/cuda-12.4.0/lib64 /usr/bin/cmake --build /home/men3m/Naima/build/zed_robot_integration -- -j16 -l16
[0.040s] Invoked command in '/home/men3m/Naima/build/zed_robot_integration' returned '0': AMENT_PREFIX_PATH=/home/men3m/Naima/install/zed_wrapper:/home/men3m/Naima/install/zed_components:${AMENT_PREFIX_PATH} CMAKE_PREFIX_PATH=/home/men3m/Naima/install/zed_wrapper:/home/men3m/Naima/install/zed_components:/opt/ros/humble LD_LIBRARY_PATH=/home/men3m/Naima/install/zed_components/lib:/usr/lib/x86_64-linux-gnu/gazebo-11/plugins:/opt/ros/humble/opt/rviz_ogre_vendor/lib:/opt/ros/humble/lib/x86_64-linux-gnu:/opt/ros/humble/lib:/usr/local/cuda-12.4.0/lib64:/usr/local/cuda-12.4.0/lib64 /usr/bin/cmake --build /home/men3m/Naima/build/zed_robot_integration -- -j16 -l16
[0.042s] Invoking command in '/home/men3m/Naima/build/zed_robot_integration': AMENT_PREFIX_PATH=/home/men3m/Naima/install/zed_wrapper:/home/men3m/Naima/install/zed_components:${AMENT_PREFIX_PATH} CMAKE_PREFIX_PATH=/home/men3m/Naima/install/zed_wrapper:/home/men3m/Naima/install/zed_components:/opt/ros/humble LD_LIBRARY_PATH=/home/men3m/Naima/install/zed_components/lib:/usr/lib/x86_64-linux-gnu/gazebo-11/plugins:/opt/ros/humble/opt/rviz_ogre_vendor/lib:/opt/ros/humble/lib/x86_64-linux-gnu:/opt/ros/humble/lib:/usr/local/cuda-12.4.0/lib64:/usr/local/cuda-12.4.0/lib64 /usr/bin/cmake --install /home/men3m/Naima/build/zed_robot_integration
[0.048s] -- Install configuration: ""
[0.048s] -- Up-to-date: /home/men3m/Naima/install/zed_robot_integration/share/zed_robot_integration//launch
[0.048s] -- Up-to-date: /home/men3m/Naima/install/zed_robot_integration/share/zed_robot_integration//launch/view_dual_zed.launch.py
[0.048s] -- Up-to-date: /home/men3m/Naima/install/zed_robot_integration/share/zed_robot_integration//launch/view_mono_zed.launch.py
[0.048s] -- Up-to-date: /home/men3m/Naima/install/zed_robot_integration/share/zed_robot_integration//urdf
[0.048s] -- Up-to-date: /home/men3m/Naima/install/zed_robot_integration/share/zed_robot_integration//urdf/zed_robot_dual.urdf.xacro
[0.048s] -- Up-to-date: /home/men3m/Naima/install/zed_robot_integration/share/zed_robot_integration//urdf/zed_robot_mono.urdf.xacro
[0.048s] -- Up-to-date: /home/men3m/Naima/install/zed_robot_integration/share/zed_robot_integration//rviz2
[0.048s] -- Up-to-date: /home/men3m/Naima/install/zed_robot_integration/share/zed_robot_integration//rviz2/view_config.rviz
[0.048s] -- Up-to-date: /home/men3m/Naima/install/zed_robot_integration/share/ament_index/resource_index/package_run_dependencies/zed_robot_integration
[0.048s] -- Up-to-date: /home/men3m/Naima/install/zed_robot_integration/share/ament_index/resource_index/parent_prefix_path/zed_robot_integration
[0.048s] -- Up-to-date: /home/men3m/Naima/install/zed_robot_integration/share/zed_robot_integration/environment/ament_prefix_path.sh
[0.048s] -- Up-to-date: /home/men3m/Naima/install/zed_robot_integration/share/zed_robot_integration/environment/ament_prefix_path.dsv
[0.048s] -- Up-to-date: /home/men3m/Naima/install/zed_robot_integration/share/zed_robot_integration/environment/path.sh
[0.048s] -- Up-to-date: /home/men3m/Naima/install/zed_robot_integration/share/zed_robot_integration/environment/path.dsv
[0.048s] -- Up-to-date: /home/men3m/Naima/install/zed_robot_integration/share/zed_robot_integration/local_setup.bash
[0.049s] -- Up-to-date: /home/men3m/Naima/install/zed_robot_integration/share/zed_robot_integration/local_setup.sh
[0.049s] -- Up-to-date: /home/men3m/Naima/install/zed_robot_integration/share/zed_robot_integration/local_setup.zsh
[0.049s] -- Up-to-date: /home/men3m/Naima/install/zed_robot_integration/share/zed_robot_integration/local_setup.dsv
[0.049s] -- Up-to-date: /home/men3m/Naima/install/zed_robot_integration/share/zed_robot_integration/package.dsv
[0.049s] -- Up-to-date: /home/men3m/Naima/install/zed_robot_integration/share/ament_index/resource_index/packages/zed_robot_integration
[0.049s] -- Up-to-date: /home/men3m/Naima/install/zed_robot_integration/share/zed_robot_integration/cmake/zed_robot_integrationConfig.cmake
[0.049s] -- Up-to-date: /home/men3m/Naima/install/zed_robot_integration/share/zed_robot_integration/cmake/zed_robot_integrationConfig-version.cmake
[0.049s] -- Up-to-date: /home/men3m/Naima/install/zed_robot_integration/share/zed_robot_integration/package.xml
[0.050s] Invoked command in '/home/men3m/Naima/build/zed_robot_integration' returned '0': AMENT_PREFIX_PATH=/home/men3m/Naima/install/zed_wrapper:/home/men3m/Naima/install/zed_components:${AMENT_PREFIX_PATH} CMAKE_PREFIX_PATH=/home/men3m/Naima/install/zed_wrapper:/home/men3m/Naima/install/zed_components:/opt/ros/humble LD_LIBRARY_PATH=/home/men3m/Naima/install/zed_components/lib:/usr/lib/x86_64-linux-gnu/gazebo-11/plugins:/opt/ros/humble/opt/rviz_ogre_vendor/lib:/opt/ros/humble/lib/x86_64-linux-gnu:/opt/ros/humble/lib:/usr/local/cuda-12.4.0/lib64:/usr/local/cuda-12.4.0/lib64 /usr/bin/cmake --install /home/men3m/Naima/build/zed_robot_integration
