[0.082s] Invoking command in '/home/men3m/Naima/build/naima_examples': AMENT_PREFIX_PATH=/home/men3m/Naima/install/naima_msgs:${AMENT_PREFIX_PATH} CMAKE_PREFIX_PATH=/home/men3m/Naima/install/naima_msgs:/opt/ros/humble LD_LIBRARY_PATH=/home/men3m/Naima/install/naima_msgs/lib:/usr/lib/x86_64-linux-gnu/gazebo-11/plugins:/opt/ros/humble/opt/rviz_ogre_vendor/lib:/opt/ros/humble/lib/x86_64-linux-gnu:/opt/ros/humble/lib:/usr/local/cuda-12.4.0/lib64:/usr/local/cuda-12.4.0/lib64 PYTHONPATH=/home/men3m/Naima/install/naima_msgs/local/lib/python3.10/dist-packages:${PYTHONPATH} /usr/bin/cmake --build /home/men3m/Naima/build/naima_examples -- -j16 -l16
[0.153s] [  7%] Built target simple_subscriber
[0.154s] [ 14%] Built target simple_publisher
[0.154s] [ 21%] Built target simple_parameter
[0.169s] [ 28%] Built target simple_turtlesim_kinematics
[0.170s] [ 35%] Built target simple_service_client
[0.170s] [ 42%] Built target simple_lifecycle_node
[0.170s] [ 53%] Built target simple_qos_publisher
[0.170s] [ 64%] Built target simple_service_server
[0.170s] [ 64%] Built target simple_tf_kinematics
[0.170s] [ 71%] Built target simple_qos_subscriber
[0.190s] [ 78%] Built target simple_action_server_node
[0.197s] [ 85%] Built target simple_action_server
[0.197s] [ 92%] Built target simple_action_client_node
[0.199s] [100%] Built target simple_action_client
[0.277s] Invoked command in '/home/men3m/Naima/build/naima_examples' returned '0': AMENT_PREFIX_PATH=/home/men3m/Naima/install/naima_msgs:${AMENT_PREFIX_PATH} CMAKE_PREFIX_PATH=/home/men3m/Naima/install/naima_msgs:/opt/ros/humble LD_LIBRARY_PATH=/home/men3m/Naima/install/naima_msgs/lib:/usr/lib/x86_64-linux-gnu/gazebo-11/plugins:/opt/ros/humble/opt/rviz_ogre_vendor/lib:/opt/ros/humble/lib/x86_64-linux-gnu:/opt/ros/humble/lib:/usr/local/cuda-12.4.0/lib64:/usr/local/cuda-12.4.0/lib64 PYTHONPATH=/home/men3m/Naima/install/naima_msgs/local/lib/python3.10/dist-packages:${PYTHONPATH} /usr/bin/cmake --build /home/men3m/Naima/build/naima_examples -- -j16 -l16
[0.279s] Invoking command in '/home/men3m/Naima/build/naima_examples': AMENT_PREFIX_PATH=/home/men3m/Naima/install/naima_msgs:${AMENT_PREFIX_PATH} CMAKE_PREFIX_PATH=/home/men3m/Naima/install/naima_msgs:/opt/ros/humble LD_LIBRARY_PATH=/home/men3m/Naima/install/naima_msgs/lib:/usr/lib/x86_64-linux-gnu/gazebo-11/plugins:/opt/ros/humble/opt/rviz_ogre_vendor/lib:/opt/ros/humble/lib/x86_64-linux-gnu:/opt/ros/humble/lib:/usr/local/cuda-12.4.0/lib64:/usr/local/cuda-12.4.0/lib64 PYTHONPATH=/home/men3m/Naima/install/naima_msgs/local/lib/python3.10/dist-packages:${PYTHONPATH} /usr/bin/cmake --install /home/men3m/Naima/build/naima_examples
[0.310s] -- Install configuration: ""
[0.310s] -- Up-to-date: /home/men3m/Naima/install/naima_examples/lib/naima_examples/simple_action_server_node
[0.310s] -- Up-to-date: /home/men3m/Naima/install/naima_examples/lib/naima_examples/simple_action_client_node
[0.311s] -- Up-to-date: /home/men3m/Naima/install/naima_examples/include/include
[0.311s] -- Up-to-date: /home/men3m/Naima/install/naima_examples/include/include/naima_examples
[0.311s] -- Up-to-date: /home/men3m/Naima/install/naima_examples/include/include/naima_examples/simple_tf_kinematics.hpp
[0.311s] -- Up-to-date: /home/men3m/Naima/install/naima_examples/include/include/naima_examples/simple_turtlesim_kinematics.hpp
[0.311s] -- Up-to-date: /home/men3m/Naima/install/naima_examples/lib/naima_examples/simple_publisher
[0.311s] -- Up-to-date: /home/men3m/Naima/install/naima_examples/lib/naima_examples/simple_subscriber
[0.311s] -- Up-to-date: /home/men3m/Naima/install/naima_examples/lib/naima_examples/simple_parameter
[0.311s] -- Up-to-date: /home/men3m/Naima/install/naima_examples/lib/naima_examples/simple_turtlesim_kinematics
[0.311s] -- Up-to-date: /home/men3m/Naima/install/naima_examples/lib/naima_examples/simple_service_server
[0.311s] -- Up-to-date: /home/men3m/Naima/install/naima_examples/lib/naima_examples/simple_service_client
[0.311s] -- Up-to-date: /home/men3m/Naima/install/naima_examples/lib/naima_examples/simple_tf_kinematics
[0.312s] -- Up-to-date: /home/men3m/Naima/install/naima_examples/lib/naima_examples/simple_lifecycle_node
[0.312s] -- Up-to-date: /home/men3m/Naima/install/naima_examples/lib/naima_examples/simple_qos_publisher
[0.312s] -- Up-to-date: /home/men3m/Naima/install/naima_examples/lib/naima_examples/simple_qos_subscriber
[0.312s] -- Up-to-date: /home/men3m/Naima/install/naima_examples/lib/libsimple_action_server.so
[0.312s] -- Up-to-date: /home/men3m/Naima/install/naima_examples/lib/libsimple_action_client.so
[0.312s] -- Up-to-date: /home/men3m/Naima/install/naima_examples/share/ament_index/resource_index/package_run_dependencies/naima_examples
[0.312s] -- Up-to-date: /home/men3m/Naima/install/naima_examples/share/ament_index/resource_index/parent_prefix_path/naima_examples
[0.312s] -- Up-to-date: /home/men3m/Naima/install/naima_examples/share/naima_examples/environment/ament_prefix_path.sh
[0.312s] -- Up-to-date: /home/men3m/Naima/install/naima_examples/share/naima_examples/environment/ament_prefix_path.dsv
[0.313s] -- Up-to-date: /home/men3m/Naima/install/naima_examples/share/naima_examples/environment/path.sh
[0.313s] -- Up-to-date: /home/men3m/Naima/install/naima_examples/share/naima_examples/environment/path.dsv
[0.313s] -- Up-to-date: /home/men3m/Naima/install/naima_examples/share/naima_examples/local_setup.bash
[0.313s] -- Up-to-date: /home/men3m/Naima/install/naima_examples/share/naima_examples/local_setup.sh
[0.313s] -- Up-to-date: /home/men3m/Naima/install/naima_examples/share/naima_examples/local_setup.zsh
[0.313s] -- Up-to-date: /home/men3m/Naima/install/naima_examples/share/naima_examples/local_setup.dsv
[0.313s] -- Installing: /home/men3m/Naima/install/naima_examples/share/naima_examples/package.dsv
[0.313s] -- Up-to-date: /home/men3m/Naima/install/naima_examples/share/ament_index/resource_index/packages/naima_examples
[0.313s] -- Up-to-date: /home/men3m/Naima/install/naima_examples/share/ament_index/resource_index/rclcpp_components/naima_examples
[0.313s] -- Up-to-date: /home/men3m/Naima/install/naima_examples/share/naima_examples/cmake/naima_examplesConfig.cmake
[0.314s] -- Up-to-date: /home/men3m/Naima/install/naima_examples/share/naima_examples/cmake/naima_examplesConfig-version.cmake
[0.314s] -- Up-to-date: /home/men3m/Naima/install/naima_examples/share/naima_examples/package.xml
[0.344s] Invoked command in '/home/men3m/Naima/build/naima_examples' returned '0': AMENT_PREFIX_PATH=/home/men3m/Naima/install/naima_msgs:${AMENT_PREFIX_PATH} CMAKE_PREFIX_PATH=/home/men3m/Naima/install/naima_msgs:/opt/ros/humble LD_LIBRARY_PATH=/home/men3m/Naima/install/naima_msgs/lib:/usr/lib/x86_64-linux-gnu/gazebo-11/plugins:/opt/ros/humble/opt/rviz_ogre_vendor/lib:/opt/ros/humble/lib/x86_64-linux-gnu:/opt/ros/humble/lib:/usr/local/cuda-12.4.0/lib64:/usr/local/cuda-12.4.0/lib64 PYTHONPATH=/home/men3m/Naima/install/naima_msgs/local/lib/python3.10/dist-packages:${PYTHONPATH} /usr/bin/cmake --install /home/men3m/Naima/build/naima_examples
