[0.008s] Invoking command in '/home/men3m/Naima/build/zed_wrapper': AMENT_PREFIX_PATH=/home/men3m/Naima/install/zed_components:${AMENT_PREFIX_PATH} CMAKE_PREFIX_PATH=/home/men3m/Naima/install/zed_components:/opt/ros/humble LD_LIBRARY_PATH=/home/men3m/Naima/install/zed_components/lib:/usr/lib/x86_64-linux-gnu/gazebo-11/plugins:/opt/ros/humble/opt/rviz_ogre_vendor/lib:/opt/ros/humble/lib/x86_64-linux-gnu:/opt/ros/humble/lib:/usr/local/cuda-12.4.0/lib64:/usr/local/cuda-12.4.0/lib64 /usr/bin/cmake /home/men3m/Naima/src/zed-ros2-wrapper/zed_wrapper -DCMAKE_INSTALL_PREFIX=/home/men3m/Naima/install/zed_wrapper
[0.054s] -- The C compiler identification is GNU 11.4.0
[0.102s] -- The CXX compiler identification is GNU 11.4.0
[0.109s] -- Detecting C compiler ABI info
[0.171s] -- Detecting C compiler ABI info - done
[0.177s] -- Check for working C compiler: /usr/bin/cc - skipped
[0.177s] -- Detecting C compile features
[0.177s] -- Detecting C compile features - done
[0.179s] -- Detecting CXX compiler ABI info
[0.254s] -- Detecting CXX compiler ABI info - done
[0.261s] -- Check for working CXX compiler: /usr/bin/c++ - skipped
[0.261s] -- Detecting CXX compile features
[0.262s] -- Detecting CXX compile features - done
[0.265s] -- Found ament_cmake_auto: 1.3.11 (/opt/ros/humble/share/ament_cmake_auto/cmake)
[0.389s] -- Found Python3: /usr/bin/python3 (found version "3.10.12") found components: Interpreter 
[0.571s] -- Found rosidl_generator_c: 3.1.6 (/opt/ros/humble/share/rosidl_generator_c/cmake)
[0.578s] -- Found rosidl_adapter: 3.1.6 (/opt/ros/humble/share/rosidl_adapter/cmake)
[0.587s] -- Found rosidl_generator_cpp: 3.1.6 (/opt/ros/humble/share/rosidl_generator_cpp/cmake)
[0.599s] -- Using all available rosidl_typesupport_c: rosidl_typesupport_fastrtps_c;rosidl_typesupport_introspection_c
[0.613s] -- Using all available rosidl_typesupport_cpp: rosidl_typesupport_fastrtps_cpp;rosidl_typesupport_introspection_cpp
[0.654s] -- Found rmw_implementation_cmake: 6.1.2 (/opt/ros/humble/share/rmw_implementation_cmake/cmake)
[0.656s] -- Found rmw_cyclonedds_cpp: 1.3.4 (/opt/ros/humble/share/rmw_cyclonedds_cpp/cmake)
[0.675s] -- Using RMW implementation 'rmw_cyclonedds_cpp' as default
[0.684s] -- Looking for pthread.h
[0.750s] -- Looking for pthread.h - found
[0.750s] -- Performing Test CMAKE_HAVE_LIBC_PTHREAD
[0.816s] -- Performing Test CMAKE_HAVE_LIBC_PTHREAD - Success
[0.817s] -- Found Threads: TRUE  
[1.047s] -- Found eigen3_cmake_module: 0.1.1 (/opt/ros/humble/share/eigen3_cmake_module/cmake)
[1.048s] -- Found Eigen3: TRUE (found version "3.4.0") 
[1.048s] -- Ensuring Eigen3 include directory is part of orocos-kdl CMake target
[1.219s] -- Configuring done
[1.226s] -- Generating done
[1.228s] -- Build files have been written to: /home/men3m/Naima/build/zed_wrapper
[1.236s] Invoked command in '/home/men3m/Naima/build/zed_wrapper' returned '0': AMENT_PREFIX_PATH=/home/men3m/Naima/install/zed_components:${AMENT_PREFIX_PATH} CMAKE_PREFIX_PATH=/home/men3m/Naima/install/zed_components:/opt/ros/humble LD_LIBRARY_PATH=/home/men3m/Naima/install/zed_components/lib:/usr/lib/x86_64-linux-gnu/gazebo-11/plugins:/opt/ros/humble/opt/rviz_ogre_vendor/lib:/opt/ros/humble/lib/x86_64-linux-gnu:/opt/ros/humble/lib:/usr/local/cuda-12.4.0/lib64:/usr/local/cuda-12.4.0/lib64 /usr/bin/cmake /home/men3m/Naima/src/zed-ros2-wrapper/zed_wrapper -DCMAKE_INSTALL_PREFIX=/home/men3m/Naima/install/zed_wrapper
[1.237s] Invoking command in '/home/men3m/Naima/build/zed_wrapper': AMENT_PREFIX_PATH=/home/men3m/Naima/install/zed_components:${AMENT_PREFIX_PATH} CMAKE_PREFIX_PATH=/home/men3m/Naima/install/zed_components:/opt/ros/humble LD_LIBRARY_PATH=/home/men3m/Naima/install/zed_components/lib:/usr/lib/x86_64-linux-gnu/gazebo-11/plugins:/opt/ros/humble/opt/rviz_ogre_vendor/lib:/opt/ros/humble/lib/x86_64-linux-gnu:/opt/ros/humble/lib:/usr/local/cuda-12.4.0/lib64:/usr/local/cuda-12.4.0/lib64 /usr/bin/cmake --build /home/men3m/Naima/build/zed_wrapper -- -j16 -l16
[1.275s] Invoked command in '/home/men3m/Naima/build/zed_wrapper' returned '0': AMENT_PREFIX_PATH=/home/men3m/Naima/install/zed_components:${AMENT_PREFIX_PATH} CMAKE_PREFIX_PATH=/home/men3m/Naima/install/zed_components:/opt/ros/humble LD_LIBRARY_PATH=/home/men3m/Naima/install/zed_components/lib:/usr/lib/x86_64-linux-gnu/gazebo-11/plugins:/opt/ros/humble/opt/rviz_ogre_vendor/lib:/opt/ros/humble/lib/x86_64-linux-gnu:/opt/ros/humble/lib:/usr/local/cuda-12.4.0/lib64:/usr/local/cuda-12.4.0/lib64 /usr/bin/cmake --build /home/men3m/Naima/build/zed_wrapper -- -j16 -l16
[1.277s] Invoking command in '/home/men3m/Naima/build/zed_wrapper': AMENT_PREFIX_PATH=/home/men3m/Naima/install/zed_components:${AMENT_PREFIX_PATH} CMAKE_PREFIX_PATH=/home/men3m/Naima/install/zed_components:/opt/ros/humble LD_LIBRARY_PATH=/home/men3m/Naima/install/zed_components/lib:/usr/lib/x86_64-linux-gnu/gazebo-11/plugins:/opt/ros/humble/opt/rviz_ogre_vendor/lib:/opt/ros/humble/lib/x86_64-linux-gnu:/opt/ros/humble/lib:/usr/local/cuda-12.4.0/lib64:/usr/local/cuda-12.4.0/lib64 /usr/bin/cmake --install /home/men3m/Naima/build/zed_wrapper
[1.282s] -- Install configuration: ""
[1.282s] -- Installing: /home/men3m/Naima/install/zed_wrapper/share/zed_wrapper/config
[1.282s] -- Installing: /home/men3m/Naima/install/zed_wrapper/share/zed_wrapper/config/virtual.yaml
[1.282s] -- Installing: /home/men3m/Naima/install/zed_wrapper/share/zed_wrapper/config/zedxm.yaml
[1.282s] -- Installing: /home/men3m/Naima/install/zed_wrapper/share/zed_wrapper/config/zedxonegs.yaml
[1.282s] -- Installing: /home/men3m/Naima/install/zed_wrapper/share/zed_wrapper/config/common_mono.yaml
[1.282s] -- Installing: /home/men3m/Naima/install/zed_wrapper/share/zed_wrapper/config/ffmpeg.yaml
[1.282s] -- Installing: /home/men3m/Naima/install/zed_wrapper/share/zed_wrapper/config/zedm.yaml
[1.283s] -- Installing: /home/men3m/Naima/install/zed_wrapper/share/zed_wrapper/config/zed2.yaml
[1.283s] -- Installing: /home/men3m/Naima/install/zed_wrapper/share/zed_wrapper/config/zed.yaml
[1.283s] -- Installing: /home/men3m/Naima/install/zed_wrapper/share/zed_wrapper/config/zedxone4k.yaml
[1.283s] -- Installing: /home/men3m/Naima/install/zed_wrapper/share/zed_wrapper/config/zedx.yaml
[1.283s] -- Installing: /home/men3m/Naima/install/zed_wrapper/share/zed_wrapper/config/zed2i.yaml
[1.283s] -- Installing: /home/men3m/Naima/install/zed_wrapper/share/zed_wrapper/config/common_stereo.yaml
[1.283s] -- Installing: /home/men3m/Naima/install/zed_wrapper/share/zed_wrapper/urdf
[1.283s] -- Installing: /home/men3m/Naima/install/zed_wrapper/share/zed_wrapper/urdf/include
[1.283s] -- Installing: /home/men3m/Naima/install/zed_wrapper/share/zed_wrapper/urdf/include/materials.urdf.xacro
[1.284s] -- Installing: /home/men3m/Naima/install/zed_wrapper/share/zed_wrapper/urdf/zed_descr.urdf.xacro
[1.284s] -- Installing: /home/men3m/Naima/install/zed_wrapper/share/zed_wrapper/urdf/zed_macro.urdf.xacro
[1.284s] -- Installing: /home/men3m/Naima/install/zed_wrapper/share/zed_wrapper/launch
[1.284s] -- Installing: /home/men3m/Naima/install/zed_wrapper/share/zed_wrapper/launch/zed_camera.launch.py
[1.284s] -- Installing: /home/men3m/Naima/install/zed_wrapper/share/ament_index/resource_index/package_run_dependencies/zed_wrapper
[1.284s] -- Installing: /home/men3m/Naima/install/zed_wrapper/share/ament_index/resource_index/parent_prefix_path/zed_wrapper
[1.284s] -- Installing: /home/men3m/Naima/install/zed_wrapper/share/zed_wrapper/environment/ament_prefix_path.sh
[1.285s] -- Installing: /home/men3m/Naima/install/zed_wrapper/share/zed_wrapper/environment/ament_prefix_path.dsv
[1.285s] -- Installing: /home/men3m/Naima/install/zed_wrapper/share/zed_wrapper/environment/path.sh
[1.285s] -- Installing: /home/men3m/Naima/install/zed_wrapper/share/zed_wrapper/environment/path.dsv
[1.285s] -- Installing: /home/men3m/Naima/install/zed_wrapper/share/zed_wrapper/local_setup.bash
[1.285s] -- Installing: /home/men3m/Naima/install/zed_wrapper/share/zed_wrapper/local_setup.sh
[1.285s] -- Installing: /home/men3m/Naima/install/zed_wrapper/share/zed_wrapper/local_setup.zsh
[1.285s] -- Installing: /home/men3m/Naima/install/zed_wrapper/share/zed_wrapper/local_setup.dsv
[1.285s] -- Installing: /home/men3m/Naima/install/zed_wrapper/share/zed_wrapper/package.dsv
[1.286s] -- Installing: /home/men3m/Naima/install/zed_wrapper/share/ament_index/resource_index/packages/zed_wrapper
[1.286s] -- Installing: /home/men3m/Naima/install/zed_wrapper/share/zed_wrapper/cmake/zed_wrapperConfig.cmake
[1.286s] -- Installing: /home/men3m/Naima/install/zed_wrapper/share/zed_wrapper/cmake/zed_wrapperConfig-version.cmake
[1.286s] -- Installing: /home/men3m/Naima/install/zed_wrapper/share/zed_wrapper/package.xml
[1.288s] Invoked command in '/home/men3m/Naima/build/zed_wrapper' returned '0': AMENT_PREFIX_PATH=/home/men3m/Naima/install/zed_components:${AMENT_PREFIX_PATH} CMAKE_PREFIX_PATH=/home/men3m/Naima/install/zed_components:/opt/ros/humble LD_LIBRARY_PATH=/home/men3m/Naima/install/zed_components/lib:/usr/lib/x86_64-linux-gnu/gazebo-11/plugins:/opt/ros/humble/opt/rviz_ogre_vendor/lib:/opt/ros/humble/lib/x86_64-linux-gnu:/opt/ros/humble/lib:/usr/local/cuda-12.4.0/lib64:/usr/local/cuda-12.4.0/lib64 /usr/bin/cmake --install /home/men3m/Naima/build/zed_wrapper
