[0.009s] Invoking command in '/home/men3m/Naima/build/zed_ros2': AMENT_PREFIX_PATH=/home/men3m/Naima/install/zed_wrapper:/home/men3m/Naima/install/zed_components:${AMENT_PREFIX_PATH} CMAKE_PREFIX_PATH=/home/men3m/Naima/install/zed_wrapper:/home/men3m/Naima/install/zed_components:/opt/ros/humble LD_LIBRARY_PATH=/home/men3m/Naima/install/zed_components/lib:/usr/lib/x86_64-linux-gnu/gazebo-11/plugins:/opt/ros/humble/opt/rviz_ogre_vendor/lib:/opt/ros/humble/lib/x86_64-linux-gnu:/opt/ros/humble/lib:/usr/local/cuda-12.4.0/lib64:/usr/local/cuda-12.4.0/lib64 /usr/bin/cmake /home/men3m/Naima/src/zed-ros2-wrapper/zed_ros2 -DCMAKE_INSTALL_PREFIX=/home/men3m/Naima/install/zed_ros2
[0.025s] -- Found ament_cmake_auto: 1.3.11 (/opt/ros/humble/share/ament_cmake_auto/cmake)
[0.179s] -- Found Python3: /usr/bin/python3 (found version "3.10.12") found components: Interpreter 
[0.325s] -- Found ament_lint_auto: 0.12.12 (/opt/ros/humble/share/ament_lint_auto/cmake)
[0.343s] -- Added test 'copyright' to check source files copyright and LICENSE
[0.344s] -- Added test 'lint_cmake' to check CMake code style
[0.344s] -- Added test 'xmllint' to check XML markup files
[0.346s] -- Configuring done
[0.349s] -- Generating done
[0.351s] -- Build files have been written to: /home/men3m/Naima/build/zed_ros2
[0.354s] Invoked command in '/home/men3m/Naima/build/zed_ros2' returned '0': AMENT_PREFIX_PATH=/home/men3m/Naima/install/zed_wrapper:/home/men3m/Naima/install/zed_components:${AMENT_PREFIX_PATH} CMAKE_PREFIX_PATH=/home/men3m/Naima/install/zed_wrapper:/home/men3m/Naima/install/zed_components:/opt/ros/humble LD_LIBRARY_PATH=/home/men3m/Naima/install/zed_components/lib:/usr/lib/x86_64-linux-gnu/gazebo-11/plugins:/opt/ros/humble/opt/rviz_ogre_vendor/lib:/opt/ros/humble/lib/x86_64-linux-gnu:/opt/ros/humble/lib:/usr/local/cuda-12.4.0/lib64:/usr/local/cuda-12.4.0/lib64 /usr/bin/cmake /home/men3m/Naima/src/zed-ros2-wrapper/zed_ros2 -DCMAKE_INSTALL_PREFIX=/home/men3m/Naima/install/zed_ros2
[0.355s] Invoking command in '/home/men3m/Naima/build/zed_ros2': AMENT_PREFIX_PATH=/home/men3m/Naima/install/zed_wrapper:/home/men3m/Naima/install/zed_components:${AMENT_PREFIX_PATH} CMAKE_PREFIX_PATH=/home/men3m/Naima/install/zed_wrapper:/home/men3m/Naima/install/zed_components:/opt/ros/humble LD_LIBRARY_PATH=/home/men3m/Naima/install/zed_components/lib:/usr/lib/x86_64-linux-gnu/gazebo-11/plugins:/opt/ros/humble/opt/rviz_ogre_vendor/lib:/opt/ros/humble/lib/x86_64-linux-gnu:/opt/ros/humble/lib:/usr/local/cuda-12.4.0/lib64:/usr/local/cuda-12.4.0/lib64 /usr/bin/cmake --build /home/men3m/Naima/build/zed_ros2 -- -j16 -l16
[0.388s] Invoked command in '/home/men3m/Naima/build/zed_ros2' returned '0': AMENT_PREFIX_PATH=/home/men3m/Naima/install/zed_wrapper:/home/men3m/Naima/install/zed_components:${AMENT_PREFIX_PATH} CMAKE_PREFIX_PATH=/home/men3m/Naima/install/zed_wrapper:/home/men3m/Naima/install/zed_components:/opt/ros/humble LD_LIBRARY_PATH=/home/men3m/Naima/install/zed_components/lib:/usr/lib/x86_64-linux-gnu/gazebo-11/plugins:/opt/ros/humble/opt/rviz_ogre_vendor/lib:/opt/ros/humble/lib/x86_64-linux-gnu:/opt/ros/humble/lib:/usr/local/cuda-12.4.0/lib64:/usr/local/cuda-12.4.0/lib64 /usr/bin/cmake --build /home/men3m/Naima/build/zed_ros2 -- -j16 -l16
[0.390s] Invoking command in '/home/men3m/Naima/build/zed_ros2': AMENT_PREFIX_PATH=/home/men3m/Naima/install/zed_wrapper:/home/men3m/Naima/install/zed_components:${AMENT_PREFIX_PATH} CMAKE_PREFIX_PATH=/home/men3m/Naima/install/zed_wrapper:/home/men3m/Naima/install/zed_components:/opt/ros/humble LD_LIBRARY_PATH=/home/men3m/Naima/install/zed_components/lib:/usr/lib/x86_64-linux-gnu/gazebo-11/plugins:/opt/ros/humble/opt/rviz_ogre_vendor/lib:/opt/ros/humble/lib/x86_64-linux-gnu:/opt/ros/humble/lib:/usr/local/cuda-12.4.0/lib64:/usr/local/cuda-12.4.0/lib64 /usr/bin/cmake --install /home/men3m/Naima/build/zed_ros2
[0.395s] -- Install configuration: ""
[0.395s] -- Installing: /home/men3m/Naima/install/zed_ros2/share/ament_index/resource_index/package_run_dependencies/zed_ros2
[0.396s] -- Installing: /home/men3m/Naima/install/zed_ros2/share/ament_index/resource_index/parent_prefix_path/zed_ros2
[0.396s] -- Installing: /home/men3m/Naima/install/zed_ros2/share/zed_ros2/environment/ament_prefix_path.sh
[0.396s] -- Installing: /home/men3m/Naima/install/zed_ros2/share/zed_ros2/environment/ament_prefix_path.dsv
[0.396s] -- Installing: /home/men3m/Naima/install/zed_ros2/share/zed_ros2/environment/path.sh
[0.396s] -- Installing: /home/men3m/Naima/install/zed_ros2/share/zed_ros2/environment/path.dsv
[0.397s] -- Installing: /home/men3m/Naima/install/zed_ros2/share/zed_ros2/local_setup.bash
[0.397s] -- Installing: /home/men3m/Naima/install/zed_ros2/share/zed_ros2/local_setup.sh
[0.397s] -- Installing: /home/men3m/Naima/install/zed_ros2/share/zed_ros2/local_setup.zsh
[0.397s] -- Installing: /home/men3m/Naima/install/zed_ros2/share/zed_ros2/local_setup.dsv
[0.397s] -- Installing: /home/men3m/Naima/install/zed_ros2/share/zed_ros2/package.dsv
[0.397s] -- Installing: /home/men3m/Naima/install/zed_ros2/share/ament_index/resource_index/packages/zed_ros2
[0.397s] -- Installing: /home/men3m/Naima/install/zed_ros2/share/zed_ros2/cmake/zed_ros2Config.cmake
[0.397s] -- Installing: /home/men3m/Naima/install/zed_ros2/share/zed_ros2/cmake/zed_ros2Config-version.cmake
[0.398s] -- Installing: /home/men3m/Naima/install/zed_ros2/share/zed_ros2/package.xml
[0.400s] Invoked command in '/home/men3m/Naima/build/zed_ros2' returned '0': AMENT_PREFIX_PATH=/home/men3m/Naima/install/zed_wrapper:/home/men3m/Naima/install/zed_components:${AMENT_PREFIX_PATH} CMAKE_PREFIX_PATH=/home/men3m/Naima/install/zed_wrapper:/home/men3m/Naima/install/zed_components:/opt/ros/humble LD_LIBRARY_PATH=/home/men3m/Naima/install/zed_components/lib:/usr/lib/x86_64-linux-gnu/gazebo-11/plugins:/opt/ros/humble/opt/rviz_ogre_vendor/lib:/opt/ros/humble/lib/x86_64-linux-gnu:/opt/ros/humble/lib:/usr/local/cuda-12.4.0/lib64:/usr/local/cuda-12.4.0/lib64 /usr/bin/cmake --install /home/men3m/Naima/build/zed_ros2
