-- The C compiler identification is GNU 11.4.0
-- The CXX compiler identification is GNU 11.4.0
-- Detecting C compiler ABI info
-- Detecting C compiler ABI info - done
-- Check for working C compiler: /usr/bin/cc - skipped
-- Detecting C compile features
-- Detecting C compile features - done
-- Detecting CXX compiler ABI info
-- Detecting CXX compiler ABI info - done
-- Check for working CXX compiler: /usr/bin/c++ - skipped
-- Detecting CXX compile features
-- Detecting CXX compile features - done
-- Found ament_cmake_auto: 1.3.11 (/opt/ros/humble/share/ament_cmake_auto/cmake)
-- Found Python3: /usr/bin/python3 (found version "3.10.12") found components: Interpreter 
-- Found rosidl_generator_c: 3.1.6 (/opt/ros/humble/share/rosidl_generator_c/cmake)
-- Found rosidl_adapter: 3.1.6 (/opt/ros/humble/share/rosidl_adapter/cmake)
-- Found rosidl_generator_cpp: 3.1.6 (/opt/ros/humble/share/rosidl_generator_cpp/cmake)
-- Using all available rosidl_typesupport_c: rosidl_typesupport_fastrtps_c;rosidl_typesupport_introspection_c
-- Using all available rosidl_typesupport_cpp: rosidl_typesupport_fastrtps_cpp;rosidl_typesupport_introspection_cpp
-- Found rmw_implementation_cmake: 6.1.2 (/opt/ros/humble/share/rmw_implementation_cmake/cmake)
-- Found rmw_cyclonedds_cpp: 1.3.4 (/opt/ros/humble/share/rmw_cyclonedds_cpp/cmake)
-- Using RMW implementation 'rmw_cyclonedds_cpp' as default
-- Looking for pthread.h
-- Looking for pthread.h - found
-- Performing Test CMAKE_HAVE_LIBC_PTHREAD
-- Performing Test CMAKE_HAVE_LIBC_PTHREAD - Success
-- Found Threads: TRUE  
-- Found eigen3_cmake_module: 0.1.1 (/opt/ros/humble/share/eigen3_cmake_module/cmake)
-- Found Eigen3: TRUE (found version "3.4.0") 
-- Ensuring Eigen3 include directory is part of orocos-kdl CMake target
-- Found zed_wrapper: 4.2.1 (/home/men3m/Naima/install/zed_wrapper/share/zed_wrapper/cmake)
-- Found ament_lint_auto: 0.12.12 (/opt/ros/humble/share/ament_lint_auto/cmake)
-- Added test 'copyright' to check source files copyright and LICENSE
-- Added test 'flake8' to check Python code syntax and style conventions
-- Added test 'lint_cmake' to check CMake code style
-- Added test 'pep257' to check Python code against some of the docstring style conventions in PEP 257
-- Added test 'xmllint' to check XML markup files
-- Configuring done
-- Generating done
-- Build files have been written to: /home/men3m/Naima/build/zed_depth_to_laserscan
-- Install configuration: ""
-- Installing: /home/men3m/Naima/install/zed_depth_to_laserscan/share/zed_depth_to_laserscan/launch
-- Installing: /home/men3m/Naima/install/zed_depth_to_laserscan/share/zed_depth_to_laserscan/launch/zed_depth_to_laserscan.launch.py
-- Installing: /home/men3m/Naima/install/zed_depth_to_laserscan/share/zed_depth_to_laserscan/config
-- Installing: /home/men3m/Naima/install/zed_depth_to_laserscan/share/zed_depth_to_laserscan/config/zed_depth_to_laserscan.yaml
-- Installing: /home/men3m/Naima/install/zed_depth_to_laserscan/share/zed_depth_to_laserscan/rviz2
-- Installing: /home/men3m/Naima/install/zed_depth_to_laserscan/share/zed_depth_to_laserscan/rviz2/zed_depth_to_laserscan.rviz
-- Installing: /home/men3m/Naima/install/zed_depth_to_laserscan/share/ament_index/resource_index/package_run_dependencies/zed_depth_to_laserscan
-- Installing: /home/men3m/Naima/install/zed_depth_to_laserscan/share/ament_index/resource_index/parent_prefix_path/zed_depth_to_laserscan
-- Installing: /home/men3m/Naima/install/zed_depth_to_laserscan/share/zed_depth_to_laserscan/environment/ament_prefix_path.sh
-- Installing: /home/men3m/Naima/install/zed_depth_to_laserscan/share/zed_depth_to_laserscan/environment/ament_prefix_path.dsv
-- Installing: /home/men3m/Naima/install/zed_depth_to_laserscan/share/zed_depth_to_laserscan/environment/path.sh
-- Installing: /home/men3m/Naima/install/zed_depth_to_laserscan/share/zed_depth_to_laserscan/environment/path.dsv
-- Installing: /home/men3m/Naima/install/zed_depth_to_laserscan/share/zed_depth_to_laserscan/local_setup.bash
-- Installing: /home/men3m/Naima/install/zed_depth_to_laserscan/share/zed_depth_to_laserscan/local_setup.sh
-- Installing: /home/men3m/Naima/install/zed_depth_to_laserscan/share/zed_depth_to_laserscan/local_setup.zsh
-- Installing: /home/men3m/Naima/install/zed_depth_to_laserscan/share/zed_depth_to_laserscan/local_setup.dsv
-- Installing: /home/men3m/Naima/install/zed_depth_to_laserscan/share/zed_depth_to_laserscan/package.dsv
-- Installing: /home/men3m/Naima/install/zed_depth_to_laserscan/share/ament_index/resource_index/packages/zed_depth_to_laserscan
-- Installing: /home/men3m/Naima/install/zed_depth_to_laserscan/share/zed_depth_to_laserscan/cmake/zed_depth_to_laserscanConfig.cmake
-- Installing: /home/men3m/Naima/install/zed_depth_to_laserscan/share/zed_depth_to_laserscan/cmake/zed_depth_to_laserscanConfig-version.cmake
-- Installing: /home/men3m/Naima/install/zed_depth_to_laserscan/share/zed_depth_to_laserscan/package.xml
