[0.015s] Invoking command in '/home/men3m/Naima/build/ublox_gps': CMAKE_PREFIX_PATH=/home/men3m/Naima/install/ublox_msgs:/home/men3m/Naima/install/ublox_serialization:/home/men3m/Naima/install/zed_ros2:/home/men3m/Naima/install/zed_robot_integration:/home/men3m/Naima/install/zed_ipc:/home/men3m/Naima/install/zed_multi_camera:/home/men3m/Naima/install/zed_display_rviz2:/home/men3m/Naima/install/zed_depth_to_laserscan:/home/men3m/Naima/install/zed_wrapper:/home/men3m/Naima/install/zed_tutorial_video:/home/men3m/Naima/install/zed_tutorial_pos_tracking:/home/men3m/Naima/install/zed_tutorial_depth:/home/men3m/Naima/install/zed_topic_benchmark:/home/men3m/Naima/install/zed_topic_benchmark_component:/home/men3m/Naima/install/zed_topic_benchmark_interfaces:/home/men3m/Naima/install/zed_rgb_convert:/home/men3m/Naima/install/zed_aruco_localization:/home/men3m/Naima/install/zed_components:/home/men3m/Naima/install/ublox:/home/men3m/Naima/install/ublox_gps:/home/men3m/Naima/install/rviz_plugin_zed_od:/home/men3m/Naima/install/naima_examples:/home/men3m/Naima/install/naima_msgs:/home/men3m/Naima/install/naima_mapping:/home/men3m/Naima/install/naima_localization:/home/men3m/Naima/install/naima_description:/home/men3m/Naima/install/naima_control:/home/men3m/Naima/install/naima_bringup:/home/men3m/Naima/install/naima:/opt/ros/humble LD_LIBRARY_PATH=/home/men3m/Naima/install/ublox_msgs/lib:/home/men3m/Naima/install/zed_ipc/lib:/home/men3m/Naima/install/zed_topic_benchmark_component/lib:/home/men3m/Naima/install/zed_topic_benchmark_interfaces/lib:/home/men3m/Naima/install/zed_rgb_convert/lib:/home/men3m/Naima/install/zed_aruco_localization/lib:/home/men3m/Naima/install/zed_components/lib:/home/men3m/Naima/install/ublox_gps/lib:/home/men3m/Naima/install/rviz_plugin_zed_od/lib:/home/men3m/Naima/install/naima_examples/lib:/home/men3m/Naima/install/naima_msgs/lib:/usr/lib/x86_64-linux-gnu/gazebo-11/plugins:/opt/ros/humble/opt/rviz_ogre_vendor/lib:/opt/ros/humble/lib/x86_64-linux-gnu:/opt/ros/humble/lib:/usr/local/cuda-12.4.0/lib64:/usr/local/cuda-12.4.0/lib64 /usr/bin/cmake --build /home/men3m/Naima/build/ublox_gps -- -j16 -l16
[0.085s] [ 13%] Built target ublox_logger_node
[0.121s] [ 90%] Built target ublox_gps
[0.158s] [100%] Built target ublox_gps_node
[0.172s] Invoked command in '/home/men3m/Naima/build/ublox_gps' returned '0': CMAKE_PREFIX_PATH=/home/men3m/Naima/install/ublox_msgs:/home/men3m/Naima/install/ublox_serialization:/home/men3m/Naima/install/zed_ros2:/home/men3m/Naima/install/zed_robot_integration:/home/men3m/Naima/install/zed_ipc:/home/men3m/Naima/install/zed_multi_camera:/home/men3m/Naima/install/zed_display_rviz2:/home/men3m/Naima/install/zed_depth_to_laserscan:/home/men3m/Naima/install/zed_wrapper:/home/men3m/Naima/install/zed_tutorial_video:/home/men3m/Naima/install/zed_tutorial_pos_tracking:/home/men3m/Naima/install/zed_tutorial_depth:/home/men3m/Naima/install/zed_topic_benchmark:/home/men3m/Naima/install/zed_topic_benchmark_component:/home/men3m/Naima/install/zed_topic_benchmark_interfaces:/home/men3m/Naima/install/zed_rgb_convert:/home/men3m/Naima/install/zed_aruco_localization:/home/men3m/Naima/install/zed_components:/home/men3m/Naima/install/ublox:/home/men3m/Naima/install/ublox_gps:/home/men3m/Naima/install/rviz_plugin_zed_od:/home/men3m/Naima/install/naima_examples:/home/men3m/Naima/install/naima_msgs:/home/men3m/Naima/install/naima_mapping:/home/men3m/Naima/install/naima_localization:/home/men3m/Naima/install/naima_description:/home/men3m/Naima/install/naima_control:/home/men3m/Naima/install/naima_bringup:/home/men3m/Naima/install/naima:/opt/ros/humble LD_LIBRARY_PATH=/home/men3m/Naima/install/ublox_msgs/lib:/home/men3m/Naima/install/zed_ipc/lib:/home/men3m/Naima/install/zed_topic_benchmark_component/lib:/home/men3m/Naima/install/zed_topic_benchmark_interfaces/lib:/home/men3m/Naima/install/zed_rgb_convert/lib:/home/men3m/Naima/install/zed_aruco_localization/lib:/home/men3m/Naima/install/zed_components/lib:/home/men3m/Naima/install/ublox_gps/lib:/home/men3m/Naima/install/rviz_plugin_zed_od/lib:/home/men3m/Naima/install/naima_examples/lib:/home/men3m/Naima/install/naima_msgs/lib:/usr/lib/x86_64-linux-gnu/gazebo-11/plugins:/opt/ros/humble/opt/rviz_ogre_vendor/lib:/opt/ros/humble/lib/x86_64-linux-gnu:/opt/ros/humble/lib:/usr/local/cuda-12.4.0/lib64:/usr/local/cuda-12.4.0/lib64 /usr/bin/cmake --build /home/men3m/Naima/build/ublox_gps -- -j16 -l16
[0.174s] Invoking command in '/home/men3m/Naima/build/ublox_gps': CMAKE_PREFIX_PATH=/home/men3m/Naima/install/ublox_msgs:/home/men3m/Naima/install/ublox_serialization:/home/men3m/Naima/install/zed_ros2:/home/men3m/Naima/install/zed_robot_integration:/home/men3m/Naima/install/zed_ipc:/home/men3m/Naima/install/zed_multi_camera:/home/men3m/Naima/install/zed_display_rviz2:/home/men3m/Naima/install/zed_depth_to_laserscan:/home/men3m/Naima/install/zed_wrapper:/home/men3m/Naima/install/zed_tutorial_video:/home/men3m/Naima/install/zed_tutorial_pos_tracking:/home/men3m/Naima/install/zed_tutorial_depth:/home/men3m/Naima/install/zed_topic_benchmark:/home/men3m/Naima/install/zed_topic_benchmark_component:/home/men3m/Naima/install/zed_topic_benchmark_interfaces:/home/men3m/Naima/install/zed_rgb_convert:/home/men3m/Naima/install/zed_aruco_localization:/home/men3m/Naima/install/zed_components:/home/men3m/Naima/install/ublox:/home/men3m/Naima/install/ublox_gps:/home/men3m/Naima/install/rviz_plugin_zed_od:/home/men3m/Naima/install/naima_examples:/home/men3m/Naima/install/naima_msgs:/home/men3m/Naima/install/naima_mapping:/home/men3m/Naima/install/naima_localization:/home/men3m/Naima/install/naima_description:/home/men3m/Naima/install/naima_control:/home/men3m/Naima/install/naima_bringup:/home/men3m/Naima/install/naima:/opt/ros/humble LD_LIBRARY_PATH=/home/men3m/Naima/install/ublox_msgs/lib:/home/men3m/Naima/install/zed_ipc/lib:/home/men3m/Naima/install/zed_topic_benchmark_component/lib:/home/men3m/Naima/install/zed_topic_benchmark_interfaces/lib:/home/men3m/Naima/install/zed_rgb_convert/lib:/home/men3m/Naima/install/zed_aruco_localization/lib:/home/men3m/Naima/install/zed_components/lib:/home/men3m/Naima/install/ublox_gps/lib:/home/men3m/Naima/install/rviz_plugin_zed_od/lib:/home/men3m/Naima/install/naima_examples/lib:/home/men3m/Naima/install/naima_msgs/lib:/usr/lib/x86_64-linux-gnu/gazebo-11/plugins:/opt/ros/humble/opt/rviz_ogre_vendor/lib:/opt/ros/humble/lib/x86_64-linux-gnu:/opt/ros/humble/lib:/usr/local/cuda-12.4.0/lib64:/usr/local/cuda-12.4.0/lib64 /usr/bin/cmake --install /home/men3m/Naima/build/ublox_gps
[0.183s] -- Install configuration: ""
[0.183s] -- Up-to-date: /home/men3m/Naima/install/ublox_gps/lib/libublox_gps.so
[0.184s] -- Up-to-date: /home/men3m/Naima/install/ublox_gps/lib/ublox_gps/ublox_gps_node
[0.184s] -- Up-to-date: /home/men3m/Naima/install/ublox_gps/lib/ublox_gps/ublox_logger
[0.184s] -- Up-to-date: /home/men3m/Naima/install/ublox_gps/include
[0.185s] -- Up-to-date: /home/men3m/Naima/install/ublox_gps/include/ublox_gps
[0.185s] -- Up-to-date: /home/men3m/Naima/install/ublox_gps/include/ublox_gps/ublox_firmware.hpp
[0.185s] -- Up-to-date: /home/men3m/Naima/install/ublox_gps/include/ublox_gps/raw_data_pa.hpp
[0.185s] -- Up-to-date: /home/men3m/Naima/install/ublox_gps/include/ublox_gps/tim_product.hpp
[0.185s] -- Up-to-date: /home/men3m/Naima/install/ublox_gps/include/ublox_gps/callback.hpp
[0.185s] -- Up-to-date: /home/men3m/Naima/install/ublox_gps/include/ublox_gps/rtcm.hpp
[0.185s] -- Up-to-date: /home/men3m/Naima/install/ublox_gps/include/ublox_gps/hpg_rov_product.hpp
[0.185s] -- Up-to-date: /home/men3m/Naima/install/ublox_gps/include/ublox_gps/fts_product.hpp
[0.185s] -- Up-to-date: /home/men3m/Naima/install/ublox_gps/include/ublox_gps/ublox_firmware8.hpp
[0.185s] -- Up-to-date: /home/men3m/Naima/install/ublox_gps/include/ublox_gps/component_interface.hpp
[0.185s] -- Up-to-date: /home/men3m/Naima/install/ublox_gps/include/ublox_gps/worker.hpp
[0.186s] -- Up-to-date: /home/men3m/Naima/install/ublox_gps/include/ublox_gps/ublox_firmware7.hpp
[0.186s] -- Up-to-date: /home/men3m/Naima/install/ublox_gps/include/ublox_gps/raw_data_product.hpp
[0.186s] -- Up-to-date: /home/men3m/Naima/install/ublox_gps/include/ublox_gps/node.hpp
[0.186s] -- Up-to-date: /home/men3m/Naima/install/ublox_gps/include/ublox_gps/gps.hpp
[0.186s] -- Up-to-date: /home/men3m/Naima/install/ublox_gps/include/ublox_gps/ublox_firmware6.hpp
[0.186s] -- Up-to-date: /home/men3m/Naima/install/ublox_gps/include/ublox_gps/ublox_firmware9.hpp
[0.186s] -- Up-to-date: /home/men3m/Naima/install/ublox_gps/include/ublox_gps/mkgmtime.h
[0.186s] -- Up-to-date: /home/men3m/Naima/install/ublox_gps/include/ublox_gps/ublox_firmware7plus.hpp
[0.186s] -- Up-to-date: /home/men3m/Naima/install/ublox_gps/include/ublox_gps/gnss.hpp
[0.186s] -- Up-to-date: /home/men3m/Naima/install/ublox_gps/include/ublox_gps/adr_udr_product.hpp
[0.186s] -- Up-to-date: /home/men3m/Naima/install/ublox_gps/include/ublox_gps/hpg_ref_product.hpp
[0.187s] -- Up-to-date: /home/men3m/Naima/install/ublox_gps/include/ublox_gps/fix_diagnostic.hpp
[0.187s] -- Up-to-date: /home/men3m/Naima/install/ublox_gps/include/ublox_gps/ublox_topic_diagnostic.hpp
[0.187s] -- Up-to-date: /home/men3m/Naima/install/ublox_gps/include/ublox_gps/hp_pos_rec_product.hpp
[0.187s] -- Up-to-date: /home/men3m/Naima/install/ublox_gps/include/ublox_gps/async_worker.hpp
[0.187s] -- Up-to-date: /home/men3m/Naima/install/ublox_gps/include/ublox_gps/utils.hpp
[0.187s] -- Up-to-date: /home/men3m/Naima/install/ublox_gps/share/ublox_gps/launch
[0.187s] -- Up-to-date: /home/men3m/Naima/install/ublox_gps/share/ublox_gps/launch/ublox_gps_node_zedf9p-launch.py
[0.187s] -- Up-to-date: /home/men3m/Naima/install/ublox_gps/share/ublox_gps/launch/ublox_gps_node_1-launch.py
[0.187s] -- Up-to-date: /home/men3m/Naima/install/ublox_gps/share/ublox_gps/config
[0.187s] -- Up-to-date: /home/men3m/Naima/install/ublox_gps/share/ublox_gps/config/naima.yaml
[0.187s] -- Up-to-date: /home/men3m/Naima/install/ublox_gps/share/ament_index/resource_index/package_run_dependencies/ublox_gps
[0.187s] -- Up-to-date: /home/men3m/Naima/install/ublox_gps/share/ament_index/resource_index/parent_prefix_path/ublox_gps
[0.187s] -- Up-to-date: /home/men3m/Naima/install/ublox_gps/share/ublox_gps/environment/ament_prefix_path.sh
[0.188s] -- Up-to-date: /home/men3m/Naima/install/ublox_gps/share/ublox_gps/environment/ament_prefix_path.dsv
[0.188s] -- Up-to-date: /home/men3m/Naima/install/ublox_gps/share/ublox_gps/environment/path.sh
[0.188s] -- Up-to-date: /home/men3m/Naima/install/ublox_gps/share/ublox_gps/environment/path.dsv
[0.188s] -- Up-to-date: /home/men3m/Naima/install/ublox_gps/share/ublox_gps/local_setup.bash
[0.188s] -- Up-to-date: /home/men3m/Naima/install/ublox_gps/share/ublox_gps/local_setup.sh
[0.188s] -- Up-to-date: /home/men3m/Naima/install/ublox_gps/share/ublox_gps/local_setup.zsh
[0.188s] -- Up-to-date: /home/men3m/Naima/install/ublox_gps/share/ublox_gps/local_setup.dsv
[0.188s] -- Installing: /home/men3m/Naima/install/ublox_gps/share/ublox_gps/package.dsv
[0.189s] -- Up-to-date: /home/men3m/Naima/install/ublox_gps/share/ament_index/resource_index/packages/ublox_gps
[0.189s] -- Up-to-date: /home/men3m/Naima/install/ublox_gps/share/ament_index/resource_index/rclcpp_components/ublox_gps
[0.189s] -- Up-to-date: /home/men3m/Naima/install/ublox_gps/share/ublox_gps/cmake/ublox_gpsConfig.cmake
[0.189s] -- Up-to-date: /home/men3m/Naima/install/ublox_gps/share/ublox_gps/cmake/ublox_gpsConfig-version.cmake
[0.189s] -- Up-to-date: /home/men3m/Naima/install/ublox_gps/share/ublox_gps/package.xml
[0.190s] Invoked command in '/home/men3m/Naima/build/ublox_gps' returned '0': CMAKE_PREFIX_PATH=/home/men3m/Naima/install/ublox_msgs:/home/men3m/Naima/install/ublox_serialization:/home/men3m/Naima/install/zed_ros2:/home/men3m/Naima/install/zed_robot_integration:/home/men3m/Naima/install/zed_ipc:/home/men3m/Naima/install/zed_multi_camera:/home/men3m/Naima/install/zed_display_rviz2:/home/men3m/Naima/install/zed_depth_to_laserscan:/home/men3m/Naima/install/zed_wrapper:/home/men3m/Naima/install/zed_tutorial_video:/home/men3m/Naima/install/zed_tutorial_pos_tracking:/home/men3m/Naima/install/zed_tutorial_depth:/home/men3m/Naima/install/zed_topic_benchmark:/home/men3m/Naima/install/zed_topic_benchmark_component:/home/men3m/Naima/install/zed_topic_benchmark_interfaces:/home/men3m/Naima/install/zed_rgb_convert:/home/men3m/Naima/install/zed_aruco_localization:/home/men3m/Naima/install/zed_components:/home/men3m/Naima/install/ublox:/home/men3m/Naima/install/ublox_gps:/home/men3m/Naima/install/rviz_plugin_zed_od:/home/men3m/Naima/install/naima_examples:/home/men3m/Naima/install/naima_msgs:/home/men3m/Naima/install/naima_mapping:/home/men3m/Naima/install/naima_localization:/home/men3m/Naima/install/naima_description:/home/men3m/Naima/install/naima_control:/home/men3m/Naima/install/naima_bringup:/home/men3m/Naima/install/naima:/opt/ros/humble LD_LIBRARY_PATH=/home/men3m/Naima/install/ublox_msgs/lib:/home/men3m/Naima/install/zed_ipc/lib:/home/men3m/Naima/install/zed_topic_benchmark_component/lib:/home/men3m/Naima/install/zed_topic_benchmark_interfaces/lib:/home/men3m/Naima/install/zed_rgb_convert/lib:/home/men3m/Naima/install/zed_aruco_localization/lib:/home/men3m/Naima/install/zed_components/lib:/home/men3m/Naima/install/ublox_gps/lib:/home/men3m/Naima/install/rviz_plugin_zed_od/lib:/home/men3m/Naima/install/naima_examples/lib:/home/men3m/Naima/install/naima_msgs/lib:/usr/lib/x86_64-linux-gnu/gazebo-11/plugins:/opt/ros/humble/opt/rviz_ogre_vendor/lib:/opt/ros/humble/lib/x86_64-linux-gnu:/opt/ros/humble/lib:/usr/local/cuda-12.4.0/lib64:/usr/local/cuda-12.4.0/lib64 /usr/bin/cmake --install /home/men3m/Naima/build/ublox_gps
