[  2%] Built target naima_msgs__cpp
[ 12%] Built target naima_msgs__rosidl_generator_c
[ 12%] Built target ament_cmake_python_copy_naima_msgs
[ 23%] Built target naima_msgs__rosidl_typesupport_fastrtps_cpp
[ 34%] Built target naima_msgs__rosidl_typesupport_cpp
[ 53%] Built target naima_msgs__rosidl_typesupport_fastrtps_c
[ 55%] Built target naima_msgs__rosidl_typesupport_introspection_cpp
[ 65%] Built target naima_msgs__rosidl_typesupport_c
[ 76%] Built target naima_msgs__rosidl_typesupport_introspection_c
[ 76%] Built target naima_msgs
[ 78%] Built target naima_msgs__py
[ 87%] Built target naima_msgs__rosidl_generator_py
[ 95%] Built target naima_msgs__rosidl_typesupport_fastrtps_c__pyext
[ 95%] Built target naima_msgs__rosidl_typesupport_introspection_c__pyext
[100%] Built target naima_msgs__rosidl_typesupport_c__pyext
running egg_info
writing naima_msgs.egg-info/PKG-INFO
writing dependency_links to naima_msgs.egg-info/dependency_links.txt
writing top-level names to naima_msgs.egg-info/top_level.txt
reading manifest file 'naima_msgs.egg-info/SOURCES.txt'
writing manifest file 'naima_msgs.egg-info/SOURCES.txt'
[100%] Built target ament_cmake_python_build_naima_msgs_egg
-- Install configuration: ""
-- Up-to-date: /home/men3m/Naima/install/naima_msgs/share/ament_index/resource_index/rosidl_interfaces/naima_msgs
-- Up-to-date: /home/men3m/Naima/install/naima_msgs/include/naima_msgs/naima_msgs
-- Up-to-date: /home/men3m/Naima/install/naima_msgs/include/naima_msgs/naima_msgs/action
-- Up-to-date: /home/men3m/Naima/install/naima_msgs/include/naima_msgs/naima_msgs/action/fibonacci.h
-- Up-to-date: /home/men3m/Naima/install/naima_msgs/include/naima_msgs/naima_msgs/action/detail
-- Up-to-date: /home/men3m/Naima/install/naima_msgs/include/naima_msgs/naima_msgs/action/detail/fibonacci__type_support.h
-- Up-to-date: /home/men3m/Naima/install/naima_msgs/include/naima_msgs/naima_msgs/action/detail/fibonacci__struct.h
-- Up-to-date: /home/men3m/Naima/install/naima_msgs/include/naima_msgs/naima_msgs/action/detail/fibonacci__functions.c
-- Up-to-date: /home/men3m/Naima/install/naima_msgs/include/naima_msgs/naima_msgs/action/detail/fibonacci__functions.h
-- Up-to-date: /home/men3m/Naima/install/naima_msgs/include/naima_msgs/naima_msgs/msg
-- Up-to-date: /home/men3m/Naima/install/naima_msgs/include/naima_msgs/naima_msgs/msg/rosidl_generator_c__visibility_control.h
-- Up-to-date: /home/men3m/Naima/install/naima_msgs/include/naima_msgs/naima_msgs/srv
-- Up-to-date: /home/men3m/Naima/install/naima_msgs/include/naima_msgs/naima_msgs/srv/detail
-- Up-to-date: /home/men3m/Naima/install/naima_msgs/include/naima_msgs/naima_msgs/srv/detail/add_two_ints__functions.h
-- Up-to-date: /home/men3m/Naima/install/naima_msgs/include/naima_msgs/naima_msgs/srv/detail/get_transform__struct.h
-- Up-to-date: /home/men3m/Naima/install/naima_msgs/include/naima_msgs/naima_msgs/srv/detail/get_transform__type_support.h
-- Up-to-date: /home/men3m/Naima/install/naima_msgs/include/naima_msgs/naima_msgs/srv/detail/get_transform__functions.c
-- Up-to-date: /home/men3m/Naima/install/naima_msgs/include/naima_msgs/naima_msgs/srv/detail/add_two_ints__type_support.h
-- Up-to-date: /home/men3m/Naima/install/naima_msgs/include/naima_msgs/naima_msgs/srv/detail/add_two_ints__functions.c
-- Up-to-date: /home/men3m/Naima/install/naima_msgs/include/naima_msgs/naima_msgs/srv/detail/add_two_ints__struct.h
-- Up-to-date: /home/men3m/Naima/install/naima_msgs/include/naima_msgs/naima_msgs/srv/detail/get_transform__functions.h
-- Up-to-date: /home/men3m/Naima/install/naima_msgs/include/naima_msgs/naima_msgs/srv/add_two_ints.h
-- Up-to-date: /home/men3m/Naima/install/naima_msgs/include/naima_msgs/naima_msgs/srv/get_transform.h
-- Up-to-date: /home/men3m/Naima/install/naima_msgs/share/naima_msgs/environment/library_path.sh
-- Up-to-date: /home/men3m/Naima/install/naima_msgs/share/naima_msgs/environment/library_path.dsv
-- Up-to-date: /home/men3m/Naima/install/naima_msgs/lib/libnaima_msgs__rosidl_generator_c.so
-- Up-to-date: /home/men3m/Naima/install/naima_msgs/include/naima_msgs/naima_msgs
-- Up-to-date: /home/men3m/Naima/install/naima_msgs/include/naima_msgs/naima_msgs/action
-- Up-to-date: /home/men3m/Naima/install/naima_msgs/include/naima_msgs/naima_msgs/action/detail
-- Up-to-date: /home/men3m/Naima/install/naima_msgs/include/naima_msgs/naima_msgs/action/detail/fibonacci__rosidl_typesupport_fastrtps_c.h
-- Up-to-date: /home/men3m/Naima/install/naima_msgs/include/naima_msgs/naima_msgs/msg
-- Up-to-date: /home/men3m/Naima/install/naima_msgs/include/naima_msgs/naima_msgs/msg/rosidl_typesupport_fastrtps_c__visibility_control.h
-- Up-to-date: /home/men3m/Naima/install/naima_msgs/include/naima_msgs/naima_msgs/srv
-- Up-to-date: /home/men3m/Naima/install/naima_msgs/include/naima_msgs/naima_msgs/srv/detail
-- Up-to-date: /home/men3m/Naima/install/naima_msgs/include/naima_msgs/naima_msgs/srv/detail/get_transform__rosidl_typesupport_fastrtps_c.h
-- Up-to-date: /home/men3m/Naima/install/naima_msgs/include/naima_msgs/naima_msgs/srv/detail/add_two_ints__rosidl_typesupport_fastrtps_c.h
-- Up-to-date: /home/men3m/Naima/install/naima_msgs/lib/libnaima_msgs__rosidl_typesupport_fastrtps_c.so
-- Up-to-date: /home/men3m/Naima/install/naima_msgs/include/naima_msgs/naima_msgs
-- Up-to-date: /home/men3m/Naima/install/naima_msgs/include/naima_msgs/naima_msgs/action
-- Up-to-date: /home/men3m/Naima/install/naima_msgs/include/naima_msgs/naima_msgs/action/detail
-- Up-to-date: /home/men3m/Naima/install/naima_msgs/include/naima_msgs/naima_msgs/action/detail/fibonacci__traits.hpp
-- Up-to-date: /home/men3m/Naima/install/naima_msgs/include/naima_msgs/naima_msgs/action/detail/fibonacci__type_support.hpp
-- Up-to-date: /home/men3m/Naima/install/naima_msgs/include/naima_msgs/naima_msgs/action/detail/fibonacci__struct.hpp
-- Up-to-date: /home/men3m/Naima/install/naima_msgs/include/naima_msgs/naima_msgs/action/detail/fibonacci__builder.hpp
-- Up-to-date: /home/men3m/Naima/install/naima_msgs/include/naima_msgs/naima_msgs/action/fibonacci.hpp
-- Up-to-date: /home/men3m/Naima/install/naima_msgs/include/naima_msgs/naima_msgs/msg
-- Up-to-date: /home/men3m/Naima/install/naima_msgs/include/naima_msgs/naima_msgs/msg/rosidl_generator_cpp__visibility_control.hpp
-- Up-to-date: /home/men3m/Naima/install/naima_msgs/include/naima_msgs/naima_msgs/srv
-- Up-to-date: /home/men3m/Naima/install/naima_msgs/include/naima_msgs/naima_msgs/srv/get_transform.hpp
-- Up-to-date: /home/men3m/Naima/install/naima_msgs/include/naima_msgs/naima_msgs/srv/detail
-- Up-to-date: /home/men3m/Naima/install/naima_msgs/include/naima_msgs/naima_msgs/srv/detail/add_two_ints__traits.hpp
-- Up-to-date: /home/men3m/Naima/install/naima_msgs/include/naima_msgs/naima_msgs/srv/detail/get_transform__traits.hpp
-- Up-to-date: /home/men3m/Naima/install/naima_msgs/include/naima_msgs/naima_msgs/srv/detail/get_transform__type_support.hpp
-- Up-to-date: /home/men3m/Naima/install/naima_msgs/include/naima_msgs/naima_msgs/srv/detail/add_two_ints__builder.hpp
-- Up-to-date: /home/men3m/Naima/install/naima_msgs/include/naima_msgs/naima_msgs/srv/detail/add_two_ints__type_support.hpp
-- Up-to-date: /home/men3m/Naima/install/naima_msgs/include/naima_msgs/naima_msgs/srv/detail/get_transform__builder.hpp
-- Up-to-date: /home/men3m/Naima/install/naima_msgs/include/naima_msgs/naima_msgs/srv/detail/add_two_ints__struct.hpp
-- Up-to-date: /home/men3m/Naima/install/naima_msgs/include/naima_msgs/naima_msgs/srv/detail/get_transform__struct.hpp
-- Up-to-date: /home/men3m/Naima/install/naima_msgs/include/naima_msgs/naima_msgs/srv/add_two_ints.hpp
-- Up-to-date: /home/men3m/Naima/install/naima_msgs/include/naima_msgs/naima_msgs
-- Up-to-date: /home/men3m/Naima/install/naima_msgs/include/naima_msgs/naima_msgs/action
-- Up-to-date: /home/men3m/Naima/install/naima_msgs/include/naima_msgs/naima_msgs/action/detail
-- Up-to-date: /home/men3m/Naima/install/naima_msgs/include/naima_msgs/naima_msgs/action/detail/dds_fastrtps
-- Up-to-date: /home/men3m/Naima/install/naima_msgs/include/naima_msgs/naima_msgs/action/detail/fibonacci__rosidl_typesupport_fastrtps_cpp.hpp
-- Up-to-date: /home/men3m/Naima/install/naima_msgs/include/naima_msgs/naima_msgs/msg
-- Up-to-date: /home/men3m/Naima/install/naima_msgs/include/naima_msgs/naima_msgs/msg/rosidl_typesupport_fastrtps_cpp__visibility_control.h
-- Up-to-date: /home/men3m/Naima/install/naima_msgs/include/naima_msgs/naima_msgs/srv
-- Up-to-date: /home/men3m/Naima/install/naima_msgs/include/naima_msgs/naima_msgs/srv/detail
-- Up-to-date: /home/men3m/Naima/install/naima_msgs/include/naima_msgs/naima_msgs/srv/detail/get_transform__rosidl_typesupport_fastrtps_cpp.hpp
-- Up-to-date: /home/men3m/Naima/install/naima_msgs/include/naima_msgs/naima_msgs/srv/detail/add_two_ints__rosidl_typesupport_fastrtps_cpp.hpp
-- Up-to-date: /home/men3m/Naima/install/naima_msgs/include/naima_msgs/naima_msgs/srv/detail/dds_fastrtps
-- Up-to-date: /home/men3m/Naima/install/naima_msgs/lib/libnaima_msgs__rosidl_typesupport_fastrtps_cpp.so
-- Up-to-date: /home/men3m/Naima/install/naima_msgs/include/naima_msgs/naima_msgs
-- Up-to-date: /home/men3m/Naima/install/naima_msgs/include/naima_msgs/naima_msgs/action
-- Up-to-date: /home/men3m/Naima/install/naima_msgs/include/naima_msgs/naima_msgs/action/detail
-- Up-to-date: /home/men3m/Naima/install/naima_msgs/include/naima_msgs/naima_msgs/action/detail/fibonacci__rosidl_typesupport_introspection_c.h
-- Up-to-date: /home/men3m/Naima/install/naima_msgs/include/naima_msgs/naima_msgs/action/detail/fibonacci__type_support.c
-- Up-to-date: /home/men3m/Naima/install/naima_msgs/include/naima_msgs/naima_msgs/msg
-- Up-to-date: /home/men3m/Naima/install/naima_msgs/include/naima_msgs/naima_msgs/msg/rosidl_typesupport_introspection_c__visibility_control.h
-- Up-to-date: /home/men3m/Naima/install/naima_msgs/include/naima_msgs/naima_msgs/srv
-- Up-to-date: /home/men3m/Naima/install/naima_msgs/include/naima_msgs/naima_msgs/srv/detail
-- Up-to-date: /home/men3m/Naima/install/naima_msgs/include/naima_msgs/naima_msgs/srv/detail/add_two_ints__type_support.c
-- Up-to-date: /home/men3m/Naima/install/naima_msgs/include/naima_msgs/naima_msgs/srv/detail/add_two_ints__rosidl_typesupport_introspection_c.h
-- Up-to-date: /home/men3m/Naima/install/naima_msgs/include/naima_msgs/naima_msgs/srv/detail/get_transform__rosidl_typesupport_introspection_c.h
-- Up-to-date: /home/men3m/Naima/install/naima_msgs/include/naima_msgs/naima_msgs/srv/detail/get_transform__type_support.c
-- Up-to-date: /home/men3m/Naima/install/naima_msgs/lib/libnaima_msgs__rosidl_typesupport_introspection_c.so
-- Up-to-date: /home/men3m/Naima/install/naima_msgs/lib/libnaima_msgs__rosidl_typesupport_c.so
-- Up-to-date: /home/men3m/Naima/install/naima_msgs/include/naima_msgs/naima_msgs
-- Up-to-date: /home/men3m/Naima/install/naima_msgs/include/naima_msgs/naima_msgs/action
-- Up-to-date: /home/men3m/Naima/install/naima_msgs/include/naima_msgs/naima_msgs/action/detail
-- Up-to-date: /home/men3m/Naima/install/naima_msgs/include/naima_msgs/naima_msgs/action/detail/fibonacci__rosidl_typesupport_introspection_cpp.hpp
-- Up-to-date: /home/men3m/Naima/install/naima_msgs/include/naima_msgs/naima_msgs/action/detail/fibonacci__type_support.cpp
-- Up-to-date: /home/men3m/Naima/install/naima_msgs/include/naima_msgs/naima_msgs/srv
-- Up-to-date: /home/men3m/Naima/install/naima_msgs/include/naima_msgs/naima_msgs/srv/detail
-- Up-to-date: /home/men3m/Naima/install/naima_msgs/include/naima_msgs/naima_msgs/srv/detail/add_two_ints__rosidl_typesupport_introspection_cpp.hpp
-- Up-to-date: /home/men3m/Naima/install/naima_msgs/include/naima_msgs/naima_msgs/srv/detail/add_two_ints__type_support.cpp
-- Up-to-date: /home/men3m/Naima/install/naima_msgs/include/naima_msgs/naima_msgs/srv/detail/get_transform__rosidl_typesupport_introspection_cpp.hpp
-- Up-to-date: /home/men3m/Naima/install/naima_msgs/include/naima_msgs/naima_msgs/srv/detail/get_transform__type_support.cpp
-- Up-to-date: /home/men3m/Naima/install/naima_msgs/lib/libnaima_msgs__rosidl_typesupport_introspection_cpp.so
-- Up-to-date: /home/men3m/Naima/install/naima_msgs/lib/libnaima_msgs__rosidl_typesupport_cpp.so
-- Up-to-date: /home/men3m/Naima/install/naima_msgs/share/naima_msgs/environment/pythonpath.sh
-- Up-to-date: /home/men3m/Naima/install/naima_msgs/share/naima_msgs/environment/pythonpath.dsv
-- Up-to-date: /home/men3m/Naima/install/naima_msgs/local/lib/python3.10/dist-packages/naima_msgs-0.0.0-py3.10.egg-info
-- Installing: /home/men3m/Naima/install/naima_msgs/local/lib/python3.10/dist-packages/naima_msgs-0.0.0-py3.10.egg-info/dependency_links.txt
-- Installing: /home/men3m/Naima/install/naima_msgs/local/lib/python3.10/dist-packages/naima_msgs-0.0.0-py3.10.egg-info/top_level.txt
-- Installing: /home/men3m/Naima/install/naima_msgs/local/lib/python3.10/dist-packages/naima_msgs-0.0.0-py3.10.egg-info/SOURCES.txt
-- Installing: /home/men3m/Naima/install/naima_msgs/local/lib/python3.10/dist-packages/naima_msgs-0.0.0-py3.10.egg-info/PKG-INFO
-- Up-to-date: /home/men3m/Naima/install/naima_msgs/local/lib/python3.10/dist-packages/naima_msgs
-- Up-to-date: /home/men3m/Naima/install/naima_msgs/local/lib/python3.10/dist-packages/naima_msgs/_naima_msgs_s.ep.rosidl_typesupport_fastrtps_c.c
-- Up-to-date: /home/men3m/Naima/install/naima_msgs/local/lib/python3.10/dist-packages/naima_msgs/naima_msgs_s__rosidl_typesupport_introspection_c.cpython-310-x86_64-linux-gnu.so
-- Up-to-date: /home/men3m/Naima/install/naima_msgs/local/lib/python3.10/dist-packages/naima_msgs/naima_msgs_s__rosidl_typesupport_c.cpython-310-x86_64-linux-gnu.so
-- Up-to-date: /home/men3m/Naima/install/naima_msgs/local/lib/python3.10/dist-packages/naima_msgs/_naima_msgs_s.ep.rosidl_typesupport_introspection_c.c
-- Up-to-date: /home/men3m/Naima/install/naima_msgs/local/lib/python3.10/dist-packages/naima_msgs/action
-- Up-to-date: /home/men3m/Naima/install/naima_msgs/local/lib/python3.10/dist-packages/naima_msgs/action/_fibonacci.py
-- Up-to-date: /home/men3m/Naima/install/naima_msgs/local/lib/python3.10/dist-packages/naima_msgs/action/__init__.py
-- Up-to-date: /home/men3m/Naima/install/naima_msgs/local/lib/python3.10/dist-packages/naima_msgs/action/_fibonacci_s.c
-- Up-to-date: /home/men3m/Naima/install/naima_msgs/local/lib/python3.10/dist-packages/naima_msgs/naima_msgs_s__rosidl_typesupport_fastrtps_c.cpython-310-x86_64-linux-gnu.so
-- Up-to-date: /home/men3m/Naima/install/naima_msgs/local/lib/python3.10/dist-packages/naima_msgs/srv
-- Up-to-date: /home/men3m/Naima/install/naima_msgs/local/lib/python3.10/dist-packages/naima_msgs/srv/_add_two_ints_s.c
-- Up-to-date: /home/men3m/Naima/install/naima_msgs/local/lib/python3.10/dist-packages/naima_msgs/srv/_get_transform_s.c
-- Up-to-date: /home/men3m/Naima/install/naima_msgs/local/lib/python3.10/dist-packages/naima_msgs/srv/_add_two_ints.py
-- Up-to-date: /home/men3m/Naima/install/naima_msgs/local/lib/python3.10/dist-packages/naima_msgs/srv/__init__.py
-- Up-to-date: /home/men3m/Naima/install/naima_msgs/local/lib/python3.10/dist-packages/naima_msgs/srv/_get_transform.py
-- Up-to-date: /home/men3m/Naima/install/naima_msgs/local/lib/python3.10/dist-packages/naima_msgs/_naima_msgs_s.ep.rosidl_typesupport_c.c
-- Up-to-date: /home/men3m/Naima/install/naima_msgs/local/lib/python3.10/dist-packages/naima_msgs/libnaima_msgs__rosidl_generator_py.so
-- Up-to-date: /home/men3m/Naima/install/naima_msgs/local/lib/python3.10/dist-packages/naima_msgs/__init__.py
Listing '/home/men3m/Naima/install/naima_msgs/local/lib/python3.10/dist-packages/naima_msgs'...
Listing '/home/men3m/Naima/install/naima_msgs/local/lib/python3.10/dist-packages/naima_msgs/action'...
Listing '/home/men3m/Naima/install/naima_msgs/local/lib/python3.10/dist-packages/naima_msgs/srv'...
-- Up-to-date: /home/men3m/Naima/install/naima_msgs/local/lib/python3.10/dist-packages/naima_msgs/naima_msgs_s__rosidl_typesupport_fastrtps_c.cpython-310-x86_64-linux-gnu.so
-- Up-to-date: /home/men3m/Naima/install/naima_msgs/local/lib/python3.10/dist-packages/naima_msgs/naima_msgs_s__rosidl_typesupport_introspection_c.cpython-310-x86_64-linux-gnu.so
-- Up-to-date: /home/men3m/Naima/install/naima_msgs/local/lib/python3.10/dist-packages/naima_msgs/naima_msgs_s__rosidl_typesupport_c.cpython-310-x86_64-linux-gnu.so
-- Up-to-date: /home/men3m/Naima/install/naima_msgs/lib/libnaima_msgs__rosidl_generator_py.so
-- Up-to-date: /home/men3m/Naima/install/naima_msgs/share/naima_msgs/action/Fibonacci.idl
-- Up-to-date: /home/men3m/Naima/install/naima_msgs/share/naima_msgs/srv/AddTwoInts.idl
-- Up-to-date: /home/men3m/Naima/install/naima_msgs/share/naima_msgs/srv/GetTransform.idl
-- Up-to-date: /home/men3m/Naima/install/naima_msgs/share/naima_msgs/action/Fibonacci.action
-- Up-to-date: /home/men3m/Naima/install/naima_msgs/share/naima_msgs/srv/AddTwoInts.srv
-- Up-to-date: /home/men3m/Naima/install/naima_msgs/share/naima_msgs/srv/AddTwoInts_Request.msg
-- Up-to-date: /home/men3m/Naima/install/naima_msgs/share/naima_msgs/srv/AddTwoInts_Response.msg
-- Up-to-date: /home/men3m/Naima/install/naima_msgs/share/naima_msgs/srv/GetTransform.srv
-- Up-to-date: /home/men3m/Naima/install/naima_msgs/share/naima_msgs/srv/GetTransform_Request.msg
-- Up-to-date: /home/men3m/Naima/install/naima_msgs/share/naima_msgs/srv/GetTransform_Response.msg
-- Up-to-date: /home/men3m/Naima/install/naima_msgs/include
-- Up-to-date: /home/men3m/Naima/install/naima_msgs/include/.vscode
-- Up-to-date: /home/men3m/Naima/install/naima_msgs/include/.vscode/c_cpp_properties.json
-- Up-to-date: /home/men3m/Naima/install/naima_msgs/include/.vscode/settings.json
-- Up-to-date: /home/men3m/Naima/install/naima_msgs/include/test.py
-- Up-to-date: /home/men3m/Naima/install/naima_msgs/share/ament_index/resource_index/package_run_dependencies/naima_msgs
-- Up-to-date: /home/men3m/Naima/install/naima_msgs/share/ament_index/resource_index/parent_prefix_path/naima_msgs
-- Up-to-date: /home/men3m/Naima/install/naima_msgs/share/naima_msgs/environment/ament_prefix_path.sh
-- Up-to-date: /home/men3m/Naima/install/naima_msgs/share/naima_msgs/environment/ament_prefix_path.dsv
-- Up-to-date: /home/men3m/Naima/install/naima_msgs/share/naima_msgs/environment/path.sh
-- Up-to-date: /home/men3m/Naima/install/naima_msgs/share/naima_msgs/environment/path.dsv
-- Up-to-date: /home/men3m/Naima/install/naima_msgs/share/naima_msgs/local_setup.bash
-- Up-to-date: /home/men3m/Naima/install/naima_msgs/share/naima_msgs/local_setup.sh
-- Up-to-date: /home/men3m/Naima/install/naima_msgs/share/naima_msgs/local_setup.zsh
-- Up-to-date: /home/men3m/Naima/install/naima_msgs/share/naima_msgs/local_setup.dsv
-- Installing: /home/men3m/Naima/install/naima_msgs/share/naima_msgs/package.dsv
-- Up-to-date: /home/men3m/Naima/install/naima_msgs/share/ament_index/resource_index/packages/naima_msgs
-- Up-to-date: /home/men3m/Naima/install/naima_msgs/share/naima_msgs/cmake/export_naima_msgs__rosidl_generator_cExport.cmake
-- Up-to-date: /home/men3m/Naima/install/naima_msgs/share/naima_msgs/cmake/export_naima_msgs__rosidl_generator_cExport-noconfig.cmake
-- Up-to-date: /home/men3m/Naima/install/naima_msgs/share/naima_msgs/cmake/export_naima_msgs__rosidl_typesupport_fastrtps_cExport.cmake
-- Up-to-date: /home/men3m/Naima/install/naima_msgs/share/naima_msgs/cmake/export_naima_msgs__rosidl_typesupport_fastrtps_cExport-noconfig.cmake
-- Up-to-date: /home/men3m/Naima/install/naima_msgs/share/naima_msgs/cmake/export_naima_msgs__rosidl_generator_cppExport.cmake
-- Up-to-date: /home/men3m/Naima/install/naima_msgs/share/naima_msgs/cmake/export_naima_msgs__rosidl_typesupport_fastrtps_cppExport.cmake
-- Up-to-date: /home/men3m/Naima/install/naima_msgs/share/naima_msgs/cmake/export_naima_msgs__rosidl_typesupport_fastrtps_cppExport-noconfig.cmake
-- Up-to-date: /home/men3m/Naima/install/naima_msgs/share/naima_msgs/cmake/naima_msgs__rosidl_typesupport_introspection_cExport.cmake
-- Up-to-date: /home/men3m/Naima/install/naima_msgs/share/naima_msgs/cmake/naima_msgs__rosidl_typesupport_introspection_cExport-noconfig.cmake
-- Up-to-date: /home/men3m/Naima/install/naima_msgs/share/naima_msgs/cmake/naima_msgs__rosidl_typesupport_cExport.cmake
-- Up-to-date: /home/men3m/Naima/install/naima_msgs/share/naima_msgs/cmake/naima_msgs__rosidl_typesupport_cExport-noconfig.cmake
-- Up-to-date: /home/men3m/Naima/install/naima_msgs/share/naima_msgs/cmake/naima_msgs__rosidl_typesupport_introspection_cppExport.cmake
-- Up-to-date: /home/men3m/Naima/install/naima_msgs/share/naima_msgs/cmake/naima_msgs__rosidl_typesupport_introspection_cppExport-noconfig.cmake
-- Up-to-date: /home/men3m/Naima/install/naima_msgs/share/naima_msgs/cmake/naima_msgs__rosidl_typesupport_cppExport.cmake
-- Up-to-date: /home/men3m/Naima/install/naima_msgs/share/naima_msgs/cmake/naima_msgs__rosidl_typesupport_cppExport-noconfig.cmake
-- Up-to-date: /home/men3m/Naima/install/naima_msgs/share/naima_msgs/cmake/export_naima_msgs__rosidl_generator_pyExport.cmake
-- Up-to-date: /home/men3m/Naima/install/naima_msgs/share/naima_msgs/cmake/export_naima_msgs__rosidl_generator_pyExport-noconfig.cmake
-- Up-to-date: /home/men3m/Naima/install/naima_msgs/share/naima_msgs/cmake/rosidl_cmake-extras.cmake
-- Up-to-date: /home/men3m/Naima/install/naima_msgs/share/naima_msgs/cmake/ament_cmake_export_dependencies-extras.cmake
-- Up-to-date: /home/men3m/Naima/install/naima_msgs/share/naima_msgs/cmake/ament_cmake_export_include_directories-extras.cmake
-- Up-to-date: /home/men3m/Naima/install/naima_msgs/share/naima_msgs/cmake/ament_cmake_export_libraries-extras.cmake
-- Up-to-date: /home/men3m/Naima/install/naima_msgs/share/naima_msgs/cmake/ament_cmake_export_targets-extras.cmake
-- Up-to-date: /home/men3m/Naima/install/naima_msgs/share/naima_msgs/cmake/rosidl_cmake_export_typesupport_targets-extras.cmake
-- Up-to-date: /home/men3m/Naima/install/naima_msgs/share/naima_msgs/cmake/rosidl_cmake_export_typesupport_libraries-extras.cmake
-- Up-to-date: /home/men3m/Naima/install/naima_msgs/share/naima_msgs/cmake/naima_msgsConfig.cmake
-- Up-to-date: /home/men3m/Naima/install/naima_msgs/share/naima_msgs/cmake/naima_msgsConfig-version.cmake
-- Up-to-date: /home/men3m/Naima/install/naima_msgs/share/naima_msgs/package.xml
