-- The C compiler identification is GNU 11.4.0
-- The CXX compiler identification is GNU 11.4.0
-- Detecting C compiler ABI info
-- Detecting C compiler ABI info - done
-- Check for working C compiler: /usr/bin/cc - skipped
-- Detecting C compile features
-- Detecting C compile features - done
-- Detecting CXX compiler ABI info
-- Detecting CXX compiler ABI info - done
-- Check for working CXX compiler: /usr/bin/c++ - skipped
-- Detecting CXX compile features
-- Detecting CXX compile features - done
-- Found OpenCV: /usr (found suitable version "4.5.4", minimum required is "4") 
-- Looking for sgemm_
-- Looking for sgemm_ - not found
-- Looking for pthread.h
-- Looking for pthread.h - found
-- Performing Test CMAKE_HAVE_LIBC_PTHREAD
-- Performing Test CMAKE_HAVE_LIBC_PTHREAD - Success
-- Found Threads: TRUE  
-- Looking for sgemm_
-- Looking for sgemm_ - found
-- Found BLAS: /usr/lib/x86_64-linux-gnu/libopenblas.so  
-- Found CUDA: /usr/local/cuda (found suitable version "12.9", minimum required is "12") 
-- Found CUDA: /usr/local/cuda (found version "12.9") 
-- Found ament_cmake_auto: 1.3.11 (/opt/ros/humble/share/ament_cmake_auto/cmake)
-- Found Python3: /usr/bin/python3 (found version "3.10.12") found components: Interpreter 
-- Found rosidl_generator_c: 3.1.6 (/opt/ros/humble/share/rosidl_generator_c/cmake)
-- Found rosidl_adapter: 3.1.6 (/opt/ros/humble/share/rosidl_adapter/cmake)
-- Found rosidl_generator_cpp: 3.1.6 (/opt/ros/humble/share/rosidl_generator_cpp/cmake)
-- Using all available rosidl_typesupport_c: rosidl_typesupport_fastrtps_c;rosidl_typesupport_introspection_c
-- Using all available rosidl_typesupport_cpp: rosidl_typesupport_fastrtps_cpp;rosidl_typesupport_introspection_cpp
-- Found rmw_implementation_cmake: 6.1.2 (/opt/ros/humble/share/rmw_implementation_cmake/cmake)
-- Found rmw_cyclonedds_cpp: 1.3.4 (/opt/ros/humble/share/rmw_cyclonedds_cpp/cmake)
-- Using RMW implementation 'rmw_cyclonedds_cpp' as default
-- Found eigen3_cmake_module: 0.1.1 (/opt/ros/humble/share/eigen3_cmake_module/cmake)
-- Found Eigen3: TRUE (found version "3.4.0") 
-- Ensuring Eigen3 include directory is part of orocos-kdl CMake target
-- Found ament_lint_auto: 0.12.12 (/opt/ros/humble/share/ament_lint_auto/cmake)
-- Added test 'copyright' to check source files copyright and LICENSE
-- Added test 'cppcheck' to perform static code analysis on C / C++ code
-- Configured cppcheck include dirs: /home/men3m/Naima/src/zed-ros2-examples/examples/zed_aruco_localization/src/include;/home/men3m/Naima/src/zed-ros2-examples/examples/zed_aruco_localization/src/component/include
-- Configured cppcheck exclude dirs and/or files: 
-- Added test 'cpplint' to check C / C++ code against the Google style
-- Configured cpplint exclude dirs and/or files: 
-- Added test 'flake8' to check Python code syntax and style conventions
-- Added test 'lint_cmake' to check CMake code style
-- Added test 'pep257' to check Python code against some of the docstring style conventions in PEP 257
-- Added test 'uncrustify' to check C / C++ code style
-- Configured uncrustify additional arguments: 
-- Added test 'xmllint' to check XML markup files
-- Added test 'clang_format' to check C / C++ code style
-- Configuring done
-- Generating done
-- Build files have been written to: /home/men3m/Naima/build/zed_aruco_localization
[ 66%] [32mBuilding CXX object CMakeFiles/zed_aruco_localization_component.dir/src/component/src/zed_aruco_localization_component.cpp.o[0m
[ 66%] [32mBuilding CXX object CMakeFiles/zed_aruco_localization_component.dir/src/component/src/aruco.cpp.o[0m
[100%] [32m[1mLinking CXX shared library libzed_aruco_localization_component.so[0m
[100%] Built target zed_aruco_localization_component
-- Install configuration: "Release"
-- Installing: /home/men3m/Naima/install/zed_aruco_localization/lib/libzed_aruco_localization_component.so
-- Set runtime path of "/home/men3m/Naima/install/zed_aruco_localization/lib/libzed_aruco_localization_component.so" to ""
-- Installing: /home/men3m/Naima/install/zed_aruco_localization/include/zed_aruco_localization/
-- Installing: /home/men3m/Naima/install/zed_aruco_localization/include/zed_aruco_localization//aruco_loc_visibility_control.hpp
-- Up-to-date: /home/men3m/Naima/install/zed_aruco_localization/include/zed_aruco_localization/
-- Installing: /home/men3m/Naima/install/zed_aruco_localization/include/zed_aruco_localization//zed_aruco_localization_component.hpp
-- Installing: /home/men3m/Naima/install/zed_aruco_localization/include/zed_aruco_localization//aruco.hpp
-- Installing: /home/men3m/Naima/install/zed_aruco_localization/share/zed_aruco_localization/launch
-- Installing: /home/men3m/Naima/install/zed_aruco_localization/share/zed_aruco_localization/launch/zed_aruco_loc.launch.py
-- Installing: /home/men3m/Naima/install/zed_aruco_localization/share/zed_aruco_localization/config
-- Installing: /home/men3m/Naima/install/zed_aruco_localization/share/zed_aruco_localization/config/aruco_loc.yaml
-- Installing: /home/men3m/Naima/install/zed_aruco_localization/share/zed_aruco_localization/rviz2
-- Installing: /home/men3m/Naima/install/zed_aruco_localization/share/zed_aruco_localization/rviz2/aruco.rviz
-- Installing: /home/men3m/Naima/install/zed_aruco_localization/share/zed_aruco_localization/environment/library_path.sh
-- Installing: /home/men3m/Naima/install/zed_aruco_localization/share/zed_aruco_localization/environment/library_path.dsv
-- Installing: /home/men3m/Naima/install/zed_aruco_localization/share/ament_index/resource_index/package_run_dependencies/zed_aruco_localization
-- Installing: /home/men3m/Naima/install/zed_aruco_localization/share/ament_index/resource_index/parent_prefix_path/zed_aruco_localization
-- Installing: /home/men3m/Naima/install/zed_aruco_localization/share/zed_aruco_localization/environment/ament_prefix_path.sh
-- Installing: /home/men3m/Naima/install/zed_aruco_localization/share/zed_aruco_localization/environment/ament_prefix_path.dsv
-- Installing: /home/men3m/Naima/install/zed_aruco_localization/share/zed_aruco_localization/environment/path.sh
-- Installing: /home/men3m/Naima/install/zed_aruco_localization/share/zed_aruco_localization/environment/path.dsv
-- Installing: /home/men3m/Naima/install/zed_aruco_localization/share/zed_aruco_localization/local_setup.bash
-- Installing: /home/men3m/Naima/install/zed_aruco_localization/share/zed_aruco_localization/local_setup.sh
-- Installing: /home/men3m/Naima/install/zed_aruco_localization/share/zed_aruco_localization/local_setup.zsh
-- Installing: /home/men3m/Naima/install/zed_aruco_localization/share/zed_aruco_localization/local_setup.dsv
-- Installing: /home/men3m/Naima/install/zed_aruco_localization/share/zed_aruco_localization/package.dsv
-- Installing: /home/men3m/Naima/install/zed_aruco_localization/share/ament_index/resource_index/packages/zed_aruco_localization
-- Installing: /home/men3m/Naima/install/zed_aruco_localization/share/ament_index/resource_index/rclcpp_components/zed_aruco_localization
-- Installing: /home/men3m/Naima/install/zed_aruco_localization/share/zed_aruco_localization/cmake/ament_cmake_export_include_directories-extras.cmake
-- Installing: /home/men3m/Naima/install/zed_aruco_localization/share/zed_aruco_localization/cmake/ament_cmake_export_libraries-extras.cmake
-- Installing: /home/men3m/Naima/install/zed_aruco_localization/share/zed_aruco_localization/cmake/ament_cmake_export_dependencies-extras.cmake
-- Installing: /home/men3m/Naima/install/zed_aruco_localization/share/zed_aruco_localization/cmake/zed_aruco_localizationConfig.cmake
-- Installing: /home/men3m/Naima/install/zed_aruco_localization/share/zed_aruco_localization/cmake/zed_aruco_localizationConfig-version.cmake
-- Installing: /home/men3m/Naima/install/zed_aruco_localization/share/zed_aruco_localization/package.xml
