[0.008s] Invoking command in '/home/men3m/Naima/build/zed_aruco_localization': AMENT_PREFIX_PATH=/home/men3m/Naima/install/zed_components:${AMENT_PREFIX_PATH} CMAKE_PREFIX_PATH=/home/men3m/Naima/install/zed_components:/opt/ros/humble LD_LIBRARY_PATH=/home/men3m/Naima/install/zed_components/lib:/usr/lib/x86_64-linux-gnu/gazebo-11/plugins:/opt/ros/humble/opt/rviz_ogre_vendor/lib:/opt/ros/humble/lib/x86_64-linux-gnu:/opt/ros/humble/lib:/usr/local/cuda-12.4.0/lib64:/usr/local/cuda-12.4.0/lib64 /usr/bin/cmake /home/men3m/Naima/src/zed-ros2-examples/examples/zed_aruco_localization -DCMAKE_INSTALL_PREFIX=/home/men3m/Naima/install/zed_aruco_localization
[0.057s] -- The C compiler identification is GNU 11.4.0
[0.105s] -- The CXX compiler identification is GNU 11.4.0
[0.111s] -- Detecting C compiler ABI info
[0.171s] -- Detecting C compiler ABI info - done
[0.177s] -- Check for working C compiler: /usr/bin/cc - skipped
[0.177s] -- Detecting C compile features
[0.177s] -- Detecting C compile features - done
[0.180s] -- Detecting CXX compiler ABI info
[0.248s] -- Detecting CXX compiler ABI info - done
[0.254s] -- Check for working CXX compiler: /usr/bin/c++ - skipped
[0.254s] -- Detecting CXX compile features
[0.254s] -- Detecting CXX compile features - done
[0.263s] -- Found OpenCV: /usr (found suitable version "4.5.4", minimum required is "4") 
[0.267s] -- Looking for sgemm_
[0.328s] -- Looking for sgemm_ - not found
[0.329s] -- Looking for pthread.h
[0.392s] -- Looking for pthread.h - found
[0.392s] -- Performing Test CMAKE_HAVE_LIBC_PTHREAD
[0.462s] -- Performing Test CMAKE_HAVE_LIBC_PTHREAD - Success
[0.463s] -- Found Threads: TRUE  
[0.510s] -- Looking for sgemm_
[0.610s] -- Looking for sgemm_ - found
[0.611s] -- Found BLAS: /usr/lib/x86_64-linux-gnu/libopenblas.so  
[0.635s] -- Found CUDA: /usr/local/cuda (found suitable version "12.9", minimum required is "12") 
[0.694s] -- Found CUDA: /usr/local/cuda (found version "12.9") 
[0.697s] -- Found ament_cmake_auto: 1.3.11 (/opt/ros/humble/share/ament_cmake_auto/cmake)
[0.833s] -- Found Python3: /usr/bin/python3 (found version "3.10.12") found components: Interpreter 
[1.010s] -- Found rosidl_generator_c: 3.1.6 (/opt/ros/humble/share/rosidl_generator_c/cmake)
[1.016s] -- Found rosidl_adapter: 3.1.6 (/opt/ros/humble/share/rosidl_adapter/cmake)
[1.026s] -- Found rosidl_generator_cpp: 3.1.6 (/opt/ros/humble/share/rosidl_generator_cpp/cmake)
[1.040s] -- Using all available rosidl_typesupport_c: rosidl_typesupport_fastrtps_c;rosidl_typesupport_introspection_c
[1.056s] -- Using all available rosidl_typesupport_cpp: rosidl_typesupport_fastrtps_cpp;rosidl_typesupport_introspection_cpp
[1.099s] -- Found rmw_implementation_cmake: 6.1.2 (/opt/ros/humble/share/rmw_implementation_cmake/cmake)
[1.102s] -- Found rmw_cyclonedds_cpp: 1.3.4 (/opt/ros/humble/share/rmw_cyclonedds_cpp/cmake)
[1.122s] -- Using RMW implementation 'rmw_cyclonedds_cpp' as default
[1.345s] -- Found eigen3_cmake_module: 0.1.1 (/opt/ros/humble/share/eigen3_cmake_module/cmake)
[1.347s] -- Found Eigen3: TRUE (found version "3.4.0") 
[1.347s] -- Ensuring Eigen3 include directory is part of orocos-kdl CMake target
[1.560s] -- Found ament_lint_auto: 0.12.12 (/opt/ros/humble/share/ament_lint_auto/cmake)
[1.589s] -- Added test 'copyright' to check source files copyright and LICENSE
[1.591s] -- Added test 'cppcheck' to perform static code analysis on C / C++ code
[1.591s] -- Configured cppcheck include dirs: /home/men3m/Naima/src/zed-ros2-examples/examples/zed_aruco_localization/src/include;/home/men3m/Naima/src/zed-ros2-examples/examples/zed_aruco_localization/src/component/include
[1.591s] -- Configured cppcheck exclude dirs and/or files: 
[1.593s] -- Added test 'cpplint' to check C / C++ code against the Google style
[1.593s] -- Configured cpplint exclude dirs and/or files: 
[1.594s] -- Added test 'flake8' to check Python code syntax and style conventions
[1.594s] -- Added test 'lint_cmake' to check CMake code style
[1.595s] -- Added test 'pep257' to check Python code against some of the docstring style conventions in PEP 257
[1.597s] -- Added test 'uncrustify' to check C / C++ code style
[1.597s] -- Configured uncrustify additional arguments: 
[1.597s] -- Added test 'xmllint' to check XML markup files
[1.599s] -- Added test 'clang_format' to check C / C++ code style
[1.602s] -- Configuring done
[1.632s] -- Generating done
[1.642s] -- Build files have been written to: /home/men3m/Naima/build/zed_aruco_localization
[1.665s] Invoked command in '/home/men3m/Naima/build/zed_aruco_localization' returned '0': AMENT_PREFIX_PATH=/home/men3m/Naima/install/zed_components:${AMENT_PREFIX_PATH} CMAKE_PREFIX_PATH=/home/men3m/Naima/install/zed_components:/opt/ros/humble LD_LIBRARY_PATH=/home/men3m/Naima/install/zed_components/lib:/usr/lib/x86_64-linux-gnu/gazebo-11/plugins:/opt/ros/humble/opt/rviz_ogre_vendor/lib:/opt/ros/humble/lib/x86_64-linux-gnu:/opt/ros/humble/lib:/usr/local/cuda-12.4.0/lib64:/usr/local/cuda-12.4.0/lib64 /usr/bin/cmake /home/men3m/Naima/src/zed-ros2-examples/examples/zed_aruco_localization -DCMAKE_INSTALL_PREFIX=/home/men3m/Naima/install/zed_aruco_localization
[1.667s] Invoking command in '/home/men3m/Naima/build/zed_aruco_localization': AMENT_PREFIX_PATH=/home/men3m/Naima/install/zed_components:${AMENT_PREFIX_PATH} CMAKE_PREFIX_PATH=/home/men3m/Naima/install/zed_components:/opt/ros/humble LD_LIBRARY_PATH=/home/men3m/Naima/install/zed_components/lib:/usr/lib/x86_64-linux-gnu/gazebo-11/plugins:/opt/ros/humble/opt/rviz_ogre_vendor/lib:/opt/ros/humble/lib/x86_64-linux-gnu:/opt/ros/humble/lib:/usr/local/cuda-12.4.0/lib64:/usr/local/cuda-12.4.0/lib64 /usr/bin/cmake --build /home/men3m/Naima/build/zed_aruco_localization -- -j16 -l16
[1.716s] [ 66%] [32mBuilding CXX object CMakeFiles/zed_aruco_localization_component.dir/src/component/src/zed_aruco_localization_component.cpp.o[0m
[1.716s] [ 66%] [32mBuilding CXX object CMakeFiles/zed_aruco_localization_component.dir/src/component/src/aruco.cpp.o[0m
[9.134s] [100%] [32m[1mLinking CXX shared library libzed_aruco_localization_component.so[0m
[9.298s] [100%] Built target zed_aruco_localization_component
[9.308s] Invoked command in '/home/men3m/Naima/build/zed_aruco_localization' returned '0': AMENT_PREFIX_PATH=/home/men3m/Naima/install/zed_components:${AMENT_PREFIX_PATH} CMAKE_PREFIX_PATH=/home/men3m/Naima/install/zed_components:/opt/ros/humble LD_LIBRARY_PATH=/home/men3m/Naima/install/zed_components/lib:/usr/lib/x86_64-linux-gnu/gazebo-11/plugins:/opt/ros/humble/opt/rviz_ogre_vendor/lib:/opt/ros/humble/lib/x86_64-linux-gnu:/opt/ros/humble/lib:/usr/local/cuda-12.4.0/lib64:/usr/local/cuda-12.4.0/lib64 /usr/bin/cmake --build /home/men3m/Naima/build/zed_aruco_localization -- -j16 -l16
[9.310s] Invoking command in '/home/men3m/Naima/build/zed_aruco_localization': AMENT_PREFIX_PATH=/home/men3m/Naima/install/zed_components:${AMENT_PREFIX_PATH} CMAKE_PREFIX_PATH=/home/men3m/Naima/install/zed_components:/opt/ros/humble LD_LIBRARY_PATH=/home/men3m/Naima/install/zed_components/lib:/usr/lib/x86_64-linux-gnu/gazebo-11/plugins:/opt/ros/humble/opt/rviz_ogre_vendor/lib:/opt/ros/humble/lib/x86_64-linux-gnu:/opt/ros/humble/lib:/usr/local/cuda-12.4.0/lib64:/usr/local/cuda-12.4.0/lib64 /usr/bin/cmake --install /home/men3m/Naima/build/zed_aruco_localization
[9.315s] -- Install configuration: "Release"
[9.315s] -- Installing: /home/men3m/Naima/install/zed_aruco_localization/lib/libzed_aruco_localization_component.so
[9.317s] -- Set runtime path of "/home/men3m/Naima/install/zed_aruco_localization/lib/libzed_aruco_localization_component.so" to ""
[9.317s] -- Installing: /home/men3m/Naima/install/zed_aruco_localization/include/zed_aruco_localization/
[9.317s] -- Installing: /home/men3m/Naima/install/zed_aruco_localization/include/zed_aruco_localization//aruco_loc_visibility_control.hpp
[9.317s] -- Up-to-date: /home/men3m/Naima/install/zed_aruco_localization/include/zed_aruco_localization/
[9.317s] -- Installing: /home/men3m/Naima/install/zed_aruco_localization/include/zed_aruco_localization//zed_aruco_localization_component.hpp
[9.317s] -- Installing: /home/men3m/Naima/install/zed_aruco_localization/include/zed_aruco_localization//aruco.hpp
[9.318s] -- Installing: /home/men3m/Naima/install/zed_aruco_localization/share/zed_aruco_localization/launch
[9.318s] -- Installing: /home/men3m/Naima/install/zed_aruco_localization/share/zed_aruco_localization/launch/zed_aruco_loc.launch.py
[9.318s] -- Installing: /home/men3m/Naima/install/zed_aruco_localization/share/zed_aruco_localization/config
[9.318s] -- Installing: /home/men3m/Naima/install/zed_aruco_localization/share/zed_aruco_localization/config/aruco_loc.yaml
[9.318s] -- Installing: /home/men3m/Naima/install/zed_aruco_localization/share/zed_aruco_localization/rviz2
[9.319s] -- Installing: /home/men3m/Naima/install/zed_aruco_localization/share/zed_aruco_localization/rviz2/aruco.rviz
[9.319s] -- Installing: /home/men3m/Naima/install/zed_aruco_localization/share/zed_aruco_localization/environment/library_path.sh
[9.319s] -- Installing: /home/men3m/Naima/install/zed_aruco_localization/share/zed_aruco_localization/environment/library_path.dsv
[9.319s] -- Installing: /home/men3m/Naima/install/zed_aruco_localization/share/ament_index/resource_index/package_run_dependencies/zed_aruco_localization
[9.319s] -- Installing: /home/men3m/Naima/install/zed_aruco_localization/share/ament_index/resource_index/parent_prefix_path/zed_aruco_localization
[9.319s] -- Installing: /home/men3m/Naima/install/zed_aruco_localization/share/zed_aruco_localization/environment/ament_prefix_path.sh
[9.319s] -- Installing: /home/men3m/Naima/install/zed_aruco_localization/share/zed_aruco_localization/environment/ament_prefix_path.dsv
[9.320s] -- Installing: /home/men3m/Naima/install/zed_aruco_localization/share/zed_aruco_localization/environment/path.sh
[9.320s] -- Installing: /home/men3m/Naima/install/zed_aruco_localization/share/zed_aruco_localization/environment/path.dsv
[9.320s] -- Installing: /home/men3m/Naima/install/zed_aruco_localization/share/zed_aruco_localization/local_setup.bash
[9.320s] -- Installing: /home/men3m/Naima/install/zed_aruco_localization/share/zed_aruco_localization/local_setup.sh
[9.320s] -- Installing: /home/men3m/Naima/install/zed_aruco_localization/share/zed_aruco_localization/local_setup.zsh
[9.320s] -- Installing: /home/men3m/Naima/install/zed_aruco_localization/share/zed_aruco_localization/local_setup.dsv
[9.320s] -- Installing: /home/men3m/Naima/install/zed_aruco_localization/share/zed_aruco_localization/package.dsv
[9.320s] -- Installing: /home/men3m/Naima/install/zed_aruco_localization/share/ament_index/resource_index/packages/zed_aruco_localization
[9.321s] -- Installing: /home/men3m/Naima/install/zed_aruco_localization/share/ament_index/resource_index/rclcpp_components/zed_aruco_localization
[9.321s] -- Installing: /home/men3m/Naima/install/zed_aruco_localization/share/zed_aruco_localization/cmake/ament_cmake_export_include_directories-extras.cmake
[9.321s] -- Installing: /home/men3m/Naima/install/zed_aruco_localization/share/zed_aruco_localization/cmake/ament_cmake_export_libraries-extras.cmake
[9.321s] -- Installing: /home/men3m/Naima/install/zed_aruco_localization/share/zed_aruco_localization/cmake/ament_cmake_export_dependencies-extras.cmake
[9.321s] -- Installing: /home/men3m/Naima/install/zed_aruco_localization/share/zed_aruco_localization/cmake/zed_aruco_localizationConfig.cmake
[9.321s] -- Installing: /home/men3m/Naima/install/zed_aruco_localization/share/zed_aruco_localization/cmake/zed_aruco_localizationConfig-version.cmake
[9.322s] -- Installing: /home/men3m/Naima/install/zed_aruco_localization/share/zed_aruco_localization/package.xml
[9.323s] Invoked command in '/home/men3m/Naima/build/zed_aruco_localization' returned '0': AMENT_PREFIX_PATH=/home/men3m/Naima/install/zed_components:${AMENT_PREFIX_PATH} CMAKE_PREFIX_PATH=/home/men3m/Naima/install/zed_components:/opt/ros/humble LD_LIBRARY_PATH=/home/men3m/Naima/install/zed_components/lib:/usr/lib/x86_64-linux-gnu/gazebo-11/plugins:/opt/ros/humble/opt/rviz_ogre_vendor/lib:/opt/ros/humble/lib/x86_64-linux-gnu:/opt/ros/humble/lib:/usr/local/cuda-12.4.0/lib64:/usr/local/cuda-12.4.0/lib64 /usr/bin/cmake --install /home/men3m/Naima/build/zed_aruco_localization
