[0.585s] Invoking command in '/home/men3m/Naima/build/naima_mapping': CMAKE_PREFIX_PATH=${CMAKE_PREFIX_PATH}:/home/men3m/Naima/install/naima_bringup:/home/men3m/Naima/install/naima:/opt/ros/humble /usr/bin/cmake --build /home/men3m/Naima/build/naima_mapping -- -j16 -l16
[0.686s] Invoked command in '/home/men3m/Naima/build/naima_mapping' returned '0': CMAKE_PREFIX_PATH=${CMAKE_PREFIX_PATH}:/home/men3m/Naima/install/naima_bringup:/home/men3m/Naima/install/naima:/opt/ros/humble /usr/bin/cmake --build /home/men3m/Naima/build/naima_mapping -- -j16 -l16
[0.687s] Invoking command in '/home/men3m/Naima/build/naima_mapping': CMAKE_PREFIX_PATH=${CMAKE_PREFIX_PATH}:/home/men3m/Naima/install/naima_bringup:/home/men3m/Naima/install/naima:/opt/ros/humble /usr/bin/cmake --install /home/men3m/Naima/build/naima_mapping
[0.696s] -- Install configuration: ""
[0.696s] -- Up-to-date: /home/men3m/Naima/install/naima_mapping/share/naima_mapping/maps
[0.696s] -- Up-to-date: /home/men3m/Naima/install/naima_mapping/share/naima_mapping/maps/map3
[0.696s] -- Up-to-date: /home/men3m/Naima/install/naima_mapping/share/naima_mapping/maps/map3/eru.pgm
[0.696s] -- Up-to-date: /home/men3m/Naima/install/naima_mapping/share/naima_mapping/maps/map3/map.yaml
[0.696s] -- Up-to-date: /home/men3m/Naima/install/naima_mapping/share/naima_mapping/maps/map3/nile.pgm
[0.696s] -- Up-to-date: /home/men3m/Naima/install/naima_mapping/share/naima_mapping/maps/map1
[0.696s] -- Up-to-date: /home/men3m/Naima/install/naima_mapping/share/naima_mapping/maps/map1/map.pgm
[0.696s] -- Up-to-date: /home/men3m/Naima/install/naima_mapping/share/naima_mapping/maps/map1/map.yaml
[0.696s] -- Up-to-date: /home/men3m/Naima/install/naima_mapping/share/naima_mapping/maps/map2
[0.696s] -- Up-to-date: /home/men3m/Naima/install/naima_mapping/share/naima_mapping/maps/map2/map.pgm
[0.697s] -- Up-to-date: /home/men3m/Naima/install/naima_mapping/share/naima_mapping/maps/map2/map.yaml
[0.697s] -- Up-to-date: /home/men3m/Naima/install/naima_mapping/share/naima_mapping/maps/map4
[0.697s] -- Up-to-date: /home/men3m/Naima/install/naima_mapping/share/ament_index/resource_index/package_run_dependencies/naima_mapping
[0.697s] -- Up-to-date: /home/men3m/Naima/install/naima_mapping/share/ament_index/resource_index/parent_prefix_path/naima_mapping
[0.697s] -- Up-to-date: /home/men3m/Naima/install/naima_mapping/share/naima_mapping/environment/ament_prefix_path.sh
[0.697s] -- Up-to-date: /home/men3m/Naima/install/naima_mapping/share/naima_mapping/environment/ament_prefix_path.dsv
[0.697s] -- Up-to-date: /home/men3m/Naima/install/naima_mapping/share/naima_mapping/environment/path.sh
[0.697s] -- Up-to-date: /home/men3m/Naima/install/naima_mapping/share/naima_mapping/environment/path.dsv
[0.697s] -- Up-to-date: /home/men3m/Naima/install/naima_mapping/share/naima_mapping/local_setup.bash
[0.697s] -- Up-to-date: /home/men3m/Naima/install/naima_mapping/share/naima_mapping/local_setup.sh
[0.697s] -- Up-to-date: /home/men3m/Naima/install/naima_mapping/share/naima_mapping/local_setup.zsh
[0.698s] -- Up-to-date: /home/men3m/Naima/install/naima_mapping/share/naima_mapping/local_setup.dsv
[0.698s] -- Installing: /home/men3m/Naima/install/naima_mapping/share/naima_mapping/package.dsv
[0.698s] -- Up-to-date: /home/men3m/Naima/install/naima_mapping/share/ament_index/resource_index/packages/naima_mapping
[0.698s] -- Up-to-date: /home/men3m/Naima/install/naima_mapping/share/naima_mapping/cmake/naima_mappingConfig.cmake
[0.698s] -- Up-to-date: /home/men3m/Naima/install/naima_mapping/share/naima_mapping/cmake/naima_mappingConfig-version.cmake
[0.698s] -- Up-to-date: /home/men3m/Naima/install/naima_mapping/share/naima_mapping/package.xml
[0.787s] Invoked command in '/home/men3m/Naima/build/naima_mapping' returned '0': CMAKE_PREFIX_PATH=${CMAKE_PREFIX_PATH}:/home/men3m/Naima/install/naima_bringup:/home/men3m/Naima/install/naima:/opt/ros/humble /usr/bin/cmake --install /home/men3m/Naima/build/naima_mapping
