[0.115s] Invoking command in '/home/men3m/Naima/build/zed_aruco_localization': AMENT_PREFIX_PATH=/home/men3m/Naima/install/zed_components:${AMENT_PREFIX_PATH} CMAKE_PREFIX_PATH=/home/men3m/Naima/install/zed_components:/opt/ros/humble LD_LIBRARY_PATH=/home/men3m/Naima/install/zed_components/lib:/usr/lib/x86_64-linux-gnu/gazebo-11/plugins:/opt/ros/humble/opt/rviz_ogre_vendor/lib:/opt/ros/humble/lib/x86_64-linux-gnu:/opt/ros/humble/lib:/usr/local/cuda-12.4.0/lib64:/usr/local/cuda-12.4.0/lib64 /usr/bin/cmake --build /home/men3m/Naima/build/zed_aruco_localization -- -j16 -l16
[0.173s] [100%] Built target zed_aruco_localization_component
[0.236s] Invoked command in '/home/men3m/Naima/build/zed_aruco_localization' returned '0': AMENT_PREFIX_PATH=/home/men3m/Naima/install/zed_components:${AMENT_PREFIX_PATH} CMAKE_PREFIX_PATH=/home/men3m/Naima/install/zed_components:/opt/ros/humble LD_LIBRARY_PATH=/home/men3m/Naima/install/zed_components/lib:/usr/lib/x86_64-linux-gnu/gazebo-11/plugins:/opt/ros/humble/opt/rviz_ogre_vendor/lib:/opt/ros/humble/lib/x86_64-linux-gnu:/opt/ros/humble/lib:/usr/local/cuda-12.4.0/lib64:/usr/local/cuda-12.4.0/lib64 /usr/bin/cmake --build /home/men3m/Naima/build/zed_aruco_localization -- -j16 -l16
[0.238s] Invoking command in '/home/men3m/Naima/build/zed_aruco_localization': AMENT_PREFIX_PATH=/home/men3m/Naima/install/zed_components:${AMENT_PREFIX_PATH} CMAKE_PREFIX_PATH=/home/men3m/Naima/install/zed_components:/opt/ros/humble LD_LIBRARY_PATH=/home/men3m/Naima/install/zed_components/lib:/usr/lib/x86_64-linux-gnu/gazebo-11/plugins:/opt/ros/humble/opt/rviz_ogre_vendor/lib:/opt/ros/humble/lib/x86_64-linux-gnu:/opt/ros/humble/lib:/usr/local/cuda-12.4.0/lib64:/usr/local/cuda-12.4.0/lib64 /usr/bin/cmake --install /home/men3m/Naima/build/zed_aruco_localization
[0.258s] -- Install configuration: "Release"
[0.260s] -- Up-to-date: /home/men3m/Naima/install/zed_aruco_localization/lib/libzed_aruco_localization_component.so
[0.260s] -- Up-to-date: /home/men3m/Naima/install/zed_aruco_localization/include/zed_aruco_localization/
[0.260s] -- Up-to-date: /home/men3m/Naima/install/zed_aruco_localization/include/zed_aruco_localization//aruco_loc_visibility_control.hpp
[0.260s] -- Up-to-date: /home/men3m/Naima/install/zed_aruco_localization/include/zed_aruco_localization/
[0.260s] -- Up-to-date: /home/men3m/Naima/install/zed_aruco_localization/include/zed_aruco_localization//zed_aruco_localization_component.hpp
[0.260s] -- Up-to-date: /home/men3m/Naima/install/zed_aruco_localization/include/zed_aruco_localization//aruco.hpp
[0.260s] -- Up-to-date: /home/men3m/Naima/install/zed_aruco_localization/share/zed_aruco_localization/launch
[0.260s] -- Up-to-date: /home/men3m/Naima/install/zed_aruco_localization/share/zed_aruco_localization/launch/zed_aruco_loc.launch.py
[0.260s] -- Up-to-date: /home/men3m/Naima/install/zed_aruco_localization/share/zed_aruco_localization/config
[0.261s] -- Up-to-date: /home/men3m/Naima/install/zed_aruco_localization/share/zed_aruco_localization/config/aruco_loc.yaml
[0.261s] -- Up-to-date: /home/men3m/Naima/install/zed_aruco_localization/share/zed_aruco_localization/rviz2
[0.261s] -- Up-to-date: /home/men3m/Naima/install/zed_aruco_localization/share/zed_aruco_localization/rviz2/aruco.rviz
[0.261s] -- Up-to-date: /home/men3m/Naima/install/zed_aruco_localization/share/zed_aruco_localization/environment/library_path.sh
[0.261s] -- Up-to-date: /home/men3m/Naima/install/zed_aruco_localization/share/zed_aruco_localization/environment/library_path.dsv
[0.261s] -- Up-to-date: /home/men3m/Naima/install/zed_aruco_localization/share/ament_index/resource_index/package_run_dependencies/zed_aruco_localization
[0.261s] -- Up-to-date: /home/men3m/Naima/install/zed_aruco_localization/share/ament_index/resource_index/parent_prefix_path/zed_aruco_localization
[0.261s] -- Up-to-date: /home/men3m/Naima/install/zed_aruco_localization/share/zed_aruco_localization/environment/ament_prefix_path.sh
[0.262s] -- Up-to-date: /home/men3m/Naima/install/zed_aruco_localization/share/zed_aruco_localization/environment/ament_prefix_path.dsv
[0.262s] -- Up-to-date: /home/men3m/Naima/install/zed_aruco_localization/share/zed_aruco_localization/environment/path.sh
[0.264s] -- Up-to-date: /home/men3m/Naima/install/zed_aruco_localization/share/zed_aruco_localization/environment/path.dsv
[0.264s] -- Up-to-date: /home/men3m/Naima/install/zed_aruco_localization/share/zed_aruco_localization/local_setup.bash
[0.264s] -- Up-to-date: /home/men3m/Naima/install/zed_aruco_localization/share/zed_aruco_localization/local_setup.sh
[0.264s] -- Up-to-date: /home/men3m/Naima/install/zed_aruco_localization/share/zed_aruco_localization/local_setup.zsh
[0.264s] -- Up-to-date: /home/men3m/Naima/install/zed_aruco_localization/share/zed_aruco_localization/local_setup.dsv
[0.264s] -- Installing: /home/men3m/Naima/install/zed_aruco_localization/share/zed_aruco_localization/package.dsv
[0.265s] -- Up-to-date: /home/men3m/Naima/install/zed_aruco_localization/share/ament_index/resource_index/packages/zed_aruco_localization
[0.265s] -- Up-to-date: /home/men3m/Naima/install/zed_aruco_localization/share/ament_index/resource_index/rclcpp_components/zed_aruco_localization
[0.265s] -- Up-to-date: /home/men3m/Naima/install/zed_aruco_localization/share/zed_aruco_localization/cmake/ament_cmake_export_include_directories-extras.cmake
[0.265s] -- Up-to-date: /home/men3m/Naima/install/zed_aruco_localization/share/zed_aruco_localization/cmake/ament_cmake_export_libraries-extras.cmake
[0.265s] -- Up-to-date: /home/men3m/Naima/install/zed_aruco_localization/share/zed_aruco_localization/cmake/ament_cmake_export_dependencies-extras.cmake
[0.265s] -- Up-to-date: /home/men3m/Naima/install/zed_aruco_localization/share/zed_aruco_localization/cmake/zed_aruco_localizationConfig.cmake
[0.265s] -- Up-to-date: /home/men3m/Naima/install/zed_aruco_localization/share/zed_aruco_localization/cmake/zed_aruco_localizationConfig-version.cmake
[0.265s] -- Up-to-date: /home/men3m/Naima/install/zed_aruco_localization/share/zed_aruco_localization/package.xml
[0.319s] Invoked command in '/home/men3m/Naima/build/zed_aruco_localization' returned '0': AMENT_PREFIX_PATH=/home/men3m/Naima/install/zed_components:${AMENT_PREFIX_PATH} CMAKE_PREFIX_PATH=/home/men3m/Naima/install/zed_components:/opt/ros/humble LD_LIBRARY_PATH=/home/men3m/Naima/install/zed_components/lib:/usr/lib/x86_64-linux-gnu/gazebo-11/plugins:/opt/ros/humble/opt/rviz_ogre_vendor/lib:/opt/ros/humble/lib/x86_64-linux-gnu:/opt/ros/humble/lib:/usr/local/cuda-12.4.0/lib64:/usr/local/cuda-12.4.0/lib64 /usr/bin/cmake --install /home/men3m/Naima/build/zed_aruco_localization
