-- The C compiler identification is GNU 11.4.0
-- The CXX compiler identification is GNU 11.4.0
-- Detecting C compiler ABI info
-- Detecting C compiler ABI info - done
-- Check for working C compiler: /usr/bin/cc - skipped
-- Detecting C compile features
-- Detecting C compile features - done
-- Detecting CXX compiler ABI info
-- Detecting CXX compiler ABI info - done
-- Check for working CXX compiler: /usr/bin/c++ - skipped
-- Detecting CXX compile features
-- Detecting CXX compile features - done
-- Found ament_cmake: 1.3.11 (/opt/ros/humble/share/ament_cmake/cmake)
-- Found Python3: /usr/bin/python3 (found version "3.10.12") found components: Interpreter 
-- Found rclcpp: 16.0.12 (/opt/ros/humble/share/rclcpp/cmake)
-- Found rosidl_generator_c: 3.1.6 (/opt/ros/humble/share/rosidl_generator_c/cmake)
-- Found rosidl_adapter: 3.1.6 (/opt/ros/humble/share/rosidl_adapter/cmake)
-- Found rosidl_generator_cpp: 3.1.6 (/opt/ros/humble/share/rosidl_generator_cpp/cmake)
-- Using all available rosidl_typesupport_c: rosidl_typesupport_fastrtps_c;rosidl_typesupport_introspection_c
-- Using all available rosidl_typesupport_cpp: rosidl_typesupport_fastrtps_cpp;rosidl_typesupport_introspection_cpp
-- Found rmw_implementation_cmake: 6.1.2 (/opt/ros/humble/share/rmw_implementation_cmake/cmake)
-- Found rmw_cyclonedds_cpp: 1.3.4 (/opt/ros/humble/share/rmw_cyclonedds_cpp/cmake)
-- Using RMW implementation 'rmw_cyclonedds_cpp' as default
-- Looking for pthread.h
-- Looking for pthread.h - found
-- Performing Test CMAKE_HAVE_LIBC_PTHREAD
-- Performing Test CMAKE_HAVE_LIBC_PTHREAD - Success
-- Found Threads: TRUE  
-- Found rclpy: 3.3.16 (/opt/ros/humble/share/rclpy/cmake)
-- Found nav_msgs: 4.8.0 (/opt/ros/humble/share/nav_msgs/cmake)
-- Found sensor_msgs: 4.8.0 (/opt/ros/humble/share/sensor_msgs/cmake)
-- Configuring done
-- Generating done
-- Build files have been written to: /home/men3m/Naima/build/naima_localization
[ 25%] [32mBuilding CXX object CMakeFiles/imu_republisher.dir/src/imu_republisher.cpp.o[0m
[ 50%] [32mBuilding CXX object CMakeFiles/kalman_filter.dir/src/kalman_filter.cpp.o[0m
[ 50%] Built target ament_cmake_python_copy_naima_localization
running egg_info
creating naima_localization.egg-info
writing naima_localization.egg-info/PKG-INFO
writing dependency_links to naima_localization.egg-info/dependency_links.txt
writing top-level names to naima_localization.egg-info/top_level.txt
writing manifest file 'naima_localization.egg-info/SOURCES.txt'
reading manifest file 'naima_localization.egg-info/SOURCES.txt'
writing manifest file 'naima_localization.egg-info/SOURCES.txt'
[ 50%] Built target ament_cmake_python_build_naima_localization_egg
[ 75%] [32m[1mLinking CXX executable imu_republisher[0m
[ 75%] Built target imu_republisher
[100%] [32m[1mLinking CXX executable kalman_filter[0m
[100%] Built target kalman_filter
-- Install configuration: ""
-- Installing: /home/men3m/Naima/install/naima_localization/share/naima_localization/environment/pythonpath.sh
-- Installing: /home/men3m/Naima/install/naima_localization/share/naima_localization/environment/pythonpath.dsv
-- Installing: /home/men3m/Naima/install/naima_localization/local/lib/python3.10/dist-packages/naima_localization-0.0.0-py3.10.egg-info
-- Installing: /home/men3m/Naima/install/naima_localization/local/lib/python3.10/dist-packages/naima_localization-0.0.0-py3.10.egg-info/dependency_links.txt
-- Installing: /home/men3m/Naima/install/naima_localization/local/lib/python3.10/dist-packages/naima_localization-0.0.0-py3.10.egg-info/top_level.txt
-- Installing: /home/men3m/Naima/install/naima_localization/local/lib/python3.10/dist-packages/naima_localization-0.0.0-py3.10.egg-info/SOURCES.txt
-- Installing: /home/men3m/Naima/install/naima_localization/local/lib/python3.10/dist-packages/naima_localization-0.0.0-py3.10.egg-info/PKG-INFO
-- Installing: /home/men3m/Naima/install/naima_localization/local/lib/python3.10/dist-packages/naima_localization
-- Installing: /home/men3m/Naima/install/naima_localization/local/lib/python3.10/dist-packages/naima_localization/kalman_filter.py
-- Installing: /home/men3m/Naima/install/naima_localization/local/lib/python3.10/dist-packages/naima_localization/imu_republisher.py
-- Installing: /home/men3m/Naima/install/naima_localization/local/lib/python3.10/dist-packages/naima_localization/__init__.py
Listing '/home/men3m/Naima/install/naima_localization/local/lib/python3.10/dist-packages/naima_localization'...
Compiling '/home/men3m/Naima/install/naima_localization/local/lib/python3.10/dist-packages/naima_localization/__init__.py'...
Compiling '/home/men3m/Naima/install/naima_localization/local/lib/python3.10/dist-packages/naima_localization/imu_republisher.py'...
Compiling '/home/men3m/Naima/install/naima_localization/local/lib/python3.10/dist-packages/naima_localization/kalman_filter.py'...
-- Installing: /home/men3m/Naima/install/naima_localization/include/include
-- Installing: /home/men3m/Naima/install/naima_localization/include/include/naima_localization
-- Installing: /home/men3m/Naima/install/naima_localization/include/include/naima_localization/kalman_filter.hpp
-- Installing: /home/men3m/Naima/install/naima_localization/lib/naima_localization/kalman_filter
-- Set runtime path of "/home/men3m/Naima/install/naima_localization/lib/naima_localization/kalman_filter" to ""
-- Installing: /home/men3m/Naima/install/naima_localization/lib/naima_localization/imu_republisher
-- Set runtime path of "/home/men3m/Naima/install/naima_localization/lib/naima_localization/imu_republisher" to ""
-- Installing: /home/men3m/Naima/install/naima_localization/share/naima_localization/launch
-- Installing: /home/men3m/Naima/install/naima_localization/share/naima_localization/launch/navsat_transform.launch.py
-- Installing: /home/men3m/Naima/install/naima_localization/share/naima_localization/launch/global_localization.launch.py
-- Installing: /home/men3m/Naima/install/naima_localization/share/naima_localization/launch/global.launch.py
-- Installing: /home/men3m/Naima/install/naima_localization/share/naima_localization/launch/global_localization_map1.py
-- Installing: /home/men3m/Naima/install/naima_localization/share/naima_localization/launch/navigation.launch.py
-- Installing: /home/men3m/Naima/install/naima_localization/share/naima_localization/launch/local.launch.py
-- Installing: /home/men3m/Naima/install/naima_localization/share/naima_localization/launch/mappp.launch.py
-- Installing: /home/men3m/Naima/install/naima_localization/share/naima_localization/launch/localization_launch.py
-- Installing: /home/men3m/Naima/install/naima_localization/share/naima_localization/launch/local_localization.launch.py
-- Installing: /home/men3m/Naima/install/naima_localization/share/naima_localization/launch/dual_ekf_and_navsat.launch.py
-- Installing: /home/men3m/Naima/install/naima_localization/share/naima_localization/config
-- Installing: /home/men3m/Naima/install/naima_localization/share/naima_localization/config/mapper_params_localization.yaml
-- Installing: /home/men3m/Naima/install/naima_localization/share/naima_localization/config/navsat_transform.yaml
-- Installing: /home/men3m/Naima/install/naima_localization/share/naima_localization/config/dual_ekf_and_navsat.yaml
-- Installing: /home/men3m/Naima/install/naima_localization/share/naima_localization/config/map_server_params.yaml
-- Installing: /home/men3m/Naima/install/naima_localization/share/naima_localization/config/global_ekf.yaml
-- Installing: /home/men3m/Naima/install/naima_localization/share/naima_localization/config/nav2.yaml
-- Installing: /home/men3m/Naima/install/naima_localization/share/naima_localization/config/ekf.yaml
-- Installing: /home/men3m/Naima/install/naima_localization/lib/naima_localization/kalman_filter.py
-- Installing: /home/men3m/Naima/install/naima_localization/lib/naima_localization/imu_republisher.py
-- Installing: /home/men3m/Naima/install/naima_localization/share/ament_index/resource_index/package_run_dependencies/naima_localization
-- Installing: /home/men3m/Naima/install/naima_localization/share/ament_index/resource_index/parent_prefix_path/naima_localization
-- Installing: /home/men3m/Naima/install/naima_localization/share/naima_localization/environment/ament_prefix_path.sh
-- Installing: /home/men3m/Naima/install/naima_localization/share/naima_localization/environment/ament_prefix_path.dsv
-- Installing: /home/men3m/Naima/install/naima_localization/share/naima_localization/environment/path.sh
-- Installing: /home/men3m/Naima/install/naima_localization/share/naima_localization/environment/path.dsv
-- Installing: /home/men3m/Naima/install/naima_localization/share/naima_localization/local_setup.bash
-- Installing: /home/men3m/Naima/install/naima_localization/share/naima_localization/local_setup.sh
-- Installing: /home/men3m/Naima/install/naima_localization/share/naima_localization/local_setup.zsh
-- Installing: /home/men3m/Naima/install/naima_localization/share/naima_localization/local_setup.dsv
-- Installing: /home/men3m/Naima/install/naima_localization/share/naima_localization/package.dsv
-- Installing: /home/men3m/Naima/install/naima_localization/share/ament_index/resource_index/packages/naima_localization
-- Installing: /home/men3m/Naima/install/naima_localization/share/naima_localization/cmake/naima_localizationConfig.cmake
-- Installing: /home/men3m/Naima/install/naima_localization/share/naima_localization/cmake/naima_localizationConfig-version.cmake
-- Installing: /home/men3m/Naima/install/naima_localization/share/naima_localization/package.xml
