[0.068s] Invoking command in '/home/men3m/Naima/build/naima_msgs': CMAKE_PREFIX_PATH=${CMAKE_PREFIX_PATH}:/home/men3m/Naima/install/naima_bringup:/home/men3m/Naima/install/naima:/opt/ros/humble /usr/bin/cmake --build /home/men3m/Naima/build/naima_msgs -- -j16 -l16
[0.631s] [  2%] Built target naima_msgs__cpp
[0.631s] [ 12%] Built target naima_msgs__rosidl_generator_c
[0.631s] [ 12%] Built target ament_cmake_python_copy_naima_msgs
[0.631s] [ 23%] Built target naima_msgs__rosidl_typesupport_cpp
[0.631s] [ 44%] Built target naima_msgs__rosidl_typesupport_introspection_cpp
[0.632s] [ 44%] Built target naima_msgs__rosidl_typesupport_introspection_c
[0.632s] [ 55%] Built target naima_msgs__rosidl_typesupport_fastrtps_c
[0.633s] [ 65%] Built target naima_msgs__rosidl_typesupport_fastrtps_cpp
[0.633s] [ 76%] Built target naima_msgs__rosidl_typesupport_c
[0.633s] [ 76%] Built target naima_msgs
[0.633s] [ 78%] Built target naima_msgs__py
[0.633s] [ 87%] Built target naima_msgs__rosidl_generator_py
[0.633s] [100%] Built target naima_msgs__rosidl_typesupport_introspection_c__pyext
[0.634s] [100%] Built target naima_msgs__rosidl_typesupport_c__pyext
[0.634s] [100%] Built target naima_msgs__rosidl_typesupport_fastrtps_c__pyext
[0.634s] running egg_info
[0.634s] writing naima_msgs.egg-info/PKG-INFO
[0.634s] writing dependency_links to naima_msgs.egg-info/dependency_links.txt
[0.634s] writing top-level names to naima_msgs.egg-info/top_level.txt
[0.634s] reading manifest file 'naima_msgs.egg-info/SOURCES.txt'
[0.634s] writing manifest file 'naima_msgs.egg-info/SOURCES.txt'
[0.634s] [100%] Built target ament_cmake_python_build_naima_msgs_egg
[0.656s] Invoked command in '/home/men3m/Naima/build/naima_msgs' returned '0': CMAKE_PREFIX_PATH=${CMAKE_PREFIX_PATH}:/home/men3m/Naima/install/naima_bringup:/home/men3m/Naima/install/naima:/opt/ros/humble /usr/bin/cmake --build /home/men3m/Naima/build/naima_msgs -- -j16 -l16
[0.658s] Invoking command in '/home/men3m/Naima/build/naima_msgs': CMAKE_PREFIX_PATH=${CMAKE_PREFIX_PATH}:/home/men3m/Naima/install/naima_bringup:/home/men3m/Naima/install/naima:/opt/ros/humble /usr/bin/cmake --install /home/men3m/Naima/build/naima_msgs
[0.675s] -- Install configuration: ""
[0.675s] -- Up-to-date: /home/men3m/Naima/install/naima_msgs/share/ament_index/resource_index/rosidl_interfaces/naima_msgs
[0.675s] -- Up-to-date: /home/men3m/Naima/install/naima_msgs/include/naima_msgs/naima_msgs
[0.675s] -- Up-to-date: /home/men3m/Naima/install/naima_msgs/include/naima_msgs/naima_msgs/action
[0.675s] -- Up-to-date: /home/men3m/Naima/install/naima_msgs/include/naima_msgs/naima_msgs/action/fibonacci.h
[0.675s] -- Up-to-date: /home/men3m/Naima/install/naima_msgs/include/naima_msgs/naima_msgs/action/detail
[0.675s] -- Up-to-date: /home/men3m/Naima/install/naima_msgs/include/naima_msgs/naima_msgs/action/detail/fibonacci__type_support.h
[0.675s] -- Up-to-date: /home/men3m/Naima/install/naima_msgs/include/naima_msgs/naima_msgs/action/detail/fibonacci__struct.h
[0.675s] -- Up-to-date: /home/men3m/Naima/install/naima_msgs/include/naima_msgs/naima_msgs/action/detail/fibonacci__functions.c
[0.676s] -- Up-to-date: /home/men3m/Naima/install/naima_msgs/include/naima_msgs/naima_msgs/action/detail/fibonacci__functions.h
[0.676s] -- Up-to-date: /home/men3m/Naima/install/naima_msgs/include/naima_msgs/naima_msgs/msg
[0.676s] -- Up-to-date: /home/men3m/Naima/install/naima_msgs/include/naima_msgs/naima_msgs/msg/rosidl_generator_c__visibility_control.h
[0.676s] -- Up-to-date: /home/men3m/Naima/install/naima_msgs/include/naima_msgs/naima_msgs/srv
[0.676s] -- Up-to-date: /home/men3m/Naima/install/naima_msgs/include/naima_msgs/naima_msgs/srv/detail
[0.676s] -- Up-to-date: /home/men3m/Naima/install/naima_msgs/include/naima_msgs/naima_msgs/srv/detail/add_two_ints__functions.h
[0.677s] -- Up-to-date: /home/men3m/Naima/install/naima_msgs/include/naima_msgs/naima_msgs/srv/detail/get_transform__struct.h
[0.677s] -- Up-to-date: /home/men3m/Naima/install/naima_msgs/include/naima_msgs/naima_msgs/srv/detail/get_transform__type_support.h
[0.677s] -- Up-to-date: /home/men3m/Naima/install/naima_msgs/include/naima_msgs/naima_msgs/srv/detail/get_transform__functions.c
[0.678s] -- Up-to-date: /home/men3m/Naima/install/naima_msgs/include/naima_msgs/naima_msgs/srv/detail/add_two_ints__type_support.h
[0.678s] -- Up-to-date: /home/men3m/Naima/install/naima_msgs/include/naima_msgs/naima_msgs/srv/detail/add_two_ints__functions.c
[0.678s] -- Up-to-date: /home/men3m/Naima/install/naima_msgs/include/naima_msgs/naima_msgs/srv/detail/add_two_ints__struct.h
[0.678s] -- Up-to-date: /home/men3m/Naima/install/naima_msgs/include/naima_msgs/naima_msgs/srv/detail/get_transform__functions.h
[0.678s] -- Up-to-date: /home/men3m/Naima/install/naima_msgs/include/naima_msgs/naima_msgs/srv/add_two_ints.h
[0.679s] -- Up-to-date: /home/men3m/Naima/install/naima_msgs/include/naima_msgs/naima_msgs/srv/get_transform.h
[0.679s] -- Up-to-date: /home/men3m/Naima/install/naima_msgs/share/naima_msgs/environment/library_path.sh
[0.679s] -- Up-to-date: /home/men3m/Naima/install/naima_msgs/share/naima_msgs/environment/library_path.dsv
[0.680s] -- Up-to-date: /home/men3m/Naima/install/naima_msgs/lib/libnaima_msgs__rosidl_generator_c.so
[0.681s] -- Up-to-date: /home/men3m/Naima/install/naima_msgs/include/naima_msgs/naima_msgs
[0.681s] -- Up-to-date: /home/men3m/Naima/install/naima_msgs/include/naima_msgs/naima_msgs/action
[0.681s] -- Up-to-date: /home/men3m/Naima/install/naima_msgs/include/naima_msgs/naima_msgs/action/detail
[0.681s] -- Up-to-date: /home/men3m/Naima/install/naima_msgs/include/naima_msgs/naima_msgs/action/detail/fibonacci__rosidl_typesupport_fastrtps_c.h
[0.681s] -- Up-to-date: /home/men3m/Naima/install/naima_msgs/include/naima_msgs/naima_msgs/msg
[0.681s] -- Up-to-date: /home/men3m/Naima/install/naima_msgs/include/naima_msgs/naima_msgs/msg/rosidl_typesupport_fastrtps_c__visibility_control.h
[0.683s] -- Up-to-date: /home/men3m/Naima/install/naima_msgs/include/naima_msgs/naima_msgs/srv
[0.683s] -- Up-to-date: /home/men3m/Naima/install/naima_msgs/include/naima_msgs/naima_msgs/srv/detail
[0.683s] -- Up-to-date: /home/men3m/Naima/install/naima_msgs/include/naima_msgs/naima_msgs/srv/detail/get_transform__rosidl_typesupport_fastrtps_c.h
[0.683s] -- Up-to-date: /home/men3m/Naima/install/naima_msgs/include/naima_msgs/naima_msgs/srv/detail/add_two_ints__rosidl_typesupport_fastrtps_c.h
[0.683s] -- Up-to-date: /home/men3m/Naima/install/naima_msgs/lib/libnaima_msgs__rosidl_typesupport_fastrtps_c.so
[0.684s] -- Up-to-date: /home/men3m/Naima/install/naima_msgs/include/naima_msgs/naima_msgs
[0.684s] -- Up-to-date: /home/men3m/Naima/install/naima_msgs/include/naima_msgs/naima_msgs/action
[0.684s] -- Up-to-date: /home/men3m/Naima/install/naima_msgs/include/naima_msgs/naima_msgs/action/detail
[0.684s] -- Up-to-date: /home/men3m/Naima/install/naima_msgs/include/naima_msgs/naima_msgs/action/detail/fibonacci__traits.hpp
[0.684s] -- Up-to-date: /home/men3m/Naima/install/naima_msgs/include/naima_msgs/naima_msgs/action/detail/fibonacci__type_support.hpp
[0.684s] -- Up-to-date: /home/men3m/Naima/install/naima_msgs/include/naima_msgs/naima_msgs/action/detail/fibonacci__struct.hpp
[0.684s] -- Up-to-date: /home/men3m/Naima/install/naima_msgs/include/naima_msgs/naima_msgs/action/detail/fibonacci__builder.hpp
[0.684s] -- Up-to-date: /home/men3m/Naima/install/naima_msgs/include/naima_msgs/naima_msgs/action/fibonacci.hpp
[0.685s] -- Up-to-date: /home/men3m/Naima/install/naima_msgs/include/naima_msgs/naima_msgs/msg
[0.685s] -- Up-to-date: /home/men3m/Naima/install/naima_msgs/include/naima_msgs/naima_msgs/msg/rosidl_generator_cpp__visibility_control.hpp
[0.685s] -- Up-to-date: /home/men3m/Naima/install/naima_msgs/include/naima_msgs/naima_msgs/srv
[0.685s] -- Up-to-date: /home/men3m/Naima/install/naima_msgs/include/naima_msgs/naima_msgs/srv/get_transform.hpp
[0.685s] -- Up-to-date: /home/men3m/Naima/install/naima_msgs/include/naima_msgs/naima_msgs/srv/detail
[0.686s] -- Up-to-date: /home/men3m/Naima/install/naima_msgs/include/naima_msgs/naima_msgs/srv/detail/add_two_ints__traits.hpp
[0.686s] -- Up-to-date: /home/men3m/Naima/install/naima_msgs/include/naima_msgs/naima_msgs/srv/detail/get_transform__traits.hpp
[0.686s] -- Up-to-date: /home/men3m/Naima/install/naima_msgs/include/naima_msgs/naima_msgs/srv/detail/get_transform__type_support.hpp
[0.686s] -- Up-to-date: /home/men3m/Naima/install/naima_msgs/include/naima_msgs/naima_msgs/srv/detail/add_two_ints__builder.hpp
[0.686s] -- Up-to-date: /home/men3m/Naima/install/naima_msgs/include/naima_msgs/naima_msgs/srv/detail/add_two_ints__type_support.hpp
[0.686s] -- Up-to-date: /home/men3m/Naima/install/naima_msgs/include/naima_msgs/naima_msgs/srv/detail/get_transform__builder.hpp
[0.687s] -- Up-to-date: /home/men3m/Naima/install/naima_msgs/include/naima_msgs/naima_msgs/srv/detail/add_two_ints__struct.hpp
[0.687s] -- Up-to-date: /home/men3m/Naima/install/naima_msgs/include/naima_msgs/naima_msgs/srv/detail/get_transform__struct.hpp
[0.687s] -- Up-to-date: /home/men3m/Naima/install/naima_msgs/include/naima_msgs/naima_msgs/srv/add_two_ints.hpp
[0.687s] -- Up-to-date: /home/men3m/Naima/install/naima_msgs/include/naima_msgs/naima_msgs
[0.687s] -- Up-to-date: /home/men3m/Naima/install/naima_msgs/include/naima_msgs/naima_msgs/action
[0.687s] -- Up-to-date: /home/men3m/Naima/install/naima_msgs/include/naima_msgs/naima_msgs/action/detail
[0.687s] -- Up-to-date: /home/men3m/Naima/install/naima_msgs/include/naima_msgs/naima_msgs/action/detail/dds_fastrtps
[0.688s] -- Up-to-date: /home/men3m/Naima/install/naima_msgs/include/naima_msgs/naima_msgs/action/detail/fibonacci__rosidl_typesupport_fastrtps_cpp.hpp
[0.690s] -- Up-to-date: /home/men3m/Naima/install/naima_msgs/include/naima_msgs/naima_msgs/msg
[0.690s] -- Up-to-date: /home/men3m/Naima/install/naima_msgs/include/naima_msgs/naima_msgs/msg/rosidl_typesupport_fastrtps_cpp__visibility_control.h
[0.690s] -- Up-to-date: /home/men3m/Naima/install/naima_msgs/include/naima_msgs/naima_msgs/srv
[0.690s] -- Up-to-date: /home/men3m/Naima/install/naima_msgs/include/naima_msgs/naima_msgs/srv/detail
[0.690s] -- Up-to-date: /home/men3m/Naima/install/naima_msgs/include/naima_msgs/naima_msgs/srv/detail/get_transform__rosidl_typesupport_fastrtps_cpp.hpp
[0.690s] -- Up-to-date: /home/men3m/Naima/install/naima_msgs/include/naima_msgs/naima_msgs/srv/detail/add_two_ints__rosidl_typesupport_fastrtps_cpp.hpp
[0.691s] -- Up-to-date: /home/men3m/Naima/install/naima_msgs/include/naima_msgs/naima_msgs/srv/detail/dds_fastrtps
[0.691s] -- Up-to-date: /home/men3m/Naima/install/naima_msgs/lib/libnaima_msgs__rosidl_typesupport_fastrtps_cpp.so
[0.691s] -- Up-to-date: /home/men3m/Naima/install/naima_msgs/include/naima_msgs/naima_msgs
[0.691s] -- Up-to-date: /home/men3m/Naima/install/naima_msgs/include/naima_msgs/naima_msgs/action
[0.691s] -- Up-to-date: /home/men3m/Naima/install/naima_msgs/include/naima_msgs/naima_msgs/action/detail
[0.693s] -- Up-to-date: /home/men3m/Naima/install/naima_msgs/include/naima_msgs/naima_msgs/action/detail/fibonacci__rosidl_typesupport_introspection_c.h
[0.695s] -- Up-to-date: /home/men3m/Naima/install/naima_msgs/include/naima_msgs/naima_msgs/action/detail/fibonacci__type_support.c
[0.696s] -- Up-to-date: /home/men3m/Naima/install/naima_msgs/include/naima_msgs/naima_msgs/msg
[0.696s] -- Up-to-date: /home/men3m/Naima/install/naima_msgs/include/naima_msgs/naima_msgs/msg/rosidl_typesupport_introspection_c__visibility_control.h
[0.696s] -- Up-to-date: /home/men3m/Naima/install/naima_msgs/include/naima_msgs/naima_msgs/srv
[0.696s] -- Up-to-date: /home/men3m/Naima/install/naima_msgs/include/naima_msgs/naima_msgs/srv/detail
[0.696s] -- Up-to-date: /home/men3m/Naima/install/naima_msgs/include/naima_msgs/naima_msgs/srv/detail/add_two_ints__type_support.c
[0.696s] -- Up-to-date: /home/men3m/Naima/install/naima_msgs/include/naima_msgs/naima_msgs/srv/detail/add_two_ints__rosidl_typesupport_introspection_c.h
[0.697s] -- Up-to-date: /home/men3m/Naima/install/naima_msgs/include/naima_msgs/naima_msgs/srv/detail/get_transform__rosidl_typesupport_introspection_c.h
[0.697s] -- Up-to-date: /home/men3m/Naima/install/naima_msgs/include/naima_msgs/naima_msgs/srv/detail/get_transform__type_support.c
[0.697s] -- Up-to-date: /home/men3m/Naima/install/naima_msgs/lib/libnaima_msgs__rosidl_typesupport_introspection_c.so
[0.697s] -- Up-to-date: /home/men3m/Naima/install/naima_msgs/lib/libnaima_msgs__rosidl_typesupport_c.so
[0.697s] -- Up-to-date: /home/men3m/Naima/install/naima_msgs/include/naima_msgs/naima_msgs
[0.697s] -- Up-to-date: /home/men3m/Naima/install/naima_msgs/include/naima_msgs/naima_msgs/action
[0.697s] -- Up-to-date: /home/men3m/Naima/install/naima_msgs/include/naima_msgs/naima_msgs/action/detail
[0.697s] -- Up-to-date: /home/men3m/Naima/install/naima_msgs/include/naima_msgs/naima_msgs/action/detail/fibonacci__rosidl_typesupport_introspection_cpp.hpp
[0.698s] -- Up-to-date: /home/men3m/Naima/install/naima_msgs/include/naima_msgs/naima_msgs/action/detail/fibonacci__type_support.cpp
[0.698s] -- Up-to-date: /home/men3m/Naima/install/naima_msgs/include/naima_msgs/naima_msgs/srv
[0.698s] -- Up-to-date: /home/men3m/Naima/install/naima_msgs/include/naima_msgs/naima_msgs/srv/detail
[0.698s] -- Up-to-date: /home/men3m/Naima/install/naima_msgs/include/naima_msgs/naima_msgs/srv/detail/add_two_ints__rosidl_typesupport_introspection_cpp.hpp
[0.698s] -- Up-to-date: /home/men3m/Naima/install/naima_msgs/include/naima_msgs/naima_msgs/srv/detail/add_two_ints__type_support.cpp
[0.698s] -- Up-to-date: /home/men3m/Naima/install/naima_msgs/include/naima_msgs/naima_msgs/srv/detail/get_transform__rosidl_typesupport_introspection_cpp.hpp
[0.698s] -- Up-to-date: /home/men3m/Naima/install/naima_msgs/include/naima_msgs/naima_msgs/srv/detail/get_transform__type_support.cpp
[0.698s] -- Up-to-date: /home/men3m/Naima/install/naima_msgs/lib/libnaima_msgs__rosidl_typesupport_introspection_cpp.so
[0.699s] -- Up-to-date: /home/men3m/Naima/install/naima_msgs/lib/libnaima_msgs__rosidl_typesupport_cpp.so
[0.699s] -- Up-to-date: /home/men3m/Naima/install/naima_msgs/share/naima_msgs/environment/pythonpath.sh
[0.699s] -- Up-to-date: /home/men3m/Naima/install/naima_msgs/share/naima_msgs/environment/pythonpath.dsv
[0.699s] -- Up-to-date: /home/men3m/Naima/install/naima_msgs/local/lib/python3.10/dist-packages/naima_msgs-0.0.0-py3.10.egg-info
[0.699s] -- Installing: /home/men3m/Naima/install/naima_msgs/local/lib/python3.10/dist-packages/naima_msgs-0.0.0-py3.10.egg-info/dependency_links.txt
[0.712s] -- Installing: /home/men3m/Naima/install/naima_msgs/local/lib/python3.10/dist-packages/naima_msgs-0.0.0-py3.10.egg-info/top_level.txt
[0.712s] -- Installing: /home/men3m/Naima/install/naima_msgs/local/lib/python3.10/dist-packages/naima_msgs-0.0.0-py3.10.egg-info/SOURCES.txt
[0.713s] -- Installing: /home/men3m/Naima/install/naima_msgs/local/lib/python3.10/dist-packages/naima_msgs-0.0.0-py3.10.egg-info/PKG-INFO
[0.713s] -- Up-to-date: /home/men3m/Naima/install/naima_msgs/local/lib/python3.10/dist-packages/naima_msgs
[0.713s] -- Up-to-date: /home/men3m/Naima/install/naima_msgs/local/lib/python3.10/dist-packages/naima_msgs/_naima_msgs_s.ep.rosidl_typesupport_fastrtps_c.c
[0.713s] -- Up-to-date: /home/men3m/Naima/install/naima_msgs/local/lib/python3.10/dist-packages/naima_msgs/naima_msgs_s__rosidl_typesupport_introspection_c.cpython-310-x86_64-linux-gnu.so
[0.713s] -- Up-to-date: /home/men3m/Naima/install/naima_msgs/local/lib/python3.10/dist-packages/naima_msgs/naima_msgs_s__rosidl_typesupport_c.cpython-310-x86_64-linux-gnu.so
[0.713s] -- Up-to-date: /home/men3m/Naima/install/naima_msgs/local/lib/python3.10/dist-packages/naima_msgs/_naima_msgs_s.ep.rosidl_typesupport_introspection_c.c
[0.713s] -- Up-to-date: /home/men3m/Naima/install/naima_msgs/local/lib/python3.10/dist-packages/naima_msgs/action
[0.713s] -- Up-to-date: /home/men3m/Naima/install/naima_msgs/local/lib/python3.10/dist-packages/naima_msgs/action/_fibonacci.py
[0.714s] -- Up-to-date: /home/men3m/Naima/install/naima_msgs/local/lib/python3.10/dist-packages/naima_msgs/action/__init__.py
[0.714s] -- Up-to-date: /home/men3m/Naima/install/naima_msgs/local/lib/python3.10/dist-packages/naima_msgs/action/_fibonacci_s.c
[0.714s] -- Up-to-date: /home/men3m/Naima/install/naima_msgs/local/lib/python3.10/dist-packages/naima_msgs/naima_msgs_s__rosidl_typesupport_fastrtps_c.cpython-310-x86_64-linux-gnu.so
[0.714s] -- Up-to-date: /home/men3m/Naima/install/naima_msgs/local/lib/python3.10/dist-packages/naima_msgs/srv
[0.714s] -- Up-to-date: /home/men3m/Naima/install/naima_msgs/local/lib/python3.10/dist-packages/naima_msgs/srv/_add_two_ints_s.c
[0.714s] -- Up-to-date: /home/men3m/Naima/install/naima_msgs/local/lib/python3.10/dist-packages/naima_msgs/srv/_get_transform_s.c
[0.714s] -- Up-to-date: /home/men3m/Naima/install/naima_msgs/local/lib/python3.10/dist-packages/naima_msgs/srv/_add_two_ints.py
[0.715s] -- Up-to-date: /home/men3m/Naima/install/naima_msgs/local/lib/python3.10/dist-packages/naima_msgs/srv/__init__.py
[0.715s] -- Up-to-date: /home/men3m/Naima/install/naima_msgs/local/lib/python3.10/dist-packages/naima_msgs/srv/_get_transform.py
[0.715s] -- Up-to-date: /home/men3m/Naima/install/naima_msgs/local/lib/python3.10/dist-packages/naima_msgs/_naima_msgs_s.ep.rosidl_typesupport_c.c
[0.715s] -- Up-to-date: /home/men3m/Naima/install/naima_msgs/local/lib/python3.10/dist-packages/naima_msgs/libnaima_msgs__rosidl_generator_py.so
[0.715s] -- Up-to-date: /home/men3m/Naima/install/naima_msgs/local/lib/python3.10/dist-packages/naima_msgs/__init__.py
[0.756s] Listing '/home/men3m/Naima/install/naima_msgs/local/lib/python3.10/dist-packages/naima_msgs'...
[0.757s] Listing '/home/men3m/Naima/install/naima_msgs/local/lib/python3.10/dist-packages/naima_msgs/action'...
[0.757s] Listing '/home/men3m/Naima/install/naima_msgs/local/lib/python3.10/dist-packages/naima_msgs/srv'...
[0.763s] -- Up-to-date: /home/men3m/Naima/install/naima_msgs/local/lib/python3.10/dist-packages/naima_msgs/naima_msgs_s__rosidl_typesupport_fastrtps_c.cpython-310-x86_64-linux-gnu.so
[0.763s] -- Up-to-date: /home/men3m/Naima/install/naima_msgs/local/lib/python3.10/dist-packages/naima_msgs/naima_msgs_s__rosidl_typesupport_introspection_c.cpython-310-x86_64-linux-gnu.so
[0.763s] -- Up-to-date: /home/men3m/Naima/install/naima_msgs/local/lib/python3.10/dist-packages/naima_msgs/naima_msgs_s__rosidl_typesupport_c.cpython-310-x86_64-linux-gnu.so
[0.763s] -- Up-to-date: /home/men3m/Naima/install/naima_msgs/lib/libnaima_msgs__rosidl_generator_py.so
[0.765s] -- Up-to-date: /home/men3m/Naima/install/naima_msgs/share/naima_msgs/action/Fibonacci.idl
[0.765s] -- Up-to-date: /home/men3m/Naima/install/naima_msgs/share/naima_msgs/srv/AddTwoInts.idl
[0.765s] -- Up-to-date: /home/men3m/Naima/install/naima_msgs/share/naima_msgs/srv/GetTransform.idl
[0.766s] -- Up-to-date: /home/men3m/Naima/install/naima_msgs/share/naima_msgs/action/Fibonacci.action
[0.766s] -- Up-to-date: /home/men3m/Naima/install/naima_msgs/share/naima_msgs/srv/AddTwoInts.srv
[0.766s] -- Up-to-date: /home/men3m/Naima/install/naima_msgs/share/naima_msgs/srv/AddTwoInts_Request.msg
[0.766s] -- Up-to-date: /home/men3m/Naima/install/naima_msgs/share/naima_msgs/srv/AddTwoInts_Response.msg
[0.766s] -- Up-to-date: /home/men3m/Naima/install/naima_msgs/share/naima_msgs/srv/GetTransform.srv
[0.767s] -- Up-to-date: /home/men3m/Naima/install/naima_msgs/share/naima_msgs/srv/GetTransform_Request.msg
[0.767s] -- Up-to-date: /home/men3m/Naima/install/naima_msgs/share/naima_msgs/srv/GetTransform_Response.msg
[0.767s] -- Up-to-date: /home/men3m/Naima/install/naima_msgs/include
[0.767s] -- Up-to-date: /home/men3m/Naima/install/naima_msgs/include/.vscode
[0.767s] -- Up-to-date: /home/men3m/Naima/install/naima_msgs/include/.vscode/c_cpp_properties.json
[0.767s] -- Up-to-date: /home/men3m/Naima/install/naima_msgs/include/.vscode/settings.json
[0.767s] -- Up-to-date: /home/men3m/Naima/install/naima_msgs/include/test.py
[0.768s] -- Up-to-date: /home/men3m/Naima/install/naima_msgs/share/ament_index/resource_index/package_run_dependencies/naima_msgs
[0.768s] -- Up-to-date: /home/men3m/Naima/install/naima_msgs/share/ament_index/resource_index/parent_prefix_path/naima_msgs
[0.768s] -- Up-to-date: /home/men3m/Naima/install/naima_msgs/share/naima_msgs/environment/ament_prefix_path.sh
[0.768s] -- Up-to-date: /home/men3m/Naima/install/naima_msgs/share/naima_msgs/environment/ament_prefix_path.dsv
[0.769s] -- Up-to-date: /home/men3m/Naima/install/naima_msgs/share/naima_msgs/environment/path.sh
[0.769s] -- Up-to-date: /home/men3m/Naima/install/naima_msgs/share/naima_msgs/environment/path.dsv
[0.769s] -- Up-to-date: /home/men3m/Naima/install/naima_msgs/share/naima_msgs/local_setup.bash
[0.769s] -- Up-to-date: /home/men3m/Naima/install/naima_msgs/share/naima_msgs/local_setup.sh
[0.769s] -- Up-to-date: /home/men3m/Naima/install/naima_msgs/share/naima_msgs/local_setup.zsh
[0.770s] -- Up-to-date: /home/men3m/Naima/install/naima_msgs/share/naima_msgs/local_setup.dsv
[0.770s] -- Installing: /home/men3m/Naima/install/naima_msgs/share/naima_msgs/package.dsv
[0.770s] -- Up-to-date: /home/men3m/Naima/install/naima_msgs/share/ament_index/resource_index/packages/naima_msgs
[0.770s] -- Up-to-date: /home/men3m/Naima/install/naima_msgs/share/naima_msgs/cmake/export_naima_msgs__rosidl_generator_cExport.cmake
[0.770s] -- Up-to-date: /home/men3m/Naima/install/naima_msgs/share/naima_msgs/cmake/export_naima_msgs__rosidl_generator_cExport-noconfig.cmake
[0.770s] -- Up-to-date: /home/men3m/Naima/install/naima_msgs/share/naima_msgs/cmake/export_naima_msgs__rosidl_typesupport_fastrtps_cExport.cmake
[0.770s] -- Up-to-date: /home/men3m/Naima/install/naima_msgs/share/naima_msgs/cmake/export_naima_msgs__rosidl_typesupport_fastrtps_cExport-noconfig.cmake
[0.770s] -- Up-to-date: /home/men3m/Naima/install/naima_msgs/share/naima_msgs/cmake/export_naima_msgs__rosidl_generator_cppExport.cmake
[0.771s] -- Up-to-date: /home/men3m/Naima/install/naima_msgs/share/naima_msgs/cmake/export_naima_msgs__rosidl_typesupport_fastrtps_cppExport.cmake
[0.771s] -- Up-to-date: /home/men3m/Naima/install/naima_msgs/share/naima_msgs/cmake/export_naima_msgs__rosidl_typesupport_fastrtps_cppExport-noconfig.cmake
[0.771s] -- Up-to-date: /home/men3m/Naima/install/naima_msgs/share/naima_msgs/cmake/naima_msgs__rosidl_typesupport_introspection_cExport.cmake
[0.772s] -- Up-to-date: /home/men3m/Naima/install/naima_msgs/share/naima_msgs/cmake/naima_msgs__rosidl_typesupport_introspection_cExport-noconfig.cmake
[0.772s] -- Up-to-date: /home/men3m/Naima/install/naima_msgs/share/naima_msgs/cmake/naima_msgs__rosidl_typesupport_cExport.cmake
[0.772s] -- Up-to-date: /home/men3m/Naima/install/naima_msgs/share/naima_msgs/cmake/naima_msgs__rosidl_typesupport_cExport-noconfig.cmake
[0.772s] -- Up-to-date: /home/men3m/Naima/install/naima_msgs/share/naima_msgs/cmake/naima_msgs__rosidl_typesupport_introspection_cppExport.cmake
[0.772s] -- Up-to-date: /home/men3m/Naima/install/naima_msgs/share/naima_msgs/cmake/naima_msgs__rosidl_typesupport_introspection_cppExport-noconfig.cmake
[0.773s] -- Up-to-date: /home/men3m/Naima/install/naima_msgs/share/naima_msgs/cmake/naima_msgs__rosidl_typesupport_cppExport.cmake
[0.773s] -- Up-to-date: /home/men3m/Naima/install/naima_msgs/share/naima_msgs/cmake/naima_msgs__rosidl_typesupport_cppExport-noconfig.cmake
[0.773s] -- Up-to-date: /home/men3m/Naima/install/naima_msgs/share/naima_msgs/cmake/export_naima_msgs__rosidl_generator_pyExport.cmake
[0.773s] -- Up-to-date: /home/men3m/Naima/install/naima_msgs/share/naima_msgs/cmake/export_naima_msgs__rosidl_generator_pyExport-noconfig.cmake
[0.773s] -- Up-to-date: /home/men3m/Naima/install/naima_msgs/share/naima_msgs/cmake/rosidl_cmake-extras.cmake
[0.773s] -- Up-to-date: /home/men3m/Naima/install/naima_msgs/share/naima_msgs/cmake/ament_cmake_export_dependencies-extras.cmake
[0.773s] -- Up-to-date: /home/men3m/Naima/install/naima_msgs/share/naima_msgs/cmake/ament_cmake_export_include_directories-extras.cmake
[0.774s] -- Up-to-date: /home/men3m/Naima/install/naima_msgs/share/naima_msgs/cmake/ament_cmake_export_libraries-extras.cmake
[0.774s] -- Up-to-date: /home/men3m/Naima/install/naima_msgs/share/naima_msgs/cmake/ament_cmake_export_targets-extras.cmake
[0.774s] -- Up-to-date: /home/men3m/Naima/install/naima_msgs/share/naima_msgs/cmake/rosidl_cmake_export_typesupport_targets-extras.cmake
[0.774s] -- Up-to-date: /home/men3m/Naima/install/naima_msgs/share/naima_msgs/cmake/rosidl_cmake_export_typesupport_libraries-extras.cmake
[0.774s] -- Up-to-date: /home/men3m/Naima/install/naima_msgs/share/naima_msgs/cmake/naima_msgsConfig.cmake
[0.774s] -- Up-to-date: /home/men3m/Naima/install/naima_msgs/share/naima_msgs/cmake/naima_msgsConfig-version.cmake
[0.774s] -- Up-to-date: /home/men3m/Naima/install/naima_msgs/share/naima_msgs/package.xml
[0.853s] Invoked command in '/home/men3m/Naima/build/naima_msgs' returned '0': CMAKE_PREFIX_PATH=${CMAKE_PREFIX_PATH}:/home/men3m/Naima/install/naima_bringup:/home/men3m/Naima/install/naima:/opt/ros/humble /usr/bin/cmake --install /home/men3m/Naima/build/naima_msgs
