[0.009s] Invoking command in '/home/men3m/Naima/build/naima_examples': AMENT_PREFIX_PATH=/home/men3m/Naima/install/naima_msgs:${AMENT_PREFIX_PATH} CMAKE_PREFIX_PATH=/home/men3m/Naima/install/naima_msgs:/opt/ros/humble LD_LIBRARY_PATH=/home/men3m/Naima/install/naima_msgs/lib:/usr/lib/x86_64-linux-gnu/gazebo-11/plugins:/opt/ros/humble/opt/rviz_ogre_vendor/lib:/opt/ros/humble/lib/x86_64-linux-gnu:/opt/ros/humble/lib:/usr/local/cuda-12.4.0/lib64:/usr/local/cuda-12.4.0/lib64 PYTHONPATH=/home/men3m/Naima/install/naima_msgs/local/lib/python3.10/dist-packages:${PYTHONPATH} /usr/bin/cmake --build /home/men3m/Naima/build/naima_examples -- -j16 -l16
[0.043s] [35m[1mConsolidate compiler generated dependencies of target simple_service_client[0m
[0.043s] [35m[1mConsolidate compiler generated dependencies of target simple_subscriber[0m
[0.043s] [35m[1mConsolidate compiler generated dependencies of target simple_publisher[0m
[0.043s] [35m[1mConsolidate compiler generated dependencies of target simple_service_server[0m
[0.043s] [35m[1mConsolidate compiler generated dependencies of target simple_turtlesim_kinematics[0m
[0.044s] [35m[1mConsolidate compiler generated dependencies of target simple_qos_publisher[0m
[0.044s] [35m[1mConsolidate compiler generated dependencies of target simple_tf_kinematics[0m
[0.045s] [35m[1mConsolidate compiler generated dependencies of target simple_parameter[0m
[0.045s] [35m[1mConsolidate compiler generated dependencies of target simple_action_server_node[0m
[0.046s] [35m[1mConsolidate compiler generated dependencies of target simple_action_client[0m
[0.046s] [35m[1mConsolidate compiler generated dependencies of target simple_lifecycle_node[0m
[0.046s] [35m[1mConsolidate compiler generated dependencies of target simple_action_server[0m
[0.046s] [35m[1mConsolidate compiler generated dependencies of target simple_action_client_node[0m
[0.047s] [35m[1mConsolidate compiler generated dependencies of target simple_qos_subscriber[0m
[0.066s] [ 28%] Built target simple_publisher
[0.066s] [ 28%] Built target simple_service_client
[0.066s] [ 28%] Built target simple_qos_publisher
[0.066s] [ 28%] Built target simple_parameter
[0.066s] [ 39%] Built target simple_turtlesim_kinematics
[0.066s] [ 42%] Built target simple_service_server
[0.067s] [ 50%] Built target simple_subscriber
[0.067s] [ 57%] Built target simple_tf_kinematics
[0.067s] [ 64%] Built target simple_action_client_node
[0.067s] [ 71%] Built target simple_action_server_node
[0.068s] [ 82%] Built target simple_qos_subscriber
[0.068s] [ 92%] Built target simple_action_server
[0.068s] [ 92%] Built target simple_lifecycle_node
[0.069s] [100%] Built target simple_action_client
[0.079s] Invoked command in '/home/men3m/Naima/build/naima_examples' returned '0': AMENT_PREFIX_PATH=/home/men3m/Naima/install/naima_msgs:${AMENT_PREFIX_PATH} CMAKE_PREFIX_PATH=/home/men3m/Naima/install/naima_msgs:/opt/ros/humble LD_LIBRARY_PATH=/home/men3m/Naima/install/naima_msgs/lib:/usr/lib/x86_64-linux-gnu/gazebo-11/plugins:/opt/ros/humble/opt/rviz_ogre_vendor/lib:/opt/ros/humble/lib/x86_64-linux-gnu:/opt/ros/humble/lib:/usr/local/cuda-12.4.0/lib64:/usr/local/cuda-12.4.0/lib64 PYTHONPATH=/home/men3m/Naima/install/naima_msgs/local/lib/python3.10/dist-packages:${PYTHONPATH} /usr/bin/cmake --build /home/men3m/Naima/build/naima_examples -- -j16 -l16
[0.080s] Invoking command in '/home/men3m/Naima/build/naima_examples': AMENT_PREFIX_PATH=/home/men3m/Naima/install/naima_msgs:${AMENT_PREFIX_PATH} CMAKE_PREFIX_PATH=/home/men3m/Naima/install/naima_msgs:/opt/ros/humble LD_LIBRARY_PATH=/home/men3m/Naima/install/naima_msgs/lib:/usr/lib/x86_64-linux-gnu/gazebo-11/plugins:/opt/ros/humble/opt/rviz_ogre_vendor/lib:/opt/ros/humble/lib/x86_64-linux-gnu:/opt/ros/humble/lib:/usr/local/cuda-12.4.0/lib64:/usr/local/cuda-12.4.0/lib64 PYTHONPATH=/home/men3m/Naima/install/naima_msgs/local/lib/python3.10/dist-packages:${PYTHONPATH} /usr/bin/cmake --install /home/men3m/Naima/build/naima_examples
[0.086s] -- Install configuration: ""
[0.086s] -- Up-to-date: /home/men3m/Naima/install/naima_examples/lib/naima_examples/simple_action_server_node
[0.087s] -- Up-to-date: /home/men3m/Naima/install/naima_examples/lib/naima_examples/simple_action_client_node
[0.087s] -- Up-to-date: /home/men3m/Naima/install/naima_examples/include/include
[0.087s] -- Up-to-date: /home/men3m/Naima/install/naima_examples/include/include/naima_examples
[0.087s] -- Up-to-date: /home/men3m/Naima/install/naima_examples/include/include/naima_examples/simple_tf_kinematics.hpp
[0.087s] -- Up-to-date: /home/men3m/Naima/install/naima_examples/include/include/naima_examples/simple_turtlesim_kinematics.hpp
[0.087s] -- Up-to-date: /home/men3m/Naima/install/naima_examples/lib/naima_examples/simple_publisher
[0.087s] -- Up-to-date: /home/men3m/Naima/install/naima_examples/lib/naima_examples/simple_subscriber
[0.088s] -- Up-to-date: /home/men3m/Naima/install/naima_examples/lib/naima_examples/simple_parameter
[0.089s] -- Up-to-date: /home/men3m/Naima/install/naima_examples/lib/naima_examples/simple_turtlesim_kinematics
[0.089s] -- Up-to-date: /home/men3m/Naima/install/naima_examples/lib/naima_examples/simple_service_server
[0.089s] -- Up-to-date: /home/men3m/Naima/install/naima_examples/lib/naima_examples/simple_service_client
[0.089s] -- Up-to-date: /home/men3m/Naima/install/naima_examples/lib/naima_examples/simple_tf_kinematics
[0.089s] -- Up-to-date: /home/men3m/Naima/install/naima_examples/lib/naima_examples/simple_lifecycle_node
[0.090s] -- Up-to-date: /home/men3m/Naima/install/naima_examples/lib/naima_examples/simple_qos_publisher
[0.090s] -- Up-to-date: /home/men3m/Naima/install/naima_examples/lib/naima_examples/simple_qos_subscriber
[0.090s] -- Up-to-date: /home/men3m/Naima/install/naima_examples/lib/libsimple_action_server.so
[0.090s] -- Up-to-date: /home/men3m/Naima/install/naima_examples/lib/libsimple_action_client.so
[0.090s] -- Up-to-date: /home/men3m/Naima/install/naima_examples/share/ament_index/resource_index/package_run_dependencies/naima_examples
[0.091s] -- Up-to-date: /home/men3m/Naima/install/naima_examples/share/ament_index/resource_index/parent_prefix_path/naima_examples
[0.091s] -- Up-to-date: /home/men3m/Naima/install/naima_examples/share/naima_examples/environment/ament_prefix_path.sh
[0.091s] -- Up-to-date: /home/men3m/Naima/install/naima_examples/share/naima_examples/environment/ament_prefix_path.dsv
[0.091s] -- Up-to-date: /home/men3m/Naima/install/naima_examples/share/naima_examples/environment/path.sh
[0.091s] -- Up-to-date: /home/men3m/Naima/install/naima_examples/share/naima_examples/environment/path.dsv
[0.091s] -- Up-to-date: /home/men3m/Naima/install/naima_examples/share/naima_examples/local_setup.bash
[0.091s] -- Up-to-date: /home/men3m/Naima/install/naima_examples/share/naima_examples/local_setup.sh
[0.091s] -- Up-to-date: /home/men3m/Naima/install/naima_examples/share/naima_examples/local_setup.zsh
[0.091s] -- Up-to-date: /home/men3m/Naima/install/naima_examples/share/naima_examples/local_setup.dsv
[0.091s] -- Installing: /home/men3m/Naima/install/naima_examples/share/naima_examples/package.dsv
[0.091s] -- Up-to-date: /home/men3m/Naima/install/naima_examples/share/ament_index/resource_index/packages/naima_examples
[0.091s] -- Up-to-date: /home/men3m/Naima/install/naima_examples/share/ament_index/resource_index/rclcpp_components/naima_examples
[0.091s] -- Up-to-date: /home/men3m/Naima/install/naima_examples/share/naima_examples/cmake/naima_examplesConfig.cmake
[0.091s] -- Up-to-date: /home/men3m/Naima/install/naima_examples/share/naima_examples/cmake/naima_examplesConfig-version.cmake
[0.092s] -- Up-to-date: /home/men3m/Naima/install/naima_examples/share/naima_examples/package.xml
[0.103s] Invoked command in '/home/men3m/Naima/build/naima_examples' returned '0': AMENT_PREFIX_PATH=/home/men3m/Naima/install/naima_msgs:${AMENT_PREFIX_PATH} CMAKE_PREFIX_PATH=/home/men3m/Naima/install/naima_msgs:/opt/ros/humble LD_LIBRARY_PATH=/home/men3m/Naima/install/naima_msgs/lib:/usr/lib/x86_64-linux-gnu/gazebo-11/plugins:/opt/ros/humble/opt/rviz_ogre_vendor/lib:/opt/ros/humble/lib/x86_64-linux-gnu:/opt/ros/humble/lib:/usr/local/cuda-12.4.0/lib64:/usr/local/cuda-12.4.0/lib64 PYTHONPATH=/home/men3m/Naima/install/naima_msgs/local/lib/python3.10/dist-packages:${PYTHONPATH} /usr/bin/cmake --install /home/men3m/Naima/build/naima_examples
