-- Install configuration: ""
-- Up-to-date: /home/men3m/Naima/install/ublox_serialization/include
-- Up-to-date: /home/men3m/Naima/install/ublox_serialization/include/ublox_serialization
-- Up-to-date: /home/men3m/Naima/install/ublox_serialization/include/ublox_serialization/serialization.hpp
-- Up-to-date: /home/men3m/Naima/install/ublox_serialization/include/ublox_serialization/checksum.hpp
-- Up-to-date: /home/men3m/Naima/install/ublox_serialization/share/ament_index/resource_index/package_run_dependencies/ublox_serialization
-- Up-to-date: /home/men3m/Naima/install/ublox_serialization/share/ament_index/resource_index/parent_prefix_path/ublox_serialization
-- Up-to-date: /home/men3m/Naima/install/ublox_serialization/share/ublox_serialization/environment/ament_prefix_path.sh
-- Up-to-date: /home/men3m/Naima/install/ublox_serialization/share/ublox_serialization/environment/ament_prefix_path.dsv
-- Up-to-date: /home/men3m/Naima/install/ublox_serialization/share/ublox_serialization/environment/path.sh
-- Up-to-date: /home/men3m/Naima/install/ublox_serialization/share/ublox_serialization/environment/path.dsv
-- Up-to-date: /home/men3m/Naima/install/ublox_serialization/share/ublox_serialization/local_setup.bash
-- Up-to-date: /home/men3m/Naima/install/ublox_serialization/share/ublox_serialization/local_setup.sh
-- Up-to-date: /home/men3m/Naima/install/ublox_serialization/share/ublox_serialization/local_setup.zsh
-- Up-to-date: /home/men3m/Naima/install/ublox_serialization/share/ublox_serialization/local_setup.dsv
-- Installing: /home/men3m/Naima/install/ublox_serialization/share/ublox_serialization/package.dsv
-- Up-to-date: /home/men3m/Naima/install/ublox_serialization/share/ament_index/resource_index/packages/ublox_serialization
-- Up-to-date: /home/men3m/Naima/install/ublox_serialization/share/ublox_serialization/cmake/ament_cmake_export_include_directories-extras.cmake
-- Up-to-date: /home/men3m/Naima/install/ublox_serialization/share/ublox_serialization/cmake/ublox_serializationConfig.cmake
-- Up-to-date: /home/men3m/Naima/install/ublox_serialization/share/ublox_serialization/cmake/ublox_serializationConfig-version.cmake
-- Up-to-date: /home/men3m/Naima/install/ublox_serialization/share/ublox_serialization/package.xml
