[0.072s] Invoking command in '/home/men3m/Naima/build/ublox_serialization': CMAKE_PREFIX_PATH=${CMAKE_PREFIX_PATH}:/home/men3m/Naima/install/naima_bringup:/home/men3m/Naima/install/naima:/opt/ros/humble /usr/bin/cmake --build /home/men3m/Naima/build/ublox_serialization -- -j16 -l16
[0.651s] Invoked command in '/home/men3m/Naima/build/ublox_serialization' returned '0': CMAKE_PREFIX_PATH=${CMAKE_PREFIX_PATH}:/home/men3m/Naima/install/naima_bringup:/home/men3m/Naima/install/naima:/opt/ros/humble /usr/bin/cmake --build /home/men3m/Naima/build/ublox_serialization -- -j16 -l16
[0.663s] Invoking command in '/home/men3m/Naima/build/ublox_serialization': CMAKE_PREFIX_PATH=${CMAKE_PREFIX_PATH}:/home/men3m/Naima/install/naima_bringup:/home/men3m/Naima/install/naima:/opt/ros/humble /usr/bin/cmake --install /home/men3m/Naima/build/ublox_serialization
[0.675s] -- Install configuration: ""
[0.676s] -- Up-to-date: /home/men3m/Naima/install/ublox_serialization/include
[0.676s] -- Up-to-date: /home/men3m/Naima/install/ublox_serialization/include/ublox_serialization
[0.676s] -- Up-to-date: /home/men3m/Naima/install/ublox_serialization/include/ublox_serialization/serialization.hpp
[0.676s] -- Up-to-date: /home/men3m/Naima/install/ublox_serialization/include/ublox_serialization/checksum.hpp
[0.676s] -- Up-to-date: /home/men3m/Naima/install/ublox_serialization/share/ament_index/resource_index/package_run_dependencies/ublox_serialization
[0.677s] -- Up-to-date: /home/men3m/Naima/install/ublox_serialization/share/ament_index/resource_index/parent_prefix_path/ublox_serialization
[0.677s] -- Up-to-date: /home/men3m/Naima/install/ublox_serialization/share/ublox_serialization/environment/ament_prefix_path.sh
[0.679s] -- Up-to-date: /home/men3m/Naima/install/ublox_serialization/share/ublox_serialization/environment/ament_prefix_path.dsv
[0.680s] -- Up-to-date: /home/men3m/Naima/install/ublox_serialization/share/ublox_serialization/environment/path.sh
[0.680s] -- Up-to-date: /home/men3m/Naima/install/ublox_serialization/share/ublox_serialization/environment/path.dsv
[0.682s] -- Up-to-date: /home/men3m/Naima/install/ublox_serialization/share/ublox_serialization/local_setup.bash
[0.685s] -- Up-to-date: /home/men3m/Naima/install/ublox_serialization/share/ublox_serialization/local_setup.sh
[0.685s] -- Up-to-date: /home/men3m/Naima/install/ublox_serialization/share/ublox_serialization/local_setup.zsh
[0.685s] -- Up-to-date: /home/men3m/Naima/install/ublox_serialization/share/ublox_serialization/local_setup.dsv
[0.685s] -- Installing: /home/men3m/Naima/install/ublox_serialization/share/ublox_serialization/package.dsv
[0.685s] -- Up-to-date: /home/men3m/Naima/install/ublox_serialization/share/ament_index/resource_index/packages/ublox_serialization
[0.685s] -- Up-to-date: /home/men3m/Naima/install/ublox_serialization/share/ublox_serialization/cmake/ament_cmake_export_include_directories-extras.cmake
[0.685s] -- Up-to-date: /home/men3m/Naima/install/ublox_serialization/share/ublox_serialization/cmake/ublox_serializationConfig.cmake
[0.685s] -- Up-to-date: /home/men3m/Naima/install/ublox_serialization/share/ublox_serialization/cmake/ublox_serializationConfig-version.cmake
[0.685s] -- Up-to-date: /home/men3m/Naima/install/ublox_serialization/share/ublox_serialization/package.xml
[0.736s] Invoked command in '/home/men3m/Naima/build/ublox_serialization' returned '0': CMAKE_PREFIX_PATH=${CMAKE_PREFIX_PATH}:/home/men3m/Naima/install/naima_bringup:/home/men3m/Naima/install/naima:/opt/ros/humble /usr/bin/cmake --install /home/men3m/Naima/build/ublox_serialization
