[ 75%] Built target ament_cmake_python_copy_naima_localization
[100%] Built target imu_republisher
[100%] Built target kalman_filter
running egg_info
writing naima_localization.egg-info/PKG-INFO
writing dependency_links to naima_localization.egg-info/dependency_links.txt
writing top-level names to naima_localization.egg-info/top_level.txt
reading manifest file 'naima_localization.egg-info/SOURCES.txt'
writing manifest file 'naima_localization.egg-info/SOURCES.txt'
[100%] Built target ament_cmake_python_build_naima_localization_egg
-- Install configuration: ""
-- Up-to-date: /home/men3m/Naima/install/naima_localization/share/naima_localization/environment/pythonpath.sh
-- Up-to-date: /home/men3m/Naima/install/naima_localization/share/naima_localization/environment/pythonpath.dsv
-- Up-to-date: /home/men3m/Naima/install/naima_localization/local/lib/python3.10/dist-packages/naima_localization-0.0.0-py3.10.egg-info
-- Installing: /home/men3m/Naima/install/naima_localization/local/lib/python3.10/dist-packages/naima_localization-0.0.0-py3.10.egg-info/dependency_links.txt
-- Installing: /home/men3m/Naima/install/naima_localization/local/lib/python3.10/dist-packages/naima_localization-0.0.0-py3.10.egg-info/top_level.txt
-- Installing: /home/men3m/Naima/install/naima_localization/local/lib/python3.10/dist-packages/naima_localization-0.0.0-py3.10.egg-info/SOURCES.txt
-- Installing: /home/men3m/Naima/install/naima_localization/local/lib/python3.10/dist-packages/naima_localization-0.0.0-py3.10.egg-info/PKG-INFO
-- Up-to-date: /home/men3m/Naima/install/naima_localization/local/lib/python3.10/dist-packages/naima_localization
-- Up-to-date: /home/men3m/Naima/install/naima_localization/local/lib/python3.10/dist-packages/naima_localization/kalman_filter.py
-- Up-to-date: /home/men3m/Naima/install/naima_localization/local/lib/python3.10/dist-packages/naima_localization/imu_republisher.py
-- Up-to-date: /home/men3m/Naima/install/naima_localization/local/lib/python3.10/dist-packages/naima_localization/__init__.py
Listing '/home/men3m/Naima/install/naima_localization/local/lib/python3.10/dist-packages/naima_localization'...
-- Up-to-date: /home/men3m/Naima/install/naima_localization/include/include
-- Up-to-date: /home/men3m/Naima/install/naima_localization/include/include/naima_localization
-- Up-to-date: /home/men3m/Naima/install/naima_localization/include/include/naima_localization/kalman_filter.hpp
-- Up-to-date: /home/men3m/Naima/install/naima_localization/lib/naima_localization/kalman_filter
-- Up-to-date: /home/men3m/Naima/install/naima_localization/lib/naima_localization/imu_republisher
-- Up-to-date: /home/men3m/Naima/install/naima_localization/share/naima_localization/launch
-- Up-to-date: /home/men3m/Naima/install/naima_localization/share/naima_localization/launch/navsat_transform.launch.py
-- Up-to-date: /home/men3m/Naima/install/naima_localization/share/naima_localization/launch/global_localization.launch.py
-- Up-to-date: /home/men3m/Naima/install/naima_localization/share/naima_localization/launch/global.launch.py
-- Up-to-date: /home/men3m/Naima/install/naima_localization/share/naima_localization/launch/global_localization_map1.py
-- Up-to-date: /home/men3m/Naima/install/naima_localization/share/naima_localization/launch/navigation.launch.py
-- Up-to-date: /home/men3m/Naima/install/naima_localization/share/naima_localization/launch/local.launch.py
-- Up-to-date: /home/men3m/Naima/install/naima_localization/share/naima_localization/launch/mappp.launch.py
-- Up-to-date: /home/men3m/Naima/install/naima_localization/share/naima_localization/launch/localization_launch.py
-- Up-to-date: /home/men3m/Naima/install/naima_localization/share/naima_localization/launch/local_localization.launch.py
-- Up-to-date: /home/men3m/Naima/install/naima_localization/share/naima_localization/launch/dual_ekf_and_navsat.launch.py
-- Up-to-date: /home/men3m/Naima/install/naima_localization/share/naima_localization/config
-- Up-to-date: /home/men3m/Naima/install/naima_localization/share/naima_localization/config/mapper_params_localization.yaml
-- Up-to-date: /home/men3m/Naima/install/naima_localization/share/naima_localization/config/navsat_transform.yaml
-- Up-to-date: /home/men3m/Naima/install/naima_localization/share/naima_localization/config/dual_ekf_and_navsat.yaml
-- Up-to-date: /home/men3m/Naima/install/naima_localization/share/naima_localization/config/map_server_params.yaml
-- Up-to-date: /home/men3m/Naima/install/naima_localization/share/naima_localization/config/global_ekf.yaml
-- Up-to-date: /home/men3m/Naima/install/naima_localization/share/naima_localization/config/nav2.yaml
-- Up-to-date: /home/men3m/Naima/install/naima_localization/share/naima_localization/config/ekf.yaml
-- Up-to-date: /home/men3m/Naima/install/naima_localization/lib/naima_localization/kalman_filter.py
-- Up-to-date: /home/men3m/Naima/install/naima_localization/lib/naima_localization/imu_republisher.py
-- Up-to-date: /home/men3m/Naima/install/naima_localization/share/ament_index/resource_index/package_run_dependencies/naima_localization
-- Up-to-date: /home/men3m/Naima/install/naima_localization/share/ament_index/resource_index/parent_prefix_path/naima_localization
-- Up-to-date: /home/men3m/Naima/install/naima_localization/share/naima_localization/environment/ament_prefix_path.sh
-- Up-to-date: /home/men3m/Naima/install/naima_localization/share/naima_localization/environment/ament_prefix_path.dsv
-- Up-to-date: /home/men3m/Naima/install/naima_localization/share/naima_localization/environment/path.sh
-- Up-to-date: /home/men3m/Naima/install/naima_localization/share/naima_localization/environment/path.dsv
-- Up-to-date: /home/men3m/Naima/install/naima_localization/share/naima_localization/local_setup.bash
-- Up-to-date: /home/men3m/Naima/install/naima_localization/share/naima_localization/local_setup.sh
-- Up-to-date: /home/men3m/Naima/install/naima_localization/share/naima_localization/local_setup.zsh
-- Up-to-date: /home/men3m/Naima/install/naima_localization/share/naima_localization/local_setup.dsv
-- Installing: /home/men3m/Naima/install/naima_localization/share/naima_localization/package.dsv
-- Up-to-date: /home/men3m/Naima/install/naima_localization/share/ament_index/resource_index/packages/naima_localization
-- Up-to-date: /home/men3m/Naima/install/naima_localization/share/naima_localization/cmake/naima_localizationConfig.cmake
-- Up-to-date: /home/men3m/Naima/install/naima_localization/share/naima_localization/cmake/naima_localizationConfig-version.cmake
-- Up-to-date: /home/men3m/Naima/install/naima_localization/share/naima_localization/package.xml
