-- Install configuration: ""
-- Up-to-date: /home/men3m/Naima/install/naima_description/share/naima_description/launch
-- Up-to-date: /home/men3m/Naima/install/naima_description/share/naima_description/launch/display.launch.py
-- Up-to-date: /home/men3m/Naima/install/naima_description/share/naima_description/launch/gazebo.launch.py
-- Up-to-date: /home/men3m/Naima/install/naima_description/share/naima_description/urdf
-- Up-to-date: /home/men3m/Naima/install/naima_description/share/naima_description/urdf/naima.urdf.xacro
-- Up-to-date: /home/men3m/Naima/install/naima_description/share/naima_description/urdf/naima.csv
-- Up-to-date: /home/men3m/Naima/install/naima_description/share/naima_description/meshes
-- Up-to-date: /home/men3m/Naima/install/naima_description/share/naima_description/meshes/zed_camera_link.STL
-- Up-to-date: /home/men3m/Naima/install/naima_description/share/naima_description/meshes/right_middle_ultra_link.STL
-- Up-to-date: /home/men3m/Naima/install/naima_description/share/naima_description/meshes/front_left_wheel_link.STL
-- Up-to-date: /home/men3m/Naima/install/naima_description/share/naima_description/meshes/rear_left_wheel_link.STL
-- Up-to-date: /home/men3m/Naima/install/naima_description/share/naima_description/meshes/left_steering_hinge.STL
-- Up-to-date: /home/men3m/Naima/install/naima_description/share/naima_description/meshes/left_middle_ultra_link.STL
-- Up-to-date: /home/men3m/Naima/install/naima_description/share/naima_description/meshes/front_left_ultra_link.STL
-- Up-to-date: /home/men3m/Naima/install/naima_description/share/naima_description/meshes/left_rear_ultra_link.STL
-- Up-to-date: /home/men3m/Naima/install/naima_description/share/naima_description/meshes/right_rear_ultra_link.STL
-- Up-to-date: /home/men3m/Naima/install/naima_description/share/naima_description/meshes/front_right_ultra_link.STL
-- Up-to-date: /home/men3m/Naima/install/naima_description/share/naima_description/meshes/left_corner_ultra_link.STL
-- Up-to-date: /home/men3m/Naima/install/naima_description/share/naima_description/meshes/imu_link.STL
-- Up-to-date: /home/men3m/Naima/install/naima_description/share/naima_description/meshes/front_middle_ultra_link.STL
-- Up-to-date: /home/men3m/Naima/install/naima_description/share/naima_description/meshes/front_camera_link.STL
-- Up-to-date: /home/men3m/Naima/install/naima_description/share/naima_description/meshes/base_link.STL
-- Up-to-date: /home/men3m/Naima/install/naima_description/share/naima_description/meshes/steering_link.STL
-- Up-to-date: /home/men3m/Naima/install/naima_description/share/naima_description/meshes/3D_lidar.STL
-- Up-to-date: /home/men3m/Naima/install/naima_description/share/naima_description/meshes/rear_ultra_link.STL
-- Up-to-date: /home/men3m/Naima/install/naima_description/share/naima_description/meshes/rear_wheel.STL
-- Up-to-date: /home/men3m/Naima/install/naima_description/share/naima_description/meshes/rear_right_wheel_link.STL
-- Up-to-date: /home/men3m/Naima/install/naima_description/share/naima_description/meshes/front_right_wheel_link.STL
-- Up-to-date: /home/men3m/Naima/install/naima_description/share/naima_description/meshes/front_steer.STL
-- Up-to-date: /home/men3m/Naima/install/naima_description/share/naima_description/meshes/gps_link.STL
-- Up-to-date: /home/men3m/Naima/install/naima_description/share/naima_description/meshes/right_corner_ultra_link.STL
-- Up-to-date: /home/men3m/Naima/install/naima_description/share/naima_description/meshes/right_steering_hinge.STL
-- Up-to-date: /home/men3m/Naima/install/naima_description/share/ament_index/resource_index/package_run_dependencies/naima_description
-- Up-to-date: /home/men3m/Naima/install/naima_description/share/ament_index/resource_index/parent_prefix_path/naima_description
-- Up-to-date: /home/men3m/Naima/install/naima_description/share/naima_description/environment/ament_prefix_path.sh
-- Up-to-date: /home/men3m/Naima/install/naima_description/share/naima_description/environment/ament_prefix_path.dsv
-- Up-to-date: /home/men3m/Naima/install/naima_description/share/naima_description/environment/path.sh
-- Up-to-date: /home/men3m/Naima/install/naima_description/share/naima_description/environment/path.dsv
-- Up-to-date: /home/men3m/Naima/install/naima_description/share/naima_description/local_setup.bash
-- Up-to-date: /home/men3m/Naima/install/naima_description/share/naima_description/local_setup.sh
-- Up-to-date: /home/men3m/Naima/install/naima_description/share/naima_description/local_setup.zsh
-- Up-to-date: /home/men3m/Naima/install/naima_description/share/naima_description/local_setup.dsv
-- Up-to-date: /home/men3m/Naima/install/naima_description/share/naima_description/package.dsv
-- Up-to-date: /home/men3m/Naima/install/naima_description/share/ament_index/resource_index/packages/naima_description
-- Up-to-date: /home/men3m/Naima/install/naima_description/share/naima_description/cmake/naima_descriptionConfig.cmake
-- Up-to-date: /home/men3m/Naima/install/naima_description/share/naima_description/cmake/naima_descriptionConfig-version.cmake
-- Up-to-date: /home/men3m/Naima/install/naima_description/share/naima_description/package.xml
