[1.215s] Invoking command in '/home/men3m/Naima/src/naima_bringup': PYTHONPATH=/home/men3m/Naima/build/naima_bringup/prefix_override:/usr/lib/python3/dist-packages/colcon_core/task/python/colcon_distutils_commands:/home/men3m/Naima/install/naima_bringup/lib/python3.10/site-packages:${PYTHONPATH} /usr/bin/python3 -W ignore:setup.py install is deprecated -W ignore:easy_install command is deprecated setup.py egg_info --egg-base ../../build/naima_bringup build --build-base /home/men3m/Naima/build/naima_bringup/build install --record /home/men3m/Naima/build/naima_bringup/install.log --single-version-externally-managed install_data
[1.456s] running egg_info
[1.457s] writing ../../build/naima_bringup/naima_bringup.egg-info/PKG-INFO
[1.457s] writing dependency_links to ../../build/naima_bringup/naima_bringup.egg-info/dependency_links.txt
[1.457s] writing entry points to ../../build/naima_bringup/naima_bringup.egg-info/entry_points.txt
[1.458s] writing requirements to ../../build/naima_bringup/naima_bringup.egg-info/requires.txt
[1.458s] writing top-level names to ../../build/naima_bringup/naima_bringup.egg-info/top_level.txt
[1.458s] reading manifest file '../../build/naima_bringup/naima_bringup.egg-info/SOURCES.txt'
[1.458s] writing manifest file '../../build/naima_bringup/naima_bringup.egg-info/SOURCES.txt'
[1.458s] running build
[1.458s] running build_py
[1.459s] running install
[1.459s] running install_lib
[1.459s] running install_data
[1.459s] running install_egg_info
[1.459s] removing '/home/men3m/Naima/install/naima_bringup/lib/python3.10/site-packages/naima_bringup-0.0.0-py3.10.egg-info' (and everything under it)
[1.459s] Copying ../../build/naima_bringup/naima_bringup.egg-info to /home/men3m/Naima/install/naima_bringup/lib/python3.10/site-packages/naima_bringup-0.0.0-py3.10.egg-info
[1.459s] running install_scripts
[1.471s] Installing bringup script to /home/men3m/Naima/install/naima_bringup/lib/naima_bringup
[1.471s] Installing model script to /home/men3m/Naima/install/naima_bringup/lib/naima_bringup
[1.471s] writing list of installed files to '/home/men3m/Naima/build/naima_bringup/install.log'
[1.491s] Invoked command in '/home/men3m/Naima/src/naima_bringup' returned '0': PYTHONPATH=/home/men3m/Naima/build/naima_bringup/prefix_override:/usr/lib/python3/dist-packages/colcon_core/task/python/colcon_distutils_commands:/home/men3m/Naima/install/naima_bringup/lib/python3.10/site-packages:${PYTHONPATH} /usr/bin/python3 -W ignore:setup.py install is deprecated -W ignore:easy_install command is deprecated setup.py egg_info --egg-base ../../build/naima_bringup build --build-base /home/men3m/Naima/build/naima_bringup/build install --record /home/men3m/Naima/build/naima_bringup/install.log --single-version-externally-managed install_data
