running egg_info
writing ../../build/naima_bringup/naima_bringup.egg-info/PKG-INFO
writing dependency_links to ../../build/naima_bringup/naima_bringup.egg-info/dependency_links.txt
writing entry points to ../../build/naima_bringup/naima_bringup.egg-info/entry_points.txt
writing requirements to ../../build/naima_bringup/naima_bringup.egg-info/requires.txt
writing top-level names to ../../build/naima_bringup/naima_bringup.egg-info/top_level.txt
reading manifest file '../../build/naima_bringup/naima_bringup.egg-info/SOURCES.txt'
writing manifest file '../../build/naima_bringup/naima_bringup.egg-info/SOURCES.txt'
running build
running build_py
running install
running install_lib
running install_data
running install_egg_info
removing '/home/men3m/Naima/install/naima_bringup/lib/python3.10/site-packages/naima_bringup-0.0.0-py3.10.egg-info' (and everything under it)
Copying ../../build/naima_bringup/naima_bringup.egg-info to /home/men3m/Naima/install/naima_bringup/lib/python3.10/site-packages/naima_bringup-0.0.0-py3.10.egg-info
running install_scripts
Installing bringup script to /home/men3m/Naima/install/naima_bringup/lib/naima_bringup
Installing model script to /home/men3m/Naima/install/naima_bringup/lib/naima_bringup
writing list of installed files to '/home/men3m/Naima/build/naima_bringup/install.log'
