[0.006s] Invoking command in '/home/men3m/Naima/build/naima_description': CMAKE_PREFIX_PATH=/opt/ros/humble /usr/bin/cmake /home/men3m/Naima/src/naima_description -DCMAKE_INSTALL_PREFIX=/home/men3m/Naima/install/naima_description
[0.058s] -- The C compiler identification is GNU 11.4.0
[0.110s] -- The CXX compiler identification is GNU 11.4.0
[0.117s] -- Detecting C compiler ABI info
[0.182s] -- Detecting C compiler ABI info - done
[0.189s] -- Check for working C compiler: /usr/bin/cc - skipped
[0.189s] -- Detecting C compile features
[0.189s] -- Detecting C compile features - done
[0.192s] -- Detecting CXX compiler ABI info
[0.268s] -- Detecting CXX compiler ABI info - done
[0.274s] -- Check for working CXX compiler: /usr/bin/c++ - skipped
[0.274s] -- Detecting CXX compile features
[0.274s] -- Detecting CXX compile features - done
[0.277s] -- Found ament_cmake: 1.3.11 (/opt/ros/humble/share/ament_cmake/cmake)
[0.413s] -- Found Python3: /usr/bin/python3 (found version "3.10.12") found components: Interpreter 
[0.498s] -- Found ament_lint_auto: 0.12.12 (/opt/ros/humble/share/ament_lint_auto/cmake)
[0.562s] -- Added test 'flake8' to check Python code syntax and style conventions
[0.562s] -- Added test 'lint_cmake' to check CMake code style
[0.563s] -- Added test 'pep257' to check Python code against some of the docstring style conventions in PEP 257
[0.566s] -- Added test 'xmllint' to check XML markup files
[0.567s] -- Configuring done
[0.570s] -- Generating done
[0.571s] -- Build files have been written to: /home/men3m/Naima/build/naima_description
[0.575s] Invoked command in '/home/men3m/Naima/build/naima_description' returned '0': CMAKE_PREFIX_PATH=/opt/ros/humble /usr/bin/cmake /home/men3m/Naima/src/naima_description -DCMAKE_INSTALL_PREFIX=/home/men3m/Naima/install/naima_description
[0.576s] Invoking command in '/home/men3m/Naima/build/naima_description': CMAKE_PREFIX_PATH=/opt/ros/humble /usr/bin/cmake --build /home/men3m/Naima/build/naima_description -- -j16 -l16
[0.612s] Invoked command in '/home/men3m/Naima/build/naima_description' returned '0': CMAKE_PREFIX_PATH=/opt/ros/humble /usr/bin/cmake --build /home/men3m/Naima/build/naima_description -- -j16 -l16
[0.614s] Invoking command in '/home/men3m/Naima/build/naima_description': CMAKE_PREFIX_PATH=/opt/ros/humble /usr/bin/cmake --install /home/men3m/Naima/build/naima_description
[0.620s] -- Install configuration: ""
[0.620s] -- Installing: /home/men3m/Naima/install/naima_description/share/naima_description/launch
[0.620s] -- Installing: /home/men3m/Naima/install/naima_description/share/naima_description/launch/display.launch.py
[0.621s] -- Installing: /home/men3m/Naima/install/naima_description/share/naima_description/launch/gazebo.launch.py
[0.621s] -- Installing: /home/men3m/Naima/install/naima_description/share/naima_description/urdf
[0.621s] -- Installing: /home/men3m/Naima/install/naima_description/share/naima_description/urdf/naima.urdf.xacro
[0.621s] -- Installing: /home/men3m/Naima/install/naima_description/share/naima_description/urdf/naima.csv
[0.621s] -- Installing: /home/men3m/Naima/install/naima_description/share/naima_description/meshes
[0.621s] -- Installing: /home/men3m/Naima/install/naima_description/share/naima_description/meshes/zed_camera_link.STL
[0.626s] -- Installing: /home/men3m/Naima/install/naima_description/share/naima_description/meshes/right_middle_ultra_link.STL
[0.626s] -- Installing: /home/men3m/Naima/install/naima_description/share/naima_description/meshes/front_left_wheel_link.STL
[0.627s] -- Installing: /home/men3m/Naima/install/naima_description/share/naima_description/meshes/rear_left_wheel_link.STL
[0.627s] -- Installing: /home/men3m/Naima/install/naima_description/share/naima_description/meshes/left_steering_hinge.STL
[0.627s] -- Installing: /home/men3m/Naima/install/naima_description/share/naima_description/meshes/left_middle_ultra_link.STL
[0.628s] -- Installing: /home/men3m/Naima/install/naima_description/share/naima_description/meshes/front_left_ultra_link.STL
[0.628s] -- Installing: /home/men3m/Naima/install/naima_description/share/naima_description/meshes/left_rear_ultra_link.STL
[0.629s] -- Installing: /home/men3m/Naima/install/naima_description/share/naima_description/meshes/right_rear_ultra_link.STL
[0.630s] -- Installing: /home/men3m/Naima/install/naima_description/share/naima_description/meshes/front_right_ultra_link.STL
[0.630s] -- Installing: /home/men3m/Naima/install/naima_description/share/naima_description/meshes/left_corner_ultra_link.STL
[0.631s] -- Installing: /home/men3m/Naima/install/naima_description/share/naima_description/meshes/imu_link.STL
[0.631s] -- Installing: /home/men3m/Naima/install/naima_description/share/naima_description/meshes/front_middle_ultra_link.STL
[0.631s] -- Installing: /home/men3m/Naima/install/naima_description/share/naima_description/meshes/front_camera_link.STL
[0.641s] -- Installing: /home/men3m/Naima/install/naima_description/share/naima_description/meshes/base_link.STL
[0.642s] -- Installing: /home/men3m/Naima/install/naima_description/share/naima_description/meshes/steering_link.STL
[0.643s] -- Installing: /home/men3m/Naima/install/naima_description/share/naima_description/meshes/3D_lidar.STL
[0.644s] -- Installing: /home/men3m/Naima/install/naima_description/share/naima_description/meshes/rear_ultra_link.STL
[0.644s] -- Installing: /home/men3m/Naima/install/naima_description/share/naima_description/meshes/rear_wheel.STL
[0.644s] -- Installing: /home/men3m/Naima/install/naima_description/share/naima_description/meshes/rear_right_wheel_link.STL
[0.645s] -- Installing: /home/men3m/Naima/install/naima_description/share/naima_description/meshes/front_right_wheel_link.STL
[0.645s] -- Installing: /home/men3m/Naima/install/naima_description/share/naima_description/meshes/front_steer.STL
[0.645s] -- Installing: /home/men3m/Naima/install/naima_description/share/naima_description/meshes/gps_link.STL
[0.650s] -- Installing: /home/men3m/Naima/install/naima_description/share/naima_description/meshes/right_corner_ultra_link.STL
[0.650s] -- Installing: /home/men3m/Naima/install/naima_description/share/naima_description/meshes/right_steering_hinge.STL
[0.650s] -- Installing: /home/men3m/Naima/install/naima_description/share/ament_index/resource_index/package_run_dependencies/naima_description
[0.651s] -- Installing: /home/men3m/Naima/install/naima_description/share/ament_index/resource_index/parent_prefix_path/naima_description
[0.651s] -- Installing: /home/men3m/Naima/install/naima_description/share/naima_description/environment/ament_prefix_path.sh
[0.651s] -- Installing: /home/men3m/Naima/install/naima_description/share/naima_description/environment/ament_prefix_path.dsv
[0.651s] -- Installing: /home/men3m/Naima/install/naima_description/share/naima_description/environment/path.sh
[0.651s] -- Installing: /home/men3m/Naima/install/naima_description/share/naima_description/environment/path.dsv
[0.651s] -- Installing: /home/men3m/Naima/install/naima_description/share/naima_description/local_setup.bash
[0.652s] -- Installing: /home/men3m/Naima/install/naima_description/share/naima_description/local_setup.sh
[0.652s] -- Installing: /home/men3m/Naima/install/naima_description/share/naima_description/local_setup.zsh
[0.652s] -- Installing: /home/men3m/Naima/install/naima_description/share/naima_description/local_setup.dsv
[0.652s] -- Installing: /home/men3m/Naima/install/naima_description/share/naima_description/package.dsv
[0.652s] -- Installing: /home/men3m/Naima/install/naima_description/share/ament_index/resource_index/packages/naima_description
[0.652s] -- Installing: /home/men3m/Naima/install/naima_description/share/naima_description/cmake/naima_descriptionConfig.cmake
[0.653s] -- Installing: /home/men3m/Naima/install/naima_description/share/naima_description/cmake/naima_descriptionConfig-version.cmake
[0.653s] -- Installing: /home/men3m/Naima/install/naima_description/share/naima_description/package.xml
[0.655s] Invoked command in '/home/men3m/Naima/build/naima_description' returned '0': CMAKE_PREFIX_PATH=/opt/ros/humble /usr/bin/cmake --install /home/men3m/Naima/build/naima_description
