[  7%] Built target simple_subscriber
[ 14%] Built target simple_parameter
[ 21%] Built target simple_turtlesim_kinematics
[ 28%] Built target simple_lifecycle_node
[ 35%] Built target simple_service_client
[ 42%] Built target simple_publisher
[ 50%] Built target simple_service_server
[ 57%] Built target simple_qos_publisher
[ 64%] Built target simple_qos_subscriber
[ 71%] Built target simple_tf_kinematics
[ 78%] Built target simple_action_server_node
[ 85%] Built target simple_action_server
[ 92%] Built target simple_action_client_node
[100%] Built target simple_action_client
-- Install configuration: ""
-- Up-to-date: /home/men3m/Naima/install/naima_examples/lib/naima_examples/simple_action_server_node
-- Up-to-date: /home/men3m/Naima/install/naima_examples/lib/naima_examples/simple_action_client_node
-- Up-to-date: /home/men3m/Naima/install/naima_examples/include/include
-- Up-to-date: /home/men3m/Naima/install/naima_examples/include/include/naima_examples
-- Up-to-date: /home/men3m/Naima/install/naima_examples/include/include/naima_examples/simple_tf_kinematics.hpp
-- Up-to-date: /home/men3m/Naima/install/naima_examples/include/include/naima_examples/simple_turtlesim_kinematics.hpp
-- Up-to-date: /home/men3m/Naima/install/naima_examples/lib/naima_examples/simple_publisher
-- Up-to-date: /home/men3m/Naima/install/naima_examples/lib/naima_examples/simple_subscriber
-- Up-to-date: /home/men3m/Naima/install/naima_examples/lib/naima_examples/simple_parameter
-- Up-to-date: /home/men3m/Naima/install/naima_examples/lib/naima_examples/simple_turtlesim_kinematics
-- Up-to-date: /home/men3m/Naima/install/naima_examples/lib/naima_examples/simple_service_server
-- Up-to-date: /home/men3m/Naima/install/naima_examples/lib/naima_examples/simple_service_client
-- Up-to-date: /home/men3m/Naima/install/naima_examples/lib/naima_examples/simple_tf_kinematics
-- Up-to-date: /home/men3m/Naima/install/naima_examples/lib/naima_examples/simple_lifecycle_node
-- Up-to-date: /home/men3m/Naima/install/naima_examples/lib/naima_examples/simple_qos_publisher
-- Up-to-date: /home/men3m/Naima/install/naima_examples/lib/naima_examples/simple_qos_subscriber
-- Up-to-date: /home/men3m/Naima/install/naima_examples/lib/libsimple_action_server.so
-- Up-to-date: /home/men3m/Naima/install/naima_examples/lib/libsimple_action_client.so
-- Up-to-date: /home/men3m/Naima/install/naima_examples/share/ament_index/resource_index/package_run_dependencies/naima_examples
-- Up-to-date: /home/men3m/Naima/install/naima_examples/share/ament_index/resource_index/parent_prefix_path/naima_examples
-- Up-to-date: /home/men3m/Naima/install/naima_examples/share/naima_examples/environment/ament_prefix_path.sh
-- Up-to-date: /home/men3m/Naima/install/naima_examples/share/naima_examples/environment/ament_prefix_path.dsv
-- Up-to-date: /home/men3m/Naima/install/naima_examples/share/naima_examples/environment/path.sh
-- Up-to-date: /home/men3m/Naima/install/naima_examples/share/naima_examples/environment/path.dsv
-- Up-to-date: /home/men3m/Naima/install/naima_examples/share/naima_examples/local_setup.bash
-- Up-to-date: /home/men3m/Naima/install/naima_examples/share/naima_examples/local_setup.sh
-- Up-to-date: /home/men3m/Naima/install/naima_examples/share/naima_examples/local_setup.zsh
-- Up-to-date: /home/men3m/Naima/install/naima_examples/share/naima_examples/local_setup.dsv
-- Installing: /home/men3m/Naima/install/naima_examples/share/naima_examples/package.dsv
-- Up-to-date: /home/men3m/Naima/install/naima_examples/share/ament_index/resource_index/packages/naima_examples
-- Up-to-date: /home/men3m/Naima/install/naima_examples/share/ament_index/resource_index/rclcpp_components/naima_examples
-- Up-to-date: /home/men3m/Naima/install/naima_examples/share/naima_examples/cmake/naima_examplesConfig.cmake
-- Up-to-date: /home/men3m/Naima/install/naima_examples/share/naima_examples/cmake/naima_examplesConfig-version.cmake
-- Up-to-date: /home/men3m/Naima/install/naima_examples/share/naima_examples/package.xml
