[0.539s] Invoking command in '/home/men3m/Naima/build/zed_tutorial_pos_tracking': CMAKE_PREFIX_PATH=/opt/ros/humble /usr/bin/cmake --build /home/men3m/Naima/build/zed_tutorial_pos_tracking -- -j16 -l16
[0.625s] [100%] Built target zed_tutorial_pos_tracking
[0.711s] Invoked command in '/home/men3m/Naima/build/zed_tutorial_pos_tracking' returned '0': CMAKE_PREFIX_PATH=/opt/ros/humble /usr/bin/cmake --build /home/men3m/Naima/build/zed_tutorial_pos_tracking -- -j16 -l16
[0.712s] Invoking command in '/home/men3m/Naima/build/zed_tutorial_pos_tracking': CMAKE_PREFIX_PATH=/opt/ros/humble /usr/bin/cmake --install /home/men3m/Naima/build/zed_tutorial_pos_tracking
[0.731s] -- Install configuration: "Release"
[0.731s] -- Up-to-date: /home/men3m/Naima/install/zed_tutorial_pos_tracking/lib/zed_tutorial_pos_tracking/zed_tutorial_pos_tracking
[0.731s] -- Up-to-date: /home/men3m/Naima/install/zed_tutorial_pos_tracking/share/ament_index/resource_index/package_run_dependencies/zed_tutorial_pos_tracking
[0.731s] -- Up-to-date: /home/men3m/Naima/install/zed_tutorial_pos_tracking/share/ament_index/resource_index/parent_prefix_path/zed_tutorial_pos_tracking
[0.731s] -- Up-to-date: /home/men3m/Naima/install/zed_tutorial_pos_tracking/share/zed_tutorial_pos_tracking/environment/ament_prefix_path.sh
[0.731s] -- Up-to-date: /home/men3m/Naima/install/zed_tutorial_pos_tracking/share/zed_tutorial_pos_tracking/environment/ament_prefix_path.dsv
[0.731s] -- Up-to-date: /home/men3m/Naima/install/zed_tutorial_pos_tracking/share/zed_tutorial_pos_tracking/environment/path.sh
[0.731s] -- Up-to-date: /home/men3m/Naima/install/zed_tutorial_pos_tracking/share/zed_tutorial_pos_tracking/environment/path.dsv
[0.731s] -- Up-to-date: /home/men3m/Naima/install/zed_tutorial_pos_tracking/share/zed_tutorial_pos_tracking/local_setup.bash
[0.732s] -- Up-to-date: /home/men3m/Naima/install/zed_tutorial_pos_tracking/share/zed_tutorial_pos_tracking/local_setup.sh
[0.732s] -- Up-to-date: /home/men3m/Naima/install/zed_tutorial_pos_tracking/share/zed_tutorial_pos_tracking/local_setup.zsh
[0.732s] -- Up-to-date: /home/men3m/Naima/install/zed_tutorial_pos_tracking/share/zed_tutorial_pos_tracking/local_setup.dsv
[0.732s] -- Installing: /home/men3m/Naima/install/zed_tutorial_pos_tracking/share/zed_tutorial_pos_tracking/package.dsv
[0.732s] -- Up-to-date: /home/men3m/Naima/install/zed_tutorial_pos_tracking/share/ament_index/resource_index/packages/zed_tutorial_pos_tracking
[0.732s] -- Up-to-date: /home/men3m/Naima/install/zed_tutorial_pos_tracking/share/zed_tutorial_pos_tracking/cmake/zed_tutorial_pos_trackingConfig.cmake
[0.732s] -- Up-to-date: /home/men3m/Naima/install/zed_tutorial_pos_tracking/share/zed_tutorial_pos_tracking/cmake/zed_tutorial_pos_trackingConfig-version.cmake
[0.732s] -- Up-to-date: /home/men3m/Naima/install/zed_tutorial_pos_tracking/share/zed_tutorial_pos_tracking/package.xml
[0.835s] Invoked command in '/home/men3m/Naima/build/zed_tutorial_pos_tracking' returned '0': CMAKE_PREFIX_PATH=/opt/ros/humble /usr/bin/cmake --install /home/men3m/Naima/build/zed_tutorial_pos_tracking
