[35m[1mConsolidate compiler generated dependencies of target zed_topic_benchmark[0m
[100%] Built target zed_topic_benchmark
-- Install configuration: "Release"
-- Up-to-date: /home/men3m/Naima/install/zed_topic_benchmark/lib/zed_topic_benchmark/zed_topic_benchmark
-- Up-to-date: /home/men3m/Naima/install/zed_topic_benchmark/share/zed_topic_benchmark/launch
-- Up-to-date: /home/men3m/Naima/install/zed_topic_benchmark/share/zed_topic_benchmark/launch/zed_test_ipc.launch.py
-- Up-to-date: /home/men3m/Naima/install/zed_topic_benchmark/share/ament_index/resource_index/package_run_dependencies/zed_topic_benchmark
-- Up-to-date: /home/men3m/Naima/install/zed_topic_benchmark/share/ament_index/resource_index/parent_prefix_path/zed_topic_benchmark
-- Up-to-date: /home/men3m/Naima/install/zed_topic_benchmark/share/zed_topic_benchmark/environment/ament_prefix_path.sh
-- Up-to-date: /home/men3m/Naima/install/zed_topic_benchmark/share/zed_topic_benchmark/environment/ament_prefix_path.dsv
-- Up-to-date: /home/men3m/Naima/install/zed_topic_benchmark/share/zed_topic_benchmark/environment/path.sh
-- Up-to-date: /home/men3m/Naima/install/zed_topic_benchmark/share/zed_topic_benchmark/environment/path.dsv
-- Up-to-date: /home/men3m/Naima/install/zed_topic_benchmark/share/zed_topic_benchmark/local_setup.bash
-- Up-to-date: /home/men3m/Naima/install/zed_topic_benchmark/share/zed_topic_benchmark/local_setup.sh
-- Up-to-date: /home/men3m/Naima/install/zed_topic_benchmark/share/zed_topic_benchmark/local_setup.zsh
-- Up-to-date: /home/men3m/Naima/install/zed_topic_benchmark/share/zed_topic_benchmark/local_setup.dsv
-- Installing: /home/men3m/Naima/install/zed_topic_benchmark/share/zed_topic_benchmark/package.dsv
-- Up-to-date: /home/men3m/Naima/install/zed_topic_benchmark/share/ament_index/resource_index/packages/zed_topic_benchmark
-- Up-to-date: /home/men3m/Naima/install/zed_topic_benchmark/share/zed_topic_benchmark/cmake/zed_topic_benchmarkConfig.cmake
-- Up-to-date: /home/men3m/Naima/install/zed_topic_benchmark/share/zed_topic_benchmark/cmake/zed_topic_benchmarkConfig-version.cmake
-- Up-to-date: /home/men3m/Naima/install/zed_topic_benchmark/share/zed_topic_benchmark/package.xml
