[0.009s] Invoking command in '/home/men3m/Naima/build/zed_topic_benchmark': AMENT_PREFIX_PATH=/home/men3m/Naima/install/zed_topic_benchmark_component:/home/men3m/Naima/install/zed_topic_benchmark_interfaces:${AMENT_PREFIX_PATH} CMAKE_PREFIX_PATH=/home/men3m/Naima/install/zed_topic_benchmark_component:/home/men3m/Naima/install/zed_topic_benchmark_interfaces:/opt/ros/humble LD_LIBRARY_PATH=/home/men3m/Naima/install/zed_topic_benchmark_component/lib:/home/men3m/Naima/install/zed_topic_benchmark_interfaces/lib:/usr/lib/x86_64-linux-gnu/gazebo-11/plugins:/opt/ros/humble/opt/rviz_ogre_vendor/lib:/opt/ros/humble/lib/x86_64-linux-gnu:/opt/ros/humble/lib:/usr/local/cuda-12.4.0/lib64:/usr/local/cuda-12.4.0/lib64 PYTHONPATH=/home/men3m/Naima/install/zed_topic_benchmark_interfaces/local/lib/python3.10/dist-packages:${PYTHONPATH} /usr/bin/cmake --build /home/men3m/Naima/build/zed_topic_benchmark -- -j16 -l16
[0.042s] [35m[1mConsolidate compiler generated dependencies of target zed_topic_benchmark[0m
[0.059s] [100%] Built target zed_topic_benchmark
[0.069s] Invoked command in '/home/men3m/Naima/build/zed_topic_benchmark' returned '0': AMENT_PREFIX_PATH=/home/men3m/Naima/install/zed_topic_benchmark_component:/home/men3m/Naima/install/zed_topic_benchmark_interfaces:${AMENT_PREFIX_PATH} CMAKE_PREFIX_PATH=/home/men3m/Naima/install/zed_topic_benchmark_component:/home/men3m/Naima/install/zed_topic_benchmark_interfaces:/opt/ros/humble LD_LIBRARY_PATH=/home/men3m/Naima/install/zed_topic_benchmark_component/lib:/home/men3m/Naima/install/zed_topic_benchmark_interfaces/lib:/usr/lib/x86_64-linux-gnu/gazebo-11/plugins:/opt/ros/humble/opt/rviz_ogre_vendor/lib:/opt/ros/humble/lib/x86_64-linux-gnu:/opt/ros/humble/lib:/usr/local/cuda-12.4.0/lib64:/usr/local/cuda-12.4.0/lib64 PYTHONPATH=/home/men3m/Naima/install/zed_topic_benchmark_interfaces/local/lib/python3.10/dist-packages:${PYTHONPATH} /usr/bin/cmake --build /home/men3m/Naima/build/zed_topic_benchmark -- -j16 -l16
[0.070s] Invoking command in '/home/men3m/Naima/build/zed_topic_benchmark': AMENT_PREFIX_PATH=/home/men3m/Naima/install/zed_topic_benchmark_component:/home/men3m/Naima/install/zed_topic_benchmark_interfaces:${AMENT_PREFIX_PATH} CMAKE_PREFIX_PATH=/home/men3m/Naima/install/zed_topic_benchmark_component:/home/men3m/Naima/install/zed_topic_benchmark_interfaces:/opt/ros/humble LD_LIBRARY_PATH=/home/men3m/Naima/install/zed_topic_benchmark_component/lib:/home/men3m/Naima/install/zed_topic_benchmark_interfaces/lib:/usr/lib/x86_64-linux-gnu/gazebo-11/plugins:/opt/ros/humble/opt/rviz_ogre_vendor/lib:/opt/ros/humble/lib/x86_64-linux-gnu:/opt/ros/humble/lib:/usr/local/cuda-12.4.0/lib64:/usr/local/cuda-12.4.0/lib64 PYTHONPATH=/home/men3m/Naima/install/zed_topic_benchmark_interfaces/local/lib/python3.10/dist-packages:${PYTHONPATH} /usr/bin/cmake --install /home/men3m/Naima/build/zed_topic_benchmark
[0.076s] -- Install configuration: "Release"
[0.076s] -- Up-to-date: /home/men3m/Naima/install/zed_topic_benchmark/lib/zed_topic_benchmark/zed_topic_benchmark
[0.076s] -- Up-to-date: /home/men3m/Naima/install/zed_topic_benchmark/share/zed_topic_benchmark/launch
[0.077s] -- Up-to-date: /home/men3m/Naima/install/zed_topic_benchmark/share/zed_topic_benchmark/launch/zed_test_ipc.launch.py
[0.077s] -- Up-to-date: /home/men3m/Naima/install/zed_topic_benchmark/share/ament_index/resource_index/package_run_dependencies/zed_topic_benchmark
[0.077s] -- Up-to-date: /home/men3m/Naima/install/zed_topic_benchmark/share/ament_index/resource_index/parent_prefix_path/zed_topic_benchmark
[0.077s] -- Up-to-date: /home/men3m/Naima/install/zed_topic_benchmark/share/zed_topic_benchmark/environment/ament_prefix_path.sh
[0.077s] -- Up-to-date: /home/men3m/Naima/install/zed_topic_benchmark/share/zed_topic_benchmark/environment/ament_prefix_path.dsv
[0.077s] -- Up-to-date: /home/men3m/Naima/install/zed_topic_benchmark/share/zed_topic_benchmark/environment/path.sh
[0.077s] -- Up-to-date: /home/men3m/Naima/install/zed_topic_benchmark/share/zed_topic_benchmark/environment/path.dsv
[0.077s] -- Up-to-date: /home/men3m/Naima/install/zed_topic_benchmark/share/zed_topic_benchmark/local_setup.bash
[0.077s] -- Up-to-date: /home/men3m/Naima/install/zed_topic_benchmark/share/zed_topic_benchmark/local_setup.sh
[0.077s] -- Up-to-date: /home/men3m/Naima/install/zed_topic_benchmark/share/zed_topic_benchmark/local_setup.zsh
[0.077s] -- Up-to-date: /home/men3m/Naima/install/zed_topic_benchmark/share/zed_topic_benchmark/local_setup.dsv
[0.077s] -- Installing: /home/men3m/Naima/install/zed_topic_benchmark/share/zed_topic_benchmark/package.dsv
[0.078s] -- Up-to-date: /home/men3m/Naima/install/zed_topic_benchmark/share/ament_index/resource_index/packages/zed_topic_benchmark
[0.078s] -- Up-to-date: /home/men3m/Naima/install/zed_topic_benchmark/share/zed_topic_benchmark/cmake/zed_topic_benchmarkConfig.cmake
[0.078s] -- Up-to-date: /home/men3m/Naima/install/zed_topic_benchmark/share/zed_topic_benchmark/cmake/zed_topic_benchmarkConfig-version.cmake
[0.078s] -- Up-to-date: /home/men3m/Naima/install/zed_topic_benchmark/share/zed_topic_benchmark/package.xml
[0.093s] Invoked command in '/home/men3m/Naima/build/zed_topic_benchmark' returned '0': AMENT_PREFIX_PATH=/home/men3m/Naima/install/zed_topic_benchmark_component:/home/men3m/Naima/install/zed_topic_benchmark_interfaces:${AMENT_PREFIX_PATH} CMAKE_PREFIX_PATH=/home/men3m/Naima/install/zed_topic_benchmark_component:/home/men3m/Naima/install/zed_topic_benchmark_interfaces:/opt/ros/humble LD_LIBRARY_PATH=/home/men3m/Naima/install/zed_topic_benchmark_component/lib:/home/men3m/Naima/install/zed_topic_benchmark_interfaces/lib:/usr/lib/x86_64-linux-gnu/gazebo-11/plugins:/opt/ros/humble/opt/rviz_ogre_vendor/lib:/opt/ros/humble/lib/x86_64-linux-gnu:/opt/ros/humble/lib:/usr/local/cuda-12.4.0/lib64:/usr/local/cuda-12.4.0/lib64 PYTHONPATH=/home/men3m/Naima/install/zed_topic_benchmark_interfaces/local/lib/python3.10/dist-packages:${PYTHONPATH} /usr/bin/cmake --install /home/men3m/Naima/build/zed_topic_benchmark
