[0.006s] Invoking command in '/home/men3m/Naima/build/naima_control': CMAKE_PREFIX_PATH=/opt/ros/humble /usr/bin/cmake /home/men3m/Naima/src/naima_control -DCMAKE_INSTALL_PREFIX=/home/men3m/Naima/install/naima_control
[0.057s] -- The C compiler identification is GNU 11.4.0
[0.110s] -- The CXX compiler identification is GNU 11.4.0
[0.117s] -- Detecting C compiler ABI info
[0.182s] -- Detecting C compiler ABI info - done
[0.188s] -- Check for working C compiler: /usr/bin/cc - skipped
[0.189s] -- Detecting C compile features
[0.189s] -- Detecting C compile features - done
[0.192s] -- Detecting CXX compiler ABI info
[0.268s] -- Detecting CXX compiler ABI info - done
[0.274s] -- Check for working CXX compiler: /usr/bin/c++ - skipped
[0.275s] -- Detecting CXX compile features
[0.275s] -- Detecting CXX compile features - done
[0.279s] -- Found ament_cmake: 1.3.11 (/opt/ros/humble/share/ament_cmake/cmake)
[0.395s] -- Found Python3: /usr/bin/python3 (found version "3.10.12") found components: Interpreter 
[0.476s] -- Found rclcpp: 16.0.12 (/opt/ros/humble/share/rclcpp/cmake)
[0.525s] -- Found rosidl_generator_c: 3.1.6 (/opt/ros/humble/share/rosidl_generator_c/cmake)
[0.530s] -- Found rosidl_adapter: 3.1.6 (/opt/ros/humble/share/rosidl_adapter/cmake)
[0.537s] -- Found rosidl_generator_cpp: 3.1.6 (/opt/ros/humble/share/rosidl_generator_cpp/cmake)
[0.548s] -- Using all available rosidl_typesupport_c: rosidl_typesupport_fastrtps_c;rosidl_typesupport_introspection_c
[0.562s] -- Using all available rosidl_typesupport_cpp: rosidl_typesupport_fastrtps_cpp;rosidl_typesupport_introspection_cpp
[0.599s] -- Found rmw_implementation_cmake: 6.1.2 (/opt/ros/humble/share/rmw_implementation_cmake/cmake)
[0.602s] -- Found rmw_cyclonedds_cpp: 1.3.4 (/opt/ros/humble/share/rmw_cyclonedds_cpp/cmake)
[0.619s] -- Using RMW implementation 'rmw_cyclonedds_cpp' as default
[0.627s] -- Looking for pthread.h
[0.693s] -- Looking for pthread.h - found
[0.694s] -- Performing Test CMAKE_HAVE_LIBC_PTHREAD
[0.759s] -- Performing Test CMAKE_HAVE_LIBC_PTHREAD - Success
[0.759s] -- Found Threads: TRUE  
[0.811s] -- Found rclpy: 3.3.16 (/opt/ros/humble/share/rclpy/cmake)
[0.813s] -- Found ament_lint_auto: 0.12.12 (/opt/ros/humble/share/ament_lint_auto/cmake)
[0.882s] -- Added test 'flake8' to check Python code syntax and style conventions
[0.882s] -- Added test 'lint_cmake' to check CMake code style
[0.882s] -- Added test 'pep257' to check Python code against some of the docstring style conventions in PEP 257
[0.885s] -- Added test 'xmllint' to check XML markup files
[0.886s] -- Configuring done
[0.891s] -- Generating done
[0.894s] -- Build files have been written to: /home/men3m/Naima/build/naima_control
[0.901s] Invoked command in '/home/men3m/Naima/build/naima_control' returned '0': CMAKE_PREFIX_PATH=/opt/ros/humble /usr/bin/cmake /home/men3m/Naima/src/naima_control -DCMAKE_INSTALL_PREFIX=/home/men3m/Naima/install/naima_control
[0.902s] Invoking command in '/home/men3m/Naima/build/naima_control': CMAKE_PREFIX_PATH=/opt/ros/humble /usr/bin/cmake --build /home/men3m/Naima/build/naima_control -- -j16 -l16
[0.939s] Invoked command in '/home/men3m/Naima/build/naima_control' returned '0': CMAKE_PREFIX_PATH=/opt/ros/humble /usr/bin/cmake --build /home/men3m/Naima/build/naima_control -- -j16 -l16
[0.941s] Invoking command in '/home/men3m/Naima/build/naima_control': CMAKE_PREFIX_PATH=/opt/ros/humble /usr/bin/cmake --install /home/men3m/Naima/build/naima_control
[0.947s] -- Install configuration: ""
[0.947s] -- Installing: /home/men3m/Naima/install/naima_control/share/ament_index/resource_index/package_run_dependencies/naima_control
[0.947s] -- Installing: /home/men3m/Naima/install/naima_control/share/ament_index/resource_index/parent_prefix_path/naima_control
[0.947s] -- Installing: /home/men3m/Naima/install/naima_control/share/naima_control/environment/ament_prefix_path.sh
[0.947s] -- Installing: /home/men3m/Naima/install/naima_control/share/naima_control/environment/ament_prefix_path.dsv
[0.948s] -- Installing: /home/men3m/Naima/install/naima_control/share/naima_control/environment/path.sh
[0.948s] -- Installing: /home/men3m/Naima/install/naima_control/share/naima_control/environment/path.dsv
[0.948s] -- Installing: /home/men3m/Naima/install/naima_control/share/naima_control/local_setup.bash
[0.948s] -- Installing: /home/men3m/Naima/install/naima_control/share/naima_control/local_setup.sh
[0.948s] -- Installing: /home/men3m/Naima/install/naima_control/share/naima_control/local_setup.zsh
[0.948s] -- Installing: /home/men3m/Naima/install/naima_control/share/naima_control/local_setup.dsv
[0.948s] -- Installing: /home/men3m/Naima/install/naima_control/share/naima_control/package.dsv
[0.949s] -- Installing: /home/men3m/Naima/install/naima_control/share/ament_index/resource_index/packages/naima_control
[0.949s] -- Installing: /home/men3m/Naima/install/naima_control/share/naima_control/cmake/naima_controlConfig.cmake
[0.949s] -- Installing: /home/men3m/Naima/install/naima_control/share/naima_control/cmake/naima_controlConfig-version.cmake
[0.949s] -- Installing: /home/men3m/Naima/install/naima_control/share/naima_control/package.xml
[0.950s] Invoked command in '/home/men3m/Naima/build/naima_control' returned '0': CMAKE_PREFIX_PATH=/opt/ros/humble /usr/bin/cmake --install /home/men3m/Naima/build/naima_control
