[0.075s] Invoking command in '/home/men3m/Naima/build/zed_display_rviz2': AMENT_PREFIX_PATH=/home/men3m/Naima/install/zed_wrapper:/home/men3m/Naima/install/zed_components:${AMENT_PREFIX_PATH} CMAKE_PREFIX_PATH=/home/men3m/Naima/install/zed_wrapper:/home/men3m/Naima/install/zed_components:/opt/ros/humble LD_LIBRARY_PATH=/home/men3m/Naima/install/zed_components/lib:/usr/lib/x86_64-linux-gnu/gazebo-11/plugins:/opt/ros/humble/opt/rviz_ogre_vendor/lib:/opt/ros/humble/lib/x86_64-linux-gnu:/opt/ros/humble/lib:/usr/local/cuda-12.4.0/lib64:/usr/local/cuda-12.4.0/lib64 /usr/bin/cmake --build /home/men3m/Naima/build/zed_display_rviz2 -- -j16 -l16
[0.185s] Invoked command in '/home/men3m/Naima/build/zed_display_rviz2' returned '0': AMENT_PREFIX_PATH=/home/men3m/Naima/install/zed_wrapper:/home/men3m/Naima/install/zed_components:${AMENT_PREFIX_PATH} CMAKE_PREFIX_PATH=/home/men3m/Naima/install/zed_wrapper:/home/men3m/Naima/install/zed_components:/opt/ros/humble LD_LIBRARY_PATH=/home/men3m/Naima/install/zed_components/lib:/usr/lib/x86_64-linux-gnu/gazebo-11/plugins:/opt/ros/humble/opt/rviz_ogre_vendor/lib:/opt/ros/humble/lib/x86_64-linux-gnu:/opt/ros/humble/lib:/usr/local/cuda-12.4.0/lib64:/usr/local/cuda-12.4.0/lib64 /usr/bin/cmake --build /home/men3m/Naima/build/zed_display_rviz2 -- -j16 -l16
[0.187s] Invoking command in '/home/men3m/Naima/build/zed_display_rviz2': AMENT_PREFIX_PATH=/home/men3m/Naima/install/zed_wrapper:/home/men3m/Naima/install/zed_components:${AMENT_PREFIX_PATH} CMAKE_PREFIX_PATH=/home/men3m/Naima/install/zed_wrapper:/home/men3m/Naima/install/zed_components:/opt/ros/humble LD_LIBRARY_PATH=/home/men3m/Naima/install/zed_components/lib:/usr/lib/x86_64-linux-gnu/gazebo-11/plugins:/opt/ros/humble/opt/rviz_ogre_vendor/lib:/opt/ros/humble/lib/x86_64-linux-gnu:/opt/ros/humble/lib:/usr/local/cuda-12.4.0/lib64:/usr/local/cuda-12.4.0/lib64 /usr/bin/cmake --install /home/men3m/Naima/build/zed_display_rviz2
[0.218s] -- Install configuration: ""
[0.218s] -- Up-to-date: /home/men3m/Naima/install/zed_display_rviz2/share/zed_display_rviz2/launch
[0.218s] -- Up-to-date: /home/men3m/Naima/install/zed_display_rviz2/share/zed_display_rviz2/launch/display_zed_cam.launch.py
[0.218s] -- Up-to-date: /home/men3m/Naima/install/zed_display_rviz2/share/zed_display_rviz2/rviz2
[0.218s] -- Up-to-date: /home/men3m/Naima/install/zed_display_rviz2/share/zed_display_rviz2/rviz2/zed_stereo.rviz
[0.218s] -- Up-to-date: /home/men3m/Naima/install/zed_display_rviz2/share/zed_display_rviz2/rviz2/zed_mono.rviz
[0.218s] -- Up-to-date: /home/men3m/Naima/install/zed_display_rviz2/share/ament_index/resource_index/package_run_dependencies/zed_display_rviz2
[0.218s] -- Up-to-date: /home/men3m/Naima/install/zed_display_rviz2/share/ament_index/resource_index/parent_prefix_path/zed_display_rviz2
[0.218s] -- Up-to-date: /home/men3m/Naima/install/zed_display_rviz2/share/zed_display_rviz2/environment/ament_prefix_path.sh
[0.218s] -- Up-to-date: /home/men3m/Naima/install/zed_display_rviz2/share/zed_display_rviz2/environment/ament_prefix_path.dsv
[0.218s] -- Up-to-date: /home/men3m/Naima/install/zed_display_rviz2/share/zed_display_rviz2/environment/path.sh
[0.219s] -- Up-to-date: /home/men3m/Naima/install/zed_display_rviz2/share/zed_display_rviz2/environment/path.dsv
[0.219s] -- Up-to-date: /home/men3m/Naima/install/zed_display_rviz2/share/zed_display_rviz2/local_setup.bash
[0.219s] -- Up-to-date: /home/men3m/Naima/install/zed_display_rviz2/share/zed_display_rviz2/local_setup.sh
[0.219s] -- Up-to-date: /home/men3m/Naima/install/zed_display_rviz2/share/zed_display_rviz2/local_setup.zsh
[0.219s] -- Up-to-date: /home/men3m/Naima/install/zed_display_rviz2/share/zed_display_rviz2/local_setup.dsv
[0.219s] -- Installing: /home/men3m/Naima/install/zed_display_rviz2/share/zed_display_rviz2/package.dsv
[0.219s] -- Up-to-date: /home/men3m/Naima/install/zed_display_rviz2/share/ament_index/resource_index/packages/zed_display_rviz2
[0.219s] -- Up-to-date: /home/men3m/Naima/install/zed_display_rviz2/share/zed_display_rviz2/cmake/zed_display_rviz2Config.cmake
[0.219s] -- Up-to-date: /home/men3m/Naima/install/zed_display_rviz2/share/zed_display_rviz2/cmake/zed_display_rviz2Config-version.cmake
[0.219s] -- Up-to-date: /home/men3m/Naima/install/zed_display_rviz2/share/zed_display_rviz2/package.xml
[0.275s] Invoked command in '/home/men3m/Naima/build/zed_display_rviz2' returned '0': AMENT_PREFIX_PATH=/home/men3m/Naima/install/zed_wrapper:/home/men3m/Naima/install/zed_components:${AMENT_PREFIX_PATH} CMAKE_PREFIX_PATH=/home/men3m/Naima/install/zed_wrapper:/home/men3m/Naima/install/zed_components:/opt/ros/humble LD_LIBRARY_PATH=/home/men3m/Naima/install/zed_components/lib:/usr/lib/x86_64-linux-gnu/gazebo-11/plugins:/opt/ros/humble/opt/rviz_ogre_vendor/lib:/opt/ros/humble/lib/x86_64-linux-gnu:/opt/ros/humble/lib:/usr/local/cuda-12.4.0/lib64:/usr/local/cuda-12.4.0/lib64 /usr/bin/cmake --install /home/men3m/Naima/build/zed_display_rviz2
