[0.045s] Invoking command in '/home/men3m/Naima/build/naima_msgs': CMAKE_PREFIX_PATH=/opt/ros/humble /usr/bin/cmake --build /home/men3m/Naima/build/naima_msgs -- -j16 -l16
[0.587s] [  2%] Built target naima_msgs__cpp
[0.588s] [ 12%] Built target naima_msgs__rosidl_generator_c
[0.588s] [ 12%] Built target ament_cmake_python_copy_naima_msgs
[0.588s] [ 23%] Built target naima_msgs__rosidl_typesupport_introspection_cpp
[0.588s] [ 44%] Built target naima_msgs__rosidl_typesupport_introspection_c
[0.588s] [ 44%] Built target naima_msgs__rosidl_typesupport_cpp
[0.588s] [ 55%] Built target naima_msgs__rosidl_typesupport_c
[0.588s] [ 65%] Built target naima_msgs__rosidl_typesupport_fastrtps_cpp
[0.589s] [ 76%] Built target naima_msgs__rosidl_typesupport_fastrtps_c
[0.589s] [ 76%] Built target naima_msgs
[0.589s] [ 78%] Built target naima_msgs__py
[0.589s] [ 87%] Built target naima_msgs__rosidl_generator_py
[0.589s] [100%] Built target naima_msgs__rosidl_typesupport_introspection_c__pyext
[0.589s] [100%] Built target naima_msgs__rosidl_typesupport_c__pyext
[0.589s] [100%] Built target naima_msgs__rosidl_typesupport_fastrtps_c__pyext
[0.589s] running egg_info
[0.589s] writing naima_msgs.egg-info/PKG-INFO
[0.589s] writing dependency_links to naima_msgs.egg-info/dependency_links.txt
[0.589s] writing top-level names to naima_msgs.egg-info/top_level.txt
[0.590s] reading manifest file 'naima_msgs.egg-info/SOURCES.txt'
[0.590s] writing manifest file 'naima_msgs.egg-info/SOURCES.txt'
[0.590s] [100%] Built target ament_cmake_python_build_naima_msgs_egg
[0.632s] Invoked command in '/home/men3m/Naima/build/naima_msgs' returned '0': CMAKE_PREFIX_PATH=/opt/ros/humble /usr/bin/cmake --build /home/men3m/Naima/build/naima_msgs -- -j16 -l16
[0.640s] Invoking command in '/home/men3m/Naima/build/naima_msgs': CMAKE_PREFIX_PATH=/opt/ros/humble /usr/bin/cmake --install /home/men3m/Naima/build/naima_msgs
[0.649s] -- Install configuration: ""
[0.649s] -- Up-to-date: /home/men3m/Naima/install/naima_msgs/share/ament_index/resource_index/rosidl_interfaces/naima_msgs
[0.649s] -- Up-to-date: /home/men3m/Naima/install/naima_msgs/include/naima_msgs/naima_msgs
[0.649s] -- Up-to-date: /home/men3m/Naima/install/naima_msgs/include/naima_msgs/naima_msgs/action
[0.651s] -- Up-to-date: /home/men3m/Naima/install/naima_msgs/include/naima_msgs/naima_msgs/action/fibonacci.h
[0.652s] -- Up-to-date: /home/men3m/Naima/install/naima_msgs/include/naima_msgs/naima_msgs/action/detail
[0.652s] -- Up-to-date: /home/men3m/Naima/install/naima_msgs/include/naima_msgs/naima_msgs/action/detail/fibonacci__type_support.h
[0.652s] -- Up-to-date: /home/men3m/Naima/install/naima_msgs/include/naima_msgs/naima_msgs/action/detail/fibonacci__struct.h
[0.652s] -- Up-to-date: /home/men3m/Naima/install/naima_msgs/include/naima_msgs/naima_msgs/action/detail/fibonacci__functions.c
[0.653s] -- Up-to-date: /home/men3m/Naima/install/naima_msgs/include/naima_msgs/naima_msgs/action/detail/fibonacci__functions.h
[0.653s] -- Up-to-date: /home/men3m/Naima/install/naima_msgs/include/naima_msgs/naima_msgs/msg
[0.653s] -- Up-to-date: /home/men3m/Naima/install/naima_msgs/include/naima_msgs/naima_msgs/msg/rosidl_generator_c__visibility_control.h
[0.653s] -- Up-to-date: /home/men3m/Naima/install/naima_msgs/include/naima_msgs/naima_msgs/srv
[0.653s] -- Up-to-date: /home/men3m/Naima/install/naima_msgs/include/naima_msgs/naima_msgs/srv/detail
[0.653s] -- Up-to-date: /home/men3m/Naima/install/naima_msgs/include/naima_msgs/naima_msgs/srv/detail/add_two_ints__functions.h
[0.653s] -- Up-to-date: /home/men3m/Naima/install/naima_msgs/include/naima_msgs/naima_msgs/srv/detail/get_transform__struct.h
[0.653s] -- Up-to-date: /home/men3m/Naima/install/naima_msgs/include/naima_msgs/naima_msgs/srv/detail/get_transform__type_support.h
[0.654s] -- Up-to-date: /home/men3m/Naima/install/naima_msgs/include/naima_msgs/naima_msgs/srv/detail/get_transform__functions.c
[0.654s] -- Up-to-date: /home/men3m/Naima/install/naima_msgs/include/naima_msgs/naima_msgs/srv/detail/add_two_ints__type_support.h
[0.654s] -- Up-to-date: /home/men3m/Naima/install/naima_msgs/include/naima_msgs/naima_msgs/srv/detail/add_two_ints__functions.c
[0.654s] -- Up-to-date: /home/men3m/Naima/install/naima_msgs/include/naima_msgs/naima_msgs/srv/detail/add_two_ints__struct.h
[0.654s] -- Up-to-date: /home/men3m/Naima/install/naima_msgs/include/naima_msgs/naima_msgs/srv/detail/get_transform__functions.h
[0.654s] -- Up-to-date: /home/men3m/Naima/install/naima_msgs/include/naima_msgs/naima_msgs/srv/add_two_ints.h
[0.655s] -- Up-to-date: /home/men3m/Naima/install/naima_msgs/include/naima_msgs/naima_msgs/srv/get_transform.h
[0.655s] -- Up-to-date: /home/men3m/Naima/install/naima_msgs/share/naima_msgs/environment/library_path.sh
[0.655s] -- Up-to-date: /home/men3m/Naima/install/naima_msgs/share/naima_msgs/environment/library_path.dsv
[0.655s] -- Up-to-date: /home/men3m/Naima/install/naima_msgs/lib/libnaima_msgs__rosidl_generator_c.so
[0.655s] -- Up-to-date: /home/men3m/Naima/install/naima_msgs/include/naima_msgs/naima_msgs
[0.656s] -- Up-to-date: /home/men3m/Naima/install/naima_msgs/include/naima_msgs/naima_msgs/action
[0.656s] -- Up-to-date: /home/men3m/Naima/install/naima_msgs/include/naima_msgs/naima_msgs/action/detail
[0.656s] -- Up-to-date: /home/men3m/Naima/install/naima_msgs/include/naima_msgs/naima_msgs/action/detail/fibonacci__rosidl_typesupport_fastrtps_c.h
[0.656s] -- Up-to-date: /home/men3m/Naima/install/naima_msgs/include/naima_msgs/naima_msgs/msg
[0.656s] -- Up-to-date: /home/men3m/Naima/install/naima_msgs/include/naima_msgs/naima_msgs/msg/rosidl_typesupport_fastrtps_c__visibility_control.h
[0.656s] -- Up-to-date: /home/men3m/Naima/install/naima_msgs/include/naima_msgs/naima_msgs/srv
[0.656s] -- Up-to-date: /home/men3m/Naima/install/naima_msgs/include/naima_msgs/naima_msgs/srv/detail
[0.656s] -- Up-to-date: /home/men3m/Naima/install/naima_msgs/include/naima_msgs/naima_msgs/srv/detail/get_transform__rosidl_typesupport_fastrtps_c.h
[0.656s] -- Up-to-date: /home/men3m/Naima/install/naima_msgs/include/naima_msgs/naima_msgs/srv/detail/add_two_ints__rosidl_typesupport_fastrtps_c.h
[0.656s] -- Up-to-date: /home/men3m/Naima/install/naima_msgs/lib/libnaima_msgs__rosidl_typesupport_fastrtps_c.so
[0.657s] -- Up-to-date: /home/men3m/Naima/install/naima_msgs/include/naima_msgs/naima_msgs
[0.657s] -- Up-to-date: /home/men3m/Naima/install/naima_msgs/include/naima_msgs/naima_msgs/action
[0.657s] -- Up-to-date: /home/men3m/Naima/install/naima_msgs/include/naima_msgs/naima_msgs/action/detail
[0.657s] -- Up-to-date: /home/men3m/Naima/install/naima_msgs/include/naima_msgs/naima_msgs/action/detail/fibonacci__traits.hpp
[0.657s] -- Up-to-date: /home/men3m/Naima/install/naima_msgs/include/naima_msgs/naima_msgs/action/detail/fibonacci__type_support.hpp
[0.657s] -- Up-to-date: /home/men3m/Naima/install/naima_msgs/include/naima_msgs/naima_msgs/action/detail/fibonacci__struct.hpp
[0.657s] -- Up-to-date: /home/men3m/Naima/install/naima_msgs/include/naima_msgs/naima_msgs/action/detail/fibonacci__builder.hpp
[0.657s] -- Up-to-date: /home/men3m/Naima/install/naima_msgs/include/naima_msgs/naima_msgs/action/fibonacci.hpp
[0.657s] -- Up-to-date: /home/men3m/Naima/install/naima_msgs/include/naima_msgs/naima_msgs/msg
[0.657s] -- Up-to-date: /home/men3m/Naima/install/naima_msgs/include/naima_msgs/naima_msgs/msg/rosidl_generator_cpp__visibility_control.hpp
[0.658s] -- Up-to-date: /home/men3m/Naima/install/naima_msgs/include/naima_msgs/naima_msgs/srv
[0.658s] -- Up-to-date: /home/men3m/Naima/install/naima_msgs/include/naima_msgs/naima_msgs/srv/get_transform.hpp
[0.658s] -- Up-to-date: /home/men3m/Naima/install/naima_msgs/include/naima_msgs/naima_msgs/srv/detail
[0.658s] -- Up-to-date: /home/men3m/Naima/install/naima_msgs/include/naima_msgs/naima_msgs/srv/detail/add_two_ints__traits.hpp
[0.658s] -- Up-to-date: /home/men3m/Naima/install/naima_msgs/include/naima_msgs/naima_msgs/srv/detail/get_transform__traits.hpp
[0.658s] -- Up-to-date: /home/men3m/Naima/install/naima_msgs/include/naima_msgs/naima_msgs/srv/detail/get_transform__type_support.hpp
[0.658s] -- Up-to-date: /home/men3m/Naima/install/naima_msgs/include/naima_msgs/naima_msgs/srv/detail/add_two_ints__builder.hpp
[0.658s] -- Up-to-date: /home/men3m/Naima/install/naima_msgs/include/naima_msgs/naima_msgs/srv/detail/add_two_ints__type_support.hpp
[0.659s] -- Up-to-date: /home/men3m/Naima/install/naima_msgs/include/naima_msgs/naima_msgs/srv/detail/get_transform__builder.hpp
[0.660s] -- Up-to-date: /home/men3m/Naima/install/naima_msgs/include/naima_msgs/naima_msgs/srv/detail/add_two_ints__struct.hpp
[0.660s] -- Up-to-date: /home/men3m/Naima/install/naima_msgs/include/naima_msgs/naima_msgs/srv/detail/get_transform__struct.hpp
[0.660s] -- Up-to-date: /home/men3m/Naima/install/naima_msgs/include/naima_msgs/naima_msgs/srv/add_two_ints.hpp
[0.660s] -- Up-to-date: /home/men3m/Naima/install/naima_msgs/include/naima_msgs/naima_msgs
[0.660s] -- Up-to-date: /home/men3m/Naima/install/naima_msgs/include/naima_msgs/naima_msgs/action
[0.660s] -- Up-to-date: /home/men3m/Naima/install/naima_msgs/include/naima_msgs/naima_msgs/action/detail
[0.660s] -- Up-to-date: /home/men3m/Naima/install/naima_msgs/include/naima_msgs/naima_msgs/action/detail/dds_fastrtps
[0.660s] -- Up-to-date: /home/men3m/Naima/install/naima_msgs/include/naima_msgs/naima_msgs/action/detail/fibonacci__rosidl_typesupport_fastrtps_cpp.hpp
[0.661s] -- Up-to-date: /home/men3m/Naima/install/naima_msgs/include/naima_msgs/naima_msgs/msg
[0.661s] -- Up-to-date: /home/men3m/Naima/install/naima_msgs/include/naima_msgs/naima_msgs/msg/rosidl_typesupport_fastrtps_cpp__visibility_control.h
[0.661s] -- Up-to-date: /home/men3m/Naima/install/naima_msgs/include/naima_msgs/naima_msgs/srv
[0.661s] -- Up-to-date: /home/men3m/Naima/install/naima_msgs/include/naima_msgs/naima_msgs/srv/detail
[0.661s] -- Up-to-date: /home/men3m/Naima/install/naima_msgs/include/naima_msgs/naima_msgs/srv/detail/get_transform__rosidl_typesupport_fastrtps_cpp.hpp
[0.661s] -- Up-to-date: /home/men3m/Naima/install/naima_msgs/include/naima_msgs/naima_msgs/srv/detail/add_two_ints__rosidl_typesupport_fastrtps_cpp.hpp
[0.661s] -- Up-to-date: /home/men3m/Naima/install/naima_msgs/include/naima_msgs/naima_msgs/srv/detail/dds_fastrtps
[0.661s] -- Up-to-date: /home/men3m/Naima/install/naima_msgs/lib/libnaima_msgs__rosidl_typesupport_fastrtps_cpp.so
[0.661s] -- Up-to-date: /home/men3m/Naima/install/naima_msgs/include/naima_msgs/naima_msgs
[0.662s] -- Up-to-date: /home/men3m/Naima/install/naima_msgs/include/naima_msgs/naima_msgs/action
[0.662s] -- Up-to-date: /home/men3m/Naima/install/naima_msgs/include/naima_msgs/naima_msgs/action/detail
[0.662s] -- Up-to-date: /home/men3m/Naima/install/naima_msgs/include/naima_msgs/naima_msgs/action/detail/fibonacci__rosidl_typesupport_introspection_c.h
[0.662s] -- Up-to-date: /home/men3m/Naima/install/naima_msgs/include/naima_msgs/naima_msgs/action/detail/fibonacci__type_support.c
[0.662s] -- Up-to-date: /home/men3m/Naima/install/naima_msgs/include/naima_msgs/naima_msgs/msg
[0.662s] -- Up-to-date: /home/men3m/Naima/install/naima_msgs/include/naima_msgs/naima_msgs/msg/rosidl_typesupport_introspection_c__visibility_control.h
[0.662s] -- Up-to-date: /home/men3m/Naima/install/naima_msgs/include/naima_msgs/naima_msgs/srv
[0.663s] -- Up-to-date: /home/men3m/Naima/install/naima_msgs/include/naima_msgs/naima_msgs/srv/detail
[0.663s] -- Up-to-date: /home/men3m/Naima/install/naima_msgs/include/naima_msgs/naima_msgs/srv/detail/add_two_ints__type_support.c
[0.663s] -- Up-to-date: /home/men3m/Naima/install/naima_msgs/include/naima_msgs/naima_msgs/srv/detail/add_two_ints__rosidl_typesupport_introspection_c.h
[0.663s] -- Up-to-date: /home/men3m/Naima/install/naima_msgs/include/naima_msgs/naima_msgs/srv/detail/get_transform__rosidl_typesupport_introspection_c.h
[0.663s] -- Up-to-date: /home/men3m/Naima/install/naima_msgs/include/naima_msgs/naima_msgs/srv/detail/get_transform__type_support.c
[0.663s] -- Up-to-date: /home/men3m/Naima/install/naima_msgs/lib/libnaima_msgs__rosidl_typesupport_introspection_c.so
[0.663s] -- Up-to-date: /home/men3m/Naima/install/naima_msgs/lib/libnaima_msgs__rosidl_typesupport_c.so
[0.663s] -- Up-to-date: /home/men3m/Naima/install/naima_msgs/include/naima_msgs/naima_msgs
[0.663s] -- Up-to-date: /home/men3m/Naima/install/naima_msgs/include/naima_msgs/naima_msgs/action
[0.664s] -- Up-to-date: /home/men3m/Naima/install/naima_msgs/include/naima_msgs/naima_msgs/action/detail
[0.664s] -- Up-to-date: /home/men3m/Naima/install/naima_msgs/include/naima_msgs/naima_msgs/action/detail/fibonacci__rosidl_typesupport_introspection_cpp.hpp
[0.664s] -- Up-to-date: /home/men3m/Naima/install/naima_msgs/include/naima_msgs/naima_msgs/action/detail/fibonacci__type_support.cpp
[0.664s] -- Up-to-date: /home/men3m/Naima/install/naima_msgs/include/naima_msgs/naima_msgs/srv
[0.664s] -- Up-to-date: /home/men3m/Naima/install/naima_msgs/include/naima_msgs/naima_msgs/srv/detail
[0.664s] -- Up-to-date: /home/men3m/Naima/install/naima_msgs/include/naima_msgs/naima_msgs/srv/detail/add_two_ints__rosidl_typesupport_introspection_cpp.hpp
[0.664s] -- Up-to-date: /home/men3m/Naima/install/naima_msgs/include/naima_msgs/naima_msgs/srv/detail/add_two_ints__type_support.cpp
[0.664s] -- Up-to-date: /home/men3m/Naima/install/naima_msgs/include/naima_msgs/naima_msgs/srv/detail/get_transform__rosidl_typesupport_introspection_cpp.hpp
[0.664s] -- Up-to-date: /home/men3m/Naima/install/naima_msgs/include/naima_msgs/naima_msgs/srv/detail/get_transform__type_support.cpp
[0.664s] -- Up-to-date: /home/men3m/Naima/install/naima_msgs/lib/libnaima_msgs__rosidl_typesupport_introspection_cpp.so
[0.665s] -- Up-to-date: /home/men3m/Naima/install/naima_msgs/lib/libnaima_msgs__rosidl_typesupport_cpp.so
[0.665s] -- Up-to-date: /home/men3m/Naima/install/naima_msgs/share/naima_msgs/environment/pythonpath.sh
[0.665s] -- Up-to-date: /home/men3m/Naima/install/naima_msgs/share/naima_msgs/environment/pythonpath.dsv
[0.665s] -- Up-to-date: /home/men3m/Naima/install/naima_msgs/local/lib/python3.10/dist-packages/naima_msgs-0.0.0-py3.10.egg-info
[0.666s] -- Installing: /home/men3m/Naima/install/naima_msgs/local/lib/python3.10/dist-packages/naima_msgs-0.0.0-py3.10.egg-info/dependency_links.txt
[0.666s] -- Installing: /home/men3m/Naima/install/naima_msgs/local/lib/python3.10/dist-packages/naima_msgs-0.0.0-py3.10.egg-info/top_level.txt
[0.666s] -- Installing: /home/men3m/Naima/install/naima_msgs/local/lib/python3.10/dist-packages/naima_msgs-0.0.0-py3.10.egg-info/SOURCES.txt
[0.666s] -- Installing: /home/men3m/Naima/install/naima_msgs/local/lib/python3.10/dist-packages/naima_msgs-0.0.0-py3.10.egg-info/PKG-INFO
[0.666s] -- Up-to-date: /home/men3m/Naima/install/naima_msgs/local/lib/python3.10/dist-packages/naima_msgs
[0.666s] -- Up-to-date: /home/men3m/Naima/install/naima_msgs/local/lib/python3.10/dist-packages/naima_msgs/_naima_msgs_s.ep.rosidl_typesupport_fastrtps_c.c
[0.666s] -- Up-to-date: /home/men3m/Naima/install/naima_msgs/local/lib/python3.10/dist-packages/naima_msgs/naima_msgs_s__rosidl_typesupport_introspection_c.cpython-310-x86_64-linux-gnu.so
[0.667s] -- Up-to-date: /home/men3m/Naima/install/naima_msgs/local/lib/python3.10/dist-packages/naima_msgs/naima_msgs_s__rosidl_typesupport_c.cpython-310-x86_64-linux-gnu.so
[0.667s] -- Up-to-date: /home/men3m/Naima/install/naima_msgs/local/lib/python3.10/dist-packages/naima_msgs/_naima_msgs_s.ep.rosidl_typesupport_introspection_c.c
[0.667s] -- Up-to-date: /home/men3m/Naima/install/naima_msgs/local/lib/python3.10/dist-packages/naima_msgs/action
[0.667s] -- Up-to-date: /home/men3m/Naima/install/naima_msgs/local/lib/python3.10/dist-packages/naima_msgs/action/_fibonacci.py
[0.667s] -- Up-to-date: /home/men3m/Naima/install/naima_msgs/local/lib/python3.10/dist-packages/naima_msgs/action/__init__.py
[0.667s] -- Up-to-date: /home/men3m/Naima/install/naima_msgs/local/lib/python3.10/dist-packages/naima_msgs/action/_fibonacci_s.c
[0.667s] -- Up-to-date: /home/men3m/Naima/install/naima_msgs/local/lib/python3.10/dist-packages/naima_msgs/naima_msgs_s__rosidl_typesupport_fastrtps_c.cpython-310-x86_64-linux-gnu.so
[0.667s] -- Up-to-date: /home/men3m/Naima/install/naima_msgs/local/lib/python3.10/dist-packages/naima_msgs/srv
[0.668s] -- Up-to-date: /home/men3m/Naima/install/naima_msgs/local/lib/python3.10/dist-packages/naima_msgs/srv/_add_two_ints_s.c
[0.668s] -- Up-to-date: /home/men3m/Naima/install/naima_msgs/local/lib/python3.10/dist-packages/naima_msgs/srv/_get_transform_s.c
[0.668s] -- Up-to-date: /home/men3m/Naima/install/naima_msgs/local/lib/python3.10/dist-packages/naima_msgs/srv/_add_two_ints.py
[0.668s] -- Up-to-date: /home/men3m/Naima/install/naima_msgs/local/lib/python3.10/dist-packages/naima_msgs/srv/__init__.py
[0.668s] -- Up-to-date: /home/men3m/Naima/install/naima_msgs/local/lib/python3.10/dist-packages/naima_msgs/srv/_get_transform.py
[0.668s] -- Up-to-date: /home/men3m/Naima/install/naima_msgs/local/lib/python3.10/dist-packages/naima_msgs/_naima_msgs_s.ep.rosidl_typesupport_c.c
[0.668s] -- Up-to-date: /home/men3m/Naima/install/naima_msgs/local/lib/python3.10/dist-packages/naima_msgs/libnaima_msgs__rosidl_generator_py.so
[0.668s] -- Up-to-date: /home/men3m/Naima/install/naima_msgs/local/lib/python3.10/dist-packages/naima_msgs/__init__.py
[0.683s] Listing '/home/men3m/Naima/install/naima_msgs/local/lib/python3.10/dist-packages/naima_msgs'...
[0.684s] Listing '/home/men3m/Naima/install/naima_msgs/local/lib/python3.10/dist-packages/naima_msgs/action'...
[0.684s] Listing '/home/men3m/Naima/install/naima_msgs/local/lib/python3.10/dist-packages/naima_msgs/srv'...
[0.684s] -- Up-to-date: /home/men3m/Naima/install/naima_msgs/local/lib/python3.10/dist-packages/naima_msgs/naima_msgs_s__rosidl_typesupport_fastrtps_c.cpython-310-x86_64-linux-gnu.so
[0.684s] -- Up-to-date: /home/men3m/Naima/install/naima_msgs/local/lib/python3.10/dist-packages/naima_msgs/naima_msgs_s__rosidl_typesupport_introspection_c.cpython-310-x86_64-linux-gnu.so
[0.684s] -- Up-to-date: /home/men3m/Naima/install/naima_msgs/local/lib/python3.10/dist-packages/naima_msgs/naima_msgs_s__rosidl_typesupport_c.cpython-310-x86_64-linux-gnu.so
[0.684s] -- Up-to-date: /home/men3m/Naima/install/naima_msgs/lib/libnaima_msgs__rosidl_generator_py.so
[0.684s] -- Up-to-date: /home/men3m/Naima/install/naima_msgs/share/naima_msgs/action/Fibonacci.idl
[0.684s] -- Up-to-date: /home/men3m/Naima/install/naima_msgs/share/naima_msgs/srv/AddTwoInts.idl
[0.685s] -- Up-to-date: /home/men3m/Naima/install/naima_msgs/share/naima_msgs/srv/GetTransform.idl
[0.685s] -- Up-to-date: /home/men3m/Naima/install/naima_msgs/share/naima_msgs/action/Fibonacci.action
[0.685s] -- Up-to-date: /home/men3m/Naima/install/naima_msgs/share/naima_msgs/srv/AddTwoInts.srv
[0.685s] -- Up-to-date: /home/men3m/Naima/install/naima_msgs/share/naima_msgs/srv/AddTwoInts_Request.msg
[0.685s] -- Up-to-date: /home/men3m/Naima/install/naima_msgs/share/naima_msgs/srv/AddTwoInts_Response.msg
[0.685s] -- Up-to-date: /home/men3m/Naima/install/naima_msgs/share/naima_msgs/srv/GetTransform.srv
[0.685s] -- Up-to-date: /home/men3m/Naima/install/naima_msgs/share/naima_msgs/srv/GetTransform_Request.msg
[0.685s] -- Up-to-date: /home/men3m/Naima/install/naima_msgs/share/naima_msgs/srv/GetTransform_Response.msg
[0.685s] -- Up-to-date: /home/men3m/Naima/install/naima_msgs/include
[0.685s] -- Up-to-date: /home/men3m/Naima/install/naima_msgs/include/.vscode
[0.685s] -- Up-to-date: /home/men3m/Naima/install/naima_msgs/include/.vscode/c_cpp_properties.json
[0.685s] -- Up-to-date: /home/men3m/Naima/install/naima_msgs/include/.vscode/settings.json
[0.685s] -- Up-to-date: /home/men3m/Naima/install/naima_msgs/include/test.py
[0.686s] -- Up-to-date: /home/men3m/Naima/install/naima_msgs/share/ament_index/resource_index/package_run_dependencies/naima_msgs
[0.686s] -- Up-to-date: /home/men3m/Naima/install/naima_msgs/share/ament_index/resource_index/parent_prefix_path/naima_msgs
[0.686s] -- Up-to-date: /home/men3m/Naima/install/naima_msgs/share/naima_msgs/environment/ament_prefix_path.sh
[0.686s] -- Up-to-date: /home/men3m/Naima/install/naima_msgs/share/naima_msgs/environment/ament_prefix_path.dsv
[0.686s] -- Up-to-date: /home/men3m/Naima/install/naima_msgs/share/naima_msgs/environment/path.sh
[0.686s] -- Up-to-date: /home/men3m/Naima/install/naima_msgs/share/naima_msgs/environment/path.dsv
[0.686s] -- Up-to-date: /home/men3m/Naima/install/naima_msgs/share/naima_msgs/local_setup.bash
[0.686s] -- Up-to-date: /home/men3m/Naima/install/naima_msgs/share/naima_msgs/local_setup.sh
[0.686s] -- Up-to-date: /home/men3m/Naima/install/naima_msgs/share/naima_msgs/local_setup.zsh
[0.686s] -- Up-to-date: /home/men3m/Naima/install/naima_msgs/share/naima_msgs/local_setup.dsv
[0.686s] -- Installing: /home/men3m/Naima/install/naima_msgs/share/naima_msgs/package.dsv
[0.686s] -- Up-to-date: /home/men3m/Naima/install/naima_msgs/share/ament_index/resource_index/packages/naima_msgs
[0.686s] -- Up-to-date: /home/men3m/Naima/install/naima_msgs/share/naima_msgs/cmake/export_naima_msgs__rosidl_generator_cExport.cmake
[0.687s] -- Up-to-date: /home/men3m/Naima/install/naima_msgs/share/naima_msgs/cmake/export_naima_msgs__rosidl_generator_cExport-noconfig.cmake
[0.687s] -- Up-to-date: /home/men3m/Naima/install/naima_msgs/share/naima_msgs/cmake/export_naima_msgs__rosidl_typesupport_fastrtps_cExport.cmake
[0.687s] -- Up-to-date: /home/men3m/Naima/install/naima_msgs/share/naima_msgs/cmake/export_naima_msgs__rosidl_typesupport_fastrtps_cExport-noconfig.cmake
[0.687s] -- Up-to-date: /home/men3m/Naima/install/naima_msgs/share/naima_msgs/cmake/export_naima_msgs__rosidl_generator_cppExport.cmake
[0.687s] -- Up-to-date: /home/men3m/Naima/install/naima_msgs/share/naima_msgs/cmake/export_naima_msgs__rosidl_typesupport_fastrtps_cppExport.cmake
[0.687s] -- Up-to-date: /home/men3m/Naima/install/naima_msgs/share/naima_msgs/cmake/export_naima_msgs__rosidl_typesupport_fastrtps_cppExport-noconfig.cmake
[0.687s] -- Up-to-date: /home/men3m/Naima/install/naima_msgs/share/naima_msgs/cmake/naima_msgs__rosidl_typesupport_introspection_cExport.cmake
[0.687s] -- Up-to-date: /home/men3m/Naima/install/naima_msgs/share/naima_msgs/cmake/naima_msgs__rosidl_typesupport_introspection_cExport-noconfig.cmake
[0.687s] -- Up-to-date: /home/men3m/Naima/install/naima_msgs/share/naima_msgs/cmake/naima_msgs__rosidl_typesupport_cExport.cmake
[0.687s] -- Up-to-date: /home/men3m/Naima/install/naima_msgs/share/naima_msgs/cmake/naima_msgs__rosidl_typesupport_cExport-noconfig.cmake
[0.687s] -- Up-to-date: /home/men3m/Naima/install/naima_msgs/share/naima_msgs/cmake/naima_msgs__rosidl_typesupport_introspection_cppExport.cmake
[0.688s] -- Up-to-date: /home/men3m/Naima/install/naima_msgs/share/naima_msgs/cmake/naima_msgs__rosidl_typesupport_introspection_cppExport-noconfig.cmake
[0.688s] -- Up-to-date: /home/men3m/Naima/install/naima_msgs/share/naima_msgs/cmake/naima_msgs__rosidl_typesupport_cppExport.cmake
[0.688s] -- Up-to-date: /home/men3m/Naima/install/naima_msgs/share/naima_msgs/cmake/naima_msgs__rosidl_typesupport_cppExport-noconfig.cmake
[0.688s] -- Up-to-date: /home/men3m/Naima/install/naima_msgs/share/naima_msgs/cmake/export_naima_msgs__rosidl_generator_pyExport.cmake
[0.688s] -- Up-to-date: /home/men3m/Naima/install/naima_msgs/share/naima_msgs/cmake/export_naima_msgs__rosidl_generator_pyExport-noconfig.cmake
[0.688s] -- Up-to-date: /home/men3m/Naima/install/naima_msgs/share/naima_msgs/cmake/rosidl_cmake-extras.cmake
[0.688s] -- Up-to-date: /home/men3m/Naima/install/naima_msgs/share/naima_msgs/cmake/ament_cmake_export_dependencies-extras.cmake
[0.688s] -- Up-to-date: /home/men3m/Naima/install/naima_msgs/share/naima_msgs/cmake/ament_cmake_export_include_directories-extras.cmake
[0.688s] -- Up-to-date: /home/men3m/Naima/install/naima_msgs/share/naima_msgs/cmake/ament_cmake_export_libraries-extras.cmake
[0.688s] -- Up-to-date: /home/men3m/Naima/install/naima_msgs/share/naima_msgs/cmake/ament_cmake_export_targets-extras.cmake
[0.688s] -- Up-to-date: /home/men3m/Naima/install/naima_msgs/share/naima_msgs/cmake/rosidl_cmake_export_typesupport_targets-extras.cmake
[0.688s] -- Up-to-date: /home/men3m/Naima/install/naima_msgs/share/naima_msgs/cmake/rosidl_cmake_export_typesupport_libraries-extras.cmake
[0.689s] -- Up-to-date: /home/men3m/Naima/install/naima_msgs/share/naima_msgs/cmake/naima_msgsConfig.cmake
[0.689s] -- Up-to-date: /home/men3m/Naima/install/naima_msgs/share/naima_msgs/cmake/naima_msgsConfig-version.cmake
[0.689s] -- Up-to-date: /home/men3m/Naima/install/naima_msgs/share/naima_msgs/package.xml
[0.765s] Invoked command in '/home/men3m/Naima/build/naima_msgs' returned '0': CMAKE_PREFIX_PATH=/opt/ros/humble /usr/bin/cmake --install /home/men3m/Naima/build/naima_msgs
