[0.018s] Invoking command in '/home/men3m/Naima/build/zed_ipc': AMENT_PREFIX_PATH=/home/men3m/Naima/install/zed_multi_camera:/home/men3m/Naima/install/zed_wrapper:/home/men3m/Naima/install/zed_components:${AMENT_PREFIX_PATH} CMAKE_PREFIX_PATH=/home/men3m/Naima/install/zed_multi_camera:/home/men3m/Naima/install/zed_wrapper:/home/men3m/Naima/install/zed_components:/opt/ros/humble LD_LIBRARY_PATH=/home/men3m/Naima/install/zed_components/lib:/usr/lib/x86_64-linux-gnu/gazebo-11/plugins:/opt/ros/humble/opt/rviz_ogre_vendor/lib:/opt/ros/humble/lib/x86_64-linux-gnu:/opt/ros/humble/lib:/usr/local/cuda-12.4.0/lib64:/usr/local/cuda-12.4.0/lib64 /usr/bin/cmake --build /home/men3m/Naima/build/zed_ipc -- -j16 -l16
[0.068s] [100%] Built target pointcloud_component
[0.081s] Invoked command in '/home/men3m/Naima/build/zed_ipc' returned '0': AMENT_PREFIX_PATH=/home/men3m/Naima/install/zed_multi_camera:/home/men3m/Naima/install/zed_wrapper:/home/men3m/Naima/install/zed_components:${AMENT_PREFIX_PATH} CMAKE_PREFIX_PATH=/home/men3m/Naima/install/zed_multi_camera:/home/men3m/Naima/install/zed_wrapper:/home/men3m/Naima/install/zed_components:/opt/ros/humble LD_LIBRARY_PATH=/home/men3m/Naima/install/zed_components/lib:/usr/lib/x86_64-linux-gnu/gazebo-11/plugins:/opt/ros/humble/opt/rviz_ogre_vendor/lib:/opt/ros/humble/lib/x86_64-linux-gnu:/opt/ros/humble/lib:/usr/local/cuda-12.4.0/lib64:/usr/local/cuda-12.4.0/lib64 /usr/bin/cmake --build /home/men3m/Naima/build/zed_ipc -- -j16 -l16
[0.082s] Invoking command in '/home/men3m/Naima/build/zed_ipc': AMENT_PREFIX_PATH=/home/men3m/Naima/install/zed_multi_camera:/home/men3m/Naima/install/zed_wrapper:/home/men3m/Naima/install/zed_components:${AMENT_PREFIX_PATH} CMAKE_PREFIX_PATH=/home/men3m/Naima/install/zed_multi_camera:/home/men3m/Naima/install/zed_wrapper:/home/men3m/Naima/install/zed_components:/opt/ros/humble LD_LIBRARY_PATH=/home/men3m/Naima/install/zed_components/lib:/usr/lib/x86_64-linux-gnu/gazebo-11/plugins:/opt/ros/humble/opt/rviz_ogre_vendor/lib:/opt/ros/humble/lib/x86_64-linux-gnu:/opt/ros/humble/lib:/usr/local/cuda-12.4.0/lib64:/usr/local/cuda-12.4.0/lib64 /usr/bin/cmake --install /home/men3m/Naima/build/zed_ipc
[0.089s] -- Install configuration: "Release"
[0.089s] -- Up-to-date: /home/men3m/Naima/install/zed_ipc/lib/libpointcloud_component.so
[0.089s] -- Up-to-date: /home/men3m/Naima/install/zed_ipc/include/zed_ipc/
[0.089s] -- Up-to-date: /home/men3m/Naima/install/zed_ipc/include/zed_ipc//ipc_visibility_control.hpp
[0.089s] -- Up-to-date: /home/men3m/Naima/install/zed_ipc/include/zed_ipc/
[0.089s] -- Up-to-date: /home/men3m/Naima/install/zed_ipc/include/zed_ipc//winavg.hpp
[0.089s] -- Up-to-date: /home/men3m/Naima/install/zed_ipc/include/zed_ipc//pointcloud_component.hpp
[0.089s] -- Up-to-date: /home/men3m/Naima/install/zed_ipc/share/zed_ipc/launch
[0.090s] -- Up-to-date: /home/men3m/Naima/install/zed_ipc/share/zed_ipc/launch/zed_ipc.launch.py
[0.090s] -- Up-to-date: /home/men3m/Naima/install/zed_ipc/share/zed_ipc/environment/library_path.sh
[0.090s] -- Up-to-date: /home/men3m/Naima/install/zed_ipc/share/zed_ipc/environment/library_path.dsv
[0.090s] -- Up-to-date: /home/men3m/Naima/install/zed_ipc/share/ament_index/resource_index/package_run_dependencies/zed_ipc
[0.090s] -- Up-to-date: /home/men3m/Naima/install/zed_ipc/share/ament_index/resource_index/parent_prefix_path/zed_ipc
[0.090s] -- Up-to-date: /home/men3m/Naima/install/zed_ipc/share/zed_ipc/environment/ament_prefix_path.sh
[0.090s] -- Up-to-date: /home/men3m/Naima/install/zed_ipc/share/zed_ipc/environment/ament_prefix_path.dsv
[0.090s] -- Up-to-date: /home/men3m/Naima/install/zed_ipc/share/zed_ipc/environment/path.sh
[0.090s] -- Up-to-date: /home/men3m/Naima/install/zed_ipc/share/zed_ipc/environment/path.dsv
[0.091s] -- Up-to-date: /home/men3m/Naima/install/zed_ipc/share/zed_ipc/local_setup.bash
[0.091s] -- Up-to-date: /home/men3m/Naima/install/zed_ipc/share/zed_ipc/local_setup.sh
[0.091s] -- Up-to-date: /home/men3m/Naima/install/zed_ipc/share/zed_ipc/local_setup.zsh
[0.091s] -- Up-to-date: /home/men3m/Naima/install/zed_ipc/share/zed_ipc/local_setup.dsv
[0.092s] -- Installing: /home/men3m/Naima/install/zed_ipc/share/zed_ipc/package.dsv
[0.092s] -- Up-to-date: /home/men3m/Naima/install/zed_ipc/share/ament_index/resource_index/packages/zed_ipc
[0.092s] -- Up-to-date: /home/men3m/Naima/install/zed_ipc/share/ament_index/resource_index/rclcpp_components/zed_ipc
[0.092s] -- Up-to-date: /home/men3m/Naima/install/zed_ipc/share/zed_ipc/cmake/ament_cmake_export_include_directories-extras.cmake
[0.092s] -- Up-to-date: /home/men3m/Naima/install/zed_ipc/share/zed_ipc/cmake/ament_cmake_export_libraries-extras.cmake
[0.092s] -- Up-to-date: /home/men3m/Naima/install/zed_ipc/share/zed_ipc/cmake/ament_cmake_export_dependencies-extras.cmake
[0.092s] -- Up-to-date: /home/men3m/Naima/install/zed_ipc/share/zed_ipc/cmake/zed_ipcConfig.cmake
[0.092s] -- Up-to-date: /home/men3m/Naima/install/zed_ipc/share/zed_ipc/cmake/zed_ipcConfig-version.cmake
[0.092s] -- Up-to-date: /home/men3m/Naima/install/zed_ipc/share/zed_ipc/package.xml
[0.103s] Invoked command in '/home/men3m/Naima/build/zed_ipc' returned '0': AMENT_PREFIX_PATH=/home/men3m/Naima/install/zed_multi_camera:/home/men3m/Naima/install/zed_wrapper:/home/men3m/Naima/install/zed_components:${AMENT_PREFIX_PATH} CMAKE_PREFIX_PATH=/home/men3m/Naima/install/zed_multi_camera:/home/men3m/Naima/install/zed_wrapper:/home/men3m/Naima/install/zed_components:/opt/ros/humble LD_LIBRARY_PATH=/home/men3m/Naima/install/zed_components/lib:/usr/lib/x86_64-linux-gnu/gazebo-11/plugins:/opt/ros/humble/opt/rviz_ogre_vendor/lib:/opt/ros/humble/lib/x86_64-linux-gnu:/opt/ros/humble/lib:/usr/local/cuda-12.4.0/lib64:/usr/local/cuda-12.4.0/lib64 /usr/bin/cmake --install /home/men3m/Naima/build/zed_ipc
