[0.008s] Invoking command in '/home/men3m/Naima/build/zed_ros2': AMENT_PREFIX_PATH=/home/men3m/Naima/install/zed_wrapper:/home/men3m/Naima/install/zed_components:${AMENT_PREFIX_PATH} CMAKE_PREFIX_PATH=/home/men3m/Naima/install/zed_wrapper:/home/men3m/Naima/install/zed_components:/opt/ros/humble LD_LIBRARY_PATH=/home/men3m/Naima/install/zed_components/lib:/usr/lib/x86_64-linux-gnu/gazebo-11/plugins:/opt/ros/humble/opt/rviz_ogre_vendor/lib:/opt/ros/humble/lib/x86_64-linux-gnu:/opt/ros/humble/lib:/usr/local/cuda-12.4.0/lib64:/usr/local/cuda-12.4.0/lib64 /usr/bin/cmake --build /home/men3m/Naima/build/zed_ros2 -- -j16 -l16
[0.040s] Invoked command in '/home/men3m/Naima/build/zed_ros2' returned '0': AMENT_PREFIX_PATH=/home/men3m/Naima/install/zed_wrapper:/home/men3m/Naima/install/zed_components:${AMENT_PREFIX_PATH} CMAKE_PREFIX_PATH=/home/men3m/Naima/install/zed_wrapper:/home/men3m/Naima/install/zed_components:/opt/ros/humble LD_LIBRARY_PATH=/home/men3m/Naima/install/zed_components/lib:/usr/lib/x86_64-linux-gnu/gazebo-11/plugins:/opt/ros/humble/opt/rviz_ogre_vendor/lib:/opt/ros/humble/lib/x86_64-linux-gnu:/opt/ros/humble/lib:/usr/local/cuda-12.4.0/lib64:/usr/local/cuda-12.4.0/lib64 /usr/bin/cmake --build /home/men3m/Naima/build/zed_ros2 -- -j16 -l16
[0.041s] Invoking command in '/home/men3m/Naima/build/zed_ros2': AMENT_PREFIX_PATH=/home/men3m/Naima/install/zed_wrapper:/home/men3m/Naima/install/zed_components:${AMENT_PREFIX_PATH} CMAKE_PREFIX_PATH=/home/men3m/Naima/install/zed_wrapper:/home/men3m/Naima/install/zed_components:/opt/ros/humble LD_LIBRARY_PATH=/home/men3m/Naima/install/zed_components/lib:/usr/lib/x86_64-linux-gnu/gazebo-11/plugins:/opt/ros/humble/opt/rviz_ogre_vendor/lib:/opt/ros/humble/lib/x86_64-linux-gnu:/opt/ros/humble/lib:/usr/local/cuda-12.4.0/lib64:/usr/local/cuda-12.4.0/lib64 /usr/bin/cmake --install /home/men3m/Naima/build/zed_ros2
[0.047s] -- Install configuration: ""
[0.047s] -- Up-to-date: /home/men3m/Naima/install/zed_ros2/share/ament_index/resource_index/package_run_dependencies/zed_ros2
[0.047s] -- Up-to-date: /home/men3m/Naima/install/zed_ros2/share/ament_index/resource_index/parent_prefix_path/zed_ros2
[0.047s] -- Up-to-date: /home/men3m/Naima/install/zed_ros2/share/zed_ros2/environment/ament_prefix_path.sh
[0.047s] -- Up-to-date: /home/men3m/Naima/install/zed_ros2/share/zed_ros2/environment/ament_prefix_path.dsv
[0.047s] -- Up-to-date: /home/men3m/Naima/install/zed_ros2/share/zed_ros2/environment/path.sh
[0.047s] -- Up-to-date: /home/men3m/Naima/install/zed_ros2/share/zed_ros2/environment/path.dsv
[0.047s] -- Up-to-date: /home/men3m/Naima/install/zed_ros2/share/zed_ros2/local_setup.bash
[0.047s] -- Up-to-date: /home/men3m/Naima/install/zed_ros2/share/zed_ros2/local_setup.sh
[0.047s] -- Up-to-date: /home/men3m/Naima/install/zed_ros2/share/zed_ros2/local_setup.zsh
[0.048s] -- Up-to-date: /home/men3m/Naima/install/zed_ros2/share/zed_ros2/local_setup.dsv
[0.048s] -- Up-to-date: /home/men3m/Naima/install/zed_ros2/share/zed_ros2/package.dsv
[0.048s] -- Up-to-date: /home/men3m/Naima/install/zed_ros2/share/ament_index/resource_index/packages/zed_ros2
[0.048s] -- Up-to-date: /home/men3m/Naima/install/zed_ros2/share/zed_ros2/cmake/zed_ros2Config.cmake
[0.048s] -- Up-to-date: /home/men3m/Naima/install/zed_ros2/share/zed_ros2/cmake/zed_ros2Config-version.cmake
[0.048s] -- Up-to-date: /home/men3m/Naima/install/zed_ros2/share/zed_ros2/package.xml
[0.049s] Invoked command in '/home/men3m/Naima/build/zed_ros2' returned '0': AMENT_PREFIX_PATH=/home/men3m/Naima/install/zed_wrapper:/home/men3m/Naima/install/zed_components:${AMENT_PREFIX_PATH} CMAKE_PREFIX_PATH=/home/men3m/Naima/install/zed_wrapper:/home/men3m/Naima/install/zed_components:/opt/ros/humble LD_LIBRARY_PATH=/home/men3m/Naima/install/zed_components/lib:/usr/lib/x86_64-linux-gnu/gazebo-11/plugins:/opt/ros/humble/opt/rviz_ogre_vendor/lib:/opt/ros/humble/lib/x86_64-linux-gnu:/opt/ros/humble/lib:/usr/local/cuda-12.4.0/lib64:/usr/local/cuda-12.4.0/lib64 /usr/bin/cmake --install /home/men3m/Naima/build/zed_ros2
