[0.007s] Invoking command in '/home/men3m/Naima/build/zed_rgb_convert': AMENT_PREFIX_PATH=/home/men3m/Naima/install/zed_components:${AMENT_PREFIX_PATH} CMAKE_PREFIX_PATH=/home/men3m/Naima/install/zed_components:/opt/ros/humble LD_LIBRARY_PATH=/home/men3m/Naima/install/zed_components/lib:/usr/lib/x86_64-linux-gnu/gazebo-11/plugins:/opt/ros/humble/opt/rviz_ogre_vendor/lib:/opt/ros/humble/lib/x86_64-linux-gnu:/opt/ros/humble/lib:/usr/local/cuda-12.4.0/lib64:/usr/local/cuda-12.4.0/lib64 /usr/bin/cmake --build /home/men3m/Naima/build/zed_rgb_convert -- -j16 -l16
[0.041s] [35m[1mConsolidate compiler generated dependencies of target zed_rgb_convert_component[0m
[0.060s] [ 50%] Built target zed_rgb_convert_component
[0.070s] [35m[1mConsolidate compiler generated dependencies of target zed_rgb_convert[0m
[0.092s] [100%] Built target zed_rgb_convert
[0.102s] Invoked command in '/home/men3m/Naima/build/zed_rgb_convert' returned '0': AMENT_PREFIX_PATH=/home/men3m/Naima/install/zed_components:${AMENT_PREFIX_PATH} CMAKE_PREFIX_PATH=/home/men3m/Naima/install/zed_components:/opt/ros/humble LD_LIBRARY_PATH=/home/men3m/Naima/install/zed_components/lib:/usr/lib/x86_64-linux-gnu/gazebo-11/plugins:/opt/ros/humble/opt/rviz_ogre_vendor/lib:/opt/ros/humble/lib/x86_64-linux-gnu:/opt/ros/humble/lib:/usr/local/cuda-12.4.0/lib64:/usr/local/cuda-12.4.0/lib64 /usr/bin/cmake --build /home/men3m/Naima/build/zed_rgb_convert -- -j16 -l16
[0.103s] Invoking command in '/home/men3m/Naima/build/zed_rgb_convert': AMENT_PREFIX_PATH=/home/men3m/Naima/install/zed_components:${AMENT_PREFIX_PATH} CMAKE_PREFIX_PATH=/home/men3m/Naima/install/zed_components:/opt/ros/humble LD_LIBRARY_PATH=/home/men3m/Naima/install/zed_components/lib:/usr/lib/x86_64-linux-gnu/gazebo-11/plugins:/opt/ros/humble/opt/rviz_ogre_vendor/lib:/opt/ros/humble/lib/x86_64-linux-gnu:/opt/ros/humble/lib:/usr/local/cuda-12.4.0/lib64:/usr/local/cuda-12.4.0/lib64 /usr/bin/cmake --install /home/men3m/Naima/build/zed_rgb_convert
[0.109s] -- Install configuration: "Release"
[0.109s] -- Up-to-date: /home/men3m/Naima/install/zed_rgb_convert/lib/zed_rgb_convert/zed_rgb_convert
[0.109s] -- Up-to-date: /home/men3m/Naima/install/zed_rgb_convert/lib/libzed_rgb_convert_component.so
[0.109s] -- Up-to-date: /home/men3m/Naima/install/zed_rgb_convert/include/zed_rgb_convert/
[0.109s] -- Up-to-date: /home/men3m/Naima/install/zed_rgb_convert/include/zed_rgb_convert//cvt_visibility_control.hpp
[0.109s] -- Up-to-date: /home/men3m/Naima/install/zed_rgb_convert/share/zed_rgb_convert/launch
[0.110s] -- Up-to-date: /home/men3m/Naima/install/zed_rgb_convert/share/zed_rgb_convert/launch/zed_rgb_convert.launch.py
[0.110s] -- Up-to-date: /home/men3m/Naima/install/zed_rgb_convert/share/zed_rgb_convert/environment/library_path.sh
[0.110s] -- Up-to-date: /home/men3m/Naima/install/zed_rgb_convert/share/zed_rgb_convert/environment/library_path.dsv
[0.110s] -- Up-to-date: /home/men3m/Naima/install/zed_rgb_convert/share/ament_index/resource_index/package_run_dependencies/zed_rgb_convert
[0.110s] -- Up-to-date: /home/men3m/Naima/install/zed_rgb_convert/share/ament_index/resource_index/parent_prefix_path/zed_rgb_convert
[0.110s] -- Up-to-date: /home/men3m/Naima/install/zed_rgb_convert/share/zed_rgb_convert/environment/ament_prefix_path.sh
[0.110s] -- Up-to-date: /home/men3m/Naima/install/zed_rgb_convert/share/zed_rgb_convert/environment/ament_prefix_path.dsv
[0.110s] -- Up-to-date: /home/men3m/Naima/install/zed_rgb_convert/share/zed_rgb_convert/environment/path.sh
[0.110s] -- Up-to-date: /home/men3m/Naima/install/zed_rgb_convert/share/zed_rgb_convert/environment/path.dsv
[0.110s] -- Up-to-date: /home/men3m/Naima/install/zed_rgb_convert/share/zed_rgb_convert/local_setup.bash
[0.110s] -- Up-to-date: /home/men3m/Naima/install/zed_rgb_convert/share/zed_rgb_convert/local_setup.sh
[0.110s] -- Up-to-date: /home/men3m/Naima/install/zed_rgb_convert/share/zed_rgb_convert/local_setup.zsh
[0.110s] -- Up-to-date: /home/men3m/Naima/install/zed_rgb_convert/share/zed_rgb_convert/local_setup.dsv
[0.110s] -- Installing: /home/men3m/Naima/install/zed_rgb_convert/share/zed_rgb_convert/package.dsv
[0.110s] -- Up-to-date: /home/men3m/Naima/install/zed_rgb_convert/share/ament_index/resource_index/packages/zed_rgb_convert
[0.111s] -- Up-to-date: /home/men3m/Naima/install/zed_rgb_convert/share/ament_index/resource_index/rclcpp_components/zed_rgb_convert
[0.111s] -- Up-to-date: /home/men3m/Naima/install/zed_rgb_convert/share/zed_rgb_convert/cmake/ament_cmake_export_include_directories-extras.cmake
[0.111s] -- Up-to-date: /home/men3m/Naima/install/zed_rgb_convert/share/zed_rgb_convert/cmake/ament_cmake_export_libraries-extras.cmake
[0.111s] -- Up-to-date: /home/men3m/Naima/install/zed_rgb_convert/share/zed_rgb_convert/cmake/ament_cmake_export_dependencies-extras.cmake
[0.111s] -- Up-to-date: /home/men3m/Naima/install/zed_rgb_convert/share/zed_rgb_convert/cmake/zed_rgb_convertConfig.cmake
[0.111s] -- Up-to-date: /home/men3m/Naima/install/zed_rgb_convert/share/zed_rgb_convert/cmake/zed_rgb_convertConfig-version.cmake
[0.111s] -- Up-to-date: /home/men3m/Naima/install/zed_rgb_convert/share/zed_rgb_convert/package.xml
[0.112s] Invoked command in '/home/men3m/Naima/build/zed_rgb_convert' returned '0': AMENT_PREFIX_PATH=/home/men3m/Naima/install/zed_components:${AMENT_PREFIX_PATH} CMAKE_PREFIX_PATH=/home/men3m/Naima/install/zed_components:/opt/ros/humble LD_LIBRARY_PATH=/home/men3m/Naima/install/zed_components/lib:/usr/lib/x86_64-linux-gnu/gazebo-11/plugins:/opt/ros/humble/opt/rviz_ogre_vendor/lib:/opt/ros/humble/lib/x86_64-linux-gnu:/opt/ros/humble/lib:/usr/local/cuda-12.4.0/lib64:/usr/local/cuda-12.4.0/lib64 /usr/bin/cmake --install /home/men3m/Naima/build/zed_rgb_convert
