running egg_info
creating ../../build/naima_bringup/naima_bringup.egg-info
writing ../../build/naima_bringup/naima_bringup.egg-info/PKG-INFO
writing dependency_links to ../../build/naima_bringup/naima_bringup.egg-info/dependency_links.txt
writing entry points to ../../build/naima_bringup/naima_bringup.egg-info/entry_points.txt
writing requirements to ../../build/naima_bringup/naima_bringup.egg-info/requires.txt
writing top-level names to ../../build/naima_bringup/naima_bringup.egg-info/top_level.txt
writing manifest file '../../build/naima_bringup/naima_bringup.egg-info/SOURCES.txt'
reading manifest file '../../build/naima_bringup/naima_bringup.egg-info/SOURCES.txt'
writing manifest file '../../build/naima_bringup/naima_bringup.egg-info/SOURCES.txt'
running build
running build_py
creating /home/men3m/Naima/build/naima_bringup/build
creating /home/men3m/Naima/build/naima_bringup/build/lib
creating /home/men3m/Naima/build/naima_bringup/build/lib/naima_bringup
copying naima_bringup/model.py -> /home/men3m/Naima/build/naima_bringup/build/lib/naima_bringup
copying naima_bringup/__init__.py -> /home/men3m/Naima/build/naima_bringup/build/lib/naima_bringup
running install
running install_lib
creating /home/men3m/Naima/install/naima_bringup/lib/python3.10/site-packages/naima_bringup
copying /home/men3m/Naima/build/naima_bringup/build/lib/naima_bringup/model.py -> /home/men3m/Naima/install/naima_bringup/lib/python3.10/site-packages/naima_bringup
copying /home/men3m/Naima/build/naima_bringup/build/lib/naima_bringup/__init__.py -> /home/men3m/Naima/install/naima_bringup/lib/python3.10/site-packages/naima_bringup
byte-compiling /home/men3m/Naima/install/naima_bringup/lib/python3.10/site-packages/naima_bringup/model.py to model.cpython-310.pyc
byte-compiling /home/men3m/Naima/install/naima_bringup/lib/python3.10/site-packages/naima_bringup/__init__.py to __init__.cpython-310.pyc
running install_data
creating /home/men3m/Naima/install/naima_bringup/share/ament_index
creating /home/men3m/Naima/install/naima_bringup/share/ament_index/resource_index
creating /home/men3m/Naima/install/naima_bringup/share/ament_index/resource_index/packages
copying resource/naima_bringup -> /home/men3m/Naima/install/naima_bringup/share/ament_index/resource_index/packages
copying package.xml -> /home/men3m/Naima/install/naima_bringup/share/naima_bringup
creating /home/men3m/Naima/install/naima_bringup/share/naima_bringup/launch
copying launch/bringup.launch.py -> /home/men3m/Naima/install/naima_bringup/share/naima_bringup/launch
copying launch/pointcloud_to_laserscan.launch.py -> /home/men3m/Naima/install/naima_bringup/share/naima_bringup/launch
running install_egg_info
Copying ../../build/naima_bringup/naima_bringup.egg-info to /home/men3m/Naima/install/naima_bringup/lib/python3.10/site-packages/naima_bringup-0.0.0-py3.10.egg-info
running install_scripts
Installing bringup script to /home/men3m/Naima/install/naima_bringup/lib/naima_bringup
Installing model script to /home/men3m/Naima/install/naima_bringup/lib/naima_bringup
writing list of installed files to '/home/men3m/Naima/build/naima_bringup/install.log'
