[0.009s] Invoking command in '/home/men3m/Naima/build/zed_robot_integration': AMENT_PREFIX_PATH=/home/men3m/Naima/install/zed_wrapper:/home/men3m/Naima/install/zed_components:${AMENT_PREFIX_PATH} CMAKE_PREFIX_PATH=/home/men3m/Naima/install/zed_wrapper:/home/men3m/Naima/install/zed_components:/opt/ros/humble LD_LIBRARY_PATH=/home/men3m/Naima/install/zed_components/lib:/usr/lib/x86_64-linux-gnu/gazebo-11/plugins:/opt/ros/humble/opt/rviz_ogre_vendor/lib:/opt/ros/humble/lib/x86_64-linux-gnu:/opt/ros/humble/lib:/usr/local/cuda-12.4.0/lib64:/usr/local/cuda-12.4.0/lib64 /usr/bin/cmake /home/men3m/Naima/src/zed-ros2-examples/tutorials/zed_robot_integration -DCMAKE_INSTALL_PREFIX=/home/men3m/Naima/install/zed_robot_integration
[0.061s] -- The C compiler identification is GNU 11.4.0
[0.113s] -- The CXX compiler identification is GNU 11.4.0
[0.120s] -- Detecting C compiler ABI info
[0.185s] -- Detecting C compiler ABI info - done
[0.192s] -- Check for working C compiler: /usr/bin/cc - skipped
[0.192s] -- Detecting C compile features
[0.192s] -- Detecting C compile features - done
[0.195s] -- Detecting CXX compiler ABI info
[0.270s] -- Detecting CXX compiler ABI info - done
[0.277s] -- Check for working CXX compiler: /usr/bin/c++ - skipped
[0.277s] -- Detecting CXX compile features
[0.278s] -- Detecting CXX compile features - done
[0.281s] -- Found ament_cmake: 1.3.11 (/opt/ros/humble/share/ament_cmake/cmake)
[0.409s] -- Found Python3: /usr/bin/python3 (found version "3.10.12") found components: Interpreter 
[0.553s] -- Configuring done
[0.556s] -- Generating done
[0.558s] -- Build files have been written to: /home/men3m/Naima/build/zed_robot_integration
[0.562s] Invoked command in '/home/men3m/Naima/build/zed_robot_integration' returned '0': AMENT_PREFIX_PATH=/home/men3m/Naima/install/zed_wrapper:/home/men3m/Naima/install/zed_components:${AMENT_PREFIX_PATH} CMAKE_PREFIX_PATH=/home/men3m/Naima/install/zed_wrapper:/home/men3m/Naima/install/zed_components:/opt/ros/humble LD_LIBRARY_PATH=/home/men3m/Naima/install/zed_components/lib:/usr/lib/x86_64-linux-gnu/gazebo-11/plugins:/opt/ros/humble/opt/rviz_ogre_vendor/lib:/opt/ros/humble/lib/x86_64-linux-gnu:/opt/ros/humble/lib:/usr/local/cuda-12.4.0/lib64:/usr/local/cuda-12.4.0/lib64 /usr/bin/cmake /home/men3m/Naima/src/zed-ros2-examples/tutorials/zed_robot_integration -DCMAKE_INSTALL_PREFIX=/home/men3m/Naima/install/zed_robot_integration
[0.564s] Invoking command in '/home/men3m/Naima/build/zed_robot_integration': AMENT_PREFIX_PATH=/home/men3m/Naima/install/zed_wrapper:/home/men3m/Naima/install/zed_components:${AMENT_PREFIX_PATH} CMAKE_PREFIX_PATH=/home/men3m/Naima/install/zed_wrapper:/home/men3m/Naima/install/zed_components:/opt/ros/humble LD_LIBRARY_PATH=/home/men3m/Naima/install/zed_components/lib:/usr/lib/x86_64-linux-gnu/gazebo-11/plugins:/opt/ros/humble/opt/rviz_ogre_vendor/lib:/opt/ros/humble/lib/x86_64-linux-gnu:/opt/ros/humble/lib:/usr/local/cuda-12.4.0/lib64:/usr/local/cuda-12.4.0/lib64 /usr/bin/cmake --build /home/men3m/Naima/build/zed_robot_integration -- -j16 -l16
[0.597s] Invoked command in '/home/men3m/Naima/build/zed_robot_integration' returned '0': AMENT_PREFIX_PATH=/home/men3m/Naima/install/zed_wrapper:/home/men3m/Naima/install/zed_components:${AMENT_PREFIX_PATH} CMAKE_PREFIX_PATH=/home/men3m/Naima/install/zed_wrapper:/home/men3m/Naima/install/zed_components:/opt/ros/humble LD_LIBRARY_PATH=/home/men3m/Naima/install/zed_components/lib:/usr/lib/x86_64-linux-gnu/gazebo-11/plugins:/opt/ros/humble/opt/rviz_ogre_vendor/lib:/opt/ros/humble/lib/x86_64-linux-gnu:/opt/ros/humble/lib:/usr/local/cuda-12.4.0/lib64:/usr/local/cuda-12.4.0/lib64 /usr/bin/cmake --build /home/men3m/Naima/build/zed_robot_integration -- -j16 -l16
[0.599s] Invoking command in '/home/men3m/Naima/build/zed_robot_integration': AMENT_PREFIX_PATH=/home/men3m/Naima/install/zed_wrapper:/home/men3m/Naima/install/zed_components:${AMENT_PREFIX_PATH} CMAKE_PREFIX_PATH=/home/men3m/Naima/install/zed_wrapper:/home/men3m/Naima/install/zed_components:/opt/ros/humble LD_LIBRARY_PATH=/home/men3m/Naima/install/zed_components/lib:/usr/lib/x86_64-linux-gnu/gazebo-11/plugins:/opt/ros/humble/opt/rviz_ogre_vendor/lib:/opt/ros/humble/lib/x86_64-linux-gnu:/opt/ros/humble/lib:/usr/local/cuda-12.4.0/lib64:/usr/local/cuda-12.4.0/lib64 /usr/bin/cmake --install /home/men3m/Naima/build/zed_robot_integration
[0.605s] -- Install configuration: ""
[0.605s] -- Installing: /home/men3m/Naima/install/zed_robot_integration/share/zed_robot_integration//launch
[0.605s] -- Installing: /home/men3m/Naima/install/zed_robot_integration/share/zed_robot_integration//launch/view_dual_zed.launch.py
[0.605s] -- Installing: /home/men3m/Naima/install/zed_robot_integration/share/zed_robot_integration//launch/view_mono_zed.launch.py
[0.605s] -- Installing: /home/men3m/Naima/install/zed_robot_integration/share/zed_robot_integration//urdf
[0.605s] -- Installing: /home/men3m/Naima/install/zed_robot_integration/share/zed_robot_integration//urdf/zed_robot_dual.urdf.xacro
[0.605s] -- Installing: /home/men3m/Naima/install/zed_robot_integration/share/zed_robot_integration//urdf/zed_robot_mono.urdf.xacro
[0.605s] -- Installing: /home/men3m/Naima/install/zed_robot_integration/share/zed_robot_integration//rviz2
[0.606s] -- Installing: /home/men3m/Naima/install/zed_robot_integration/share/zed_robot_integration//rviz2/view_config.rviz
[0.606s] -- Installing: /home/men3m/Naima/install/zed_robot_integration/share/ament_index/resource_index/package_run_dependencies/zed_robot_integration
[0.606s] -- Installing: /home/men3m/Naima/install/zed_robot_integration/share/ament_index/resource_index/parent_prefix_path/zed_robot_integration
[0.606s] -- Installing: /home/men3m/Naima/install/zed_robot_integration/share/zed_robot_integration/environment/ament_prefix_path.sh
[0.606s] -- Installing: /home/men3m/Naima/install/zed_robot_integration/share/zed_robot_integration/environment/ament_prefix_path.dsv
[0.607s] -- Installing: /home/men3m/Naima/install/zed_robot_integration/share/zed_robot_integration/environment/path.sh
[0.607s] -- Installing: /home/men3m/Naima/install/zed_robot_integration/share/zed_robot_integration/environment/path.dsv
[0.607s] -- Installing: /home/men3m/Naima/install/zed_robot_integration/share/zed_robot_integration/local_setup.bash
[0.607s] -- Installing: /home/men3m/Naima/install/zed_robot_integration/share/zed_robot_integration/local_setup.sh
[0.607s] -- Installing: /home/men3m/Naima/install/zed_robot_integration/share/zed_robot_integration/local_setup.zsh
[0.607s] -- Installing: /home/men3m/Naima/install/zed_robot_integration/share/zed_robot_integration/local_setup.dsv
[0.608s] -- Installing: /home/men3m/Naima/install/zed_robot_integration/share/zed_robot_integration/package.dsv
[0.608s] -- Installing: /home/men3m/Naima/install/zed_robot_integration/share/ament_index/resource_index/packages/zed_robot_integration
[0.608s] -- Installing: /home/men3m/Naima/install/zed_robot_integration/share/zed_robot_integration/cmake/zed_robot_integrationConfig.cmake
[0.608s] -- Installing: /home/men3m/Naima/install/zed_robot_integration/share/zed_robot_integration/cmake/zed_robot_integrationConfig-version.cmake
[0.608s] -- Installing: /home/men3m/Naima/install/zed_robot_integration/share/zed_robot_integration/package.xml
[0.610s] Invoked command in '/home/men3m/Naima/build/zed_robot_integration' returned '0': AMENT_PREFIX_PATH=/home/men3m/Naima/install/zed_wrapper:/home/men3m/Naima/install/zed_components:${AMENT_PREFIX_PATH} CMAKE_PREFIX_PATH=/home/men3m/Naima/install/zed_wrapper:/home/men3m/Naima/install/zed_components:/opt/ros/humble LD_LIBRARY_PATH=/home/men3m/Naima/install/zed_components/lib:/usr/lib/x86_64-linux-gnu/gazebo-11/plugins:/opt/ros/humble/opt/rviz_ogre_vendor/lib:/opt/ros/humble/lib/x86_64-linux-gnu:/opt/ros/humble/lib:/usr/local/cuda-12.4.0/lib64:/usr/local/cuda-12.4.0/lib64 /usr/bin/cmake --install /home/men3m/Naima/build/zed_robot_integration
