[0.076s] Invoking command in '/home/men3m/Naima/build/zed_components': CMAKE_PREFIX_PATH=${CMAKE_PREFIX_PATH}:/home/men3m/Naima/install/naima_bringup:/home/men3m/Naima/install/naima:/opt/ros/humble /usr/bin/cmake --build /home/men3m/Naima/build/zed_components -- -j16 -l16
[0.614s] [ 50%] Built target zed_camera_one_component
[0.615s] [100%] Built target zed_camera_component
[0.649s] Invoked command in '/home/men3m/Naima/build/zed_components' returned '0': CMAKE_PREFIX_PATH=${CMAKE_PREFIX_PATH}:/home/men3m/Naima/install/naima_bringup:/home/men3m/Naima/install/naima:/opt/ros/humble /usr/bin/cmake --build /home/men3m/Naima/build/zed_components -- -j16 -l16
[0.651s] Invoking command in '/home/men3m/Naima/build/zed_components': CMAKE_PREFIX_PATH=${CMAKE_PREFIX_PATH}:/home/men3m/Naima/install/naima_bringup:/home/men3m/Naima/install/naima:/opt/ros/humble /usr/bin/cmake --install /home/men3m/Naima/build/zed_components
[0.704s] -- Install configuration: "Release"
[0.705s] -- Up-to-date: /home/men3m/Naima/install/zed_components/lib/libzed_camera_component.so
[0.705s] -- Up-to-date: /home/men3m/Naima/install/zed_components/lib/libzed_camera_one_component.so
[0.705s] -- Up-to-date: /home/men3m/Naima/install/zed_components/include/zed_components/
[0.706s] -- Up-to-date: /home/men3m/Naima/install/zed_components/include/zed_components//cost_traversability.hpp
[0.706s] -- Up-to-date: /home/men3m/Naima/install/zed_components/include/zed_components//zed_camera_one_component.hpp
[0.706s] -- Up-to-date: /home/men3m/Naima/install/zed_components/include/zed_components//zed_camera_component.hpp
[0.706s] -- Up-to-date: /home/men3m/Naima/install/zed_components/include/zed_components//sl_types.hpp
[0.706s] -- Up-to-date: /home/men3m/Naima/install/zed_components/include/zed_components/
[0.706s] -- Up-to-date: /home/men3m/Naima/install/zed_components/include/zed_components//sl_logging.hpp
[0.706s] -- Up-to-date: /home/men3m/Naima/install/zed_components/include/zed_components//gnss_replay.hpp
[0.706s] -- Up-to-date: /home/men3m/Naima/install/zed_components/include/zed_components//sl_win_avg.hpp
[0.707s] -- Up-to-date: /home/men3m/Naima/install/zed_components/include/zed_components//sl_tools.hpp
[0.707s] -- Up-to-date: /home/men3m/Naima/install/zed_components/include/zed_components//json.hpp
[0.707s] -- Up-to-date: /home/men3m/Naima/install/zed_components/include/zed_components/
[0.707s] -- Up-to-date: /home/men3m/Naima/install/zed_components/include/zed_components//visibility_control.hpp
[0.707s] -- Up-to-date: /home/men3m/Naima/install/zed_components/share/zed_components/environment/library_path.sh
[0.707s] -- Up-to-date: /home/men3m/Naima/install/zed_components/share/zed_components/environment/library_path.dsv
[0.707s] -- Up-to-date: /home/men3m/Naima/install/zed_components/share/ament_index/resource_index/package_run_dependencies/zed_components
[0.707s] -- Up-to-date: /home/men3m/Naima/install/zed_components/share/ament_index/resource_index/parent_prefix_path/zed_components
[0.708s] -- Up-to-date: /home/men3m/Naima/install/zed_components/share/zed_components/environment/ament_prefix_path.sh
[0.708s] -- Up-to-date: /home/men3m/Naima/install/zed_components/share/zed_components/environment/ament_prefix_path.dsv
[0.708s] -- Up-to-date: /home/men3m/Naima/install/zed_components/share/zed_components/environment/path.sh
[0.708s] -- Up-to-date: /home/men3m/Naima/install/zed_components/share/zed_components/environment/path.dsv
[0.708s] -- Up-to-date: /home/men3m/Naima/install/zed_components/share/zed_components/local_setup.bash
[0.709s] -- Up-to-date: /home/men3m/Naima/install/zed_components/share/zed_components/local_setup.sh
[0.710s] -- Up-to-date: /home/men3m/Naima/install/zed_components/share/zed_components/local_setup.zsh
[0.710s] -- Up-to-date: /home/men3m/Naima/install/zed_components/share/zed_components/local_setup.dsv
[0.711s] -- Installing: /home/men3m/Naima/install/zed_components/share/zed_components/package.dsv
[0.711s] -- Up-to-date: /home/men3m/Naima/install/zed_components/share/ament_index/resource_index/packages/zed_components
[0.711s] -- Up-to-date: /home/men3m/Naima/install/zed_components/share/ament_index/resource_index/rclcpp_components/zed_components
[0.712s] -- Up-to-date: /home/men3m/Naima/install/zed_components/share/zed_components/cmake/ament_cmake_export_include_directories-extras.cmake
[0.712s] -- Up-to-date: /home/men3m/Naima/install/zed_components/share/zed_components/cmake/ament_cmake_export_libraries-extras.cmake
[0.712s] -- Up-to-date: /home/men3m/Naima/install/zed_components/share/zed_components/cmake/ament_cmake_export_dependencies-extras.cmake
[0.712s] -- Up-to-date: /home/men3m/Naima/install/zed_components/share/zed_components/cmake/zed_componentsConfig.cmake
[0.712s] -- Up-to-date: /home/men3m/Naima/install/zed_components/share/zed_components/cmake/zed_componentsConfig-version.cmake
[0.712s] -- Up-to-date: /home/men3m/Naima/install/zed_components/share/zed_components/package.xml
[0.742s] Invoked command in '/home/men3m/Naima/build/zed_components' returned '0': CMAKE_PREFIX_PATH=${CMAKE_PREFIX_PATH}:/home/men3m/Naima/install/naima_bringup:/home/men3m/Naima/install/naima:/opt/ros/humble /usr/bin/cmake --install /home/men3m/Naima/build/zed_components
