[0.006s] Invoking command in '/home/men3m/Naima/build/naima_msgs': CMAKE_PREFIX_PATH=/opt/ros/humble /usr/bin/cmake /home/men3m/Naima/src/naima_msgs -DCMAKE_INSTALL_PREFIX=/home/men3m/Naima/install/naima_msgs
[0.058s] -- The C compiler identification is GNU 11.4.0
[0.110s] -- The CXX compiler identification is GNU 11.4.0
[0.118s] -- Detecting C compiler ABI info
[0.181s] -- Detecting C compiler ABI info - done
[0.188s] -- Check for working C compiler: /usr/bin/cc - skipped
[0.188s] -- Detecting C compile features
[0.188s] -- Detecting C compile features - done
[0.191s] -- Detecting CXX compiler ABI info
[0.266s] -- Detecting CXX compiler ABI info - done
[0.273s] -- Check for working CXX compiler: /usr/bin/c++ - skipped
[0.274s] -- Detecting CXX compile features
[0.274s] -- Detecting CXX compile features - done
[0.277s] -- Found ament_cmake: 1.3.11 (/opt/ros/humble/share/ament_cmake/cmake)
[0.399s] -- Found Python3: /usr/bin/python3 (found version "3.10.12") found components: Interpreter 
[0.482s] -- Found geometry_msgs: 4.8.0 (/opt/ros/humble/share/geometry_msgs/cmake)
[0.526s] -- Found rosidl_generator_c: 3.1.6 (/opt/ros/humble/share/rosidl_generator_c/cmake)
[0.532s] -- Found rosidl_adapter: 3.1.6 (/opt/ros/humble/share/rosidl_adapter/cmake)
[0.540s] -- Found rosidl_generator_cpp: 3.1.6 (/opt/ros/humble/share/rosidl_generator_cpp/cmake)
[0.550s] -- Using all available rosidl_typesupport_c: rosidl_typesupport_fastrtps_c;rosidl_typesupport_introspection_c
[0.564s] -- Using all available rosidl_typesupport_cpp: rosidl_typesupport_fastrtps_cpp;rosidl_typesupport_introspection_cpp
[0.596s] -- Found rosidl_default_generators: 1.2.0 (/opt/ros/humble/share/rosidl_default_generators/cmake)
[0.870s] -- Found ament_cmake_ros: 0.10.0 (/opt/ros/humble/share/ament_cmake_ros/cmake)
[1.222s] -- Using all available rosidl_typesupport_c: rosidl_typesupport_fastrtps_c;rosidl_typesupport_introspection_c
[1.367s] -- Using all available rosidl_typesupport_cpp: rosidl_typesupport_fastrtps_cpp;rosidl_typesupport_introspection_cpp
[1.387s] -- Found PythonInterp: /usr/bin/python3 (found suitable version "3.10.12", minimum required is "3.6") 
[1.389s] -- Found python_cmake_module: 0.10.0 (/opt/ros/humble/share/python_cmake_module/cmake)
[1.413s] -- Found PythonLibs: /usr/lib/x86_64-linux-gnu/libpython3.10.so (found suitable version "3.10.12", minimum required is "3.5") 
[1.413s] -- Using PYTHON_EXECUTABLE: /usr/bin/python3
[1.413s] -- Using PYTHON_INCLUDE_DIRS: /usr/include/python3.10
[1.413s] -- Using PYTHON_LIBRARIES: /usr/lib/x86_64-linux-gnu/libpython3.10.so
[1.432s] -- Found PythonExtra: .so  
[1.489s] -- Configuring done
[1.522s] -- Generating done
[1.532s] -- Build files have been written to: /home/men3m/Naima/build/naima_msgs
[1.541s] Invoked command in '/home/men3m/Naima/build/naima_msgs' returned '0': CMAKE_PREFIX_PATH=/opt/ros/humble /usr/bin/cmake /home/men3m/Naima/src/naima_msgs -DCMAKE_INSTALL_PREFIX=/home/men3m/Naima/install/naima_msgs
[1.543s] Invoking command in '/home/men3m/Naima/build/naima_msgs': CMAKE_PREFIX_PATH=/opt/ros/humble /usr/bin/cmake --build /home/men3m/Naima/build/naima_msgs -- -j16 -l16
[1.582s] [  2%] [34m[1mGenerating C code for ROS interfaces[0m
[1.591s] [  4%] [34m[1mGenerating C++ code for ROS interfaces[0m
[1.600s] [  4%] Built target ament_cmake_python_copy_naima_msgs
[1.831s] running egg_info
[1.832s] creating naima_msgs.egg-info
[1.832s] writing naima_msgs.egg-info/PKG-INFO
[1.832s] writing dependency_links to naima_msgs.egg-info/dependency_links.txt
[1.832s] writing top-level names to naima_msgs.egg-info/top_level.txt
[1.832s] writing manifest file 'naima_msgs.egg-info/SOURCES.txt'
[1.834s] reading manifest file 'naima_msgs.egg-info/SOURCES.txt'
[1.834s] writing manifest file 'naima_msgs.egg-info/SOURCES.txt'
[1.856s] [  4%] Built target ament_cmake_python_build_naima_msgs_egg
[2.069s] [  4%] Built target naima_msgs__cpp
[2.077s] [  6%] [34m[1mGenerating C++ type support dispatch for ROS interfaces[0m
[2.078s] [ 10%] [34m[1mGenerating C++ introspection for ROS interfaces[0m
[2.078s] [ 10%] [34m[1mGenerating C++ type support for eProsima Fast-RTPS[0m
[2.087s] [ 14%] [32mBuilding C object CMakeFiles/naima_msgs__rosidl_generator_c.dir/rosidl_generator_c/naima_msgs/srv/detail/add_two_ints__functions.c.o[0m
[2.087s] [ 14%] [32mBuilding C object CMakeFiles/naima_msgs__rosidl_generator_c.dir/rosidl_generator_c/naima_msgs/srv/detail/get_transform__functions.c.o[0m
[2.087s] [ 17%] [32mBuilding C object CMakeFiles/naima_msgs__rosidl_generator_c.dir/rosidl_generator_c/naima_msgs/action/detail/fibonacci__functions.c.o[0m
[2.190s] [ 19%] [32m[1mLinking C shared library libnaima_msgs__rosidl_generator_c.so[0m
[2.226s] [ 19%] Built target naima_msgs__rosidl_generator_c
[2.235s] [ 25%] [34m[1mGenerating C type support for eProsima Fast-RTPS[0m
[2.235s] [ 25%] [34m[1mGenerating C type support dispatch for ROS interfaces[0m
[2.235s] [ 25%] [34m[1mGenerating C introspection for ROS interfaces[0m
[2.403s] [ 27%] [32mBuilding CXX object CMakeFiles/naima_msgs__rosidl_typesupport_cpp.dir/rosidl_typesupport_cpp/naima_msgs/srv/get_transform__type_support.cpp.o[0m
[2.403s] [ 29%] [32mBuilding CXX object CMakeFiles/naima_msgs__rosidl_typesupport_cpp.dir/rosidl_typesupport_cpp/naima_msgs/srv/add_two_ints__type_support.cpp.o[0m
[2.404s] [ 31%] [32mBuilding CXX object CMakeFiles/naima_msgs__rosidl_typesupport_cpp.dir/rosidl_typesupport_cpp/naima_msgs/action/fibonacci__type_support.cpp.o[0m
[2.486s] [ 38%] [32mBuilding CXX object CMakeFiles/naima_msgs__rosidl_typesupport_introspection_cpp.dir/rosidl_typesupport_introspection_cpp/naima_msgs/action/detail/fibonacci__type_support.cpp.o[0m
[2.486s] [ 38%] [32mBuilding CXX object CMakeFiles/naima_msgs__rosidl_typesupport_introspection_cpp.dir/rosidl_typesupport_introspection_cpp/naima_msgs/srv/detail/add_two_ints__type_support.cpp.o[0m
[2.486s] [ 38%] [32mBuilding CXX object CMakeFiles/naima_msgs__rosidl_typesupport_introspection_cpp.dir/rosidl_typesupport_introspection_cpp/naima_msgs/srv/detail/get_transform__type_support.cpp.o[0m
[2.548s] [ 44%] [32mBuilding CXX object CMakeFiles/naima_msgs__rosidl_typesupport_fastrtps_cpp.dir/rosidl_typesupport_fastrtps_cpp/naima_msgs/srv/detail/dds_fastrtps/add_two_ints__type_support.cpp.o[0m
[2.548s] [ 44%] [32mBuilding CXX object CMakeFiles/naima_msgs__rosidl_typesupport_fastrtps_cpp.dir/rosidl_typesupport_fastrtps_cpp/naima_msgs/action/detail/dds_fastrtps/fibonacci__type_support.cpp.o[0m
[2.548s] [ 44%] [32mBuilding CXX object CMakeFiles/naima_msgs__rosidl_typesupport_fastrtps_cpp.dir/rosidl_typesupport_fastrtps_cpp/naima_msgs/srv/detail/dds_fastrtps/get_transform__type_support.cpp.o[0m
[2.584s] [ 46%] [32mBuilding CXX object CMakeFiles/naima_msgs__rosidl_typesupport_c.dir/rosidl_typesupport_c/naima_msgs/action/fibonacci__type_support.cpp.o[0m
[2.584s] [ 48%] [32mBuilding CXX object CMakeFiles/naima_msgs__rosidl_typesupport_c.dir/rosidl_typesupport_c/naima_msgs/srv/add_two_ints__type_support.cpp.o[0m
[2.584s] [ 51%] [32mBuilding CXX object CMakeFiles/naima_msgs__rosidl_typesupport_c.dir/rosidl_typesupport_c/naima_msgs/srv/get_transform__type_support.cpp.o[0m
[2.655s] [ 53%] [32m[1mLinking CXX shared library libnaima_msgs__rosidl_typesupport_c.so[0m
[2.705s] [ 53%] Built target naima_msgs__rosidl_typesupport_c
[2.727s] [ 57%] [32mBuilding CXX object CMakeFiles/naima_msgs__rosidl_typesupport_fastrtps_c.dir/rosidl_typesupport_fastrtps_c/naima_msgs/srv/detail/get_transform__type_support_c.cpp.o[0m
[2.727s] [ 57%] [32mBuilding CXX object CMakeFiles/naima_msgs__rosidl_typesupport_fastrtps_c.dir/rosidl_typesupport_fastrtps_c/naima_msgs/srv/detail/add_two_ints__type_support_c.cpp.o[0m
[2.729s] [ 59%] [32mBuilding CXX object CMakeFiles/naima_msgs__rosidl_typesupport_fastrtps_c.dir/rosidl_typesupport_fastrtps_c/naima_msgs/action/detail/fibonacci__type_support_c.cpp.o[0m
[2.795s] [ 65%] [32mBuilding C object CMakeFiles/naima_msgs__rosidl_typesupport_introspection_c.dir/rosidl_typesupport_introspection_c/naima_msgs/srv/detail/get_transform__type_support.c.o[0m
[2.795s] [ 65%] [32mBuilding C object CMakeFiles/naima_msgs__rosidl_typesupport_introspection_c.dir/rosidl_typesupport_introspection_c/naima_msgs/srv/detail/add_two_ints__type_support.c.o[0m
[2.795s] [ 65%] [32mBuilding C object CMakeFiles/naima_msgs__rosidl_typesupport_introspection_c.dir/rosidl_typesupport_introspection_c/naima_msgs/action/detail/fibonacci__type_support.c.o[0m
[2.870s] [ 68%] [32m[1mLinking C shared library libnaima_msgs__rosidl_typesupport_introspection_c.so[0m
[2.918s] [ 68%] Built target naima_msgs__rosidl_typesupport_introspection_c
[2.941s] [ 70%] [32m[1mLinking CXX shared library libnaima_msgs__rosidl_typesupport_cpp.so[0m
[2.980s] [ 70%] Built target naima_msgs__rosidl_typesupport_cpp
[3.102s] [ 72%] [32m[1mLinking CXX shared library libnaima_msgs__rosidl_typesupport_introspection_cpp.so[0m
[3.131s] [ 74%] [32m[1mLinking CXX shared library libnaima_msgs__rosidl_typesupport_fastrtps_cpp.so[0m
[3.152s] [ 76%] [32m[1mLinking CXX shared library libnaima_msgs__rosidl_typesupport_fastrtps_c.so[0m
[3.166s] [ 76%] Built target naima_msgs__rosidl_typesupport_introspection_cpp
[3.196s] [ 76%] Built target naima_msgs__rosidl_typesupport_fastrtps_cpp
[3.215s] [ 76%] Built target naima_msgs__rosidl_typesupport_fastrtps_c
[3.232s] [ 76%] Built target naima_msgs
[3.250s] [ 78%] [34m[1mGenerating Python code for ROS interfaces[0m
[4.043s] [ 78%] Built target naima_msgs__py
[4.061s] [ 82%] [32mBuilding C object CMakeFiles/naima_msgs__rosidl_generator_py.dir/rosidl_generator_py/naima_msgs/action/_fibonacci_s.c.o[0m
[4.061s] [ 82%] [32mBuilding C object CMakeFiles/naima_msgs__rosidl_generator_py.dir/rosidl_generator_py/naima_msgs/srv/_add_two_ints_s.c.o[0m
[4.062s] [ 85%] [32mBuilding C object CMakeFiles/naima_msgs__rosidl_generator_py.dir/rosidl_generator_py/naima_msgs/srv/_get_transform_s.c.o[0m
[4.180s] [ 87%] [32m[1mLinking C shared library rosidl_generator_py/naima_msgs/libnaima_msgs__rosidl_generator_py.so[0m
[4.221s] [ 87%] Built target naima_msgs__rosidl_generator_py
[4.239s] [ 93%] [32mBuilding C object CMakeFiles/naima_msgs__rosidl_typesupport_introspection_c__pyext.dir/rosidl_generator_py/naima_msgs/_naima_msgs_s.ep.rosidl_typesupport_introspection_c.c.o[0m
[4.239s] [ 93%] [32mBuilding C object CMakeFiles/naima_msgs__rosidl_typesupport_c__pyext.dir/rosidl_generator_py/naima_msgs/_naima_msgs_s.ep.rosidl_typesupport_c.c.o[0m
[4.239s] [ 93%] [32mBuilding C object CMakeFiles/naima_msgs__rosidl_typesupport_fastrtps_c__pyext.dir/rosidl_generator_py/naima_msgs/_naima_msgs_s.ep.rosidl_typesupport_fastrtps_c.c.o[0m
[4.350s] [ 97%] [32m[1mLinking C shared library rosidl_generator_py/naima_msgs/naima_msgs_s__rosidl_typesupport_fastrtps_c.cpython-310-x86_64-linux-gnu.so[0m
[4.350s] [ 97%] [32m[1mLinking C shared library rosidl_generator_py/naima_msgs/naima_msgs_s__rosidl_typesupport_c.cpython-310-x86_64-linux-gnu.so[0m
[4.364s] [100%] [32m[1mLinking C shared library rosidl_generator_py/naima_msgs/naima_msgs_s__rosidl_typesupport_introspection_c.cpython-310-x86_64-linux-gnu.so[0m
[4.389s] [100%] Built target naima_msgs__rosidl_typesupport_fastrtps_c__pyext
[4.390s] [100%] Built target naima_msgs__rosidl_typesupport_c__pyext
[4.405s] [100%] Built target naima_msgs__rosidl_typesupport_introspection_c__pyext
[4.416s] Invoked command in '/home/men3m/Naima/build/naima_msgs' returned '0': CMAKE_PREFIX_PATH=/opt/ros/humble /usr/bin/cmake --build /home/men3m/Naima/build/naima_msgs -- -j16 -l16
[4.417s] Invoking command in '/home/men3m/Naima/build/naima_msgs': CMAKE_PREFIX_PATH=/opt/ros/humble /usr/bin/cmake --install /home/men3m/Naima/build/naima_msgs
[4.424s] -- Install configuration: ""
[4.424s] -- Installing: /home/men3m/Naima/install/naima_msgs/share/ament_index/resource_index/rosidl_interfaces/naima_msgs
[4.424s] -- Installing: /home/men3m/Naima/install/naima_msgs/include/naima_msgs/naima_msgs
[4.424s] -- Installing: /home/men3m/Naima/install/naima_msgs/include/naima_msgs/naima_msgs/action
[4.425s] -- Installing: /home/men3m/Naima/install/naima_msgs/include/naima_msgs/naima_msgs/action/fibonacci.h
[4.425s] -- Installing: /home/men3m/Naima/install/naima_msgs/include/naima_msgs/naima_msgs/action/detail
[4.425s] -- Installing: /home/men3m/Naima/install/naima_msgs/include/naima_msgs/naima_msgs/action/detail/fibonacci__type_support.h
[4.425s] -- Installing: /home/men3m/Naima/install/naima_msgs/include/naima_msgs/naima_msgs/action/detail/fibonacci__struct.h
[4.425s] -- Installing: /home/men3m/Naima/install/naima_msgs/include/naima_msgs/naima_msgs/action/detail/fibonacci__functions.c
[4.425s] -- Installing: /home/men3m/Naima/install/naima_msgs/include/naima_msgs/naima_msgs/action/detail/fibonacci__functions.h
[4.425s] -- Installing: /home/men3m/Naima/install/naima_msgs/include/naima_msgs/naima_msgs/msg
[4.425s] -- Installing: /home/men3m/Naima/install/naima_msgs/include/naima_msgs/naima_msgs/msg/rosidl_generator_c__visibility_control.h
[4.425s] -- Installing: /home/men3m/Naima/install/naima_msgs/include/naima_msgs/naima_msgs/srv
[4.426s] -- Installing: /home/men3m/Naima/install/naima_msgs/include/naima_msgs/naima_msgs/srv/detail
[4.426s] -- Installing: /home/men3m/Naima/install/naima_msgs/include/naima_msgs/naima_msgs/srv/detail/add_two_ints__functions.h
[4.426s] -- Installing: /home/men3m/Naima/install/naima_msgs/include/naima_msgs/naima_msgs/srv/detail/get_transform__struct.h
[4.426s] -- Installing: /home/men3m/Naima/install/naima_msgs/include/naima_msgs/naima_msgs/srv/detail/get_transform__type_support.h
[4.426s] -- Installing: /home/men3m/Naima/install/naima_msgs/include/naima_msgs/naima_msgs/srv/detail/get_transform__functions.c
[4.426s] -- Installing: /home/men3m/Naima/install/naima_msgs/include/naima_msgs/naima_msgs/srv/detail/add_two_ints__type_support.h
[4.426s] -- Installing: /home/men3m/Naima/install/naima_msgs/include/naima_msgs/naima_msgs/srv/detail/add_two_ints__functions.c
[4.426s] -- Installing: /home/men3m/Naima/install/naima_msgs/include/naima_msgs/naima_msgs/srv/detail/add_two_ints__struct.h
[4.426s] -- Installing: /home/men3m/Naima/install/naima_msgs/include/naima_msgs/naima_msgs/srv/detail/get_transform__functions.h
[4.427s] -- Installing: /home/men3m/Naima/install/naima_msgs/include/naima_msgs/naima_msgs/srv/add_two_ints.h
[4.427s] -- Installing: /home/men3m/Naima/install/naima_msgs/include/naima_msgs/naima_msgs/srv/get_transform.h
[4.427s] -- Installing: /home/men3m/Naima/install/naima_msgs/share/naima_msgs/environment/library_path.sh
[4.427s] -- Installing: /home/men3m/Naima/install/naima_msgs/share/naima_msgs/environment/library_path.dsv
[4.427s] -- Installing: /home/men3m/Naima/install/naima_msgs/lib/libnaima_msgs__rosidl_generator_c.so
[4.428s] -- Set runtime path of "/home/men3m/Naima/install/naima_msgs/lib/libnaima_msgs__rosidl_generator_c.so" to ""
[4.428s] -- Up-to-date: /home/men3m/Naima/install/naima_msgs/include/naima_msgs/naima_msgs
[4.428s] -- Up-to-date: /home/men3m/Naima/install/naima_msgs/include/naima_msgs/naima_msgs/action
[4.428s] -- Up-to-date: /home/men3m/Naima/install/naima_msgs/include/naima_msgs/naima_msgs/action/detail
[4.428s] -- Installing: /home/men3m/Naima/install/naima_msgs/include/naima_msgs/naima_msgs/action/detail/fibonacci__rosidl_typesupport_fastrtps_c.h
[4.428s] -- Up-to-date: /home/men3m/Naima/install/naima_msgs/include/naima_msgs/naima_msgs/msg
[4.428s] -- Installing: /home/men3m/Naima/install/naima_msgs/include/naima_msgs/naima_msgs/msg/rosidl_typesupport_fastrtps_c__visibility_control.h
[4.428s] -- Up-to-date: /home/men3m/Naima/install/naima_msgs/include/naima_msgs/naima_msgs/srv
[4.428s] -- Up-to-date: /home/men3m/Naima/install/naima_msgs/include/naima_msgs/naima_msgs/srv/detail
[4.428s] -- Installing: /home/men3m/Naima/install/naima_msgs/include/naima_msgs/naima_msgs/srv/detail/get_transform__rosidl_typesupport_fastrtps_c.h
[4.428s] -- Installing: /home/men3m/Naima/install/naima_msgs/include/naima_msgs/naima_msgs/srv/detail/add_two_ints__rosidl_typesupport_fastrtps_c.h
[4.428s] -- Installing: /home/men3m/Naima/install/naima_msgs/lib/libnaima_msgs__rosidl_typesupport_fastrtps_c.so
[4.429s] -- Set runtime path of "/home/men3m/Naima/install/naima_msgs/lib/libnaima_msgs__rosidl_typesupport_fastrtps_c.so" to ""
[4.429s] -- Up-to-date: /home/men3m/Naima/install/naima_msgs/include/naima_msgs/naima_msgs
[4.429s] -- Up-to-date: /home/men3m/Naima/install/naima_msgs/include/naima_msgs/naima_msgs/action
[4.429s] -- Up-to-date: /home/men3m/Naima/install/naima_msgs/include/naima_msgs/naima_msgs/action/detail
[4.429s] -- Installing: /home/men3m/Naima/install/naima_msgs/include/naima_msgs/naima_msgs/action/detail/fibonacci__traits.hpp
[4.429s] -- Installing: /home/men3m/Naima/install/naima_msgs/include/naima_msgs/naima_msgs/action/detail/fibonacci__type_support.hpp
[4.429s] -- Installing: /home/men3m/Naima/install/naima_msgs/include/naima_msgs/naima_msgs/action/detail/fibonacci__struct.hpp
[4.429s] -- Installing: /home/men3m/Naima/install/naima_msgs/include/naima_msgs/naima_msgs/action/detail/fibonacci__builder.hpp
[4.429s] -- Installing: /home/men3m/Naima/install/naima_msgs/include/naima_msgs/naima_msgs/action/fibonacci.hpp
[4.429s] -- Up-to-date: /home/men3m/Naima/install/naima_msgs/include/naima_msgs/naima_msgs/msg
[4.429s] -- Installing: /home/men3m/Naima/install/naima_msgs/include/naima_msgs/naima_msgs/msg/rosidl_generator_cpp__visibility_control.hpp
[4.430s] -- Up-to-date: /home/men3m/Naima/install/naima_msgs/include/naima_msgs/naima_msgs/srv
[4.430s] -- Installing: /home/men3m/Naima/install/naima_msgs/include/naima_msgs/naima_msgs/srv/get_transform.hpp
[4.430s] -- Up-to-date: /home/men3m/Naima/install/naima_msgs/include/naima_msgs/naima_msgs/srv/detail
[4.430s] -- Installing: /home/men3m/Naima/install/naima_msgs/include/naima_msgs/naima_msgs/srv/detail/add_two_ints__traits.hpp
[4.430s] -- Installing: /home/men3m/Naima/install/naima_msgs/include/naima_msgs/naima_msgs/srv/detail/get_transform__traits.hpp
[4.430s] -- Installing: /home/men3m/Naima/install/naima_msgs/include/naima_msgs/naima_msgs/srv/detail/get_transform__type_support.hpp
[4.430s] -- Installing: /home/men3m/Naima/install/naima_msgs/include/naima_msgs/naima_msgs/srv/detail/add_two_ints__builder.hpp
[4.430s] -- Installing: /home/men3m/Naima/install/naima_msgs/include/naima_msgs/naima_msgs/srv/detail/add_two_ints__type_support.hpp
[4.430s] -- Installing: /home/men3m/Naima/install/naima_msgs/include/naima_msgs/naima_msgs/srv/detail/get_transform__builder.hpp
[4.430s] -- Installing: /home/men3m/Naima/install/naima_msgs/include/naima_msgs/naima_msgs/srv/detail/add_two_ints__struct.hpp
[4.430s] -- Installing: /home/men3m/Naima/install/naima_msgs/include/naima_msgs/naima_msgs/srv/detail/get_transform__struct.hpp
[4.431s] -- Installing: /home/men3m/Naima/install/naima_msgs/include/naima_msgs/naima_msgs/srv/add_two_ints.hpp
[4.431s] -- Up-to-date: /home/men3m/Naima/install/naima_msgs/include/naima_msgs/naima_msgs
[4.431s] -- Up-to-date: /home/men3m/Naima/install/naima_msgs/include/naima_msgs/naima_msgs/action
[4.431s] -- Up-to-date: /home/men3m/Naima/install/naima_msgs/include/naima_msgs/naima_msgs/action/detail
[4.431s] -- Installing: /home/men3m/Naima/install/naima_msgs/include/naima_msgs/naima_msgs/action/detail/dds_fastrtps
[4.431s] -- Installing: /home/men3m/Naima/install/naima_msgs/include/naima_msgs/naima_msgs/action/detail/fibonacci__rosidl_typesupport_fastrtps_cpp.hpp
[4.431s] -- Up-to-date: /home/men3m/Naima/install/naima_msgs/include/naima_msgs/naima_msgs/msg
[4.431s] -- Installing: /home/men3m/Naima/install/naima_msgs/include/naima_msgs/naima_msgs/msg/rosidl_typesupport_fastrtps_cpp__visibility_control.h
[4.431s] -- Up-to-date: /home/men3m/Naima/install/naima_msgs/include/naima_msgs/naima_msgs/srv
[4.431s] -- Up-to-date: /home/men3m/Naima/install/naima_msgs/include/naima_msgs/naima_msgs/srv/detail
[4.431s] -- Installing: /home/men3m/Naima/install/naima_msgs/include/naima_msgs/naima_msgs/srv/detail/get_transform__rosidl_typesupport_fastrtps_cpp.hpp
[4.431s] -- Installing: /home/men3m/Naima/install/naima_msgs/include/naima_msgs/naima_msgs/srv/detail/add_two_ints__rosidl_typesupport_fastrtps_cpp.hpp
[4.431s] -- Installing: /home/men3m/Naima/install/naima_msgs/include/naima_msgs/naima_msgs/srv/detail/dds_fastrtps
[4.432s] -- Installing: /home/men3m/Naima/install/naima_msgs/lib/libnaima_msgs__rosidl_typesupport_fastrtps_cpp.so
[4.432s] -- Set runtime path of "/home/men3m/Naima/install/naima_msgs/lib/libnaima_msgs__rosidl_typesupport_fastrtps_cpp.so" to ""
[4.432s] -- Up-to-date: /home/men3m/Naima/install/naima_msgs/include/naima_msgs/naima_msgs
[4.432s] -- Up-to-date: /home/men3m/Naima/install/naima_msgs/include/naima_msgs/naima_msgs/action
[4.432s] -- Up-to-date: /home/men3m/Naima/install/naima_msgs/include/naima_msgs/naima_msgs/action/detail
[4.432s] -- Installing: /home/men3m/Naima/install/naima_msgs/include/naima_msgs/naima_msgs/action/detail/fibonacci__rosidl_typesupport_introspection_c.h
[4.432s] -- Installing: /home/men3m/Naima/install/naima_msgs/include/naima_msgs/naima_msgs/action/detail/fibonacci__type_support.c
[4.432s] -- Up-to-date: /home/men3m/Naima/install/naima_msgs/include/naima_msgs/naima_msgs/msg
[4.432s] -- Installing: /home/men3m/Naima/install/naima_msgs/include/naima_msgs/naima_msgs/msg/rosidl_typesupport_introspection_c__visibility_control.h
[4.433s] -- Up-to-date: /home/men3m/Naima/install/naima_msgs/include/naima_msgs/naima_msgs/srv
[4.433s] -- Up-to-date: /home/men3m/Naima/install/naima_msgs/include/naima_msgs/naima_msgs/srv/detail
[4.433s] -- Installing: /home/men3m/Naima/install/naima_msgs/include/naima_msgs/naima_msgs/srv/detail/add_two_ints__type_support.c
[4.433s] -- Installing: /home/men3m/Naima/install/naima_msgs/include/naima_msgs/naima_msgs/srv/detail/add_two_ints__rosidl_typesupport_introspection_c.h
[4.433s] -- Installing: /home/men3m/Naima/install/naima_msgs/include/naima_msgs/naima_msgs/srv/detail/get_transform__rosidl_typesupport_introspection_c.h
[4.433s] -- Installing: /home/men3m/Naima/install/naima_msgs/include/naima_msgs/naima_msgs/srv/detail/get_transform__type_support.c
[4.433s] -- Installing: /home/men3m/Naima/install/naima_msgs/lib/libnaima_msgs__rosidl_typesupport_introspection_c.so
[4.433s] -- Set runtime path of "/home/men3m/Naima/install/naima_msgs/lib/libnaima_msgs__rosidl_typesupport_introspection_c.so" to ""
[4.434s] -- Installing: /home/men3m/Naima/install/naima_msgs/lib/libnaima_msgs__rosidl_typesupport_c.so
[4.434s] -- Set runtime path of "/home/men3m/Naima/install/naima_msgs/lib/libnaima_msgs__rosidl_typesupport_c.so" to ""
[4.434s] -- Up-to-date: /home/men3m/Naima/install/naima_msgs/include/naima_msgs/naima_msgs
[4.434s] -- Up-to-date: /home/men3m/Naima/install/naima_msgs/include/naima_msgs/naima_msgs/action
[4.434s] -- Up-to-date: /home/men3m/Naima/install/naima_msgs/include/naima_msgs/naima_msgs/action/detail
[4.434s] -- Installing: /home/men3m/Naima/install/naima_msgs/include/naima_msgs/naima_msgs/action/detail/fibonacci__rosidl_typesupport_introspection_cpp.hpp
[4.434s] -- Installing: /home/men3m/Naima/install/naima_msgs/include/naima_msgs/naima_msgs/action/detail/fibonacci__type_support.cpp
[4.434s] -- Up-to-date: /home/men3m/Naima/install/naima_msgs/include/naima_msgs/naima_msgs/srv
[4.434s] -- Up-to-date: /home/men3m/Naima/install/naima_msgs/include/naima_msgs/naima_msgs/srv/detail
[4.434s] -- Installing: /home/men3m/Naima/install/naima_msgs/include/naima_msgs/naima_msgs/srv/detail/add_two_ints__rosidl_typesupport_introspection_cpp.hpp
[4.434s] -- Installing: /home/men3m/Naima/install/naima_msgs/include/naima_msgs/naima_msgs/srv/detail/add_two_ints__type_support.cpp
[4.435s] -- Installing: /home/men3m/Naima/install/naima_msgs/include/naima_msgs/naima_msgs/srv/detail/get_transform__rosidl_typesupport_introspection_cpp.hpp
[4.435s] -- Installing: /home/men3m/Naima/install/naima_msgs/include/naima_msgs/naima_msgs/srv/detail/get_transform__type_support.cpp
[4.435s] -- Installing: /home/men3m/Naima/install/naima_msgs/lib/libnaima_msgs__rosidl_typesupport_introspection_cpp.so
[4.435s] -- Set runtime path of "/home/men3m/Naima/install/naima_msgs/lib/libnaima_msgs__rosidl_typesupport_introspection_cpp.so" to ""
[4.435s] -- Installing: /home/men3m/Naima/install/naima_msgs/lib/libnaima_msgs__rosidl_typesupport_cpp.so
[4.436s] -- Set runtime path of "/home/men3m/Naima/install/naima_msgs/lib/libnaima_msgs__rosidl_typesupport_cpp.so" to ""
[4.436s] -- Installing: /home/men3m/Naima/install/naima_msgs/share/naima_msgs/environment/pythonpath.sh
[4.436s] -- Installing: /home/men3m/Naima/install/naima_msgs/share/naima_msgs/environment/pythonpath.dsv
[4.436s] -- Installing: /home/men3m/Naima/install/naima_msgs/local/lib/python3.10/dist-packages/naima_msgs-0.0.0-py3.10.egg-info
[4.436s] -- Installing: /home/men3m/Naima/install/naima_msgs/local/lib/python3.10/dist-packages/naima_msgs-0.0.0-py3.10.egg-info/dependency_links.txt
[4.436s] -- Installing: /home/men3m/Naima/install/naima_msgs/local/lib/python3.10/dist-packages/naima_msgs-0.0.0-py3.10.egg-info/top_level.txt
[4.436s] -- Installing: /home/men3m/Naima/install/naima_msgs/local/lib/python3.10/dist-packages/naima_msgs-0.0.0-py3.10.egg-info/SOURCES.txt
[4.436s] -- Installing: /home/men3m/Naima/install/naima_msgs/local/lib/python3.10/dist-packages/naima_msgs-0.0.0-py3.10.egg-info/PKG-INFO
[4.436s] -- Installing: /home/men3m/Naima/install/naima_msgs/local/lib/python3.10/dist-packages/naima_msgs
[4.436s] -- Installing: /home/men3m/Naima/install/naima_msgs/local/lib/python3.10/dist-packages/naima_msgs/_naima_msgs_s.ep.rosidl_typesupport_fastrtps_c.c
[4.437s] -- Installing: /home/men3m/Naima/install/naima_msgs/local/lib/python3.10/dist-packages/naima_msgs/naima_msgs_s__rosidl_typesupport_introspection_c.cpython-310-x86_64-linux-gnu.so
[4.437s] -- Installing: /home/men3m/Naima/install/naima_msgs/local/lib/python3.10/dist-packages/naima_msgs/naima_msgs_s__rosidl_typesupport_c.cpython-310-x86_64-linux-gnu.so
[4.437s] -- Installing: /home/men3m/Naima/install/naima_msgs/local/lib/python3.10/dist-packages/naima_msgs/_naima_msgs_s.ep.rosidl_typesupport_introspection_c.c
[4.437s] -- Installing: /home/men3m/Naima/install/naima_msgs/local/lib/python3.10/dist-packages/naima_msgs/action
[4.437s] -- Installing: /home/men3m/Naima/install/naima_msgs/local/lib/python3.10/dist-packages/naima_msgs/action/_fibonacci.py
[4.437s] -- Installing: /home/men3m/Naima/install/naima_msgs/local/lib/python3.10/dist-packages/naima_msgs/action/__init__.py
[4.438s] -- Installing: /home/men3m/Naima/install/naima_msgs/local/lib/python3.10/dist-packages/naima_msgs/action/_fibonacci_s.c
[4.438s] -- Installing: /home/men3m/Naima/install/naima_msgs/local/lib/python3.10/dist-packages/naima_msgs/naima_msgs_s__rosidl_typesupport_fastrtps_c.cpython-310-x86_64-linux-gnu.so
[4.438s] -- Installing: /home/men3m/Naima/install/naima_msgs/local/lib/python3.10/dist-packages/naima_msgs/srv
[4.438s] -- Installing: /home/men3m/Naima/install/naima_msgs/local/lib/python3.10/dist-packages/naima_msgs/srv/_add_two_ints_s.c
[4.438s] -- Installing: /home/men3m/Naima/install/naima_msgs/local/lib/python3.10/dist-packages/naima_msgs/srv/_get_transform_s.c
[4.438s] -- Installing: /home/men3m/Naima/install/naima_msgs/local/lib/python3.10/dist-packages/naima_msgs/srv/_add_two_ints.py
[4.438s] -- Installing: /home/men3m/Naima/install/naima_msgs/local/lib/python3.10/dist-packages/naima_msgs/srv/__init__.py
[4.438s] -- Installing: /home/men3m/Naima/install/naima_msgs/local/lib/python3.10/dist-packages/naima_msgs/srv/_get_transform.py
[4.439s] -- Installing: /home/men3m/Naima/install/naima_msgs/local/lib/python3.10/dist-packages/naima_msgs/_naima_msgs_s.ep.rosidl_typesupport_c.c
[4.439s] -- Installing: /home/men3m/Naima/install/naima_msgs/local/lib/python3.10/dist-packages/naima_msgs/libnaima_msgs__rosidl_generator_py.so
[4.439s] -- Installing: /home/men3m/Naima/install/naima_msgs/local/lib/python3.10/dist-packages/naima_msgs/__init__.py
[4.478s] Listing '/home/men3m/Naima/install/naima_msgs/local/lib/python3.10/dist-packages/naima_msgs'...
[4.478s] Compiling '/home/men3m/Naima/install/naima_msgs/local/lib/python3.10/dist-packages/naima_msgs/__init__.py'...
[4.478s] Listing '/home/men3m/Naima/install/naima_msgs/local/lib/python3.10/dist-packages/naima_msgs/action'...
[4.479s] Compiling '/home/men3m/Naima/install/naima_msgs/local/lib/python3.10/dist-packages/naima_msgs/action/__init__.py'...
[4.479s] Compiling '/home/men3m/Naima/install/naima_msgs/local/lib/python3.10/dist-packages/naima_msgs/action/_fibonacci.py'...
[4.479s] Listing '/home/men3m/Naima/install/naima_msgs/local/lib/python3.10/dist-packages/naima_msgs/srv'...
[4.479s] Compiling '/home/men3m/Naima/install/naima_msgs/local/lib/python3.10/dist-packages/naima_msgs/srv/__init__.py'...
[4.479s] Compiling '/home/men3m/Naima/install/naima_msgs/local/lib/python3.10/dist-packages/naima_msgs/srv/_add_two_ints.py'...
[4.479s] Compiling '/home/men3m/Naima/install/naima_msgs/local/lib/python3.10/dist-packages/naima_msgs/srv/_get_transform.py'...
[4.483s] -- Installing: /home/men3m/Naima/install/naima_msgs/local/lib/python3.10/dist-packages/naima_msgs/naima_msgs_s__rosidl_typesupport_fastrtps_c.cpython-310-x86_64-linux-gnu.so
[4.483s] -- Set runtime path of "/home/men3m/Naima/install/naima_msgs/local/lib/python3.10/dist-packages/naima_msgs/naima_msgs_s__rosidl_typesupport_fastrtps_c.cpython-310-x86_64-linux-gnu.so" to ""
[4.483s] -- Installing: /home/men3m/Naima/install/naima_msgs/local/lib/python3.10/dist-packages/naima_msgs/naima_msgs_s__rosidl_typesupport_introspection_c.cpython-310-x86_64-linux-gnu.so
[4.484s] -- Set runtime path of "/home/men3m/Naima/install/naima_msgs/local/lib/python3.10/dist-packages/naima_msgs/naima_msgs_s__rosidl_typesupport_introspection_c.cpython-310-x86_64-linux-gnu.so" to ""
[4.484s] -- Installing: /home/men3m/Naima/install/naima_msgs/local/lib/python3.10/dist-packages/naima_msgs/naima_msgs_s__rosidl_typesupport_c.cpython-310-x86_64-linux-gnu.so
[4.484s] -- Set runtime path of "/home/men3m/Naima/install/naima_msgs/local/lib/python3.10/dist-packages/naima_msgs/naima_msgs_s__rosidl_typesupport_c.cpython-310-x86_64-linux-gnu.so" to ""
[4.485s] -- Installing: /home/men3m/Naima/install/naima_msgs/lib/libnaima_msgs__rosidl_generator_py.so
[4.485s] -- Set runtime path of "/home/men3m/Naima/install/naima_msgs/lib/libnaima_msgs__rosidl_generator_py.so" to ""
[4.485s] -- Installing: /home/men3m/Naima/install/naima_msgs/share/naima_msgs/action/Fibonacci.idl
[4.485s] -- Installing: /home/men3m/Naima/install/naima_msgs/share/naima_msgs/srv/AddTwoInts.idl
[4.485s] -- Installing: /home/men3m/Naima/install/naima_msgs/share/naima_msgs/srv/GetTransform.idl
[4.485s] -- Installing: /home/men3m/Naima/install/naima_msgs/share/naima_msgs/action/Fibonacci.action
[4.486s] -- Installing: /home/men3m/Naima/install/naima_msgs/share/naima_msgs/srv/AddTwoInts.srv
[4.486s] -- Installing: /home/men3m/Naima/install/naima_msgs/share/naima_msgs/srv/AddTwoInts_Request.msg
[4.486s] -- Installing: /home/men3m/Naima/install/naima_msgs/share/naima_msgs/srv/AddTwoInts_Response.msg
[4.486s] -- Installing: /home/men3m/Naima/install/naima_msgs/share/naima_msgs/srv/GetTransform.srv
[4.486s] -- Installing: /home/men3m/Naima/install/naima_msgs/share/naima_msgs/srv/GetTransform_Request.msg
[4.486s] -- Installing: /home/men3m/Naima/install/naima_msgs/share/naima_msgs/srv/GetTransform_Response.msg
[4.486s] -- Up-to-date: /home/men3m/Naima/install/naima_msgs/include
[4.486s] -- Installing: /home/men3m/Naima/install/naima_msgs/include/.vscode
[4.486s] -- Installing: /home/men3m/Naima/install/naima_msgs/include/.vscode/c_cpp_properties.json
[4.486s] -- Installing: /home/men3m/Naima/install/naima_msgs/include/.vscode/settings.json
[4.487s] -- Installing: /home/men3m/Naima/install/naima_msgs/include/test.py
[4.487s] -- Installing: /home/men3m/Naima/install/naima_msgs/share/ament_index/resource_index/package_run_dependencies/naima_msgs
[4.487s] -- Installing: /home/men3m/Naima/install/naima_msgs/share/ament_index/resource_index/parent_prefix_path/naima_msgs
[4.487s] -- Installing: /home/men3m/Naima/install/naima_msgs/share/naima_msgs/environment/ament_prefix_path.sh
[4.487s] -- Installing: /home/men3m/Naima/install/naima_msgs/share/naima_msgs/environment/ament_prefix_path.dsv
[4.487s] -- Installing: /home/men3m/Naima/install/naima_msgs/share/naima_msgs/environment/path.sh
[4.487s] -- Installing: /home/men3m/Naima/install/naima_msgs/share/naima_msgs/environment/path.dsv
[4.488s] -- Installing: /home/men3m/Naima/install/naima_msgs/share/naima_msgs/local_setup.bash
[4.488s] -- Installing: /home/men3m/Naima/install/naima_msgs/share/naima_msgs/local_setup.sh
[4.488s] -- Installing: /home/men3m/Naima/install/naima_msgs/share/naima_msgs/local_setup.zsh
[4.488s] -- Installing: /home/men3m/Naima/install/naima_msgs/share/naima_msgs/local_setup.dsv
[4.488s] -- Installing: /home/men3m/Naima/install/naima_msgs/share/naima_msgs/package.dsv
[4.488s] -- Installing: /home/men3m/Naima/install/naima_msgs/share/ament_index/resource_index/packages/naima_msgs
[4.488s] -- Installing: /home/men3m/Naima/install/naima_msgs/share/naima_msgs/cmake/export_naima_msgs__rosidl_generator_cExport.cmake
[4.489s] -- Installing: /home/men3m/Naima/install/naima_msgs/share/naima_msgs/cmake/export_naima_msgs__rosidl_generator_cExport-noconfig.cmake
[4.489s] -- Installing: /home/men3m/Naima/install/naima_msgs/share/naima_msgs/cmake/export_naima_msgs__rosidl_typesupport_fastrtps_cExport.cmake
[4.489s] -- Installing: /home/men3m/Naima/install/naima_msgs/share/naima_msgs/cmake/export_naima_msgs__rosidl_typesupport_fastrtps_cExport-noconfig.cmake
[4.489s] -- Installing: /home/men3m/Naima/install/naima_msgs/share/naima_msgs/cmake/export_naima_msgs__rosidl_generator_cppExport.cmake
[4.489s] -- Installing: /home/men3m/Naima/install/naima_msgs/share/naima_msgs/cmake/export_naima_msgs__rosidl_typesupport_fastrtps_cppExport.cmake
[4.489s] -- Installing: /home/men3m/Naima/install/naima_msgs/share/naima_msgs/cmake/export_naima_msgs__rosidl_typesupport_fastrtps_cppExport-noconfig.cmake
[4.490s] -- Installing: /home/men3m/Naima/install/naima_msgs/share/naima_msgs/cmake/naima_msgs__rosidl_typesupport_introspection_cExport.cmake
[4.490s] -- Installing: /home/men3m/Naima/install/naima_msgs/share/naima_msgs/cmake/naima_msgs__rosidl_typesupport_introspection_cExport-noconfig.cmake
[4.490s] -- Installing: /home/men3m/Naima/install/naima_msgs/share/naima_msgs/cmake/naima_msgs__rosidl_typesupport_cExport.cmake
[4.490s] -- Installing: /home/men3m/Naima/install/naima_msgs/share/naima_msgs/cmake/naima_msgs__rosidl_typesupport_cExport-noconfig.cmake
[4.490s] -- Installing: /home/men3m/Naima/install/naima_msgs/share/naima_msgs/cmake/naima_msgs__rosidl_typesupport_introspection_cppExport.cmake
[4.490s] -- Installing: /home/men3m/Naima/install/naima_msgs/share/naima_msgs/cmake/naima_msgs__rosidl_typesupport_introspection_cppExport-noconfig.cmake
[4.490s] -- Installing: /home/men3m/Naima/install/naima_msgs/share/naima_msgs/cmake/naima_msgs__rosidl_typesupport_cppExport.cmake
[4.491s] -- Installing: /home/men3m/Naima/install/naima_msgs/share/naima_msgs/cmake/naima_msgs__rosidl_typesupport_cppExport-noconfig.cmake
[4.491s] -- Installing: /home/men3m/Naima/install/naima_msgs/share/naima_msgs/cmake/export_naima_msgs__rosidl_generator_pyExport.cmake
[4.491s] -- Installing: /home/men3m/Naima/install/naima_msgs/share/naima_msgs/cmake/export_naima_msgs__rosidl_generator_pyExport-noconfig.cmake
[4.491s] -- Installing: /home/men3m/Naima/install/naima_msgs/share/naima_msgs/cmake/rosidl_cmake-extras.cmake
[4.491s] -- Installing: /home/men3m/Naima/install/naima_msgs/share/naima_msgs/cmake/ament_cmake_export_dependencies-extras.cmake
[4.491s] -- Installing: /home/men3m/Naima/install/naima_msgs/share/naima_msgs/cmake/ament_cmake_export_include_directories-extras.cmake
[4.491s] -- Installing: /home/men3m/Naima/install/naima_msgs/share/naima_msgs/cmake/ament_cmake_export_libraries-extras.cmake
[4.491s] -- Installing: /home/men3m/Naima/install/naima_msgs/share/naima_msgs/cmake/ament_cmake_export_targets-extras.cmake
[4.492s] -- Installing: /home/men3m/Naima/install/naima_msgs/share/naima_msgs/cmake/rosidl_cmake_export_typesupport_targets-extras.cmake
[4.492s] -- Installing: /home/men3m/Naima/install/naima_msgs/share/naima_msgs/cmake/rosidl_cmake_export_typesupport_libraries-extras.cmake
[4.492s] -- Installing: /home/men3m/Naima/install/naima_msgs/share/naima_msgs/cmake/naima_msgsConfig.cmake
[4.492s] -- Installing: /home/men3m/Naima/install/naima_msgs/share/naima_msgs/cmake/naima_msgsConfig-version.cmake
[4.492s] -- Installing: /home/men3m/Naima/install/naima_msgs/share/naima_msgs/package.xml
[4.494s] Invoked command in '/home/men3m/Naima/build/naima_msgs' returned '0': CMAKE_PREFIX_PATH=/opt/ros/humble /usr/bin/cmake --install /home/men3m/Naima/build/naima_msgs
