[0.008s] Invoking command in '/home/men3m/Naima/build/zed_topic_benchmark_component': AMENT_PREFIX_PATH=/home/men3m/Naima/install/zed_topic_benchmark_interfaces:${AMENT_PREFIX_PATH} CMAKE_PREFIX_PATH=/home/men3m/Naima/install/zed_topic_benchmark_interfaces:/opt/ros/humble LD_LIBRARY_PATH=/home/men3m/Naima/install/zed_topic_benchmark_interfaces/lib:/usr/lib/x86_64-linux-gnu/gazebo-11/plugins:/opt/ros/humble/opt/rviz_ogre_vendor/lib:/opt/ros/humble/lib/x86_64-linux-gnu:/opt/ros/humble/lib:/usr/local/cuda-12.4.0/lib64:/usr/local/cuda-12.4.0/lib64 PYTHONPATH=/home/men3m/Naima/install/zed_topic_benchmark_interfaces/local/lib/python3.10/dist-packages:${PYTHONPATH} /usr/bin/cmake --build /home/men3m/Naima/build/zed_topic_benchmark_component -- -j16 -l16
[0.041s] [35m[1mConsolidate compiler generated dependencies of target zed_topic_benchmark_component[0m
[0.063s] [100%] Built target zed_topic_benchmark_component
[0.074s] Invoked command in '/home/men3m/Naima/build/zed_topic_benchmark_component' returned '0': AMENT_PREFIX_PATH=/home/men3m/Naima/install/zed_topic_benchmark_interfaces:${AMENT_PREFIX_PATH} CMAKE_PREFIX_PATH=/home/men3m/Naima/install/zed_topic_benchmark_interfaces:/opt/ros/humble LD_LIBRARY_PATH=/home/men3m/Naima/install/zed_topic_benchmark_interfaces/lib:/usr/lib/x86_64-linux-gnu/gazebo-11/plugins:/opt/ros/humble/opt/rviz_ogre_vendor/lib:/opt/ros/humble/lib/x86_64-linux-gnu:/opt/ros/humble/lib:/usr/local/cuda-12.4.0/lib64:/usr/local/cuda-12.4.0/lib64 PYTHONPATH=/home/men3m/Naima/install/zed_topic_benchmark_interfaces/local/lib/python3.10/dist-packages:${PYTHONPATH} /usr/bin/cmake --build /home/men3m/Naima/build/zed_topic_benchmark_component -- -j16 -l16
[0.076s] Invoking command in '/home/men3m/Naima/build/zed_topic_benchmark_component': AMENT_PREFIX_PATH=/home/men3m/Naima/install/zed_topic_benchmark_interfaces:${AMENT_PREFIX_PATH} CMAKE_PREFIX_PATH=/home/men3m/Naima/install/zed_topic_benchmark_interfaces:/opt/ros/humble LD_LIBRARY_PATH=/home/men3m/Naima/install/zed_topic_benchmark_interfaces/lib:/usr/lib/x86_64-linux-gnu/gazebo-11/plugins:/opt/ros/humble/opt/rviz_ogre_vendor/lib:/opt/ros/humble/lib/x86_64-linux-gnu:/opt/ros/humble/lib:/usr/local/cuda-12.4.0/lib64:/usr/local/cuda-12.4.0/lib64 PYTHONPATH=/home/men3m/Naima/install/zed_topic_benchmark_interfaces/local/lib/python3.10/dist-packages:${PYTHONPATH} /usr/bin/cmake --install /home/men3m/Naima/build/zed_topic_benchmark_component
[0.082s] -- Install configuration: "Release"
[0.083s] -- Up-to-date: /home/men3m/Naima/install/zed_topic_benchmark_component/lib/libzed_topic_benchmark_component.so
[0.083s] -- Up-to-date: /home/men3m/Naima/install/zed_topic_benchmark_component/include/zed_topic_benchmark_component
[0.083s] -- Up-to-date: /home/men3m/Naima/install/zed_topic_benchmark_component/include/zed_topic_benchmark_component/topic_benchmark_component.hpp
[0.083s] -- Up-to-date: /home/men3m/Naima/install/zed_topic_benchmark_component/include/zed_topic_benchmark_component/winavg.hpp
[0.083s] -- Up-to-date: /home/men3m/Naima/install/zed_topic_benchmark_component/include/zed_topic_benchmark_component
[0.083s] -- Up-to-date: /home/men3m/Naima/install/zed_topic_benchmark_component/include/zed_topic_benchmark_component/visibility_control.hpp
[0.083s] -- Up-to-date: /home/men3m/Naima/install/zed_topic_benchmark_component/share/zed_topic_benchmark_component/environment/library_path.sh
[0.083s] -- Up-to-date: /home/men3m/Naima/install/zed_topic_benchmark_component/share/zed_topic_benchmark_component/environment/library_path.dsv
[0.083s] -- Up-to-date: /home/men3m/Naima/install/zed_topic_benchmark_component/share/ament_index/resource_index/package_run_dependencies/zed_topic_benchmark_component
[0.084s] -- Up-to-date: /home/men3m/Naima/install/zed_topic_benchmark_component/share/ament_index/resource_index/parent_prefix_path/zed_topic_benchmark_component
[0.084s] -- Up-to-date: /home/men3m/Naima/install/zed_topic_benchmark_component/share/zed_topic_benchmark_component/environment/ament_prefix_path.sh
[0.084s] -- Up-to-date: /home/men3m/Naima/install/zed_topic_benchmark_component/share/zed_topic_benchmark_component/environment/ament_prefix_path.dsv
[0.084s] -- Up-to-date: /home/men3m/Naima/install/zed_topic_benchmark_component/share/zed_topic_benchmark_component/environment/path.sh
[0.084s] -- Up-to-date: /home/men3m/Naima/install/zed_topic_benchmark_component/share/zed_topic_benchmark_component/environment/path.dsv
[0.084s] -- Up-to-date: /home/men3m/Naima/install/zed_topic_benchmark_component/share/zed_topic_benchmark_component/local_setup.bash
[0.084s] -- Up-to-date: /home/men3m/Naima/install/zed_topic_benchmark_component/share/zed_topic_benchmark_component/local_setup.sh
[0.084s] -- Up-to-date: /home/men3m/Naima/install/zed_topic_benchmark_component/share/zed_topic_benchmark_component/local_setup.zsh
[0.084s] -- Up-to-date: /home/men3m/Naima/install/zed_topic_benchmark_component/share/zed_topic_benchmark_component/local_setup.dsv
[0.084s] -- Installing: /home/men3m/Naima/install/zed_topic_benchmark_component/share/zed_topic_benchmark_component/package.dsv
[0.084s] -- Up-to-date: /home/men3m/Naima/install/zed_topic_benchmark_component/share/ament_index/resource_index/packages/zed_topic_benchmark_component
[0.084s] -- Up-to-date: /home/men3m/Naima/install/zed_topic_benchmark_component/share/ament_index/resource_index/rclcpp_components/zed_topic_benchmark_component
[0.084s] -- Up-to-date: /home/men3m/Naima/install/zed_topic_benchmark_component/share/zed_topic_benchmark_component/cmake/ament_cmake_export_include_directories-extras.cmake
[0.084s] -- Up-to-date: /home/men3m/Naima/install/zed_topic_benchmark_component/share/zed_topic_benchmark_component/cmake/ament_cmake_export_libraries-extras.cmake
[0.084s] -- Up-to-date: /home/men3m/Naima/install/zed_topic_benchmark_component/share/zed_topic_benchmark_component/cmake/ament_cmake_export_dependencies-extras.cmake
[0.084s] -- Up-to-date: /home/men3m/Naima/install/zed_topic_benchmark_component/share/zed_topic_benchmark_component/cmake/zed_topic_benchmark_componentConfig.cmake
[0.085s] -- Up-to-date: /home/men3m/Naima/install/zed_topic_benchmark_component/share/zed_topic_benchmark_component/cmake/zed_topic_benchmark_componentConfig-version.cmake
[0.085s] -- Up-to-date: /home/men3m/Naima/install/zed_topic_benchmark_component/share/zed_topic_benchmark_component/package.xml
[0.086s] Invoked command in '/home/men3m/Naima/build/zed_topic_benchmark_component' returned '0': AMENT_PREFIX_PATH=/home/men3m/Naima/install/zed_topic_benchmark_interfaces:${AMENT_PREFIX_PATH} CMAKE_PREFIX_PATH=/home/men3m/Naima/install/zed_topic_benchmark_interfaces:/opt/ros/humble LD_LIBRARY_PATH=/home/men3m/Naima/install/zed_topic_benchmark_interfaces/lib:/usr/lib/x86_64-linux-gnu/gazebo-11/plugins:/opt/ros/humble/opt/rviz_ogre_vendor/lib:/opt/ros/humble/lib/x86_64-linux-gnu:/opt/ros/humble/lib:/usr/local/cuda-12.4.0/lib64:/usr/local/cuda-12.4.0/lib64 PYTHONPATH=/home/men3m/Naima/install/zed_topic_benchmark_interfaces/local/lib/python3.10/dist-packages:${PYTHONPATH} /usr/bin/cmake --install /home/men3m/Naima/build/zed_topic_benchmark_component
