[0.027s] Invoking command in '/home/men3m/Naima/build/zed_tutorial_video': CMAKE_PREFIX_PATH=/opt/ros/humble /usr/bin/cmake --build /home/men3m/Naima/build/zed_tutorial_video -- -j16 -l16
[0.063s] [35m[1mConsolidate compiler generated dependencies of target zed_tutorial_video[0m
[0.086s] [100%] Built target zed_tutorial_video
[0.097s] Invoked command in '/home/men3m/Naima/build/zed_tutorial_video' returned '0': CMAKE_PREFIX_PATH=/opt/ros/humble /usr/bin/cmake --build /home/men3m/Naima/build/zed_tutorial_video -- -j16 -l16
[0.098s] Invoking command in '/home/men3m/Naima/build/zed_tutorial_video': CMAKE_PREFIX_PATH=/opt/ros/humble /usr/bin/cmake --install /home/men3m/Naima/build/zed_tutorial_video
[0.104s] -- Install configuration: "Release"
[0.104s] -- Up-to-date: /home/men3m/Naima/install/zed_tutorial_video/lib/zed_tutorial_video/zed_tutorial_video
[0.105s] -- Up-to-date: /home/men3m/Naima/install/zed_tutorial_video/share/ament_index/resource_index/package_run_dependencies/zed_tutorial_video
[0.105s] -- Up-to-date: /home/men3m/Naima/install/zed_tutorial_video/share/ament_index/resource_index/parent_prefix_path/zed_tutorial_video
[0.105s] -- Up-to-date: /home/men3m/Naima/install/zed_tutorial_video/share/zed_tutorial_video/environment/ament_prefix_path.sh
[0.105s] -- Up-to-date: /home/men3m/Naima/install/zed_tutorial_video/share/zed_tutorial_video/environment/ament_prefix_path.dsv
[0.105s] -- Up-to-date: /home/men3m/Naima/install/zed_tutorial_video/share/zed_tutorial_video/environment/path.sh
[0.105s] -- Up-to-date: /home/men3m/Naima/install/zed_tutorial_video/share/zed_tutorial_video/environment/path.dsv
[0.105s] -- Up-to-date: /home/men3m/Naima/install/zed_tutorial_video/share/zed_tutorial_video/local_setup.bash
[0.105s] -- Up-to-date: /home/men3m/Naima/install/zed_tutorial_video/share/zed_tutorial_video/local_setup.sh
[0.105s] -- Up-to-date: /home/men3m/Naima/install/zed_tutorial_video/share/zed_tutorial_video/local_setup.zsh
[0.105s] -- Up-to-date: /home/men3m/Naima/install/zed_tutorial_video/share/zed_tutorial_video/local_setup.dsv
[0.105s] -- Installing: /home/men3m/Naima/install/zed_tutorial_video/share/zed_tutorial_video/package.dsv
[0.105s] -- Up-to-date: /home/men3m/Naima/install/zed_tutorial_video/share/ament_index/resource_index/packages/zed_tutorial_video
[0.106s] -- Up-to-date: /home/men3m/Naima/install/zed_tutorial_video/share/zed_tutorial_video/cmake/zed_tutorial_videoConfig.cmake
[0.106s] -- Up-to-date: /home/men3m/Naima/install/zed_tutorial_video/share/zed_tutorial_video/cmake/zed_tutorial_videoConfig-version.cmake
[0.106s] -- Up-to-date: /home/men3m/Naima/install/zed_tutorial_video/share/zed_tutorial_video/package.xml
[0.108s] Invoked command in '/home/men3m/Naima/build/zed_tutorial_video' returned '0': CMAKE_PREFIX_PATH=/opt/ros/humble /usr/bin/cmake --install /home/men3m/Naima/build/zed_tutorial_video
