-- The C compiler identification is GNU 11.4.0
-- The CXX compiler identification is GNU 11.4.0
-- Detecting C compiler ABI info
-- Detecting C compiler ABI info - done
-- Check for working C compiler: /usr/bin/cc - skipped
-- Detecting C compile features
-- Detecting C compile features - done
-- Detecting CXX compiler ABI info
-- Detecting CXX compiler ABI info - done
-- Check for working CXX compiler: /usr/bin/c++ - skipped
-- Detecting CXX compile features
-- Detecting CXX compile features - done
-- Found ament_cmake_ros: 0.10.0 (/opt/ros/humble/share/ament_cmake_ros/cmake)
-- Found Python3: /usr/bin/python3 (found version "3.10.12") found components: Interpreter 
-- Found asio: /usr/include  
-- Found diagnostic_msgs: 4.8.0 (/opt/ros/humble/share/diagnostic_msgs/cmake)
-- Found rosidl_generator_c: 3.1.6 (/opt/ros/humble/share/rosidl_generator_c/cmake)
-- Found rosidl_adapter: 3.1.6 (/opt/ros/humble/share/rosidl_adapter/cmake)
-- Found rosidl_generator_cpp: 3.1.6 (/opt/ros/humble/share/rosidl_generator_cpp/cmake)
-- Using all available rosidl_typesupport_c: rosidl_typesupport_fastrtps_c;rosidl_typesupport_introspection_c
-- Using all available rosidl_typesupport_cpp: rosidl_typesupport_fastrtps_cpp;rosidl_typesupport_introspection_cpp
-- Found diagnostic_updater: 4.0.4 (/opt/ros/humble/share/diagnostic_updater/cmake)
-- Found rmw_implementation_cmake: 6.1.2 (/opt/ros/humble/share/rmw_implementation_cmake/cmake)
-- Found rmw_cyclonedds_cpp: 1.3.4 (/opt/ros/humble/share/rmw_cyclonedds_cpp/cmake)
-- Using RMW implementation 'rmw_cyclonedds_cpp' as default
-- Looking for pthread.h
-- Looking for pthread.h - found
-- Performing Test CMAKE_HAVE_LIBC_PTHREAD
-- Performing Test CMAKE_HAVE_LIBC_PTHREAD - Success
-- Found Threads: TRUE  
-- Found geometry_msgs: 4.8.0 (/opt/ros/humble/share/geometry_msgs/cmake)
-- Found rclcpp_components: 16.0.12 (/opt/ros/humble/share/rclcpp_components/cmake)
-- Found sensor_msgs: 4.8.0 (/opt/ros/humble/share/sensor_msgs/cmake)
-- Found tf2: 0.25.12 (/opt/ros/humble/share/tf2/cmake)
-- Found ublox_msgs: 2.2.0 (/home/men3m/Naima/install/ublox_msgs/share/ublox_msgs/cmake)
-- Configuring done
-- Generating done
-- Build files have been written to: /home/men3m/Naima/build/ublox_gps
[ 22%] [32mBuilding CXX object CMakeFiles/ublox_logger_node.dir/src/logger_node_pa.cpp.o[0m
[ 22%] [32mBuilding CXX object CMakeFiles/ublox_gps.dir/src/adr_udr_product.cpp.o[0m
[ 22%] [32mBuilding CXX object CMakeFiles/ublox_logger_node.dir/src/raw_data_pa.cpp.o[0m
[ 22%] [32mBuilding CXX object CMakeFiles/ublox_gps.dir/src/gnss.cpp.o[0m
[ 27%] [32mBuilding CXX object CMakeFiles/ublox_gps.dir/src/hp_pos_rec_product.cpp.o[0m
[ 27%] [32mBuilding CXX object CMakeFiles/ublox_gps.dir/src/gps.cpp.o[0m
[ 31%] [32mBuilding CXX object CMakeFiles/ublox_gps.dir/src/hpg_rov_product.cpp.o[0m
[ 36%] [32mBuilding CXX object CMakeFiles/ublox_gps.dir/src/node.cpp.o[0m
[ 40%] [32mBuilding CXX object CMakeFiles/ublox_gps.dir/src/hpg_ref_product.cpp.o[0m
[ 45%] [32mBuilding C object CMakeFiles/ublox_gps.dir/src/mkgmtime.c.o[0m
[ 50%] [32mBuilding CXX object CMakeFiles/ublox_gps.dir/src/raw_data_product.cpp.o[0m
[ 54%] [32mBuilding CXX object CMakeFiles/ublox_gps.dir/src/raw_data_pa.cpp.o[0m
[ 59%] [32mBuilding CXX object CMakeFiles/ublox_gps.dir/src/tim_product.cpp.o[0m
[ 63%] [32mBuilding CXX object CMakeFiles/ublox_gps.dir/src/ublox_firmware.cpp.o[0m
[ 68%] [32mBuilding CXX object CMakeFiles/ublox_gps.dir/src/ublox_firmware6.cpp.o[0m
[ 72%] [32mBuilding CXX object CMakeFiles/ublox_gps.dir/src/ublox_firmware7.cpp.o[0m
[ 77%] [32mBuilding CXX object CMakeFiles/ublox_gps.dir/src/ublox_firmware8.cpp.o[0m
[ 81%] [32mBuilding CXX object CMakeFiles/ublox_gps.dir/src/ublox_firmware9.cpp.o[0m
[ 86%] [32m[1mLinking CXX executable ublox_logger[0m
[ 86%] Built target ublox_logger_node
[ 90%] [32m[1mLinking CXX shared library libublox_gps.so[0m
[ 90%] Built target ublox_gps
[ 95%] [32mBuilding CXX object CMakeFiles/ublox_gps_node.dir/src/node_main.cpp.o[0m
[100%] [32m[1mLinking CXX executable ublox_gps_node[0m
[100%] Built target ublox_gps_node
-- Install configuration: ""
-- Installing: /home/men3m/Naima/install/ublox_gps/lib/libublox_gps.so
-- Set runtime path of "/home/men3m/Naima/install/ublox_gps/lib/libublox_gps.so" to ""
-- Installing: /home/men3m/Naima/install/ublox_gps/lib/ublox_gps/ublox_gps_node
-- Set runtime path of "/home/men3m/Naima/install/ublox_gps/lib/ublox_gps/ublox_gps_node" to ""
-- Installing: /home/men3m/Naima/install/ublox_gps/lib/ublox_gps/ublox_logger
-- Set runtime path of "/home/men3m/Naima/install/ublox_gps/lib/ublox_gps/ublox_logger" to ""
-- Installing: /home/men3m/Naima/install/ublox_gps/include
-- Installing: /home/men3m/Naima/install/ublox_gps/include/ublox_gps
-- Installing: /home/men3m/Naima/install/ublox_gps/include/ublox_gps/ublox_firmware.hpp
-- Installing: /home/men3m/Naima/install/ublox_gps/include/ublox_gps/raw_data_pa.hpp
-- Installing: /home/men3m/Naima/install/ublox_gps/include/ublox_gps/tim_product.hpp
-- Installing: /home/men3m/Naima/install/ublox_gps/include/ublox_gps/callback.hpp
-- Installing: /home/men3m/Naima/install/ublox_gps/include/ublox_gps/rtcm.hpp
-- Installing: /home/men3m/Naima/install/ublox_gps/include/ublox_gps/hpg_rov_product.hpp
-- Installing: /home/men3m/Naima/install/ublox_gps/include/ublox_gps/fts_product.hpp
-- Installing: /home/men3m/Naima/install/ublox_gps/include/ublox_gps/ublox_firmware8.hpp
-- Installing: /home/men3m/Naima/install/ublox_gps/include/ublox_gps/component_interface.hpp
-- Installing: /home/men3m/Naima/install/ublox_gps/include/ublox_gps/worker.hpp
-- Installing: /home/men3m/Naima/install/ublox_gps/include/ublox_gps/ublox_firmware7.hpp
-- Installing: /home/men3m/Naima/install/ublox_gps/include/ublox_gps/raw_data_product.hpp
-- Installing: /home/men3m/Naima/install/ublox_gps/include/ublox_gps/node.hpp
-- Installing: /home/men3m/Naima/install/ublox_gps/include/ublox_gps/gps.hpp
-- Installing: /home/men3m/Naima/install/ublox_gps/include/ublox_gps/ublox_firmware6.hpp
-- Installing: /home/men3m/Naima/install/ublox_gps/include/ublox_gps/ublox_firmware9.hpp
-- Installing: /home/men3m/Naima/install/ublox_gps/include/ublox_gps/mkgmtime.h
-- Installing: /home/men3m/Naima/install/ublox_gps/include/ublox_gps/ublox_firmware7plus.hpp
-- Installing: /home/men3m/Naima/install/ublox_gps/include/ublox_gps/gnss.hpp
-- Installing: /home/men3m/Naima/install/ublox_gps/include/ublox_gps/adr_udr_product.hpp
-- Installing: /home/men3m/Naima/install/ublox_gps/include/ublox_gps/hpg_ref_product.hpp
-- Installing: /home/men3m/Naima/install/ublox_gps/include/ublox_gps/fix_diagnostic.hpp
-- Installing: /home/men3m/Naima/install/ublox_gps/include/ublox_gps/ublox_topic_diagnostic.hpp
-- Installing: /home/men3m/Naima/install/ublox_gps/include/ublox_gps/hp_pos_rec_product.hpp
-- Installing: /home/men3m/Naima/install/ublox_gps/include/ublox_gps/async_worker.hpp
-- Installing: /home/men3m/Naima/install/ublox_gps/include/ublox_gps/utils.hpp
-- Installing: /home/men3m/Naima/install/ublox_gps/share/ublox_gps/launch
-- Installing: /home/men3m/Naima/install/ublox_gps/share/ublox_gps/launch/ublox_gps_node_zedf9p-launch.py
-- Installing: /home/men3m/Naima/install/ublox_gps/share/ublox_gps/launch/ublox_gps_node_1-launch.py
-- Installing: /home/men3m/Naima/install/ublox_gps/share/ublox_gps/config
-- Installing: /home/men3m/Naima/install/ublox_gps/share/ublox_gps/config/naima.yaml
-- Installing: /home/men3m/Naima/install/ublox_gps/share/ament_index/resource_index/package_run_dependencies/ublox_gps
-- Installing: /home/men3m/Naima/install/ublox_gps/share/ament_index/resource_index/parent_prefix_path/ublox_gps
-- Installing: /home/men3m/Naima/install/ublox_gps/share/ublox_gps/environment/ament_prefix_path.sh
-- Installing: /home/men3m/Naima/install/ublox_gps/share/ublox_gps/environment/ament_prefix_path.dsv
-- Installing: /home/men3m/Naima/install/ublox_gps/share/ublox_gps/environment/path.sh
-- Installing: /home/men3m/Naima/install/ublox_gps/share/ublox_gps/environment/path.dsv
-- Installing: /home/men3m/Naima/install/ublox_gps/share/ublox_gps/local_setup.bash
-- Installing: /home/men3m/Naima/install/ublox_gps/share/ublox_gps/local_setup.sh
-- Installing: /home/men3m/Naima/install/ublox_gps/share/ublox_gps/local_setup.zsh
-- Installing: /home/men3m/Naima/install/ublox_gps/share/ublox_gps/local_setup.dsv
-- Installing: /home/men3m/Naima/install/ublox_gps/share/ublox_gps/package.dsv
-- Installing: /home/men3m/Naima/install/ublox_gps/share/ament_index/resource_index/packages/ublox_gps
-- Installing: /home/men3m/Naima/install/ublox_gps/share/ament_index/resource_index/rclcpp_components/ublox_gps
-- Installing: /home/men3m/Naima/install/ublox_gps/share/ublox_gps/cmake/ublox_gpsConfig.cmake
-- Installing: /home/men3m/Naima/install/ublox_gps/share/ublox_gps/cmake/ublox_gpsConfig-version.cmake
-- Installing: /home/men3m/Naima/install/ublox_gps/share/ublox_gps/package.xml
