[0.010s] Invoking command in '/home/men3m/Naima/build/ublox_gps': AMENT_PREFIX_PATH=/home/men3m/Naima/install/ublox_msgs:/home/men3m/Naima/install/ublox_serialization:${AMENT_PREFIX_PATH} CMAKE_PREFIX_PATH=/home/men3m/Naima/install/ublox_msgs:/home/men3m/Naima/install/ublox_serialization:/opt/ros/humble LD_LIBRARY_PATH=/home/men3m/Naima/install/ublox_msgs/lib:/usr/lib/x86_64-linux-gnu/gazebo-11/plugins:/opt/ros/humble/opt/rviz_ogre_vendor/lib:/opt/ros/humble/lib/x86_64-linux-gnu:/opt/ros/humble/lib:/usr/local/cuda-12.4.0/lib64:/usr/local/cuda-12.4.0/lib64 PYTHONPATH=/home/men3m/Naima/install/ublox_msgs/local/lib/python3.10/dist-packages:${PYTHONPATH} /usr/bin/cmake /home/men3m/Naima/src/naima_ublox_gps/ublox_gps -DCMAKE_INSTALL_PREFIX=/home/men3m/Naima/install/ublox_gps
[0.057s] -- The C compiler identification is GNU 11.4.0
[0.108s] -- The CXX compiler identification is GNU 11.4.0
[0.115s] -- Detecting C compiler ABI info
[0.181s] -- Detecting C compiler ABI info - done
[0.188s] -- Check for working C compiler: /usr/bin/cc - skipped
[0.188s] -- Detecting C compile features
[0.188s] -- Detecting C compile features - done
[0.191s] -- Detecting CXX compiler ABI info
[0.267s] -- Detecting CXX compiler ABI info - done
[0.275s] -- Check for working CXX compiler: /usr/bin/c++ - skipped
[0.275s] -- Detecting CXX compile features
[0.275s] -- Detecting CXX compile features - done
[0.279s] -- Found ament_cmake_ros: 0.10.0 (/opt/ros/humble/share/ament_cmake_ros/cmake)
[0.437s] -- Found Python3: /usr/bin/python3 (found version "3.10.12") found components: Interpreter 
[0.525s] -- Found asio: /usr/include  
[0.528s] -- Found diagnostic_msgs: 4.8.0 (/opt/ros/humble/share/diagnostic_msgs/cmake)
[0.574s] -- Found rosidl_generator_c: 3.1.6 (/opt/ros/humble/share/rosidl_generator_c/cmake)
[0.580s] -- Found rosidl_adapter: 3.1.6 (/opt/ros/humble/share/rosidl_adapter/cmake)
[0.589s] -- Found rosidl_generator_cpp: 3.1.6 (/opt/ros/humble/share/rosidl_generator_cpp/cmake)
[0.600s] -- Using all available rosidl_typesupport_c: rosidl_typesupport_fastrtps_c;rosidl_typesupport_introspection_c
[0.616s] -- Using all available rosidl_typesupport_cpp: rosidl_typesupport_fastrtps_cpp;rosidl_typesupport_introspection_cpp
[0.649s] -- Found diagnostic_updater: 4.0.4 (/opt/ros/humble/share/diagnostic_updater/cmake)
[0.691s] -- Found rmw_implementation_cmake: 6.1.2 (/opt/ros/humble/share/rmw_implementation_cmake/cmake)
[0.694s] -- Found rmw_cyclonedds_cpp: 1.3.4 (/opt/ros/humble/share/rmw_cyclonedds_cpp/cmake)
[0.713s] -- Using RMW implementation 'rmw_cyclonedds_cpp' as default
[0.722s] -- Looking for pthread.h
[0.788s] -- Looking for pthread.h - found
[0.789s] -- Performing Test CMAKE_HAVE_LIBC_PTHREAD
[0.859s] -- Performing Test CMAKE_HAVE_LIBC_PTHREAD - Success
[0.860s] -- Found Threads: TRUE  
[0.911s] -- Found geometry_msgs: 4.8.0 (/opt/ros/humble/share/geometry_msgs/cmake)
[0.931s] -- Found rclcpp_components: 16.0.12 (/opt/ros/humble/share/rclcpp_components/cmake)
[0.970s] -- Found sensor_msgs: 4.8.0 (/opt/ros/humble/share/sensor_msgs/cmake)
[0.989s] -- Found tf2: 0.25.12 (/opt/ros/humble/share/tf2/cmake)
[0.993s] -- Found ublox_msgs: 2.2.0 (/home/men3m/Naima/install/ublox_msgs/share/ublox_msgs/cmake)
[1.069s] -- Configuring done
[1.089s] -- Generating done
[1.096s] -- Build files have been written to: /home/men3m/Naima/build/ublox_gps
[1.105s] Invoked command in '/home/men3m/Naima/build/ublox_gps' returned '0': AMENT_PREFIX_PATH=/home/men3m/Naima/install/ublox_msgs:/home/men3m/Naima/install/ublox_serialization:${AMENT_PREFIX_PATH} CMAKE_PREFIX_PATH=/home/men3m/Naima/install/ublox_msgs:/home/men3m/Naima/install/ublox_serialization:/opt/ros/humble LD_LIBRARY_PATH=/home/men3m/Naima/install/ublox_msgs/lib:/usr/lib/x86_64-linux-gnu/gazebo-11/plugins:/opt/ros/humble/opt/rviz_ogre_vendor/lib:/opt/ros/humble/lib/x86_64-linux-gnu:/opt/ros/humble/lib:/usr/local/cuda-12.4.0/lib64:/usr/local/cuda-12.4.0/lib64 PYTHONPATH=/home/men3m/Naima/install/ublox_msgs/local/lib/python3.10/dist-packages:${PYTHONPATH} /usr/bin/cmake /home/men3m/Naima/src/naima_ublox_gps/ublox_gps -DCMAKE_INSTALL_PREFIX=/home/men3m/Naima/install/ublox_gps
[1.107s] Invoking command in '/home/men3m/Naima/build/ublox_gps': AMENT_PREFIX_PATH=/home/men3m/Naima/install/ublox_msgs:/home/men3m/Naima/install/ublox_serialization:${AMENT_PREFIX_PATH} CMAKE_PREFIX_PATH=/home/men3m/Naima/install/ublox_msgs:/home/men3m/Naima/install/ublox_serialization:/opt/ros/humble LD_LIBRARY_PATH=/home/men3m/Naima/install/ublox_msgs/lib:/usr/lib/x86_64-linux-gnu/gazebo-11/plugins:/opt/ros/humble/opt/rviz_ogre_vendor/lib:/opt/ros/humble/lib/x86_64-linux-gnu:/opt/ros/humble/lib:/usr/local/cuda-12.4.0/lib64:/usr/local/cuda-12.4.0/lib64 PYTHONPATH=/home/men3m/Naima/install/ublox_msgs/local/lib/python3.10/dist-packages:${PYTHONPATH} /usr/bin/cmake --build /home/men3m/Naima/build/ublox_gps -- -j16 -l16
[1.154s] [ 22%] [32mBuilding CXX object CMakeFiles/ublox_logger_node.dir/src/logger_node_pa.cpp.o[0m
[1.155s] [ 22%] [32mBuilding CXX object CMakeFiles/ublox_gps.dir/src/adr_udr_product.cpp.o[0m
[1.155s] [ 22%] [32mBuilding CXX object CMakeFiles/ublox_logger_node.dir/src/raw_data_pa.cpp.o[0m
[1.155s] [ 22%] [32mBuilding CXX object CMakeFiles/ublox_gps.dir/src/gnss.cpp.o[0m
[1.155s] [ 27%] [32mBuilding CXX object CMakeFiles/ublox_gps.dir/src/hp_pos_rec_product.cpp.o[0m
[1.155s] [ 27%] [32mBuilding CXX object CMakeFiles/ublox_gps.dir/src/gps.cpp.o[0m
[1.155s] [ 31%] [32mBuilding CXX object CMakeFiles/ublox_gps.dir/src/hpg_rov_product.cpp.o[0m
[1.156s] [ 36%] [32mBuilding CXX object CMakeFiles/ublox_gps.dir/src/node.cpp.o[0m
[1.156s] [ 40%] [32mBuilding CXX object CMakeFiles/ublox_gps.dir/src/hpg_ref_product.cpp.o[0m
[1.156s] [ 45%] [32mBuilding C object CMakeFiles/ublox_gps.dir/src/mkgmtime.c.o[0m
[1.157s] [ 50%] [32mBuilding CXX object CMakeFiles/ublox_gps.dir/src/raw_data_product.cpp.o[0m
[1.157s] [ 54%] [32mBuilding CXX object CMakeFiles/ublox_gps.dir/src/raw_data_pa.cpp.o[0m
[1.158s] [ 59%] [32mBuilding CXX object CMakeFiles/ublox_gps.dir/src/tim_product.cpp.o[0m
[1.175s] [ 63%] [32mBuilding CXX object CMakeFiles/ublox_gps.dir/src/ublox_firmware.cpp.o[0m
[1.182s] [ 68%] [32mBuilding CXX object CMakeFiles/ublox_gps.dir/src/ublox_firmware6.cpp.o[0m
[1.197s] [ 72%] [32mBuilding CXX object CMakeFiles/ublox_gps.dir/src/ublox_firmware7.cpp.o[0m
[1.284s] [ 77%] [32mBuilding CXX object CMakeFiles/ublox_gps.dir/src/ublox_firmware8.cpp.o[0m
[1.605s] [ 81%] [32mBuilding CXX object CMakeFiles/ublox_gps.dir/src/ublox_firmware9.cpp.o[0m
[14.152s] [ 86%] [32m[1mLinking CXX executable ublox_logger[0m
[14.646s] [ 86%] Built target ublox_logger_node
[21.124s] [ 90%] [32m[1mLinking CXX shared library libublox_gps.so[0m
[23.313s] [ 90%] Built target ublox_gps
[23.332s] [ 95%] [32mBuilding CXX object CMakeFiles/ublox_gps_node.dir/src/node_main.cpp.o[0m
[29.574s] [100%] [32m[1mLinking CXX executable ublox_gps_node[0m
[30.664s] [100%] Built target ublox_gps_node
[30.675s] Invoked command in '/home/men3m/Naima/build/ublox_gps' returned '0': AMENT_PREFIX_PATH=/home/men3m/Naima/install/ublox_msgs:/home/men3m/Naima/install/ublox_serialization:${AMENT_PREFIX_PATH} CMAKE_PREFIX_PATH=/home/men3m/Naima/install/ublox_msgs:/home/men3m/Naima/install/ublox_serialization:/opt/ros/humble LD_LIBRARY_PATH=/home/men3m/Naima/install/ublox_msgs/lib:/usr/lib/x86_64-linux-gnu/gazebo-11/plugins:/opt/ros/humble/opt/rviz_ogre_vendor/lib:/opt/ros/humble/lib/x86_64-linux-gnu:/opt/ros/humble/lib:/usr/local/cuda-12.4.0/lib64:/usr/local/cuda-12.4.0/lib64 PYTHONPATH=/home/men3m/Naima/install/ublox_msgs/local/lib/python3.10/dist-packages:${PYTHONPATH} /usr/bin/cmake --build /home/men3m/Naima/build/ublox_gps -- -j16 -l16
[30.675s] Invoking command in '/home/men3m/Naima/build/ublox_gps': AMENT_PREFIX_PATH=/home/men3m/Naima/install/ublox_msgs:/home/men3m/Naima/install/ublox_serialization:${AMENT_PREFIX_PATH} CMAKE_PREFIX_PATH=/home/men3m/Naima/install/ublox_msgs:/home/men3m/Naima/install/ublox_serialization:/opt/ros/humble LD_LIBRARY_PATH=/home/men3m/Naima/install/ublox_msgs/lib:/usr/lib/x86_64-linux-gnu/gazebo-11/plugins:/opt/ros/humble/opt/rviz_ogre_vendor/lib:/opt/ros/humble/lib/x86_64-linux-gnu:/opt/ros/humble/lib:/usr/local/cuda-12.4.0/lib64:/usr/local/cuda-12.4.0/lib64 PYTHONPATH=/home/men3m/Naima/install/ublox_msgs/local/lib/python3.10/dist-packages:${PYTHONPATH} /usr/bin/cmake --install /home/men3m/Naima/build/ublox_gps
[30.683s] -- Install configuration: ""
[30.683s] -- Installing: /home/men3m/Naima/install/ublox_gps/lib/libublox_gps.so
[30.722s] -- Set runtime path of "/home/men3m/Naima/install/ublox_gps/lib/libublox_gps.so" to ""
[30.723s] -- Installing: /home/men3m/Naima/install/ublox_gps/lib/ublox_gps/ublox_gps_node
[30.723s] -- Set runtime path of "/home/men3m/Naima/install/ublox_gps/lib/ublox_gps/ublox_gps_node" to ""
[30.723s] -- Installing: /home/men3m/Naima/install/ublox_gps/lib/ublox_gps/ublox_logger
[30.728s] -- Set runtime path of "/home/men3m/Naima/install/ublox_gps/lib/ublox_gps/ublox_logger" to ""
[30.728s] -- Installing: /home/men3m/Naima/install/ublox_gps/include
[30.728s] -- Installing: /home/men3m/Naima/install/ublox_gps/include/ublox_gps
[30.728s] -- Installing: /home/men3m/Naima/install/ublox_gps/include/ublox_gps/ublox_firmware.hpp
[30.728s] -- Installing: /home/men3m/Naima/install/ublox_gps/include/ublox_gps/raw_data_pa.hpp
[30.728s] -- Installing: /home/men3m/Naima/install/ublox_gps/include/ublox_gps/tim_product.hpp
[30.728s] -- Installing: /home/men3m/Naima/install/ublox_gps/include/ublox_gps/callback.hpp
[30.728s] -- Installing: /home/men3m/Naima/install/ublox_gps/include/ublox_gps/rtcm.hpp
[30.728s] -- Installing: /home/men3m/Naima/install/ublox_gps/include/ublox_gps/hpg_rov_product.hpp
[30.728s] -- Installing: /home/men3m/Naima/install/ublox_gps/include/ublox_gps/fts_product.hpp
[30.728s] -- Installing: /home/men3m/Naima/install/ublox_gps/include/ublox_gps/ublox_firmware8.hpp
[30.728s] -- Installing: /home/men3m/Naima/install/ublox_gps/include/ublox_gps/component_interface.hpp
[30.729s] -- Installing: /home/men3m/Naima/install/ublox_gps/include/ublox_gps/worker.hpp
[30.729s] -- Installing: /home/men3m/Naima/install/ublox_gps/include/ublox_gps/ublox_firmware7.hpp
[30.729s] -- Installing: /home/men3m/Naima/install/ublox_gps/include/ublox_gps/raw_data_product.hpp
[30.729s] -- Installing: /home/men3m/Naima/install/ublox_gps/include/ublox_gps/node.hpp
[30.729s] -- Installing: /home/men3m/Naima/install/ublox_gps/include/ublox_gps/gps.hpp
[30.729s] -- Installing: /home/men3m/Naima/install/ublox_gps/include/ublox_gps/ublox_firmware6.hpp
[30.729s] -- Installing: /home/men3m/Naima/install/ublox_gps/include/ublox_gps/ublox_firmware9.hpp
[30.729s] -- Installing: /home/men3m/Naima/install/ublox_gps/include/ublox_gps/mkgmtime.h
[30.729s] -- Installing: /home/men3m/Naima/install/ublox_gps/include/ublox_gps/ublox_firmware7plus.hpp
[30.730s] -- Installing: /home/men3m/Naima/install/ublox_gps/include/ublox_gps/gnss.hpp
[30.730s] -- Installing: /home/men3m/Naima/install/ublox_gps/include/ublox_gps/adr_udr_product.hpp
[30.730s] -- Installing: /home/men3m/Naima/install/ublox_gps/include/ublox_gps/hpg_ref_product.hpp
[30.730s] -- Installing: /home/men3m/Naima/install/ublox_gps/include/ublox_gps/fix_diagnostic.hpp
[30.730s] -- Installing: /home/men3m/Naima/install/ublox_gps/include/ublox_gps/ublox_topic_diagnostic.hpp
[30.730s] -- Installing: /home/men3m/Naima/install/ublox_gps/include/ublox_gps/hp_pos_rec_product.hpp
[30.730s] -- Installing: /home/men3m/Naima/install/ublox_gps/include/ublox_gps/async_worker.hpp
[30.730s] -- Installing: /home/men3m/Naima/install/ublox_gps/include/ublox_gps/utils.hpp
[30.730s] -- Installing: /home/men3m/Naima/install/ublox_gps/share/ublox_gps/launch
[30.731s] -- Installing: /home/men3m/Naima/install/ublox_gps/share/ublox_gps/launch/ublox_gps_node_zedf9p-launch.py
[30.731s] -- Installing: /home/men3m/Naima/install/ublox_gps/share/ublox_gps/launch/ublox_gps_node_1-launch.py
[30.731s] -- Installing: /home/men3m/Naima/install/ublox_gps/share/ublox_gps/config
[30.731s] -- Installing: /home/men3m/Naima/install/ublox_gps/share/ublox_gps/config/naima.yaml
[30.731s] -- Installing: /home/men3m/Naima/install/ublox_gps/share/ament_index/resource_index/package_run_dependencies/ublox_gps
[30.731s] -- Installing: /home/men3m/Naima/install/ublox_gps/share/ament_index/resource_index/parent_prefix_path/ublox_gps
[30.731s] -- Installing: /home/men3m/Naima/install/ublox_gps/share/ublox_gps/environment/ament_prefix_path.sh
[30.732s] -- Installing: /home/men3m/Naima/install/ublox_gps/share/ublox_gps/environment/ament_prefix_path.dsv
[30.732s] -- Installing: /home/men3m/Naima/install/ublox_gps/share/ublox_gps/environment/path.sh
[30.732s] -- Installing: /home/men3m/Naima/install/ublox_gps/share/ublox_gps/environment/path.dsv
[30.732s] -- Installing: /home/men3m/Naima/install/ublox_gps/share/ublox_gps/local_setup.bash
[30.732s] -- Installing: /home/men3m/Naima/install/ublox_gps/share/ublox_gps/local_setup.sh
[30.732s] -- Installing: /home/men3m/Naima/install/ublox_gps/share/ublox_gps/local_setup.zsh
[30.732s] -- Installing: /home/men3m/Naima/install/ublox_gps/share/ublox_gps/local_setup.dsv
[30.732s] -- Installing: /home/men3m/Naima/install/ublox_gps/share/ublox_gps/package.dsv
[30.733s] -- Installing: /home/men3m/Naima/install/ublox_gps/share/ament_index/resource_index/packages/ublox_gps
[30.733s] -- Installing: /home/men3m/Naima/install/ublox_gps/share/ament_index/resource_index/rclcpp_components/ublox_gps
[30.733s] -- Installing: /home/men3m/Naima/install/ublox_gps/share/ublox_gps/cmake/ublox_gpsConfig.cmake
[30.733s] -- Installing: /home/men3m/Naima/install/ublox_gps/share/ublox_gps/cmake/ublox_gpsConfig-version.cmake
[30.733s] -- Installing: /home/men3m/Naima/install/ublox_gps/share/ublox_gps/package.xml
[30.736s] Invoked command in '/home/men3m/Naima/build/ublox_gps' returned '0': AMENT_PREFIX_PATH=/home/men3m/Naima/install/ublox_msgs:/home/men3m/Naima/install/ublox_serialization:${AMENT_PREFIX_PATH} CMAKE_PREFIX_PATH=/home/men3m/Naima/install/ublox_msgs:/home/men3m/Naima/install/ublox_serialization:/opt/ros/humble LD_LIBRARY_PATH=/home/men3m/Naima/install/ublox_msgs/lib:/usr/lib/x86_64-linux-gnu/gazebo-11/plugins:/opt/ros/humble/opt/rviz_ogre_vendor/lib:/opt/ros/humble/lib/x86_64-linux-gnu:/opt/ros/humble/lib:/usr/local/cuda-12.4.0/lib64:/usr/local/cuda-12.4.0/lib64 PYTHONPATH=/home/men3m/Naima/install/ublox_msgs/local/lib/python3.10/dist-packages:${PYTHONPATH} /usr/bin/cmake --install /home/men3m/Naima/build/ublox_gps
