[0.015s] Invoking command in '/home/men3m/Naima/build/zed_rgb_convert': AMENT_PREFIX_PATH=/home/men3m/Naima/install/zed_components:${AMENT_PREFIX_PATH} CMAKE_PREFIX_PATH=/home/men3m/Naima/install/zed_components:/opt/ros/humble LD_LIBRARY_PATH=/home/men3m/Naima/install/zed_components/lib:/usr/lib/x86_64-linux-gnu/gazebo-11/plugins:/opt/ros/humble/opt/rviz_ogre_vendor/lib:/opt/ros/humble/lib/x86_64-linux-gnu:/opt/ros/humble/lib:/usr/local/cuda-12.4.0/lib64:/usr/local/cuda-12.4.0/lib64 /usr/bin/cmake /home/men3m/Naima/src/zed-ros2-examples/tutorials/zed_rgb_convert -DCMAKE_INSTALL_PREFIX=/home/men3m/Naima/install/zed_rgb_convert
[0.062s] -- The C compiler identification is GNU 11.4.0
[0.108s] -- The CXX compiler identification is GNU 11.4.0
[0.114s] -- Detecting C compiler ABI info
[0.175s] -- Detecting C compiler ABI info - done
[0.182s] -- Check for working C compiler: /usr/bin/cc - skipped
[0.182s] -- Detecting C compile features
[0.182s] -- Detecting C compile features - done
[0.185s] -- Detecting CXX compiler ABI info
[0.257s] -- Detecting CXX compiler ABI info - done
[0.263s] -- Check for working CXX compiler: /usr/bin/c++ - skipped
[0.263s] -- Detecting CXX compile features
[0.263s] -- Detecting CXX compile features - done
[0.272s] -- Found OpenCV: /usr (found version "4.5.4") 
[0.275s] -- Looking for sgemm_
[0.334s] -- Looking for sgemm_ - not found
[0.335s] -- Looking for pthread.h
[0.396s] -- Looking for pthread.h - found
[0.396s] -- Performing Test CMAKE_HAVE_LIBC_PTHREAD
[0.459s] -- Performing Test CMAKE_HAVE_LIBC_PTHREAD - Success
[0.460s] -- Found Threads: TRUE  
[0.493s] -- Looking for sgemm_
[0.580s] -- Looking for sgemm_ - found
[0.580s] -- Found BLAS: /usr/lib/x86_64-linux-gnu/libopenblas.so  
[0.603s] -- Found CUDA: /usr/local/cuda (found suitable version "12.9", minimum required is "12") 
[0.658s] -- Found CUDA: /usr/local/cuda (found version "12.9") 
[0.660s] -- Found ament_cmake_auto: 1.3.11 (/opt/ros/humble/share/ament_cmake_auto/cmake)
[0.799s] -- Found Python3: /usr/bin/python3 (found version "3.10.12") found components: Interpreter 
[0.982s] -- Found rosidl_generator_c: 3.1.6 (/opt/ros/humble/share/rosidl_generator_c/cmake)
[0.987s] -- Found rosidl_adapter: 3.1.6 (/opt/ros/humble/share/rosidl_adapter/cmake)
[0.995s] -- Found rosidl_generator_cpp: 3.1.6 (/opt/ros/humble/share/rosidl_generator_cpp/cmake)
[1.006s] -- Using all available rosidl_typesupport_c: rosidl_typesupport_fastrtps_c;rosidl_typesupport_introspection_c
[1.021s] -- Using all available rosidl_typesupport_cpp: rosidl_typesupport_fastrtps_cpp;rosidl_typesupport_introspection_cpp
[1.064s] -- Found rmw_implementation_cmake: 6.1.2 (/opt/ros/humble/share/rmw_implementation_cmake/cmake)
[1.067s] -- Found rmw_cyclonedds_cpp: 1.3.4 (/opt/ros/humble/share/rmw_cyclonedds_cpp/cmake)
[1.093s] -- Using RMW implementation 'rmw_cyclonedds_cpp' as default
[1.329s] -- Found eigen3_cmake_module: 0.1.1 (/opt/ros/humble/share/eigen3_cmake_module/cmake)
[1.330s] -- Found Eigen3: TRUE (found version "3.4.0") 
[1.330s] -- Ensuring Eigen3 include directory is part of orocos-kdl CMake target
[1.517s] -- Found ament_lint_auto: 0.12.12 (/opt/ros/humble/share/ament_lint_auto/cmake)
[1.562s] -- Added test 'copyright' to check source files copyright and LICENSE
[1.564s] -- Added test 'cppcheck' to perform static code analysis on C / C++ code
[1.564s] -- Configured cppcheck include dirs: /home/men3m/Naima/src/zed-ros2-examples/tutorials/zed_rgb_convert/src/include;/home/men3m/Naima/src/zed-ros2-examples/tutorials/zed_rgb_convert/src/component/include
[1.564s] -- Configured cppcheck exclude dirs and/or files: 
[1.565s] -- Added test 'cpplint' to check C / C++ code against the Google style
[1.565s] -- Configured cpplint exclude dirs and/or files: 
[1.566s] -- Added test 'flake8' to check Python code syntax and style conventions
[1.566s] -- Added test 'lint_cmake' to check CMake code style
[1.567s] -- Added test 'pep257' to check Python code against some of the docstring style conventions in PEP 257
[1.568s] -- Added test 'uncrustify' to check C / C++ code style
[1.568s] -- Configured uncrustify additional arguments: 
[1.568s] -- Added test 'xmllint' to check XML markup files
[1.570s] -- Added test 'clang_format' to check C / C++ code style
[1.572s] -- Configuring done
[1.628s] -- Generating done
[1.637s] -- Build files have been written to: /home/men3m/Naima/build/zed_rgb_convert
[1.651s] Invoked command in '/home/men3m/Naima/build/zed_rgb_convert' returned '0': AMENT_PREFIX_PATH=/home/men3m/Naima/install/zed_components:${AMENT_PREFIX_PATH} CMAKE_PREFIX_PATH=/home/men3m/Naima/install/zed_components:/opt/ros/humble LD_LIBRARY_PATH=/home/men3m/Naima/install/zed_components/lib:/usr/lib/x86_64-linux-gnu/gazebo-11/plugins:/opt/ros/humble/opt/rviz_ogre_vendor/lib:/opt/ros/humble/lib/x86_64-linux-gnu:/opt/ros/humble/lib:/usr/local/cuda-12.4.0/lib64:/usr/local/cuda-12.4.0/lib64 /usr/bin/cmake /home/men3m/Naima/src/zed-ros2-examples/tutorials/zed_rgb_convert -DCMAKE_INSTALL_PREFIX=/home/men3m/Naima/install/zed_rgb_convert
[1.653s] Invoking command in '/home/men3m/Naima/build/zed_rgb_convert': AMENT_PREFIX_PATH=/home/men3m/Naima/install/zed_components:${AMENT_PREFIX_PATH} CMAKE_PREFIX_PATH=/home/men3m/Naima/install/zed_components:/opt/ros/humble LD_LIBRARY_PATH=/home/men3m/Naima/install/zed_components/lib:/usr/lib/x86_64-linux-gnu/gazebo-11/plugins:/opt/ros/humble/opt/rviz_ogre_vendor/lib:/opt/ros/humble/lib/x86_64-linux-gnu:/opt/ros/humble/lib:/usr/local/cuda-12.4.0/lib64:/usr/local/cuda-12.4.0/lib64 /usr/bin/cmake --build /home/men3m/Naima/build/zed_rgb_convert -- -j16 -l16
[1.706s] [ 25%] [32mBuilding CXX object CMakeFiles/zed_rgb_convert_component.dir/src/component/src/zed_rgb_convert_component.cpp.o[0m
[5.970s] [ 50%] [32m[1mLinking CXX shared library libzed_rgb_convert_component.so[0m
[6.101s] [ 50%] Built target zed_rgb_convert_component
[6.123s] [ 75%] [32mBuilding CXX object CMakeFiles/zed_rgb_convert.dir/src/container/zed_rgb_convert.cpp.o[0m
[11.011s] [100%] [32m[1mLinking CXX executable zed_rgb_convert[0m
[11.282s] [100%] Built target zed_rgb_convert
[11.292s] Invoked command in '/home/men3m/Naima/build/zed_rgb_convert' returned '0': AMENT_PREFIX_PATH=/home/men3m/Naima/install/zed_components:${AMENT_PREFIX_PATH} CMAKE_PREFIX_PATH=/home/men3m/Naima/install/zed_components:/opt/ros/humble LD_LIBRARY_PATH=/home/men3m/Naima/install/zed_components/lib:/usr/lib/x86_64-linux-gnu/gazebo-11/plugins:/opt/ros/humble/opt/rviz_ogre_vendor/lib:/opt/ros/humble/lib/x86_64-linux-gnu:/opt/ros/humble/lib:/usr/local/cuda-12.4.0/lib64:/usr/local/cuda-12.4.0/lib64 /usr/bin/cmake --build /home/men3m/Naima/build/zed_rgb_convert -- -j16 -l16
[11.294s] Invoking command in '/home/men3m/Naima/build/zed_rgb_convert': AMENT_PREFIX_PATH=/home/men3m/Naima/install/zed_components:${AMENT_PREFIX_PATH} CMAKE_PREFIX_PATH=/home/men3m/Naima/install/zed_components:/opt/ros/humble LD_LIBRARY_PATH=/home/men3m/Naima/install/zed_components/lib:/usr/lib/x86_64-linux-gnu/gazebo-11/plugins:/opt/ros/humble/opt/rviz_ogre_vendor/lib:/opt/ros/humble/lib/x86_64-linux-gnu:/opt/ros/humble/lib:/usr/local/cuda-12.4.0/lib64:/usr/local/cuda-12.4.0/lib64 /usr/bin/cmake --install /home/men3m/Naima/build/zed_rgb_convert
[11.300s] -- Install configuration: "Release"
[11.301s] -- Installing: /home/men3m/Naima/install/zed_rgb_convert/lib/zed_rgb_convert/zed_rgb_convert
[11.301s] -- Set runtime path of "/home/men3m/Naima/install/zed_rgb_convert/lib/zed_rgb_convert/zed_rgb_convert" to ""
[11.301s] -- Installing: /home/men3m/Naima/install/zed_rgb_convert/lib/libzed_rgb_convert_component.so
[11.302s] -- Set runtime path of "/home/men3m/Naima/install/zed_rgb_convert/lib/libzed_rgb_convert_component.so" to ""
[11.302s] -- Installing: /home/men3m/Naima/install/zed_rgb_convert/include/zed_rgb_convert/
[11.302s] -- Installing: /home/men3m/Naima/install/zed_rgb_convert/include/zed_rgb_convert//cvt_visibility_control.hpp
[11.302s] -- Installing: /home/men3m/Naima/install/zed_rgb_convert/share/zed_rgb_convert/launch
[11.303s] -- Installing: /home/men3m/Naima/install/zed_rgb_convert/share/zed_rgb_convert/launch/zed_rgb_convert.launch.py
[11.303s] -- Installing: /home/men3m/Naima/install/zed_rgb_convert/share/zed_rgb_convert/environment/library_path.sh
[11.303s] -- Installing: /home/men3m/Naima/install/zed_rgb_convert/share/zed_rgb_convert/environment/library_path.dsv
[11.303s] -- Installing: /home/men3m/Naima/install/zed_rgb_convert/share/ament_index/resource_index/package_run_dependencies/zed_rgb_convert
[11.303s] -- Installing: /home/men3m/Naima/install/zed_rgb_convert/share/ament_index/resource_index/parent_prefix_path/zed_rgb_convert
[11.303s] -- Installing: /home/men3m/Naima/install/zed_rgb_convert/share/zed_rgb_convert/environment/ament_prefix_path.sh
[11.304s] -- Installing: /home/men3m/Naima/install/zed_rgb_convert/share/zed_rgb_convert/environment/ament_prefix_path.dsv
[11.304s] -- Installing: /home/men3m/Naima/install/zed_rgb_convert/share/zed_rgb_convert/environment/path.sh
[11.304s] -- Installing: /home/men3m/Naima/install/zed_rgb_convert/share/zed_rgb_convert/environment/path.dsv
[11.304s] -- Installing: /home/men3m/Naima/install/zed_rgb_convert/share/zed_rgb_convert/local_setup.bash
[11.304s] -- Installing: /home/men3m/Naima/install/zed_rgb_convert/share/zed_rgb_convert/local_setup.sh
[11.304s] -- Installing: /home/men3m/Naima/install/zed_rgb_convert/share/zed_rgb_convert/local_setup.zsh
[11.305s] -- Installing: /home/men3m/Naima/install/zed_rgb_convert/share/zed_rgb_convert/local_setup.dsv
[11.305s] -- Installing: /home/men3m/Naima/install/zed_rgb_convert/share/zed_rgb_convert/package.dsv
[11.305s] -- Installing: /home/men3m/Naima/install/zed_rgb_convert/share/ament_index/resource_index/packages/zed_rgb_convert
[11.305s] -- Installing: /home/men3m/Naima/install/zed_rgb_convert/share/ament_index/resource_index/rclcpp_components/zed_rgb_convert
[11.305s] -- Installing: /home/men3m/Naima/install/zed_rgb_convert/share/zed_rgb_convert/cmake/ament_cmake_export_include_directories-extras.cmake
[11.306s] -- Installing: /home/men3m/Naima/install/zed_rgb_convert/share/zed_rgb_convert/cmake/ament_cmake_export_libraries-extras.cmake
[11.306s] -- Installing: /home/men3m/Naima/install/zed_rgb_convert/share/zed_rgb_convert/cmake/ament_cmake_export_dependencies-extras.cmake
[11.306s] -- Installing: /home/men3m/Naima/install/zed_rgb_convert/share/zed_rgb_convert/cmake/zed_rgb_convertConfig.cmake
[11.306s] -- Installing: /home/men3m/Naima/install/zed_rgb_convert/share/zed_rgb_convert/cmake/zed_rgb_convertConfig-version.cmake
[11.306s] -- Installing: /home/men3m/Naima/install/zed_rgb_convert/share/zed_rgb_convert/package.xml
[11.308s] Invoked command in '/home/men3m/Naima/build/zed_rgb_convert' returned '0': AMENT_PREFIX_PATH=/home/men3m/Naima/install/zed_components:${AMENT_PREFIX_PATH} CMAKE_PREFIX_PATH=/home/men3m/Naima/install/zed_components:/opt/ros/humble LD_LIBRARY_PATH=/home/men3m/Naima/install/zed_components/lib:/usr/lib/x86_64-linux-gnu/gazebo-11/plugins:/opt/ros/humble/opt/rviz_ogre_vendor/lib:/opt/ros/humble/lib/x86_64-linux-gnu:/opt/ros/humble/lib:/usr/local/cuda-12.4.0/lib64:/usr/local/cuda-12.4.0/lib64 /usr/bin/cmake --install /home/men3m/Naima/build/zed_rgb_convert
